#date:Tue Jul 16 12:36:52 CEST 2019#hostname:10.214.221.224 #SWAP:Swap: 2.0G 1.0M 2.0G#RAM:Mem: 912M 485M 26M 19M 399M 342M#Disk:Filesystem Size Used Avail Use% Mounted on /dev/mmcblk0p2 15G 8.4G 6.0G 59% /#Load:average:0.16,0.06,#Network:Iface MTU RX-OK RX-ERR RX-DRP RX-OVR TX-OK TX-ERR TX-DRP TX-OVR Flg eth0 1500 89020 1 23 0 16525 0 0 0 BMRU #iostat:#iooperation:#mpstat:#vmstat:procs -----------memory---------- ---swap-- -----io---- -system-- ------cpu----- r b swpd free buff cache si so bi bo in cs us sy id wa st 0 0 1024 33048 72536 328956 0 0 78 100 2655 120 1 1 96 2 0
#date:Tue Jul 16 12:37:53 CEST 2019#hostname:10.214.221.224 #SWAP:Swap: 2.0G 1.0M 2.0G#RAM:Mem: 912M 628M 27M 19M 256M 200M#Disk:Filesystem Size Used Avail Use% Mounted on /dev/mmcblk0p2 15G 8.4G 6.0G 59% /#Load:average:0.91,0.24,#Network:Iface MTU RX-OK RX-ERR RX-DRP RX-OVR TX-OK TX-ERR TX-DRP TX-OVR Flg eth0 1500 94535 1 23 0 21860 0 0 0 BMRU #iostat:#iooperation:#mpstat:#vmstat:procs -----------memory---------- ---swap-- -----io---- -system-- ------cpu----- r b swpd free buff cache si so bi bo in cs us sy id wa st 1 0 1024 25644 28012 235768 0 0 80 98 2660 123 2 1 96 2 0
#date:Tue Jul 16 12:38:53 CEST 2019#hostname:10.214.221.224 #SWAP:Swap: 2.0G 110M 1.9G#RAM:Mem: 912M 811M 24M 16M 75M 30M#Disk:Filesystem Size Used Avail Use% Mounted on /dev/mmcblk0p2 15G 8.4G 6.0G 59% /#Load:average:1.74,0.61,#Network:Iface MTU RX-OK RX-ERR RX-DRP RX-OVR TX-OK TX-ERR TX-DRP TX-OVR Flg eth0 1500 101159 1 23 0 28120 0 0 0 BMRU #iostat:#iooperation:#mpstat:#vmstat:procs -----------memory---------- ---swap-- -----io---- -system-- ------cpu----- r b swpd free buff cache si so bi bo in cs us sy id wa st 3 0 117504 24412 4996 78976 0 9 89 105 2667 127 2 1 95 2 0
#date:Tue Jul 16 12:39:57 CEST 2019#hostname:10.214.221.224 #SWAP:Swap: 2.0G 294M 1.7G#RAM:Mem: 912M 835M 22M 12M 54M 19M#Disk:Filesystem Size Used Avail Use% Mounted on /dev/mmcblk0p2 15G 8.4G 6.0G 59% /#Load:average:3.06,1.18,#Network:Iface MTU RX-OK RX-ERR RX-DRP RX-OVR TX-OK TX-ERR TX-DRP TX-OVR Flg eth0 1500 108941 1 23 0 35267 0 0 0 BMRU #iostat:#iooperation:#mpstat:#vmstat:procs -----------memory---------- ---swap-- -----io---- -system-- ------cpu----- r b swpd free buff cache si so bi bo in cs us sy id wa st 2 0 323328 27764 3428 80952 0 25 113 119 2675 131 3 1 94 2 0
#date:Tue Jul 16 12:41:09 CEST 2019#hostname:10.214.221.224 #SWAP:Swap: 2.0G 436M 1.6G#RAM:Mem: 912M 826M 30M 5.0M 55M 31M#Disk:Filesystem Size Used Avail Use% Mounted on /dev/mmcblk0p2 15G 8.4G 6.0G 59% /#Load:average:3.12,1.60,#Network:Iface MTU RX-OK RX-ERR RX-DRP RX-OVR TX-OK TX-ERR TX-DRP TX-OVR Flg eth0 1500 118581 1 23 0 40815 0 0 0 BMRU #iostat:#iooperation:#mpstat:#vmstat:procs -----------memory---------- ---swap-- -----io---- -system-- ------cpu----- r b swpd free buff cache si so bi bo in cs us sy id wa st 0 0 452096 29472 1752 57420 0 34 161 127 2683 139 3 1 93 3 0
#date:Tue Jul 16 12:42:10 CEST 2019#hostname:10.214.221.224 #SWAP:Swap: 2.0G 455M 1.6G#RAM:Mem: 912M 823M 26M 5.0M 62M 31M#Disk:Filesystem Size Used Avail Use% Mounted on /dev/mmcblk0p2 15G 8.4G 6.0G 59% /#Load:average:1.85,1.50,#Network:Iface MTU RX-OK RX-ERR RX-DRP RX-OVR TX-OK TX-ERR TX-DRP TX-OVR Flg eth0 1500 124960 1 23 0 46769 0 0 0 BMRU #iostat:#iooperation:#mpstat:#vmstat:procs -----------memory---------- ---swap-- -----io---- -system-- ------cpu----- r b swpd free buff cache si so bi bo in cs us sy id wa st 0 0 473088 28488 2644 56864 1 35 166 126 2685 139 3 1 93 3 0
#date:Tue Jul 16 12:43:12 CEST 2019#hostname:10.214.221.224 #SWAP:Swap: 2.0G 457M 1.6G#RAM:Mem: 912M 631M 206M 20K 73M 219M#Disk:Filesystem Size Used Avail Use% Mounted on /dev/mmcblk0p2 15G 8.4G 6.0G 59% /#Load:average:0.91,1.29,#Network:Iface MTU RX-OK RX-ERR RX-DRP RX-OVR TX-OK TX-ERR TX-DRP TX-OVR Flg eth0 1500 131156 1 23 0 52876 0 0 0 BMRU #iostat:#iooperation:#mpstat:#vmstat:procs -----------memory---------- ---swap-- -----io---- -system-- ------cpu----- r b swpd free buff cache si so bi bo in cs us sy id wa st 1 0 467968 208904 2340 74912 1 35 165 124 2686 139 3 1 93 3 0
#date:Tue Jul 16 12:44:12 CEST 2019#hostname:10.214.221.224 #SWAP:Swap: 2.0G 456M 1.6G#RAM:Mem: 912M 636M 195M 20K 80M 215M#Disk:Filesystem Size Used Avail Use% Mounted on /dev/mmcblk0p2 15G 8.4G 6.0G 59% /#Load:average:0.50,1.10,#Network:Iface MTU RX-OK RX-ERR RX-DRP RX-OVR TX-OK TX-ERR TX-DRP TX-OVR Flg eth0 1500 140650 1 23 0 62476 0 0 0 BMRU #iostat:#iooperation:#mpstat:#vmstat:procs -----------memory---------- ---swap-- -----io---- -system-- ------cpu----- r b swpd free buff cache si so bi bo in cs us sy id wa st 0 0 467712 199576 2820 79212 1 34 162 122 2688 138 3 1 93 3 0
#date:Tue Jul 16 12:45:13 CEST 2019#hostname:10.214.221.224 #SWAP:Swap: 2.0G 456M 1.6G#RAM:Mem: 912M 628M 198M 20K 85M 222M#Disk:Filesystem Size Used Avail Use% Mounted on /dev/mmcblk0p2 15G 8.4G 6.0G 59% /#Load:0.56,1.00,0.62#Network:Iface MTU RX-OK RX-ERR RX-DRP RX-OVR TX-OK TX-ERR TX-DRP TX-OVR Flg eth0 1500 154465 1 23 0 77765 0 0 0 BMRU #iostat:#iooperation:#mpstat:#vmstat:procs -----------memory---------- ---swap-- -----io---- -system-- ------cpu----- r b swpd free buff cache si so bi bo in cs us sy id wa st 0 0 467200 201944 2920 84128 1 34 160 120 2692 137 3 1 93 3 0
#date:Tue Jul 16 12:46:13 CEST 2019#hostname:10.214.221.224 #SWAP:Swap: 2.0G 455M 1.6G#RAM:Mem: 912M 650M 168M 24K 93M 199M#Disk:Filesystem Size Used Avail Use% Mounted on /dev/mmcblk0p2 15G 8.4G 6.0G 59% /#Load:1.11,1.08,0.67#Network:Iface MTU RX-OK RX-ERR RX-DRP RX-OVR TX-OK TX-ERR TX-DRP TX-OVR Flg eth0 1500 173051 1 23 0 100248 0 0 0 BMRU #iostat:#iooperation:#mpstat:#vmstat:procs -----------memory---------- ---swap-- -----io---- -system-- ------cpu----- r b swpd free buff cache si so bi bo in cs us sy id wa st 1 0 466432 170652 4228 91332 1 33 157 119 2697 137 4 1 92 3 0
#date:Tue Jul 16 12:47:13 CEST 2019#hostname:10.214.221.224 #SWAP:Swap: 2.0G 455M 1.6G#RAM:Mem: 912M 685M 130M 24K 96M 164M#Disk:Filesystem Size Used Avail Use% Mounted on /dev/mmcblk0p2 15G 8.4G 6.0G 59% /#Load:0.80,0.99,0.67#Network:Iface MTU RX-OK RX-ERR RX-DRP RX-OVR TX-OK TX-ERR TX-DRP TX-OVR Flg eth0 1500 194453 1 23 0 128511 0 0 0 BMRU #iostat:#iooperation:#mpstat:#vmstat:procs -----------memory---------- ---swap-- -----io---- -system-- ------cpu----- r b swpd free buff cache si so bi bo in cs us sy id wa st 0 0 466432 132884 4316 94320 1 33 155 117 2702 137 4 1 92 3 0
#date:Tue Jul 16 12:48:14 CEST 2019#hostname:10.214.221.224 #SWAP:Swap: 2.0G 455M 1.6G#RAM:Mem: 912M 804M 31M 24K 76M 45M#Disk:Filesystem Size Used Avail Use% Mounted on /dev/mmcblk0p2 15G 8.4G 6.0G 59% /#Load:1.10,1.02,0.70#Network:Iface MTU RX-OK RX-ERR RX-DRP RX-OVR TX-OK TX-ERR TX-DRP TX-OVR Flg eth0 1500 226570 1 23 0 172107 0 0 0 BMRU #iostat:#iooperation:#mpstat:#vmstat:procs -----------memory---------- ---swap-- -----io---- -system-- ------cpu----- r b swpd free buff cache si so bi bo in cs us sy id wa st 1 0 466688 30424 3784 74520 1 32 153 115 2709 137 4 1 92 3 0
#date:Tue Jul 16 12:49:14 CEST 2019#hostname:10.214.221.224 #SWAP:Swap: 2.0G 457M 1.6G#RAM:Mem: 912M 814M 28M 24K 68M 39M#Disk:Filesystem Size Used Avail Use% Mounted on /dev/mmcblk0p2 15G 8.4G 6.0G 59% /#Load:1.25,1.07,0.74#Network:Iface MTU RX-OK RX-ERR RX-DRP RX-OVR TX-OK TX-ERR TX-DRP TX-OVR Flg eth0 1500 257754 1 23 0 215239 0 0 0 BMRU #iostat:#iooperation:#mpstat:#vmstat:procs -----------memory---------- ---swap-- -----io---- -system-- ------cpu----- r b swpd free buff cache si so bi bo in cs us sy id wa st 1 0 468736 34648 1144 64516 1 32 151 114 2716 137 5 1 92 3 0
#date:Tue Jul 16 12:50:16 CEST 2019#hostname:10.214.221.224 #SWAP:Swap: 2.0G 562M 1.5G#RAM:Mem: 912M 840M 18M 24K 53M 21M#Disk:Filesystem Size Used Avail Use% Mounted on /dev/mmcblk0p2 15G 8.4G 6.0G 59% /#Load:3.03,1.48,0.89#Network:Iface MTU RX-OK RX-ERR RX-DRP RX-OVR TX-OK TX-ERR TX-DRP TX-OVR Flg eth0 1500 285089 1 23 0 251698 0 0 0 BMRU #iostat:#iooperation:#mpstat:#vmstat:procs -----------memory---------- ---swap-- -----io---- -system-- ------cpu----- r b swpd free buff cache si so bi bo in cs us sy id wa st 0 1 585472 28424 1884 62044 1 39 184 119 2723 140 5 1 91 3 0
#date:Tue Jul 16 12:51:25 CEST 2019#hostname:10.214.221.224 #SWAP:Swap: 2.0G 571M 1.4G#RAM:Mem: 912M 761M 68M 24K 81M 87M#Disk:Filesystem Size Used Avail Use% Mounted on /dev/mmcblk0p2 15G 8.4G 6.0G 59% /#Load:2.02,1.54,0.96#Network:Iface MTU RX-OK RX-ERR RX-DRP RX-OVR TX-OK TX-ERR TX-DRP TX-OVR Flg eth0 1500 321466 1 23 0 303346 0 0 0 BMRU #iostat:#iooperation:#mpstat:#vmstat:procs -----------memory---------- ---swap-- -----io---- -system-- ------cpu----- r b swpd free buff cache si so bi bo in cs us sy id wa st 1 0 584960 65784 2808 84144 1 38 183 118 2731 140 5 1 91 3 0
#date:Tue Jul 16 12:52:26 CEST 2019#hostname:10.214.221.224 #SWAP:Swap: 2.0G 571M 1.4G#RAM:Mem: 912M 788M 32M 24K 91M 60M#Disk:Filesystem Size Used Avail Use% Mounted on /dev/mmcblk0p2 15G 8.4G 6.0G 59% /#Load:1.30,1.42,0.96#Network:Iface MTU RX-OK RX-ERR RX-DRP RX-OVR TX-OK TX-ERR TX-DRP TX-OVR Flg eth0 1500 358055 1 23 0 356437 0 0 0 BMRU #iostat:#iooperation:#mpstat:#vmstat:procs -----------memory---------- ---swap-- -----io---- -system-- ------cpu----- r b swpd free buff cache si so bi bo in cs us sy id wa st 1 0 584960 32416 3056 90360 1 38 180 116 34 140 5 1 90 3 0
#date:Tue Jul 16 12:53:26 CEST 2019#hostname:10.214.221.224 #SWAP:Swap: 2.0G 569M 1.4G#RAM:Mem: 912M 812M 22M 24K 77M 37M#Disk:Filesystem Size Used Avail Use% Mounted on /dev/mmcblk0p2 15G 8.4G 6.0G 59% /#Load:1.54,1.45,1.00#Network:Iface MTU RX-OK RX-ERR RX-DRP RX-OVR TX-OK TX-ERR TX-DRP TX-OVR Flg eth0 1500 390731 1 23 0 409116 0 0 0 BMRU #iostat:#iooperation:#mpstat:#vmstat:procs -----------memory---------- ---swap-- -----io---- -system-- ------cpu----- r b swpd free buff cache si so bi bo in cs us sy id wa st 1 0 583424 26932 1040 75504 1 37 178 114 80 140 6 1 90 3 0
#date:Tue Jul 16 12:54:28 CEST 2019#hostname:10.214.221.224 #SWAP:Swap: 2.0G 682M 1.3G#RAM:Mem: 912M 830M 31M 24K 50M 34M#Disk:Filesystem Size Used Avail Use% Mounted on /dev/mmcblk0p2 15G 8.4G 6.0G 59% /#Load:2.00,1.56,1.07#Network:Iface MTU RX-OK RX-ERR RX-DRP RX-OVR TX-OK TX-ERR TX-DRP TX-OVR Flg eth0 1500 418108 1 23 0 444157 0 0 0 BMRU #iostat:#iooperation:#mpstat:#vmstat:procs -----------memory---------- ---swap-- -----io---- -system-- ------cpu----- r b swpd free buff cache si so bi bo in cs us sy id wa st 1 0 758016 50088 1912 62424 1 47 201 123 137 142 6 2 89 3 0
#date:Tue Jul 16 12:55:46 CEST 2019#hostname:10.214.221.224 #SWAP:Swap: 2.0G 809M 1.2G#RAM:Mem: 912M 664M 166M 24K 80M 185M#Disk:Filesystem Size Used Avail Use% Mounted on /dev/mmcblk0p2 15G 8.4G 6.0G 59% /#Load:2.73,1.99,1.26#Network:Iface MTU RX-OK RX-ERR RX-DRP RX-OVR TX-OK TX-ERR TX-DRP TX-OVR Flg eth0 1500 451907 1 23 0 483325 0 0 0 BMRU #iostat:#iooperation:#mpstat:#vmstat:procs -----------memory---------- ---swap-- -----io---- -system-- ------cpu----- r b swpd free buff cache si so bi bo in cs us sy id wa st 1 0 828416 161316 5392 84064 4 53 213 128 182 145 6 2 89 3 0
#date:Tue Jul 16 12:56:47 CEST 2019#hostname:10.214.221.224 #SWAP:Swap: 2.0G 802M 1.2G#RAM:Mem: 912M 596M 220M 24K 94M 251M#Disk:Filesystem Size Used Avail Use% Mounted on /dev/mmcblk0p2 15G 8.4G 6.0G 59% /#Load:1.83,1.86,1.26#Network:Iface MTU RX-OK RX-ERR RX-DRP RX-OVR TX-OK TX-ERR TX-DRP TX-OVR Flg eth0 1500 479033 1 23 0 523344 0 0 0 BMRU #iostat:#iooperation:#mpstat:#vmstat:procs -----------memory---------- ---swap-- -----io---- -system-- ------cpu----- r b swpd free buff cache si so bi bo in cs us sy id wa st 1 0 821760 225200 6048 91032 4 52 210 126 224 145 6 2 89 3 0
#date:Tue Jul 16 12:57:47 CEST 2019#hostname:10.214.221.224 #SWAP:Swap: 2.0G 801M 1.2G#RAM:Mem: 912M 570M 240M 24K 101M 277M#Disk:Filesystem Size Used Avail Use% Mounted on /dev/mmcblk0p2 15G 8.4G 6.0G 59% /#Load:1.36,1.70,1.25#Network:Iface MTU RX-OK RX-ERR RX-DRP RX-OVR TX-OK TX-ERR TX-DRP TX-OVR Flg eth0 1500 517680 1 23 0 578203 0 0 0 BMRU #iostat:#iooperation:#mpstat:#vmstat:procs -----------memory---------- ---swap-- -----io---- -system-- ------cpu----- r b swpd free buff cache si so bi bo in cs us sy id wa st 1 0 820224 255524 6292 97160 4 51 207 125 266 145 7 2 88 3 0
#date:Tue Jul 16 12:58:47 CEST 2019#hostname:10.214.221.224 #SWAP:Swap: 2.0G 801M 1.2G#RAM:Mem: 912M 677M 132M 24K 102M 170M#Disk:Filesystem Size Used Avail Use% Mounted on /dev/mmcblk0p2 15G 8.4G 6.0G 59% /#Load:1.13,1.57,1.23#Network:Iface MTU RX-OK RX-ERR RX-DRP RX-OVR TX-OK TX-ERR TX-DRP TX-OVR Flg eth0 1500 542365 1 23 0 613207 0 0 0 BMRU #iostat:#iooperation:#mpstat:#vmstat:procs -----------memory---------- ---swap-- -----io---- -system-- ------cpu----- r b swpd free buff cache si so bi bo in cs us sy id wa st 1 0 820224 133800 6368 98544 4 51 204 123 305 144 7 2 88 3 0
#date:Tue Jul 16 12:59:48 CEST 2019#hostname:10.214.221.224 #SWAP:Swap: 2.0G 800M 1.2G#RAM:Mem: 912M 624M 200M 24K 86M 224M#Disk:Filesystem Size Used Avail Use% Mounted on /dev/mmcblk0p2 15G 8.4G 6.0G 59% /#Load:1.35,1.55,1.24#Network:Iface MTU RX-OK RX-ERR RX-DRP RX-OVR TX-OK TX-ERR TX-DRP TX-OVR Flg eth0 1500 584963 1 23 0 663157 0 0 0 BMRU #iostat:#iooperation:#mpstat:#vmstat:procs -----------memory---------- ---swap-- -----io---- -system-- ------cpu----- r b swpd free buff cache si so bi bo in cs us sy id wa st 1 0 819456 202616 3576 85848 4 50 202 121 346 145 7 2 88 3 0
#date:Tue Jul 16 13:00:48 CEST 2019#hostname:10.214.221.224 #SWAP:Swap: 2.0G 800M 1.2G#RAM:Mem: 912M 598M 221M 24K 92M 249M#Disk:Filesystem Size Used Avail Use% Mounted on /dev/mmcblk0p2 15G 8.4G 6.0G 59% /#Load:1.38,1.53,1.26#Network:Iface MTU RX-OK RX-ERR RX-DRP RX-OVR TX-OK TX-ERR TX-DRP TX-OVR Flg eth0 1500 614203 1 23 0 709043 0 0 0 BMRU #iostat:#iooperation:#mpstat:#vmstat:procs -----------memory---------- ---swap-- -----io---- -system-- ------cpu----- r b swpd free buff cache si so bi bo in cs us sy id wa st 1 0 819456 225504 3688 91340 4 49 199 120 385 145 7 2 88 3 0
#date:Tue Jul 16 13:01:49 CEST 2019#hostname:10.214.221.224 #SWAP:Swap: 2.0G 800M 1.2G#RAM:Mem: 912M 661M 151M 24K 99M 186M#Disk:Filesystem Size Used Avail Use% Mounted on /dev/mmcblk0p2 15G 8.4G 6.0G 59% /#Load:1.27,1.47,1.25#Network:Iface MTU RX-OK RX-ERR RX-DRP RX-OVR TX-OK TX-ERR TX-DRP TX-OVR Flg eth0 1500 628730 1 23 0 752371 0 0 0 BMRU #iostat:#iooperation:#mpstat:#vmstat:procs -----------memory---------- ---swap-- -----io---- -system-- ------cpu----- r b swpd free buff cache si so bi bo in cs us sy id wa st 1 0 819456 152524 3760 97748 4 49 197 118 419 144 7 2 87 3 0
#date:Tue Jul 16 13:02:51 CEST 2019#hostname:10.214.221.224 #SWAP:Swap: 2.0G 872M 1.1G#RAM:Mem: 912M 833M 27M 24K 50M 31M#Disk:Filesystem Size Used Avail Use% Mounted on /dev/mmcblk0p2 15G 8.4G 6.0G 59% /#Load:2.56,1.71,1.34#Network:Iface MTU RX-OK RX-ERR RX-DRP RX-OVR TX-OK TX-ERR TX-DRP TX-OVR Flg eth0 1500 652882 1 23 0 786178 0 0 0 BMRU #iostat:#iooperation:#mpstat:#vmstat:procs -----------memory---------- ---swap-- -----io---- -system-- ------cpu----- r b swpd free buff cache si so bi bo in cs us sy id wa st 0 4 923904 25720 1172 62516 4 54 214 122 462 146 7 2 87 3 0
#date:Tue Jul 16 13:04:10 CEST 2019#hostname:10.214.221.224 #SWAP:Swap: 2.0G 1.0G 980M#RAM:Mem: 912M 827M 22M 8K 61M 32M#Disk:Filesystem Size Used Avail Use% Mounted on /dev/mmcblk0p2 15G 8.5G 6.0G 59% /#Load:6.44,3.09,1.86#Network:Iface MTU RX-OK RX-ERR RX-DRP RX-OVR TX-OK TX-ERR TX-DRP TX-OVR Flg eth0 1500 661964 1 23 0 797517 0 0 0 BMRU #iostat:#iooperation:#mpstat:#vmstat:procs -----------memory---------- ---swap-- -----io---- -system-- ------cpu----- r b swpd free buff cache si so bi bo in cs us sy id wa st 0 1 1084416 29776 1880 59368 18 70 253 137 506 153 7 2 86 4 0
#date:Tue Jul 16 13:05:29 CEST 2019#hostname:10.214.221.224 #SWAP:Swap: 2.0G 1.1G 971M#RAM:Mem: 912M 826M 30M 4K 54M 37M#Disk:Filesystem Size Used Avail Use% Mounted on /dev/mmcblk0p2 15G 8.5G 6.0G 59% /#Load:6.25,3.70,2.17#Network:Iface MTU RX-OK RX-ERR RX-DRP RX-OVR TX-OK TX-ERR TX-DRP TX-OVR Flg eth0 1500 666872 1 23 0 804487 0 0 0 BMRU #iostat:#iooperation:#mpstat:#vmstat:procs -----------memory---------- ---swap-- -----io---- -system-- ------cpu----- r b swpd free buff cache si so bi bo in cs us sy id wa st 1 4 1084928 50324 1496 62072 29 82 293 148 553 163 7 2 85 5 0
#date:Tue Jul 16 13:06:54 CEST 2019#hostname:10.214.221.224 #SWAP:Swap: 2.0G 1.0G 1.0G#RAM:Mem: 912M 824M 28M 12K 58M 37M#Disk:Filesystem Size Used Avail Use% Mounted on /dev/mmcblk0p2 15G 8.5G 6.0G 59% /#Load:7.06,4.55,2.59#Network:Iface MTU RX-OK RX-ERR RX-DRP RX-OVR TX-OK TX-ERR TX-DRP TX-OVR Flg eth0 1500 670279 1 23 0 807689 0 0 0 BMRU #iostat:#iooperation:#mpstat:#vmstat:procs -----------memory---------- ---swap-- -----io---- -system-- ------cpu----- r b swpd free buff cache si so bi bo in cs us sy id wa st 0 1 1053696 28448 1856 61912 41 90 327 156 586 170 7 2 84 6 0
#date:Tue Jul 16 13:07:58 CEST 2019#hostname:10.214.221.224 #SWAP:Swap: 2.0G 1.0G 996M#RAM:Mem: 912M 825M 28M 8K 57M 36M#Disk:Filesystem Size Used Avail Use% Mounted on /dev/mmcblk0p2 15G 8.5G 6.0G 59% /#Load:6.79,4.93,2.86#Network:Iface MTU RX-OK RX-ERR RX-DRP RX-OVR TX-OK TX-ERR TX-DRP TX-OVR Flg eth0 1500 672478 1 23 0 810031 0 0 0 BMRU #iostat:#iooperation:#mpstat:#vmstat:procs -----------memory---------- ---swap-- -----io---- -system-- ------cpu----- r b swpd free buff cache si so bi bo in cs us sy id wa st 0 3 1092864 29712 1408 57432 55 104 368 168 630 180 7 2 83 7 0
#date:Tue Jul 16 13:09:24 CEST 2019#hostname:10.214.221.224 #SWAP:Swap: 2.0G 1.1G 927M#RAM:Mem: 912M 828M 29M 4K 54M 35M#Disk:Filesystem Size Used Avail Use% Mounted on /dev/mmcblk0p2 15G 8.5G 6.0G 59% /#Load:7.22,5.51,3.27#Network:Iface MTU RX-OK RX-ERR RX-DRP RX-OVR TX-OK TX-ERR TX-DRP TX-OVR Flg eth0 1500 676901 1 23 0 813864 0 0 0 BMRU #iostat:#iooperation:#mpstat:#vmstat:procs -----------memory---------- ---swap-- -----io---- -system-- ------cpu----- r b swpd free buff cache si so bi bo in cs us sy id wa st 1 10 1124096 18056 1088 56928 70 117 404 181 674 190 7 2 82 8 0
#date:Tue Jul 16 13:10:57 CEST 2019#hostname:10.214.221.224 #SWAP:Swap: 2.0G 1.0G 998M#RAM:Mem: 912M 823M 29M 8K 59M 38M#Disk:Filesystem Size Used Avail Use% Mounted on /dev/mmcblk0p2 15G 8.5G 6.0G 59% /#Load:7.29,5.93,3.60#Network:Iface MTU RX-OK RX-ERR RX-DRP RX-OVR TX-OK TX-ERR TX-DRP TX-OVR Flg eth0 1500 678072 1 23 0 814142 0 0 0 BMRU #iostat:#iooperation:#mpstat:#vmstat:procs -----------memory---------- ---swap-- -----io---- -system-- ------cpu----- r b swpd free buff cache si so bi bo in cs us sy id wa st 0 8 1078784 25272 624 65044 79 124 443 187 710 199 7 3 82 9 0
#date:Tue Jul 16 13:12:10 CEST 2019#hostname:10.214.221.224 #SWAP:Swap: 2.0G 1.1G 943M#RAM:Mem: 912M 818M 28M 8K 64M 41M#Disk:Filesystem Size Used Avail Use% Mounted on /dev/mmcblk0p2 15G 8.5G 6.0G 59% /#Load:6.99,6.15,3.86#Network:Iface MTU RX-OK RX-ERR RX-DRP RX-OVR TX-OK TX-ERR TX-DRP TX-OVR Flg eth0 1500 679241 1 23 0 814413 0 0 0 BMRU #iostat:#iooperation:#mpstat:#vmstat:procs -----------memory---------- ---swap-- -----io---- -system-- ------cpu----- r b swpd free buff cache si so bi bo in cs us sy id wa st 0 2 1123328 29424 3296 68048 89 135 468 197 742 206 7 3 81 9 0
#date:Tue Jul 16 13:13:14 CEST 2019#hostname:10.214.221.224 #SWAP:Swap: 2.0G 1.0G 983M#RAM:Mem: 912M 837M 21M 8K 53M 27M#Disk:Filesystem Size Used Avail Use% Mounted on /dev/mmcblk0p2 15G 8.5G 6.0G 59% /#Load:7.65,6.50,4.16#Network:Iface MTU RX-OK RX-ERR RX-DRP RX-OVR TX-OK TX-ERR TX-DRP TX-OVR Flg eth0 1500 680381 1 23 0 814684 0 0 0 BMRU #iostat:#iooperation:#mpstat:#vmstat:procs -----------memory---------- ---swap-- -----io---- -system-- ------cpu----- r b swpd free buff cache si so bi bo in cs us sy id wa st 1 4 1102044 24968 1620 63636 101 144 494 205 778 215 7 3 80 10 0
#date:Tue Jul 16 13:14:32 CEST 2019#hostname:10.214.221.224 #SWAP:Swap: 2.0G 1.1G 918M#RAM:Mem: 912M 824M 29M 12K 57M 38M#Disk:Filesystem Size Used Avail Use% Mounted on /dev/mmcblk0p2 15G 8.5G 6.0G 59% /#Load:5.55,6.16,4.21#Network:Iface MTU RX-OK RX-ERR RX-DRP RX-OVR TX-OK TX-ERR TX-DRP TX-OVR Flg eth0 1500 683101 1 23 0 817886 0 0 0 BMRU #iostat:#iooperation:#mpstat:#vmstat:procs -----------memory---------- ---swap-- -----io---- -system-- ------cpu----- r b swpd free buff cache si so bi bo in cs us sy id wa st 1 2 1162116 21852 1704 71136 104 149 500 210 807 224 7 3 80 11 0
#date:Tue Jul 16 13:15:36 CEST 2019#hostname:10.214.221.224 #SWAP:Swap: 2.0G 1.1G 917M#RAM:Mem: 912M 830M 20M 20K 60M 31M#Disk:Filesystem Size Used Avail Use% Mounted on /dev/mmcblk0p2 15G 8.5G 6.0G 59% /#Load:8.80,6.97,4.64#Network:Iface MTU RX-OK RX-ERR RX-DRP RX-OVR TX-OK TX-ERR TX-DRP TX-OVR Flg eth0 1500 685767 1 23 0 819547 9 9 0 BMRU #iostat:#iooperation:#mpstat:#vmstat:procs -----------memory---------- ---swap-- -----io---- -system-- ------cpu----- r b swpd free buff cache si so bi bo in cs us sy id wa st 0 3 1161408 21412 1220 61136 110 154 511 214 847 237 7 3 79 12 0
#date:Tue Jul 16 13:17:00 CEST 2019#hostname:10.214.221.224 #SWAP:Swap: 2.0G 1.1G 942M#RAM:Mem: 912M 830M 21M 12K 60M 31M#Disk:Filesystem Size Used Avail Use% Mounted on /dev/mmcblk0p2 15G 8.5G 6.0G 59% /#Load:9.24,7.55,5.06#Network:Iface MTU RX-OK RX-ERR RX-DRP RX-OVR TX-OK TX-ERR TX-DRP TX-OVR Flg eth0 1500 687091 1 23 0 819772 9 9 0 BMRU #iostat:#iooperation:#mpstat:#vmstat:procs -----------memory---------- ---swap-- -----io---- -system-- ------cpu----- r b swpd free buff cache si so bi bo in cs us sy id wa st 0 8 1136192 24548 2072 63532 117 159 530 217 883 248 7 3 78 13 0
#date:Tue Jul 16 13:18:25 CEST 2019#hostname:10.214.221.224 #SWAP:Swap: 2.0G 1.1G 943M#RAM:Mem: 912M 828M 21M 16K 62M 32M#Disk:Filesystem Size Used Avail Use% Mounted on /dev/mmcblk0p2 15G 8.5G 6.0G 59% /#Load:7.34,7.38,5.20#Network:Iface MTU RX-OK RX-ERR RX-DRP RX-OVR TX-OK TX-ERR TX-DRP TX-OVR Flg eth0 1500 688123 1 23 0 819799 9 9 0 BMRU #iostat:#iooperation:#mpstat:#vmstat:procs -----------memory---------- ---swap-- -----io---- -system-- ------cpu----- r b swpd free buff cache si so bi bo in cs us sy id wa st 0 7 1137304 21576 980 68324 121 163 548 221 915 257 7 3 77 14 0
#date:Tue Jul 16 13:19:39 CEST 2019#hostname:10.214.221.224 #SWAP:Swap: 2.0G 1.1G 925M#RAM:Mem: 912M 824M 24M 8K 63M 36M#Disk:Filesystem Size Used Avail Use% Mounted on /dev/mmcblk0p2 15G 8.5G 6.0G 59% /#Load:7.58,7.24,5.35#Network:Iface MTU RX-OK RX-ERR RX-DRP RX-OVR TX-OK TX-ERR TX-DRP TX-OVR Flg eth0 1500 689517 1 23 0 820049 9 9 0 BMRU #iostat:#iooperation:#mpstat:#vmstat:procs -----------memory---------- ---swap-- -----io---- -system-- ------cpu----- r b swpd free buff cache si so bi bo in cs us sy id wa st 1 9 1151984 22092 732 54608 131 172 568 228 966 273 7 3 76 15 0
#date:Tue Jul 16 13:21:55 CEST 2019#hostname:10.214.221.224 #SWAP:Swap: 2.0G 1.1G 911M#RAM:Mem: 912M 828M 23M 8K 60M 34M#Disk:Filesystem Size Used Avail Use% Mounted on /dev/mmcblk0p2 15G 8.5G 6.0G 59% /#Load:7.76,7.44,5.66#Network:Iface MTU RX-OK RX-ERR RX-DRP RX-OVR TX-OK TX-ERR TX-DRP TX-OVR Flg eth0 1500 692537 1 23 0 821945 9 9 0 BMRU #iostat:#iooperation:#mpstat:#vmstat:procs -----------memory---------- ---swap-- -----io---- -system-- ------cpu----- r b swpd free buff cache si so bi bo in cs us sy id wa st 0 3 1156892 20604 1360 62936 135 175 580 231 1007 287 6 3 75 16 0
#date:Tue Jul 16 13:23:24 CEST 2019#hostname:10.214.221.224 #SWAP:Swap: 2.0G 1.1G 918M#RAM:Mem: 912M 833M 20M 8K 57M 30M#Disk:Filesystem Size Used Avail Use% Mounted on /dev/mmcblk0p2 15G 8.5G 6.0G 59% /#Load:7.12,7.20,5.74#Network:Iface MTU RX-OK RX-ERR RX-DRP RX-OVR TX-OK TX-ERR TX-DRP TX-OVR Flg eth0 1500 693659 1 23 0 821956 9 9 0 BMRU #iostat:#iooperation:#mpstat:#vmstat:procs -----------memory---------- ---swap-- -----io---- -system-- ------cpu----- r b swpd free buff cache si so bi bo in cs us sy id wa st 0 4 1162344 21364 1248 64556 140 180 585 235 1047 302 6 3 74 17 0
#date:Tue Jul 16 13:25:01 CEST 2019#hostname:10.214.221.224 #SWAP:Swap: 2.0G 1.2G 866M#RAM:Mem: 912M 824M 20M 16K 67M 35M#Disk:Filesystem Size Used Avail Use% Mounted on /dev/mmcblk0p2 15G 8.5G 6.0G 59% /#Load:5.58,6.79,5.72#Network:Iface MTU RX-OK RX-ERR RX-DRP RX-OVR TX-OK TX-ERR TX-DRP TX-OVR Flg eth0 1500 695199 1 23 0 823217 9 9 0 BMRU #iostat:#iooperation:#mpstat:#vmstat:procs -----------memory---------- ---swap-- -----io---- -system-- ------cpu----- r b swpd free buff cache si so bi bo in cs us sy id wa st 1 1 1219676 20936 1984 74524 141 183 588 237 1071 309 6 3 73 17 0
#date:Tue Jul 16 13:26:10 CEST 2019#hostname:10.214.221.224 #SWAP:Swap: 2.0G 1.3G 737M#RAM:Mem: 912M 827M 21M 12K 63M 34M#Disk:Filesystem Size Used Avail Use% Mounted on /dev/mmcblk0p2 15G 8.5G 6.0G 59% /#Load:5.13,6.22,5.60#Network:Iface MTU RX-OK RX-ERR RX-DRP RX-OVR TX-OK TX-ERR TX-DRP TX-OVR Flg eth0 1500 701666 1 23 0 832133 9 9 0 BMRU #iostat:#iooperation:#mpstat:#vmstat:procs -----------memory---------- ---swap-- -----io---- -system-- ------cpu----- r b swpd free buff cache si so bi bo in cs us sy id wa st 0 2 1381264 22764 1308 64300 141 189 590 242 1098 315 6 3 73 17 0
#date:Tue Jul 16 13:27:38 CEST 2019#hostname:10.214.221.224 #SWAP:Swap: 2.0G 1.4G 601M#RAM:Mem: 912M 818M 19M 16K 74M 39M#Disk:Filesystem Size Used Avail Use% Mounted on /dev/mmcblk0p2 15G 8.5G 6.0G 59% /#Load:9.02,6.93,5.90#Network:Iface MTU RX-OK RX-ERR RX-DRP RX-OVR TX-OK TX-ERR TX-DRP TX-OVR Flg eth0 1500 710143 1 23 0 841253 9 9 0 BMRU #iostat:#iooperation:#mpstat:#vmstat:procs -----------memory---------- ---swap-- -----io---- -system-- ------cpu----- r b swpd free buff cache si so bi bo in cs us sy id wa st 0 14 1475116 22128 732 63028 144 195 596 247 1149 332 6 4 72 18 0
#date:Tue Jul 16 13:29:51 CEST 2019#hostname:10.214.221.224 #SWAP:Swap: 2.0G 1.4G 630M#RAM:Mem: 912M 820M 31M 12K 59M 44M#Disk:Filesystem Size Used Avail Use% Mounted on /dev/mmcblk0p2 15G 8.5G 6.0G 59% /#Load:10.29,8.36,6.60#Network:Iface MTU RX-OK RX-ERR RX-DRP RX-OVR TX-OK TX-ERR TX-DRP TX-OVR Flg eth0 1500 712509 1 23 0 841272 9 9 0 BMRU #iostat:#iooperation:#mpstat:#vmstat:procs -----------memory---------- ---swap-- -----io---- -system-- ------cpu----- r b swpd free buff cache si so bi bo in cs us sy id wa st 0 7 1447796 23196 1156 63852 149 198 618 249 1198 350 6 4 70 20 0
#date:Tue Jul 16 13:32:13 CEST 2019#hostname:10.214.221.224 #SWAP:Swap: 2.0G 1.4G 611M#RAM:Mem: 912M 807M 26M 8K 78M 48M#Disk:Filesystem Size Used Avail Use% Mounted on /dev/mmcblk0p2 15G 8.5G 6.0G 59% /#Load:9.30,8.74,6.96#Network:Iface MTU RX-OK RX-ERR RX-DRP RX-OVR TX-OK TX-ERR TX-DRP TX-OVR Flg eth0 1500 714331 1 23 0 841299 9 9 0 BMRU #iostat:#iooperation:#mpstat:#vmstat:procs -----------memory---------- ---swap-- -----io---- -system-- ------cpu----- r b swpd free buff cache si so bi bo in cs us sy id wa st 1 3 1471744 21368 3828 83344 152 200 624 251 1223 359 6 4 70 20 0
#date:Tue Jul 16 13:33:33 CEST 2019#hostname:10.214.221.224 #SWAP:Swap: 2.0G 1.4G 626M#RAM:Mem: 912M 827M 22M 20K 62M 36M#Disk:Filesystem Size Used Avail Use% Mounted on /dev/mmcblk0p2 15G 8.5G 6.0G 59% /#Load:10.88,9.26,7.33#Network:Iface MTU RX-OK RX-ERR RX-DRP RX-OVR TX-OK TX-ERR TX-DRP TX-OVR Flg eth0 1500 716081 1 23 0 841383 9 9 0 BMRU #iostat:#iooperation:#mpstat:#vmstat:procs -----------memory---------- ---swap-- -----io---- -system-- ------cpu----- r b swpd free buff cache si so bi bo in cs us sy id wa st 0 4 1456348 27472 364 62528 157 204 633 255 1260 372 6 4 69 21 0
#date:Tue Jul 16 13:35:31 CEST 2019#hostname:10.214.221.224 #SWAP:Swap: 2.0G 1.4G 622M#RAM:Mem: 912M 822M 22M 12K 67M 38M#Disk:Filesystem Size Used Avail Use% Mounted on /dev/mmcblk0p2 15G 8.5G 6.0G 59% /#Load:12.96,10.43,8.07#Network:Iface MTU RX-OK RX-ERR RX-DRP RX-OVR TX-OK TX-ERR TX-DRP TX-OVR Flg eth0 1500 719041 1 23 0 842158 9 9 0 BMRU #iostat:#iooperation:#mpstat:#vmstat:procs -----------memory---------- ---swap-- -----io---- -system-- ------cpu----- r b swpd free buff cache si so bi bo in cs us sy id wa st 0 2 1478400 26128 3236 76820 163 210 648 259 1315 393 6 4 67 23 0
#date:Tue Jul 16 13:38:12 CEST 2019#hostname:10.214.221.224 #SWAP:Swap: 2.0G 1.4G 607M#RAM:Mem: 912M 817M 20M 12K 73M 40M#Disk:Filesystem Size Used Avail Use% Mounted on /dev/mmcblk0p2 15G 8.5G 6.0G 59% /#Load:10.78,10.26,8.23#Network:Iface MTU RX-OK RX-ERR RX-DRP RX-OVR TX-OK TX-ERR TX-DRP TX-OVR Flg eth0 1500 721590 1 23 0 843551 9 9 0 BMRU #iostat:#iooperation:#mpstat:#vmstat:procs -----------memory---------- ---swap-- -----io---- -system-- ------cpu----- r b swpd free buff cache si so bi bo in cs us sy id wa st 1 3 1470344 20816 1204 71576 168 214 655 262 1356 409 6 4 66 24 0
#date:Tue Jul 16 13:40:27 CEST 2019#hostname:10.214.221.224 #SWAP:Swap: 2.0G 1.4G 599M#RAM:Mem: 912M 809M 19M 8K 83M 44M#Disk:Filesystem Size Used Avail Use% Mounted on /dev/mmcblk0p2 15G 8.5G 6.0G 59% /#Load:9.31,9.96,8.40#Network:Iface MTU RX-OK RX-ERR RX-DRP RX-OVR TX-OK TX-ERR TX-DRP TX-OVR Flg eth0 1500 723028 1 23 0 843739 9 9 0 BMRU #iostat:#iooperation:#mpstat:#vmstat:procs -----------memory---------- ---swap-- -----io---- -system-- ------cpu----- r b swpd free buff cache si so bi bo in cs us sy id wa st 0 2 1476028 21248 2016 72168 171 217 656 264 1383 419 6 4 66 24 0
#date:Tue Jul 16 13:42:12 CEST 2019#hostname:10.214.221.224 #SWAP:Swap: 2.0G 1.4G 614M#RAM:Mem: 912M 825M 21M 8K 65M 37M#Disk:Filesystem Size Used Avail Use% Mounted on /dev/mmcblk0p2 15G 8.5G 6.0G 59% /#Load:8.78,9.25,8.32#Network:Iface MTU RX-OK RX-ERR RX-DRP RX-OVR TX-OK TX-ERR TX-DRP TX-OVR Flg eth0 1500 724903 1 23 0 843778 9 9 0 BMRU #iostat:#iooperation:#mpstat:#vmstat:procs -----------memory---------- ---swap-- -----io---- -system-- ------cpu----- r b swpd free buff cache si so bi bo in cs us sy id wa st 0 5 1476848 22512 2328 69712 176 221 663 267 1429 436 6 4 65 26 0
#date:Tue Jul 16 13:45:13 CEST 2019#hostname:10.214.221.224 #SWAP:Swap: 2.0G 1.4G 603M#RAM:Mem: 912M 817M 27M 8K 67M 44M#Disk:Filesystem Size Used Avail Use% Mounted on /dev/mmcblk0p2 15G 8.5G 6.0G 59% /#Load:10.76,9.66,8.62#Network:Iface MTU RX-OK RX-ERR RX-DRP RX-OVR TX-OK TX-ERR TX-DRP TX-OVR Flg eth0 1500 727508 1 23 0 843910 9 9 0 BMRU #iostat:#iooperation:#mpstat:#vmstat:procs -----------memory---------- ---swap-- -----io---- -system-- ------cpu----- r b swpd free buff cache si so bi bo in cs us sy id wa st 0 5 1482996 23756 1608 74340 180 224 668 269 1466 449 5 4 64 27 0
#date:Tue Jul 16 13:47:14 CEST 2019#hostname:10.214.221.224 #SWAP:Swap: 2.0G 1.5G 524M#RAM:Mem: 912M 820M 26M 20K 64M 42M#Disk:Filesystem Size Used Avail Use% Mounted on /dev/mmcblk0p2 15G 8.5G 6.0G 59% /#Load:5.37,8.22,8.19#Network:Iface MTU RX-OK RX-ERR RX-DRP RX-OVR TX-OK TX-ERR TX-DRP TX-OVR Flg eth0 1500 729939 1 23 0 846070 9 9 0 BMRU #iostat:#iooperation:#mpstat:#vmstat:procs -----------memory---------- ---swap-- -----io---- -system-- ------cpu----- r b swpd free buff cache si so bi bo in cs us sy id wa st 1 5 1565764 24556 2252 71700 179 225 669 270 1483 452 5 4 63 27 0
#date:Tue Jul 16 13:48:20 CEST 2019#hostname:10.214.221.224 #SWAP:Swap: 2.0G 1.5G 464M#RAM:Mem: 912M 808M 16M 24K 87M 43M#Disk:Filesystem Size Used Avail Use% Mounted on /dev/mmcblk0p2 15G 8.5G 6.0G 59% /#Load:4.47,7.39,7.91#Network:Iface MTU RX-OK RX-ERR RX-DRP RX-OVR TX-OK TX-ERR TX-DRP TX-OVR Flg eth0 1500 733910 1 23 0 850283 9 9 0 BMRU #iostat:#iooperation:#mpstat:#vmstat:procs -----------memory---------- ---swap-- -----io---- -system-- ------cpu----- r b swpd free buff cache si so bi bo in cs us sy id wa st 1 0 1625164 50512 2412 87988 178 226 672 270 16 454 5 5 63 27 0
#date:Tue Jul 16 13:49:24 CEST 2019#hostname:10.214.221.224 #SWAP:Swap: 2.0G 799M 1.2G#RAM:Mem: 912M 129M 721M 24K 60M 727M#Disk:Filesystem Size Used Avail Use% Mounted on /dev/mmcblk0p2 15G 8.5G 6.0G 59% /#Load:5.54,7.14,7.78#Network:Iface MTU RX-OK RX-ERR RX-DRP RX-OVR TX-OK TX-ERR TX-DRP TX-OVR Flg eth0 1500 754717 1 23 0 870570 9 9 0 BMRU #iostat:#iooperation:#mpstat:#vmstat:procs -----------memory---------- ---swap-- -----io---- -system-- ------cpu----- r b swpd free buff cache si so bi bo in cs us sy id wa st 0 0 818320 730188 3768 66340 181 226 675 271 45 460 5 5 63 27 0
#date:Tue Jul 16 13:50:25 CEST 2019#hostname:10.214.221.224 #SWAP:Swap: 2.0G 798M 1.2G#RAM:Mem: 912M 222M 574M 24K 115M 629M#Disk:Filesystem Size Used Avail Use% Mounted on /dev/mmcblk0p2 15G 8.5G 6.0G 59% /#Load:2.48,5.97,7.34#Network:Iface MTU RX-OK RX-ERR RX-DRP RX-OVR TX-OK TX-ERR TX-DRP TX-OVR Flg eth0 1500 757714 1 23 0 873555 9 9 0 BMRU #iostat:#iooperation:#mpstat:#vmstat:procs -----------memory---------- ---swap-- -----io---- -system-- ------cpu----- r b swpd free buff cache si so bi bo in cs us sy id wa st 1 0 818064 586968 11020 106948 179 224 671 268 67 457 5 5 63 27 0
#date:Tue Jul 16 13:51:25 CEST 2019#hostname:10.214.221.224 #SWAP:Swap: 2.0G 798M 1.2G#RAM:Mem: 912M 239M 550M 24K 121M 612M#Disk:Filesystem Size Used Avail Use% Mounted on /dev/mmcblk0p2 15G 8.5G 6.0G 59% /#Load:0.97,4.90,6.88#Network:Iface MTU RX-OK RX-ERR RX-DRP RX-OVR TX-OK TX-ERR TX-DRP TX-OVR Flg eth0 1500 763267 1 23 0 879726 9 9 0 BMRU #iostat:#iooperation:#mpstat:#vmstat:procs -----------memory---------- ---swap-- -----io---- -system-- ------cpu----- r b swpd free buff cache si so bi bo in cs us sy id wa st 0 0 817808 562684 12208 112708 178 223 665 266 88 454 5 5 63 27 0
#date:Tue Jul 16 13:52:26 CEST 2019#hostname:10.214.221.224 #SWAP:Swap: 2.0G 798M 1.2G#RAM:Mem: 912M 255M 533M 24K 123M 596M#Disk:Filesystem Size Used Avail Use% Mounted on /dev/mmcblk0p2 15G 8.5G 6.0G 59% /#Load:0.51,4.05,6.46#Network:Iface MTU RX-OK RX-ERR RX-DRP RX-OVR TX-OK TX-ERR TX-DRP TX-OVR Flg eth0 1500 771456 1 23 0 888408 9 9 0 BMRU #iostat:#iooperation:#mpstat:#vmstat:procs -----------memory---------- ---swap-- -----io---- -system-- ------cpu----- r b swpd free buff cache si so bi bo in cs us sy id wa st 0 0 817552 545860 12300 114216 176 221 660 264 109 451 5 4 64 26 0
#date:Tue Jul 16 13:53:26 CEST 2019#hostname:10.214.221.224 #SWAP:Swap: 2.0G 798M 1.2G#RAM:Mem: 912M 258M 528M 24K 124M 592M#Disk:Filesystem Size Used Avail Use% Mounted on /dev/mmcblk0p2 15G 8.5G 6.0G 59% /#Load:0.19,3.31,6.06#Network:Iface MTU RX-OK RX-ERR RX-DRP RX-OVR TX-OK TX-ERR TX-DRP TX-OVR Flg eth0 1500 780515 1 23 0 897266 9 9 0 BMRU #iostat:#iooperation:#mpstat:#vmstat:procs -----------memory---------- ---swap-- -----io---- -system-- ------cpu----- r b swpd free buff cache si so bi bo in cs us sy id wa st 1 0 817552 540696 12404 115492 175 219 655 262 130 449 5 4 64 26 0
#date:Tue Jul 16 13:54:26 CEST 2019#hostname:10.214.221.224 #SWAP:Swap: 2.0G 798M 1.2G#RAM:Mem: 912M 257M 528M 24K 126M 593M#Disk:Filesystem Size Used Avail Use% Mounted on /dev/mmcblk0p2 15G 8.5G 6.0G 59% /#Load:0.36,2.81,5.71#Network:Iface MTU RX-OK RX-ERR RX-DRP RX-OVR TX-OK TX-ERR TX-DRP TX-OVR Flg eth0 1500 789700 1 23 0 905961 9 9 0 BMRU #iostat:#iooperation:#mpstat:#vmstat:procs -----------memory---------- ---swap-- -----io---- -system-- ------cpu----- r b swpd free buff cache si so bi bo in cs us sy id wa st 0 0 817552 540696 12500 116564 174 217 650 260 151 446 5 4 64 26 0
#date:Tue Jul 16 13:55:27 CEST 2019#hostname:10.214.221.224 #SWAP:Swap: 2.0G 798M 1.2G#RAM:Mem: 912M 261M 523M 24K 127M 590M#Disk:Filesystem Size Used Avail Use% Mounted on /dev/mmcblk0p2 15G 8.5G 6.0G 59% /#Load:0.66,2.43,5.40#Network:Iface MTU RX-OK RX-ERR RX-DRP RX-OVR TX-OK TX-ERR TX-DRP TX-OVR Flg eth0 1500 798650 1 23 0 914540 9 9 0 BMRU #iostat:#iooperation:#mpstat:#vmstat:procs -----------memory---------- ---swap-- -----io---- -system-- ------cpu----- r b swpd free buff cache si so bi bo in cs us sy id wa st 2 0 817552 535540 12588 117760 172 216 645 258 171 443 5 4 64 26 0
#date:Tue Jul 16 13:56:27 CEST 2019#hostname:10.214.221.224 #SWAP:Swap: 2.0G 798M 1.2G#RAM:Mem: 912M 263M 519M 24K 128M 587M#Disk:Filesystem Size Used Avail Use% Mounted on /dev/mmcblk0p2 15G 8.5G 6.0G 59% /#Load:0.38,2.03,5.07#Network:Iface MTU RX-OK RX-ERR RX-DRP RX-OVR TX-OK TX-ERR TX-DRP TX-OVR Flg eth0 1500 807753 1 23 0 923592 9 9 0 BMRU #iostat:#iooperation:#mpstat:#vmstat:procs -----------memory---------- ---swap-- -----io---- -system-- ------cpu----- r b swpd free buff cache si so bi bo in cs us sy id wa st 1 0 817296 530816 12684 119380 171 214 640 256 191 440 5 4 65 26 0
#date:Tue Jul 16 13:57:27 CEST 2019#hostname:10.214.221.224 #SWAP:Swap: 2.0G 798M 1.2G#RAM:Mem: 912M 267M 513M 24K 130M 583M#Disk:Filesystem Size Used Avail Use% Mounted on /dev/mmcblk0p2 15G 8.5G 6.0G 59% /#Load:0.51,1.75,4.79#Network:Iface MTU RX-OK RX-ERR RX-DRP RX-OVR TX-OK TX-ERR TX-DRP TX-OVR Flg eth0 1500 817375 1 23 0 933040 9 9 0 BMRU #iostat:#iooperation:#mpstat:#vmstat:procs -----------memory---------- ---swap-- -----io---- -system-- ------cpu----- r b swpd free buff cache si so bi bo in cs us sy id wa st 0 0 817296 525424 12780 120956 170 212 635 255 211 437 6 4 65 25 0
#date:Tue Jul 16 13:58:28 CEST 2019#hostname:10.214.221.224 #SWAP:Swap: 2.0G 798M 1.2G#RAM:Mem: 912M 267M 512M 24K 132M 583M#Disk:Filesystem Size Used Avail Use% Mounted on /dev/mmcblk0p2 15G 8.5G 6.0G 59% /#Load:0.48,1.51,4.51#Network:Iface MTU RX-OK RX-ERR RX-DRP RX-OVR TX-OK TX-ERR TX-DRP TX-OVR Flg eth0 1500 826405 1 23 0 941619 9 9 0 BMRU #iostat:#iooperation:#mpstat:#vmstat:procs -----------memory---------- ---swap-- -----io---- -system-- ------cpu----- r b swpd free buff cache si so bi bo in cs us sy id wa st 1 0 817296 523900 12884 122480 168 211 630 253 230 435 6 4 65 25 0
#date:Tue Jul 16 13:59:28 CEST 2019#hostname:10.214.221.224 #SWAP:Swap: 2.0G 798M 1.2G#RAM:Mem: 912M 268M 509M 24K 133M 582M#Disk:Filesystem Size Used Avail Use% Mounted on /dev/mmcblk0p2 15G 8.5G 6.0G 59% /#Load:0.46,1.31,4.25#Network:Iface MTU RX-OK RX-ERR RX-DRP RX-OVR TX-OK TX-ERR TX-DRP TX-OVR Flg eth0 1500 837082 1 23 0 952427 9 9 0 BMRU #iostat:#iooperation:#mpstat:#vmstat:procs -----------memory---------- ---swap-- -----io---- -system-- ------cpu----- r b swpd free buff cache si so bi bo in cs us sy id wa st 0 0 817296 520676 12980 124096 167 209 625 251 250 432 6 4 65 25 0
#date:Tue Jul 16 14:00:28 CEST 2019#hostname:10.214.221.224 #SWAP:Swap: 2.0G 798M 1.2G#RAM:Mem: 912M 281M 494M 24K 136M 568M#Disk:Filesystem Size Used Avail Use% Mounted on /dev/mmcblk0p2 15G 8.5G 6.0G 59% /#Load:0.52,1.16,4.01#Network:Iface MTU RX-OK RX-ERR RX-DRP RX-OVR TX-OK TX-ERR TX-DRP TX-OVR Flg eth0 1500 848058 1 23 0 963634 9 9 0 BMRU #iostat:#iooperation:#mpstat:#vmstat:procs -----------memory---------- ---swap-- -----io---- -system-- ------cpu----- r b swpd free buff cache si so bi bo in cs us sy id wa st 0 0 817296 504952 13076 126364 166 208 621 249 269 430 6 4 65 25 0
#date:Tue Jul 16 14:01:29 CEST 2019#hostname:10.214.221.224 #SWAP:Swap: 2.0G 798M 1.2G#RAM:Mem: 912M 283M 490M 24K 138M 567M#Disk:Filesystem Size Used Avail Use% Mounted on /dev/mmcblk0p2 15G 8.5G 6.0G 59% /#Load:0.42,1.01,3.78#Network:Iface MTU RX-OK RX-ERR RX-DRP RX-OVR TX-OK TX-ERR TX-DRP TX-OVR Flg eth0 1500 859008 1 23 0 974634 9 9 0 BMRU #iostat:#iooperation:#mpstat:#vmstat:procs -----------memory---------- ---swap-- -----io---- -system-- ------cpu----- r b swpd free buff cache si so bi bo in cs us sy id wa st 0 0 817296 502076 13172 128288 165 206 616 247 287 427 6 4 66 25 0
#date:Tue Jul 16 14:02:29 CEST 2019#hostname:10.214.221.224 #SWAP:Swap: 2.0G 798M 1.2G#RAM:Mem: 912M 282M 490M 24K 139M 568M#Disk:Filesystem Size Used Avail Use% Mounted on /dev/mmcblk0p2 15G 8.5G 6.0G 59% /#Load:0.57,0.93,3.58#Network:Iface MTU RX-OK RX-ERR RX-DRP RX-OVR TX-OK TX-ERR TX-DRP TX-OVR Flg eth0 1500 869643 1 23 0 985422 9 9 0 BMRU #iostat:#iooperation:#mpstat:#vmstat:procs -----------memory---------- ---swap-- -----io---- -system-- ------cpu----- r b swpd free buff cache si so bi bo in cs us sy id wa st 0 0 817296 501004 13268 129888 163 205 612 246 306 424 6 4 66 24 0
#date:Tue Jul 16 14:03:29 CEST 2019#hostname:10.214.221.224 #SWAP:Swap: 2.0G 798M 1.2G#RAM:Mem: 912M 282M 487M 24K 141M 568M#Disk:Filesystem Size Used Avail Use% Mounted on /dev/mmcblk0p2 15G 8.5G 6.0G 59% /#Load:0.36,0.81,3.37#Network:Iface MTU RX-OK RX-ERR RX-DRP RX-OVR TX-OK TX-ERR TX-DRP TX-OVR Flg eth0 1500 878762 1 23 0 994356 9 9 0 BMRU #iostat:#iooperation:#mpstat:#vmstat:procs -----------memory---------- ---swap-- -----io---- -system-- ------cpu----- r b swpd free buff cache si so bi bo in cs us sy id wa st 0 0 817296 499400 13356 131764 162 203 607 244 324 422 6 4 66 24 0
#date:Tue Jul 16 14:04:30 CEST 2019#hostname:10.214.221.224 #SWAP:Swap: 2.0G 797M 1.2G#RAM:Mem: 912M 283M 483M 24K 145M 567M#Disk:Filesystem Size Used Avail Use% Mounted on /dev/mmcblk0p2 15G 8.5G 6.0G 59% /#Load:0.26,0.70,3.17#Network:Iface MTU RX-OK RX-ERR RX-DRP RX-OVR TX-OK TX-ERR TX-DRP TX-OVR Flg eth0 1500 887940 1 23 0 1003426 9 9 0 BMRU #iostat:#iooperation:#mpstat:#vmstat:procs -----------memory---------- ---swap-- -----io---- -system-- ------cpu----- r b swpd free buff cache si so bi bo in cs us sy id wa st 0 0 817040 494408 13728 134968 161 202 603 242 342 420 6 4 66 24 0
#date:Tue Jul 16 14:05:30 CEST 2019#hostname:10.214.221.224 #SWAP:Swap: 2.0G 797M 1.2G#RAM:Mem: 912M 288M 476M 24K 147M 562M#Disk:Filesystem Size Used Avail Use% Mounted on /dev/mmcblk0p2 15G 8.5G 6.0G 59% /#Load:0.27,0.63,2.99#Network:Iface MTU RX-OK RX-ERR RX-DRP RX-OVR TX-OK TX-ERR TX-DRP TX-OVR Flg eth0 1500 897925 1 23 0 1013232 9 9 0 BMRU #iostat:#iooperation:#mpstat:#vmstat:procs -----------memory---------- ---swap-- -----io---- -system-- ------cpu----- r b swpd free buff cache si so bi bo in cs us sy id wa st 4 0 817040 488664 13816 137448 160 200 599 240 360 417 6 4 66 24 0
#date:Tue Jul 16 14:06:30 CEST 2019#hostname:10.214.221.224 #SWAP:Swap: 2.0G 797M 1.2G#RAM:Mem: 912M 288M 472M 24K 150M 561M#Disk:Filesystem Size Used Avail Use% Mounted on /dev/mmcblk0p2 15G 8.5G 6.0G 59% /#Load:0.63,0.67,2.84#Network:Iface MTU RX-OK RX-ERR RX-DRP RX-OVR TX-OK TX-ERR TX-DRP TX-OVR Flg eth0 1500 908762 1 23 0 1024117 9 9 0 BMRU #iostat:#iooperation:#mpstat:#vmstat:procs -----------memory---------- ---swap-- -----io---- -system-- ------cpu----- r b swpd free buff cache si so bi bo in cs us sy id wa st 1 0 816784 483344 13912 140284 159 199 594 239 377 415 6 4 66 24 0
#date:Tue Jul 16 14:07:31 CEST 2019#hostname:10.214.221.224 #SWAP:Swap: 2.0G 797M 1.2G#RAM:Mem: 912M 289M 469M 24K 152M 561M#Disk:Filesystem Size Used Avail Use% Mounted on /dev/mmcblk0p2 15G 8.5G 6.0G 59% /#Load:0.35,0.59,2.68#Network:Iface MTU RX-OK RX-ERR RX-DRP RX-OVR TX-OK TX-ERR TX-DRP TX-OVR Flg eth0 1500 918718 1 23 0 1033928 9 9 0 BMRU #iostat:#iooperation:#mpstat:#vmstat:procs -----------memory---------- ---swap-- -----io---- -system-- ------cpu----- r b swpd free buff cache si so bi bo in cs us sy id wa st 0 0 816784 479888 14008 142612 158 197 590 237 394 413 6 4 67 24 0
#date:Tue Jul 16 14:08:31 CEST 2019#hostname:10.214.221.224 #SWAP:Swap: 2.0G 797M 1.2G#RAM:Mem: 912M 296M 459M 24K 155M 553M#Disk:Filesystem Size Used Avail Use% Mounted on /dev/mmcblk0p2 15G 8.5G 6.0G 59% /#Load:0.61,0.61,2.55#Network:Iface MTU RX-OK RX-ERR RX-DRP RX-OVR TX-OK TX-ERR TX-DRP TX-OVR Flg eth0 1500 929888 1 23 0 1045731 9 9 0 BMRU #iostat:#iooperation:#mpstat:#vmstat:procs -----------memory---------- ---swap-- -----io---- -system-- ------cpu----- r b swpd free buff cache si so bi bo in cs us sy id wa st 1 0 816784 469860 14104 145148 157 196 586 236 411 410 6 4 67 23 0
#date:Tue Jul 16 14:09:31 CEST 2019#hostname:10.214.221.224 #SWAP:Swap: 2.0G 797M 1.2G#RAM:Mem: 912M 303M 450M 24K 158M 547M#Disk:Filesystem Size Used Avail Use% Mounted on /dev/mmcblk0p2 15G 8.5G 6.0G 59% /#Load:0.47,0.56,2.41#Network:Iface MTU RX-OK RX-ERR RX-DRP RX-OVR TX-OK TX-ERR TX-DRP TX-OVR Flg eth0 1500 939358 1 23 0 1055469 9 9 0 BMRU #iostat:#iooperation:#mpstat:#vmstat:procs -----------memory---------- ---swap-- -----io---- -system-- ------cpu----- r b swpd free buff cache si so bi bo in cs us sy id wa st 0 0 816784 461584 14208 147784 155 195 582 234 428 408 6 4 67 23 0
#date:Tue Jul 16 14:10:32 CEST 2019#hostname:10.214.221.224 #SWAP:Swap: 2.0G 797M 1.2G#RAM:Mem: 912M 303M 448M 24K 160M 547M#Disk:Filesystem Size Used Avail Use% Mounted on /dev/mmcblk0p2 15G 8.5G 5.9G 59% /#Load:0.41,0.52,2.27#Network:Iface MTU RX-OK RX-ERR RX-DRP RX-OVR TX-OK TX-ERR TX-DRP TX-OVR Flg eth0 1500 949812 1 23 0 1066089 9 9 0 BMRU #iostat:#iooperation:#mpstat:#vmstat:procs -----------memory---------- ---swap-- -----io---- -system-- ------cpu----- r b swpd free buff cache si so bi bo in cs us sy id wa st 1 0 816784 457904 14312 150532 154 193 578 233 445 406 6 4 67 23 0
#date:Tue Jul 16 14:11:32 CEST 2019#hostname:10.214.221.224 #SWAP:Swap: 2.0G 797M 1.2G#RAM:Mem: 912M 295M 453M 24K 163M 555M#Disk:Filesystem Size Used Avail Use% Mounted on /dev/mmcblk0p2 15G 8.5G 5.9G 59% /#Load:0.65,0.56,2.18#Network:Iface MTU RX-OK RX-ERR RX-DRP RX-OVR TX-OK TX-ERR TX-DRP TX-OVR Flg eth0 1500 958681 1 23 0 1074885 9 9 0 BMRU #iostat:#iooperation:#mpstat:#vmstat:procs -----------memory---------- ---swap-- -----io---- -system-- ------cpu----- r b swpd free buff cache si so bi bo in cs us sy id wa st 1 0 816784 464092 14408 153196 153 192 574 231 461 404 6 4 67 23 0
#date:Tue Jul 16 14:12:33 CEST 2019#hostname:10.214.221.224 #SWAP:Swap: 2.0G 797M 1.2G#RAM:Mem: 912M 295M 450M 24K 166M 555M#Disk:Filesystem Size Used Avail Use% Mounted on /dev/mmcblk0p2 15G 8.5G 5.9G 59% /#Load:0.61,0.55,2.07#Network:Iface MTU RX-OK RX-ERR RX-DRP RX-OVR TX-OK TX-ERR TX-DRP TX-OVR Flg eth0 1500 967872 1 23 0 1084073 9 9 0 BMRU #iostat:#iooperation:#mpstat:#vmstat:procs -----------memory---------- ---swap-- -----io---- -system-- ------cpu----- r b swpd free buff cache si so bi bo in cs us sy id wa st 1 0 816784 460396 14504 155972 152 191 570 230 477 401 6 4 67 23 0
#date:Tue Jul 16 14:13:33 CEST 2019#hostname:10.214.221.224 #SWAP:Swap: 2.0G 797M 1.2G#RAM:Mem: 912M 295M 447M 24K 169M 554M#Disk:Filesystem Size Used Avail Use% Mounted on /dev/mmcblk0p2 15G 8.5G 5.9G 59% /#Load:0.46,0.52,1.96#Network:Iface MTU RX-OK RX-ERR RX-DRP RX-OVR TX-OK TX-ERR TX-DRP TX-OVR Flg eth0 1500 976267 1 23 0 1092255 9 9 0 BMRU #iostat:#iooperation:#mpstat:#vmstat:procs -----------memory---------- ---swap-- -----io---- -system-- ------cpu----- r b swpd free buff cache si so bi bo in cs us sy id wa st 1 0 816528 455828 14600 158900 151 189 566 228 493 399 6 4 67 23 0
#date:Tue Jul 16 14:14:33 CEST 2019#hostname:10.214.221.224 #SWAP:Swap: 2.0G 797M 1.2G#RAM:Mem: 912M 288M 450M 24K 172M 561M#Disk:Filesystem Size Used Avail Use% Mounted on /dev/mmcblk0p2 15G 8.5G 5.9G 59% /#Load:0.35,0.48,1.85#Network:Iface MTU RX-OK RX-ERR RX-DRP RX-OVR TX-OK TX-ERR TX-DRP TX-OVR Flg eth0 1500 984426 1 23 0 1100365 9 9 0 BMRU #iostat:#iooperation:#mpstat:#vmstat:procs -----------memory---------- ---swap-- -----io---- -system-- ------cpu----- r b swpd free buff cache si so bi bo in cs us sy id wa st 1 0 816528 460880 14688 161916 150 188 562 227 509 397 6 4 68 23 0
#date:Tue Jul 16 14:15:34 CEST 2019#hostname:10.214.221.224 #SWAP:Swap: 2.0G 797M 1.2G#RAM:Mem: 912M 290M 445M 24K 175M 559M#Disk:Filesystem Size Used Avail Use% Mounted on /dev/mmcblk0p2 15G 8.5G 5.9G 59% /#Load:0.26,0.43,1.75#Network:Iface MTU RX-OK RX-ERR RX-DRP RX-OVR TX-OK TX-ERR TX-DRP TX-OVR Flg eth0 1500 991872 1 23 0 1107652 9 9 0 BMRU #iostat:#iooperation:#mpstat:#vmstat:procs -----------memory---------- ---swap-- -----io---- -system-- ------cpu----- r b swpd free buff cache si so bi bo in cs us sy id wa st 1 0 816528 454056 14796 165020 149 187 559 225 524 395 6 4 68 22 0
#date:Tue Jul 16 14:16:34 CEST 2019#hostname:10.214.221.224 #SWAP:Swap: 2.0G 797M 1.2G#RAM:Mem: 912M 289M 443M 24K 178M 561M#Disk:Filesystem Size Used Avail Use% Mounted on /dev/mmcblk0p2 15G 8.5G 5.9G 59% /#Load:0.31,0.43,1.66#Network:Iface MTU RX-OK RX-ERR RX-DRP RX-OVR TX-OK TX-ERR TX-DRP TX-OVR Flg eth0 1500 1000288 1 23 0 1116114 9 9 0 BMRU #iostat:#iooperation:#mpstat:#vmstat:procs -----------memory---------- ---swap-- -----io---- -system-- ------cpu----- r b swpd free buff cache si so bi bo in cs us sy id wa st 1 0 816528 453884 14892 168304 148 186 555 224 539 393 6 4 68 22 0
#date:Tue Jul 16 14:17:34 CEST 2019#hostname:10.214.221.224 #SWAP:Swap: 2.0G 797M 1.2G#RAM:Mem: 912M 294M 435M 24K 182M 556M#Disk:Filesystem Size Used Avail Use% Mounted on /dev/mmcblk0p2 15G 8.5G 5.9G 59% /#Load:0.72,0.51,1.61#Network:Iface MTU RX-OK RX-ERR RX-DRP RX-OVR TX-OK TX-ERR TX-DRP TX-OVR Flg eth0 1500 1007654 1 23 0 1123424 9 9 0 BMRU #iostat:#iooperation:#mpstat:#vmstat:procs -----------memory---------- ---swap-- -----io---- -system-- ------cpu----- r b swpd free buff cache si so bi bo in cs us sy id wa st 0 0 816528 444704 15008 172352 147 184 551 223 554 391 6 4 68 22 0
#date:Tue Jul 16 14:18:35 CEST 2019#hostname:10.214.221.224 #SWAP:Swap: 2.0G 796M 1.2G#RAM:Mem: 912M 296M 428M 24K 186M 553M#Disk:Filesystem Size Used Avail Use% Mounted on /dev/mmcblk0p2 15G 8.5G 5.9G 60% /#Load:0.70,0.54,1.55#Network:Iface MTU RX-OK RX-ERR RX-DRP RX-OVR TX-OK TX-ERR TX-DRP TX-OVR Flg eth0 1500 1017434 1 23 0 1133638 9 9 0 BMRU #iostat:#iooperation:#mpstat:#vmstat:procs -----------memory---------- ---swap-- -----io---- -system-- ------cpu----- r b swpd free buff cache si so bi bo in cs us sy id wa st 0 0 816016 437480 15104 176060 146 183 548 221 570 389 6 4 68 22 0
#date:Tue Jul 16 14:19:35 CEST 2019#hostname:10.214.221.224 #SWAP:Swap: 2.0G 796M 1.2G#RAM:Mem: 912M 297M 423M 24K 190M 552M#Disk:Filesystem Size Used Avail Use% Mounted on /dev/mmcblk0p2 15G 8.5G 5.9G 60% /#Load:0.86,0.61,1.51#Network:Iface MTU RX-OK RX-ERR RX-DRP RX-OVR TX-OK TX-ERR TX-DRP TX-OVR Flg eth0 1500 1024818 1 23 0 1140945 9 9 0 BMRU #iostat:#iooperation:#mpstat:#vmstat:procs -----------memory---------- ---swap-- -----io---- -system-- ------cpu----- r b swpd free buff cache si so bi bo in cs us sy id wa st 1 0 816016 433480 15200 179612 145 182 544 220 584 387 6 4 68 22 0
#date:Tue Jul 16 14:20:35 CEST 2019#hostname:10.214.221.224 #SWAP:Swap: 2.0G 796M 1.2G#RAM:Mem: 912M 292M 426M 24K 193M 558M#Disk:Filesystem Size Used Avail Use% Mounted on /dev/mmcblk0p2 15G 8.5G 5.9G 60% /#Load:0.63,0.58,1.44#Network:Iface MTU RX-OK RX-ERR RX-DRP RX-OVR TX-OK TX-ERR TX-DRP TX-OVR Flg eth0 1500 1033102 1 23 0 1149276 9 9 0 BMRU #iostat:#iooperation:#mpstat:#vmstat:procs -----------memory---------- ---swap-- -----io---- -system-- ------cpu----- r b swpd free buff cache si so bi bo in cs us sy id wa st 0 0 816016 435968 15296 182896 144 181 540 219 599 385 6 4 68 22 0
#date:Tue Jul 16 14:21:36 CEST 2019#hostname:10.214.221.224 #SWAP:Swap: 2.0G 796M 1.2G#RAM:Mem: 912M 294M 419M 24K 197M 555M#Disk:Filesystem Size Used Avail Use% Mounted on /dev/mmcblk0p2 15G 8.5G 5.9G 60% /#Load:0.66,0.58,1.38#Network:Iface MTU RX-OK RX-ERR RX-DRP RX-OVR TX-OK TX-ERR TX-DRP TX-OVR Flg eth0 1500 1040024 1 23 0 1156286 9 9 0 BMRU #iostat:#iooperation:#mpstat:#vmstat:procs -----------memory---------- ---swap-- -----io---- -system-- ------cpu----- r b swpd free buff cache si so bi bo in cs us sy id wa st 0 0 816016 429272 15392 186624 143 180 537 217 613 383 6 4 68 22 0
#date:Tue Jul 16 14:22:36 CEST 2019#hostname:10.214.221.224 #SWAP:Swap: 2.0G 796M 1.2G#RAM:Mem: 912M 291M 419M 24K 201M 558M#Disk:Filesystem Size Used Avail Use% Mounted on /dev/mmcblk0p2 15G 8.5G 5.9G 60% /#Load:0.60,0.57,1.32#Network:Iface MTU RX-OK RX-ERR RX-DRP RX-OVR TX-OK TX-ERR TX-DRP TX-OVR Flg eth0 1500 1046773 1 23 0 1163088 9 9 0 BMRU #iostat:#iooperation:#mpstat:#vmstat:procs -----------memory---------- ---swap-- -----io---- -system-- ------cpu----- r b swpd free buff cache si so bi bo in cs us sy id wa st 1 0 816016 428484 15488 190516 143 178 533 216 627 382 6 4 69 21 0
#date:Tue Jul 16 14:23:36 CEST 2019#hostname:10.214.221.224 #SWAP:Swap: 2.0G 796M 1.2G#RAM:Mem: 912M 293M 413M 24K 205M 556M#Disk:Filesystem Size Used Avail Use% Mounted on /dev/mmcblk0p2 15G 8.5G 5.9G 60% /#Load:0.63,0.58,1.27#Network:Iface MTU RX-OK RX-ERR RX-DRP RX-OVR TX-OK TX-ERR TX-DRP TX-OVR Flg eth0 1500 1054096 1 23 0 1170558 9 9 0 BMRU #iostat:#iooperation:#mpstat:#vmstat:procs -----------memory---------- ---swap-- -----io---- -system-- ------cpu----- r b swpd free buff cache si so bi bo in cs us sy id wa st 0 0 816016 422588 15584 194560 142 177 530 215 641 380 6 4 69 21 0
#date:Tue Jul 16 14:24:37 CEST 2019#hostname:10.214.221.224 #SWAP:Swap: 2.0G 796M 1.2G#RAM:Mem: 912M 134M 572M 24K 205M 716M#Disk:Filesystem Size Used Avail Use% Mounted on /dev/mmcblk0p2 15G 8.5G 5.9G 60% /#Load:0.27,0.49,1.19#Network:Iface MTU RX-OK RX-ERR RX-DRP RX-OVR TX-OK TX-ERR TX-DRP TX-OVR Flg eth0 1500 1058307 1 23 0 1176152 9 9 0 BMRU #iostat:#iooperation:#mpstat:#vmstat:procs -----------memory---------- ---swap-- -----io---- -system-- ------cpu----- r b swpd free buff cache si so bi bo in cs us sy id wa st 0 0 816016 585872 15640 194436 141 176 527 213 654 378 6 4 69 21 0
#date:Tue Jul 16 14:25:37 CEST 2019#hostname:10.214.221.224 #SWAP:Swap: 2.0G 796M 1.2G#RAM:Mem: 912M 226M 480M 24K 205M 624M#Disk:Filesystem Size Used Avail Use% Mounted on /dev/mmcblk0p2 15G 8.5G 5.9G 60% /#Load:0.19,0.43,1.13#Network:Iface MTU RX-OK RX-ERR RX-DRP RX-OVR TX-OK TX-ERR TX-DRP TX-OVR Flg eth0 1500 1060868 1 23 0 1178575 9 9 0 BMRU #iostat:#iooperation:#mpstat:#vmstat:procs -----------memory---------- ---swap-- -----io---- -system-- ------cpu----- r b swpd free buff cache si so bi bo in cs us sy id wa st 1 0 816016 490916 15744 194536 140 175 523 212 667 376 6 4 69 21 0
#date:Tue Jul 16 14:26:37 CEST 2019#hostname:10.214.221.224 #SWAP:Swap: 2.0G 796M 1.2G#RAM:Mem: 912M 245M 460M 24K 206M 605M#Disk:Filesystem Size Used Avail Use% Mounted on /dev/mmcblk0p2 15G 8.5G 5.9G 60% /#Load:0.24,0.39,1.07#Network:Iface MTU RX-OK RX-ERR RX-DRP RX-OVR TX-OK TX-ERR TX-DRP TX-OVR Flg eth0 1500 1068257 1 23 0 1187086 9 9 0 BMRU #iostat:#iooperation:#mpstat:#vmstat:procs -----------memory---------- ---swap-- -----io---- -system-- ------cpu----- r b swpd free buff cache si so bi bo in cs us sy id wa st 1 0 816016 470092 15840 195932 139 174 520 211 680 374 6 4 69 21 0
#date:Tue Jul 16 14:27:38 CEST 2019#hostname:10.214.221.224 #SWAP:Swap: 2.0G 796M 1.2G#RAM:Mem: 912M 257M 445M 24K 208M 592M#Disk:Filesystem Size Used Avail Use% Mounted on /dev/mmcblk0p2 15G 8.5G 5.9G 60% /#Load:0.47,0.43,1.04#Network:Iface MTU RX-OK RX-ERR RX-DRP RX-OVR TX-OK TX-ERR TX-DRP TX-OVR Flg eth0 1500 1076718 1 23 0 1195848 9 9 0 BMRU #iostat:#iooperation:#mpstat:#vmstat:procs -----------memory---------- ---swap-- -----io---- -system-- ------cpu----- r b swpd free buff cache si so bi bo in cs us sy id wa st 1 0 816016 455908 15936 197352 138 173 517 210 693 372 6 4 69 21 0
#date:Tue Jul 16 14:28:38 CEST 2019#hostname:10.214.221.224 #SWAP:Swap: 2.0G 796M 1.2G#RAM:Mem: 912M 263M 438M 24K 209M 586M#Disk:Filesystem Size Used Avail Use% Mounted on /dev/mmcblk0p2 15G 8.5G 5.9G 60% /#Load:0.42,0.44,1.00#Network:Iface MTU RX-OK RX-ERR RX-DRP RX-OVR TX-OK TX-ERR TX-DRP TX-OVR Flg eth0 1500 1087022 1 23 0 1205629 9 9 0 BMRU #iostat:#iooperation:#mpstat:#vmstat:procs -----------memory---------- ---swap-- -----io---- -system-- ------cpu----- r b swpd free buff cache si so bi bo in cs us sy id wa st 0 0 816016 449028 16032 198140 137 172 514 208 706 370 6 4 69 21 0
#date:Tue Jul 16 14:29:38 CEST 2019#hostname:10.214.221.224 #SWAP:Swap: 2.0G 796M 1.2G#RAM:Mem: 912M 267M 434M 24K 210M 582M#Disk:Filesystem Size Used Avail Use% Mounted on /dev/mmcblk0p2 15G 8.5G 5.9G 60% /#Load:0.44,0.43,0.97#Network:Iface MTU RX-OK RX-ERR RX-DRP RX-OVR TX-OK TX-ERR TX-DRP TX-OVR Flg eth0 1500 1097116 1 23 0 1215408 9 9 0 BMRU #iostat:#iooperation:#mpstat:#vmstat:procs -----------memory---------- ---swap-- -----io---- -system-- ------cpu----- r b swpd free buff cache si so bi bo in cs us sy id wa st 0 0 816016 444632 16128 199212 136 171 511 207 719 368 6 4 70 20 0
#date:Tue Jul 16 14:30:39 CEST 2019#hostname:10.214.221.224 #SWAP:Swap: 2.0G 796M 1.2G#RAM:Mem: 912M 270M 429M 24K 211M 579M#Disk:Filesystem Size Used Avail Use% Mounted on /dev/mmcblk0p2 15G 8.5G 5.9G 60% /#Load:0.34,0.41,0.92#Network:Iface MTU RX-OK RX-ERR RX-DRP RX-OVR TX-OK TX-ERR TX-DRP TX-OVR Flg eth0 1500 1107772 1 23 0 1225996 9 9 0 BMRU #iostat:#iooperation:#mpstat:#vmstat:procs -----------memory---------- ---swap-- -----io---- -system-- ------cpu----- r b swpd free buff cache si so bi bo in cs us sy id wa st 0 0 816016 438500 16240 200640 136 170 508 206 731 367 6 4 70 20 0
#date:Tue Jul 16 14:31:39 CEST 2019#hostname:10.214.221.224 #SWAP:Swap: 2.0G 796M 1.2G#RAM:Mem: 912M 276M 422M 24K 213M 573M#Disk:Filesystem Size Used Avail Use% Mounted on /dev/mmcblk0p2 15G 8.5G 5.9G 60% /#Load:0.31,0.38,0.88#Network:Iface MTU RX-OK RX-ERR RX-DRP RX-OVR TX-OK TX-ERR TX-DRP TX-OVR Flg eth0 1500 1117186 1 23 0 1234678 9 9 0 BMRU #iostat:#iooperation:#mpstat:#vmstat:procs -----------memory---------- ---swap-- -----io---- -system-- ------cpu----- r b swpd free buff cache si so bi bo in cs us sy id wa st 0 0 816016 431720 16336 201920 135 169 504 205 744 365 6 4 70 20 0
#date:Tue Jul 16 14:32:39 CEST 2019#hostname:10.214.221.224 #SWAP:Swap: 2.0G 796M 1.2G#RAM:Mem: 912M 277M 420M 24K 214M 572M#Disk:Filesystem Size Used Avail Use% Mounted on /dev/mmcblk0p2 15G 8.5G 5.9G 60% /#Load:0.15,0.33,0.83#Network:Iface MTU RX-OK RX-ERR RX-DRP RX-OVR TX-OK TX-ERR TX-DRP TX-OVR Flg eth0 1500 1126768 1 23 0 1243857 9 9 0 BMRU #iostat:#iooperation:#mpstat:#vmstat:procs -----------memory---------- ---swap-- -----io---- -system-- ------cpu----- r b swpd free buff cache si so bi bo in cs us sy id wa st 2 0 816016 429888 16424 203156 134 168 501 203 756 363 6 4 70 20 0
#date:Tue Jul 16 14:33:40 CEST 2019#hostname:10.214.221.224 #SWAP:Swap: 2.0G 796M 1.2G#RAM:Mem: 912M 279M 416M 24K 215M 570M#Disk:Filesystem Size Used Avail Use% Mounted on /dev/mmcblk0p2 15G 8.5G 5.9G 60% /#Load:0.30,0.34,0.80#Network:Iface MTU RX-OK RX-ERR RX-DRP RX-OVR TX-OK TX-ERR TX-DRP TX-OVR Flg eth0 1500 1135699 1 23 0 1252611 9 9 0 BMRU #iostat:#iooperation:#mpstat:#vmstat:procs -----------memory---------- ---swap-- -----io---- -system-- ------cpu----- r b swpd free buff cache si so bi bo in cs us sy id wa st 0 0 816016 425244 16520 204336 133 167 498 202 768 362 6 4 70 20 0
#date:Tue Jul 16 14:34:40 CEST 2019#hostname:10.214.221.224 #SWAP:Swap: 2.0G 796M 1.2G#RAM:Mem: 912M 284M 409M 24K 217M 565M#Disk:Filesystem Size Used Avail Use% Mounted on /dev/mmcblk0p2 15G 8.5G 5.9G 60% /#Load:0.50,0.39,0.79#Network:Iface MTU RX-OK RX-ERR RX-DRP RX-OVR TX-OK TX-ERR TX-DRP TX-OVR Flg eth0 1500 1145694 1 23 0 1262665 9 9 0 BMRU #iostat:#iooperation:#mpstat:#vmstat:procs -----------memory---------- ---swap-- -----io---- -system-- ------cpu----- r b swpd free buff cache si so bi bo in cs us sy id wa st 0 0 816016 418772 16616 206276 132 166 495 201 780 360 6 4 70 20 0
#date:Tue Jul 16 14:35:40 CEST 2019#hostname:10.214.221.224 #SWAP:Swap: 2.0G 796M 1.2G#RAM:Mem: 912M 295M 396M 24K 219M 554M#Disk:Filesystem Size Used Avail Use% Mounted on /dev/mmcblk0p2 15G 8.5G 5.9G 60% /#Load:0.54,0.41,0.77#Network:Iface MTU RX-OK RX-ERR RX-DRP RX-OVR TX-OK TX-ERR TX-DRP TX-OVR Flg eth0 1500 1157700 1 23 0 1274955 9 9 0 BMRU #iostat:#iooperation:#mpstat:#vmstat:procs -----------memory---------- ---swap-- -----io---- -system-- ------cpu----- r b swpd free buff cache si so bi bo in cs us sy id wa st 0 0 816016 405136 16732 208364 132 165 493 200 792 358 6 3 70 20 0
#date:Tue Jul 16 14:36:41 CEST 2019#hostname:10.214.221.224 #SWAP:Swap: 2.0G 796M 1.2G#RAM:Mem: 912M 297M 393M 24K 221M 552M#Disk:Filesystem Size Used Avail Use% Mounted on /dev/mmcblk0p2 15G 8.5G 5.9G 60% /#Load:0.34,0.36,0.73#Network:Iface MTU RX-OK RX-ERR RX-DRP RX-OVR TX-OK TX-ERR TX-DRP TX-OVR Flg eth0 1500 1167559 1 23 0 1284666 9 9 0 BMRU #iostat:#iooperation:#mpstat:#vmstat:procs -----------memory---------- ---swap-- -----io---- -system-- ------cpu----- r b swpd free buff cache si so bi bo in cs us sy id wa st 0 0 816016 402152 16832 210056 131 164 490 199 804 357 6 3 70 20 0
#date:Tue Jul 16 14:37:41 CEST 2019#hostname:10.214.221.224 #SWAP:Swap: 2.0G 796M 1.2G#RAM:Mem: 912M 291M 397M 24K 223M 558M#Disk:Filesystem Size Used Avail Use% Mounted on /dev/mmcblk0p2 15G 8.5G 5.9G 60% /#Load:0.25,0.33,0.70#Network:Iface MTU RX-OK RX-ERR RX-DRP RX-OVR TX-OK TX-ERR TX-DRP TX-OVR Flg eth0 1500 1177533 1 23 0 1294389 9 9 0 BMRU #iostat:#iooperation:#mpstat:#vmstat:procs -----------memory---------- ---swap-- -----io---- -system-- ------cpu----- r b swpd free buff cache si so bi bo in cs us sy id wa st 0 0 816016 407204 16920 211536 130 163 487 198 815 355 6 3 71 20 0
#date:Tue Jul 16 14:38:41 CEST 2019#hostname:10.214.221.224 #SWAP:Swap: 2.0G 796M 1.2G#RAM:Mem: 912M 272M 414M 24K 225M 577M#Disk:Filesystem Size Used Avail Use% Mounted on /dev/mmcblk0p2 15G 8.5G 5.9G 60% /#Load:0.53,0.39,0.69#Network:Iface MTU RX-OK RX-ERR RX-DRP RX-OVR TX-OK TX-ERR TX-DRP TX-OVR Flg eth0 1500 1186480 1 23 0 1303191 9 9 0 BMRU #iostat:#iooperation:#mpstat:#vmstat:procs -----------memory---------- ---swap-- -----io---- -system-- ------cpu----- r b swpd free buff cache si so bi bo in cs us sy id wa st 0 0 816016 424076 17016 213604 129 162 484 197 827 354 6 3 71 19 0
#date:Tue Jul 16 14:39:42 CEST 2019#hostname:10.214.221.224 #SWAP:Swap: 2.0G 796M 1.2G#RAM:Mem: 912M 274M 409M 24K 227M 574M#Disk:Filesystem Size Used Avail Use% Mounted on /dev/mmcblk0p2 15G 8.5G 5.9G 60% /#Load:0.38,0.38,0.67#Network:Iface MTU RX-OK RX-ERR RX-DRP RX-OVR TX-OK TX-ERR TX-DRP TX-OVR Flg eth0 1500 1194933 1 23 0 1311501 9 9 0 BMRU #iostat:#iooperation:#mpstat:#vmstat:procs -----------memory---------- ---swap-- -----io---- -system-- ------cpu----- r b swpd free buff cache si so bi bo in cs us sy id wa st 0 0 816016 418648 17112 215728 129 161 481 196 838 352 6 3 71 19 0
#date:Tue Jul 16 14:40:42 CEST 2019#hostname:10.214.221.224 #SWAP:Swap: 2.0G 796M 1.2G#RAM:Mem: 912M 278M 404M 24K 229M 571M#Disk:Filesystem Size Used Avail Use% Mounted on /dev/mmcblk0p2 15G 8.5G 5.9G 60% /#Load:0.32,0.36,0.64#Network:Iface MTU RX-OK RX-ERR RX-DRP RX-OVR TX-OK TX-ERR TX-DRP TX-OVR Flg eth0 1500 1203384 1 23 0 1319683 9 9 0 BMRU #iostat:#iooperation:#mpstat:#vmstat:procs -----------memory---------- ---swap-- -----io---- -system-- ------cpu----- r b swpd free buff cache si so bi bo in cs us sy id wa st 0 0 816016 413092 17216 217884 128 160 478 195 849 351 6 3 71 19 0
#date:Tue Jul 16 14:41:42 CEST 2019#hostname:10.214.221.224 #SWAP:Swap: 2.0G 796M 1.2G#RAM:Mem: 912M 285M 393M 24K 232M 563M#Disk:Filesystem Size Used Avail Use% Mounted on /dev/mmcblk0p2 15G 8.6G 5.9G 60% /#Load:0.36,0.37,0.63#Network:Iface MTU RX-OK RX-ERR RX-DRP RX-OVR TX-OK TX-ERR TX-DRP TX-OVR Flg eth0 1500 1213836 1 23 0 1330605 9 9 0 BMRU #iostat:#iooperation:#mpstat:#vmstat:procs -----------memory---------- ---swap-- -----io---- -system-- ------cpu----- r b swpd free buff cache si so bi bo in cs us sy id wa st 1 0 815760 402996 17312 220772 127 159 476 194 860 349 6 3 71 19 0
#date:Tue Jul 16 14:42:43 CEST 2019#hostname:10.214.221.224 #SWAP:Swap: 2.0G 796M 1.2G#RAM:Mem: 912M 298M 378M 24K 235M 551M#Disk:Filesystem Size Used Avail Use% Mounted on /dev/mmcblk0p2 15G 8.6G 5.9G 60% /#Load:0.34,0.37,0.62#Network:Iface MTU RX-OK RX-ERR RX-DRP RX-OVR TX-OK TX-ERR TX-DRP TX-OVR Flg eth0 1500 1223828 1 23 0 1340627 9 9 0 BMRU #iostat:#iooperation:#mpstat:#vmstat:procs -----------memory---------- ---swap-- -----io---- -system-- ------cpu----- r b swpd free buff cache si so bi bo in cs us sy id wa st 0 0 815760 386588 17408 223476 126 158 473 193 871 348 7 3 71 19 0
#date:Tue Jul 16 14:43:43 CEST 2019#hostname:10.214.221.224 #SWAP:Swap: 2.0G 796M 1.2G#RAM:Mem: 912M 299M 374M 24K 237M 549M#Disk:Filesystem Size Used Avail Use% Mounted on /dev/mmcblk0p2 15G 8.6G 5.9G 60% /#Load:0.31,0.36,0.60#Network:Iface MTU RX-OK RX-ERR RX-DRP RX-OVR TX-OK TX-ERR TX-DRP TX-OVR Flg eth0 1500 1233865 1 23 0 1350866 9 9 0 BMRU #iostat:#iooperation:#mpstat:#vmstat:procs -----------memory---------- ---swap-- -----io---- -system-- ------cpu----- r b swpd free buff cache si so bi bo in cs us sy id wa st 1 0 815760 383308 17504 225780 126 157 470 192 882 346 7 3 71 19 0
#date:Tue Jul 16 14:44:43 CEST 2019#hostname:10.214.221.224 #SWAP:Swap: 2.0G 796M 1.2G#RAM:Mem: 912M 306M 365M 24K 240M 543M#Disk:Filesystem Size Used Avail Use% Mounted on /dev/mmcblk0p2 15G 8.6G 5.9G 60% /#Load:0.66,0.44,0.61#Network:Iface MTU RX-OK RX-ERR RX-DRP RX-OVR TX-OK TX-ERR TX-DRP TX-OVR Flg eth0 1500 1245778 1 23 0 1363758 9 9 0 BMRU #iostat:#iooperation:#mpstat:#vmstat:procs -----------memory---------- ---swap-- -----io---- -system-- ------cpu----- r b swpd free buff cache si so bi bo in cs us sy id wa st 1 0 815760 372540 17600 228700 125 156 468 191 893 345 7 3 71 19 0
#date:Tue Jul 16 14:45:44 CEST 2019#hostname:10.214.221.224 #SWAP:Swap: 2.0G 796M 1.2G#RAM:Mem: 912M 321M 345M 24K 244M 527M#Disk:Filesystem Size Used Avail Use% Mounted on /dev/mmcblk0p2 15G 8.6G 5.9G 60% /#Load:0.72,0.48,0.61#Network:Iface MTU RX-OK RX-ERR RX-DRP RX-OVR TX-OK TX-ERR TX-DRP TX-OVR Flg eth0 1500 1259775 1 23 0 1379362 9 9 0 BMRU #iostat:#iooperation:#mpstat:#vmstat:procs -----------memory---------- ---swap-- -----io---- -system-- ------cpu----- r b swpd free buff cache si so bi bo in cs us sy id wa st 1 0 815760 353420 17704 232408 124 156 465 190 905 343 7 3 71 19 0
#date:Tue Jul 16 14:46:44 CEST 2019#hostname:10.214.221.224 #SWAP:Swap: 2.0G 796M 1.2G#RAM:Mem: 912M 345M 319M 24K 247M 503M#Disk:Filesystem Size Used Avail Use% Mounted on /dev/mmcblk0p2 15G 8.6G 5.9G 60% /#Load:0.53,0.46,0.60#Network:Iface MTU RX-OK RX-ERR RX-DRP RX-OVR TX-OK TX-ERR TX-DRP TX-OVR Flg eth0 1500 1275259 1 23 0 1396118 9 9 0 BMRU #iostat:#iooperation:#mpstat:#vmstat:procs -----------memory---------- ---swap-- -----io---- -system-- ------cpu----- r b swpd free buff cache si so bi bo in cs us sy id wa st 0 0 815760 326448 17800 235620 124 155 462 189 916 342 7 3 71 19 0
#date:Tue Jul 16 14:47:44 CEST 2019#hostname:10.214.221.224 #SWAP:Swap: 2.0G 796M 1.2G#RAM:Mem: 912M 322M 340M 24K 249M 527M#Disk:Filesystem Size Used Avail Use% Mounted on /dev/mmcblk0p2 15G 8.6G 5.9G 60% /#Load:0.57,0.47,0.59#Network:Iface MTU RX-OK RX-ERR RX-DRP RX-OVR TX-OK TX-ERR TX-DRP TX-OVR Flg eth0 1500 1287228 1 23 0 1407299 9 9 0 BMRU #iostat:#iooperation:#mpstat:#vmstat:procs -----------memory---------- ---swap-- -----io---- -system-- ------cpu----- r b swpd free buff cache si so bi bo in cs us sy id wa st 5 0 815760 344876 17896 237420 123 154 460 188 926 340 7 3 72 18 0
#date:Tue Jul 16 14:48:45 CEST 2019#hostname:10.214.221.224 #SWAP:Swap: 2.0G 796M 1.2G#RAM:Mem: 912M 287M 373M 24K 251M 562M#Disk:Filesystem Size Used Avail Use% Mounted on /dev/mmcblk0p2 15G 8.6G 5.9G 60% /#Load:0.49,0.46,0.58#Network:Iface MTU RX-OK RX-ERR RX-DRP RX-OVR TX-OK TX-ERR TX-DRP TX-OVR Flg eth0 1500 1297065 1 23 0 1416372 9 9 0 BMRU #iostat:#iooperation:#mpstat:#vmstat:procs -----------memory---------- ---swap-- -----io---- -system-- ------cpu----- r b swpd free buff cache si so bi bo in cs us sy id wa st 1 0 815760 381296 17992 239828 122 153 457 187 937 339 7 3 72 18 0
#date:Tue Jul 16 14:49:45 CEST 2019#hostname:10.214.221.224 #SWAP:Swap: 2.0G 796M 1.2G#RAM:Mem: 912M 291M 365M 24K 254M 557M#Disk:Filesystem Size Used Avail Use% Mounted on /dev/mmcblk0p2 15G 8.6G 5.9G 60% /#Load:0.64,0.51,0.59#Network:Iface MTU RX-OK RX-ERR RX-DRP RX-OVR TX-OK TX-ERR TX-DRP TX-OVR Flg eth0 1500 1305269 1 23 0 1424894 9 9 0 BMRU #iostat:#iooperation:#mpstat:#vmstat:procs -----------memory---------- ---swap-- -----io---- -system-- ------cpu----- r b swpd free buff cache si so bi bo in cs us sy id wa st 1 0 815760 373756 18216 242888 122 152 455 186 947 338 7 3 72 18 0
#date:Tue Jul 16 14:50:46 CEST 2019#hostname:10.214.221.224 #SWAP:Swap: 2.0G 796M 1.2G#RAM:Mem: 912M 295M 358M 24K 258M 554M#Disk:Filesystem Size Used Avail Use% Mounted on /dev/mmcblk0p2 15G 8.6G 5.9G 60% /#Load:0.51,0.50,0.58#Network:Iface MTU RX-OK RX-ERR RX-DRP RX-OVR TX-OK TX-ERR TX-DRP TX-OVR Flg eth0 1500 1313597 1 23 0 1433573 9 9 0 BMRU #iostat:#iooperation:#mpstat:#vmstat:procs -----------memory---------- ---swap-- -----io---- -system-- ------cpu----- r b swpd free buff cache si so bi bo in cs us sy id wa st 1 0 815760 366664 18328 245996 121 151 452 185 957 336 7 3 72 18 0
#date:Tue Jul 16 14:51:46 CEST 2019#hostname:10.214.221.224 #SWAP:Swap: 2.0G 796M 1.2G#RAM:Mem: 912M 291M 358M 24K 261M 557M#Disk:Filesystem Size Used Avail Use% Mounted on /dev/mmcblk0p2 15G 8.6G 5.9G 60% /#Load:0.37,0.47,0.56#Network:Iface MTU RX-OK RX-ERR RX-DRP RX-OVR TX-OK TX-ERR TX-DRP TX-OVR Flg eth0 1500 1321638 1 23 0 1441757 9 9 0 BMRU #iostat:#iooperation:#mpstat:#vmstat:procs -----------memory---------- ---swap-- -----io---- -system-- ------cpu----- r b swpd free buff cache si so bi bo in cs us sy id wa st 1 0 815760 365916 18424 249112 120 151 450 184 967 335 7 3 72 18 0
#date:Tue Jul 16 14:52:46 CEST 2019#hostname:10.214.221.224 #SWAP:Swap: 2.0G 796M 1.2G#RAM:Mem: 912M 295M 351M 24K 264M 553M#Disk:Filesystem Size Used Avail Use% Mounted on /dev/mmcblk0p2 15G 8.6G 5.9G 60% /#Load:0.53,0.51,0.57#Network:Iface MTU RX-OK RX-ERR RX-DRP RX-OVR TX-OK TX-ERR TX-DRP TX-OVR Flg eth0 1500 1330192 1 23 0 1450608 9 9 0 BMRU #iostat:#iooperation:#mpstat:#vmstat:procs -----------memory---------- ---swap-- -----io---- -system-- ------cpu----- r b swpd free buff cache si so bi bo in cs us sy id wa st 1 0 815760 359896 18520 252476 120 150 448 183 4 334 7 3 72 18 0
#date:Tue Jul 16 14:53:47 CEST 2019#hostname:10.214.221.224 #SWAP:Swap: 2.0G 796M 1.2G#RAM:Mem: 912M 294M 349M 24K 268M 555M#Disk:Filesystem Size Used Avail Use% Mounted on /dev/mmcblk0p2 15G 8.6G 5.9G 60% /#Load:0.43,0.49,0.56#Network:Iface MTU RX-OK RX-ERR RX-DRP RX-OVR TX-OK TX-ERR TX-DRP TX-OVR Flg eth0 1500 1338949 1 23 0 1459895 9 9 0 BMRU #iostat:#iooperation:#mpstat:#vmstat:procs -----------memory---------- ---swap-- -----io---- -system-- ------cpu----- r b swpd free buff cache si so bi bo in cs us sy id wa st 1 0 815760 357392 18616 256064 119 149 445 182 20 332 7 3 72 18 0
#date:Tue Jul 16 14:54:47 CEST 2019#hostname:10.214.221.224 #SWAP:Swap: 2.0G 796M 1.2G#RAM:Mem: 912M 303M 335M 24K 272M 545M#Disk:Filesystem Size Used Avail Use% Mounted on /dev/mmcblk0p2 15G 8.6G 5.8G 60% /#Load:0.65,0.54,0.57#Network:Iface MTU RX-OK RX-ERR RX-DRP RX-OVR TX-OK TX-ERR TX-DRP TX-OVR Flg eth0 1500 1349662 1 23 0 1471579 9 9 0 BMRU #iostat:#iooperation:#mpstat:#vmstat:procs -----------memory---------- ---swap-- -----io---- -system-- ------cpu----- r b swpd free buff cache si so bi bo in cs us sy id wa st 1 0 815760 342840 18712 260988 118 148 443 181 35 331 7 3 72 18 0
#date:Tue Jul 16 14:55:47 CEST 2019#hostname:10.214.221.224 #SWAP:Swap: 2.0G 786M 1.2G#RAM:Mem: 912M 325M 299M 32K 287M 523M#Disk:Filesystem Size Used Avail Use% Mounted on /dev/mmcblk0p2 15G 8.6G 5.8G 60% /#Load:0.73,0.58,0.58#Network:Iface MTU RX-OK RX-ERR RX-DRP RX-OVR TX-OK TX-ERR TX-DRP TX-OVR Flg eth0 1500 1360459 1 23 0 1483032 9 9 0 BMRU #iostat:#iooperation:#mpstat:#vmstat:procs -----------memory---------- ---swap-- -----io---- -system-- ------cpu----- r b swpd free buff cache si so bi bo in cs us sy id wa st 1 0 805776 305924 19088 275552 118 147 441 180 50 330 7 3 72 18 0
#date:Tue Jul 16 14:56:48 CEST 2019#hostname:10.214.221.224 #SWAP:Swap: 2.0G 786M 1.2G#RAM:Mem: 912M 312M 308M 32K 291M 536M#Disk:Filesystem Size Used Avail Use% Mounted on /dev/mmcblk0p2 15G 8.6G 5.8G 60% /#Load:0.67,0.58,0.58#Network:Iface MTU RX-OK RX-ERR RX-DRP RX-OVR TX-OK TX-ERR TX-DRP TX-OVR Flg eth0 1500 1370717 1 23 0 1493759 9 9 0 BMRU #iostat:#iooperation:#mpstat:#vmstat:procs -----------memory---------- ---swap-- -----io---- -system-- ------cpu----- r b swpd free buff cache si so bi bo in cs us sy id wa st 1 0 805776 315212 19196 279176 117 147 439 180 65 329 7 3 72 18 0
#date:Tue Jul 16 14:57:48 CEST 2019#hostname:10.214.221.224 #SWAP:Swap: 2.0G 785M 1.2G#RAM:Mem: 912M 310M 294M 44K 306M 538M#Disk:Filesystem Size Used Avail Use% Mounted on /dev/mmcblk0p2 15G 8.6G 5.8G 60% /#Load:0.71,0.59,0.58#Network:Iface MTU RX-OK RX-ERR RX-DRP RX-OVR TX-OK TX-ERR TX-DRP TX-OVR Flg eth0 1500 1379545 1 23 0 1502529 9 9 0 BMRU #iostat:#iooperation:#mpstat:#vmstat:procs -----------memory---------- ---swap-- -----io---- -system-- ------cpu----- r b swpd free buff cache si so bi bo in cs us sy id wa st 1 0 804752 305036 21904 292104 117 146 437 179 79 328 7 3 72 17 0
#date:Tue Jul 16 14:58:48 CEST 2019#hostname:10.214.221.224 #SWAP:Swap: 2.0G 785M 1.2G#RAM:Mem: 912M 309M 291M 44K 310M 539M#Disk:Filesystem Size Used Avail Use% Mounted on /dev/mmcblk0p2 15G 8.6G 5.8G 60% /#Load:0.59,0.58,0.58#Network:Iface MTU RX-OK RX-ERR RX-DRP RX-OVR TX-OK TX-ERR TX-DRP TX-OVR Flg eth0 1500 1389383 1 23 0 1513064 9 9 0 BMRU #iostat:#iooperation:#mpstat:#vmstat:procs -----------memory---------- ---swap-- -----io---- -system-- ------cpu----- r b swpd free buff cache si so bi bo in cs us sy id wa st 0 0 804752 297344 22004 295864 116 145 434 178 94 327 7 3 72 17 0
#date:Tue Jul 16 14:59:49 CEST 2019#hostname:10.214.221.224 #SWAP:Swap: 2.0G 785M 1.2G#RAM:Mem: 912M 317M 280M 44K 314M 531M#Disk:Filesystem Size Used Avail Use% Mounted on /dev/mmcblk0p2 15G 8.6G 5.8G 60% /#Load:0.57,0.58,0.58#Network:Iface MTU RX-OK RX-ERR RX-DRP RX-OVR TX-OK TX-ERR TX-DRP TX-OVR Flg eth0 1500 1396884 1 23 0 1520495 9 9 0 BMRU #iostat:#iooperation:#mpstat:#vmstat:procs -----------memory---------- ---swap-- -----io---- -system-- ------cpu----- r b swpd free buff cache si so bi bo in cs us sy id wa st 0 0 804496 285980 22104 300236 116 144 432 177 108 325 7 3 72 17 0
