#date:Tue Jul 16 12:29:32 CEST 2019#hostname:10.214.221.229 172.17.0.1 172.19.0.1 #SWAP:Swap: 8.0G 41M 8.0G#RAM:Mem: 3.9G 1.1G 222M 23M 2.5G 2.4G#Disk:Filesystem Size Used Avail Use% Mounted on /dev/mapper/sopvpyves--vg-root 39G 13G 24G 36% /#Load:loadaverage:2.26,#Network:Iface MTU Met RX-OK RX-ERR RX-DRP RX-OVR TX-OK TX-ERR TX-DRP TX-OVR Flg ens160 1500 0 326131442 0 0 0 296180452 0 0 0 BMRU #iostat:avg-cpu: %user %nice %system %iowait %steal %idle 76.90 0.00 0.57 0.02 0.00 22.51#iooperation:Device: tps kB_read/s kB_wrtn/s kB_read kB_wrtn sda 0.89 7.88 11.02 10514012 14701657 dm-0 1.56 7.84 10.95 10456378 14603800 dm-1 0.01 0.01 0.03 7986 43616#mpstat:12:29:32 PM CPU %usr %nice %sys %iowait %irq %soft %steal %guest %gnice %idle 12:29:32 PM all 76.90 0.00 0.28 0.02 0.00 0.29 0.00 0.00 0.00 22.51 12:29:32 PM 0 77.16 0.00 0.28 0.02 0.00 0.00 0.00 0.00 0.00 22.54 12:29:32 PM 1 76.63 0.00 0.28 0.02 0.00 0.58 0.00 0.00 0.00 22.48#vmstat:procs -----------memory---------- ---swap-- -----io---- -system-- ------cpu----- r b swpd free buff cache si so bi bo in cs us sy id wa st 2 0 42456 228088 337112 2305664 0 0 4 6 10 11 77 1 23 0 0
#date:Tue Jul 16 12:30:32 CEST 2019#hostname:10.214.221.229 172.17.0.1 172.19.0.1 #SWAP:Swap: 8.0G 41M 8.0G#RAM:Mem: 3.9G 1.1G 231M 23M 2.5G 2.4G#Disk:Filesystem Size Used Avail Use% Mounted on /dev/mapper/sopvpyves--vg-root 39G 13G 24G 36% /#Load:loadaverage:2.09,#Network:Iface MTU Met RX-OK RX-ERR RX-DRP RX-OVR TX-OK TX-ERR TX-DRP TX-OVR Flg ens160 1500 0 326132477 0 0 0 296180664 0 0 0 BMRU #iostat:avg-cpu: %user %nice %system %iowait %steal %idle 76.90 0.00 0.57 0.02 0.00 22.51#iooperation:Device: tps kB_read/s kB_wrtn/s kB_read kB_wrtn sda 0.89 7.88 11.02 10514012 14702121 dm-0 1.56 7.84 10.95 10456378 14604264 dm-1 0.01 0.01 0.03 7986 43616#mpstat:12:30:33 PM CPU %usr %nice %sys %iowait %irq %soft %steal %guest %gnice %idle 12:30:33 PM all 76.90 0.00 0.28 0.02 0.00 0.29 0.00 0.00 0.00 22.51 12:30:33 PM 0 77.17 0.00 0.28 0.02 0.00 0.00 0.00 0.00 0.00 22.54 12:30:33 PM 1 76.63 0.00 0.28 0.02 0.00 0.58 0.00 0.00 0.00 22.48#vmstat:procs -----------memory---------- ---swap-- -----io---- -system-- ------cpu----- r b swpd free buff cache si so bi bo in cs us sy id wa st 2 0 42456 236392 337136 2305684 0 0 4 6 10 11 77 1 23 0 0
#date:Tue Jul 16 12:31:33 CEST 2019#hostname:10.214.221.229 172.17.0.1 172.19.0.1 #SWAP:Swap: 8.0G 41M 8.0G#RAM:Mem: 3.9G 1.1G 224M 23M 2.5G 2.4G#Disk:Filesystem Size Used Avail Use% Mounted on /dev/mapper/sopvpyves--vg-root 39G 13G 24G 36% /#Load:loadaverage:2.10,#Network:Iface MTU Met RX-OK RX-ERR RX-DRP RX-OVR TX-OK TX-ERR TX-DRP TX-OVR Flg ens160 1500 0 326136560 0 0 0 296183001 0 0 0 BMRU #iostat:avg-cpu: %user %nice %system %iowait %steal %idle 76.90 0.00 0.57 0.02 0.00 22.51#iooperation:Device: tps kB_read/s kB_wrtn/s kB_read kB_wrtn sda 0.89 7.88 11.02 10514012 14702485 dm-0 1.56 7.84 10.95 10456378 14604628 dm-1 0.01 0.01 0.03 7986 43616#mpstat:12:31:33 PM CPU %usr %nice %sys %iowait %irq %soft %steal %guest %gnice %idle 12:31:33 PM all 76.90 0.00 0.28 0.02 0.00 0.29 0.00 0.00 0.00 22.51 12:31:33 PM 0 77.17 0.00 0.28 0.02 0.00 0.00 0.00 0.00 0.00 22.53 12:31:33 PM 1 76.63 0.00 0.28 0.02 0.00 0.58 0.00 0.00 0.00 22.48#vmstat:procs -----------memory---------- ---swap-- -----io---- -system-- ------cpu----- r b swpd free buff cache si so bi bo in cs us sy id wa st 2 0 42456 228988 337148 2306968 0 0 4 6 10 11 77 1 23 0 0
#date:Tue Jul 16 12:32:33 CEST 2019#hostname:10.214.221.229 172.17.0.1 172.19.0.1 #SWAP:Swap: 8.0G 41M 8.0G#RAM:Mem: 3.9G 1.1G 208M 23M 2.5G 2.4G#Disk:Filesystem Size Used Avail Use% Mounted on /dev/mapper/sopvpyves--vg-root 39G 13G 24G 36% /#Load:loadaverage:2.25,#Network:Iface MTU Met RX-OK RX-ERR RX-DRP RX-OVR TX-OK TX-ERR TX-DRP TX-OVR Flg ens160 1500 0 326141300 0 0 0 296185945 0 0 0 BMRU #iostat:avg-cpu: %user %nice %system %iowait %steal %idle 76.90 0.00 0.57 0.02 0.00 22.50#iooperation:Device: tps kB_read/s kB_wrtn/s kB_read kB_wrtn sda 0.89 7.88 11.02 10514012 14702801 dm-0 1.56 7.84 10.95 10456378 14604944 dm-1 0.01 0.01 0.03 7986 43616#mpstat:12:32:34 PM CPU %usr %nice %sys %iowait %irq %soft %steal %guest %gnice %idle 12:32:34 PM all 76.90 0.00 0.28 0.02 0.00 0.29 0.00 0.00 0.00 22.50 12:32:34 PM 0 77.17 0.00 0.28 0.02 0.00 0.00 0.00 0.00 0.00 22.53 12:32:34 PM 1 76.63 0.00 0.28 0.02 0.00 0.58 0.00 0.00 0.00 22.47#vmstat:procs -----------memory---------- ---swap-- -----io---- -system-- ------cpu----- r b swpd free buff cache si so bi bo in cs us sy id wa st 2 0 42456 212756 337156 2308636 0 0 4 6 10 11 77 1 23 0 0
#date:Tue Jul 16 12:33:34 CEST 2019#hostname:10.214.221.229 172.17.0.1 172.19.0.1 #SWAP:Swap: 8.0G 41M 8.0G#RAM:Mem: 3.9G 1.1G 202M 23M 2.5G 2.4G#Disk:Filesystem Size Used Avail Use% Mounted on /dev/mapper/sopvpyves--vg-root 39G 13G 24G 36% /#Load:loadaverage:2.15,#Network:Iface MTU Met RX-OK RX-ERR RX-DRP RX-OVR TX-OK TX-ERR TX-DRP TX-OVR Flg ens160 1500 0 326146930 0 0 0 296190071 0 0 0 BMRU #iostat:avg-cpu: %user %nice %system %iowait %steal %idle 76.90 0.00 0.57 0.02 0.00 22.50#iooperation:Device: tps kB_read/s kB_wrtn/s kB_read kB_wrtn sda 0.89 7.88 11.02 10514012 14702977 dm-0 1.56 7.84 10.95 10456378 14605120 dm-1 0.01 0.01 0.03 7986 43616#mpstat:12:33:34 PM CPU %usr %nice %sys %iowait %irq %soft %steal %guest %gnice %idle 12:33:34 PM all 76.90 0.00 0.28 0.02 0.00 0.29 0.00 0.00 0.00 22.50 12:33:34 PM 0 77.17 0.00 0.28 0.02 0.00 0.00 0.00 0.00 0.00 22.53 12:33:34 PM 1 76.64 0.00 0.28 0.02 0.00 0.58 0.00 0.00 0.00 22.47#vmstat:procs -----------memory---------- ---swap-- -----io---- -system-- ------cpu----- r b swpd free buff cache si so bi bo in cs us sy id wa st 2 0 42456 207624 337168 2309160 0 0 4 6 10 11 77 1 23 0 0
#date:Tue Jul 16 12:34:34 CEST 2019#hostname:10.214.221.229 172.17.0.1 172.19.0.1 #SWAP:Swap: 8.0G 41M 8.0G#RAM:Mem: 3.9G 1.1G 201M 23M 2.5G 2.4G#Disk:Filesystem Size Used Avail Use% Mounted on /dev/mapper/sopvpyves--vg-root 39G 13G 24G 36% /#Load:loadaverage:2.05,#Network:Iface MTU Met RX-OK RX-ERR RX-DRP RX-OVR TX-OK TX-ERR TX-DRP TX-OVR Flg ens160 1500 0 326152667 0 0 0 296194372 0 0 0 BMRU #iostat:avg-cpu: %user %nice %system %iowait %steal %idle 76.90 0.00 0.57 0.02 0.00 22.50#iooperation:Device: tps kB_read/s kB_wrtn/s kB_read kB_wrtn sda 0.89 7.88 11.02 10514012 14703193 dm-0 1.56 7.84 10.95 10456378 14605336 dm-1 0.01 0.01 0.03 7986 43616#mpstat:12:34:34 PM CPU %usr %nice %sys %iowait %irq %soft %steal %guest %gnice %idle 12:34:34 PM all 76.90 0.00 0.28 0.02 0.00 0.29 0.00 0.00 0.00 22.50 12:34:34 PM 0 77.17 0.00 0.28 0.02 0.00 0.00 0.00 0.00 0.00 22.53 12:34:34 PM 1 76.64 0.00 0.28 0.02 0.00 0.58 0.00 0.00 0.00 22.47#vmstat:procs -----------memory---------- ---swap-- -----io---- -system-- ------cpu----- r b swpd free buff cache si so bi bo in cs us sy id wa st 2 0 42456 206356 337184 2309440 0 0 4 6 10 11 77 1 23 0 0
#date:Tue Jul 16 12:35:34 CEST 2019#hostname:10.214.221.229 172.17.0.1 172.19.0.1 #SWAP:Swap: 8.0G 41M 8.0G#RAM:Mem: 3.9G 1.1G 200M 23M 2.5G 2.4G#Disk:Filesystem Size Used Avail Use% Mounted on /dev/mapper/sopvpyves--vg-root 39G 13G 24G 36% /#Load:loadaverage:2.05,#Network:Iface MTU Met RX-OK RX-ERR RX-DRP RX-OVR TX-OK TX-ERR TX-DRP TX-OVR Flg ens160 1500 0 326158332 0 0 0 296198637 0 0 0 BMRU #iostat:avg-cpu: %user %nice %system %iowait %steal %idle 76.90 0.00 0.57 0.02 0.00 22.50#iooperation:Device: tps kB_read/s kB_wrtn/s kB_read kB_wrtn sda 0.89 7.88 11.02 10514012 14703517 dm-0 1.56 7.84 10.95 10456378 14605660 dm-1 0.01 0.01 0.03 7986 43616#mpstat:12:35:35 PM CPU %usr %nice %sys %iowait %irq %soft %steal %guest %gnice %idle 12:35:35 PM all 76.90 0.00 0.28 0.02 0.00 0.29 0.00 0.00 0.00 22.50 12:35:35 PM 0 77.17 0.00 0.28 0.02 0.00 0.00 0.00 0.00 0.00 22.53 12:35:35 PM 1 76.64 0.00 0.28 0.02 0.00 0.58 0.00 0.00 0.00 22.47#vmstat:procs -----------memory---------- ---swap-- -----io---- -system-- ------cpu----- r b swpd free buff cache si so bi bo in cs us sy id wa st 2 0 42456 206396 337204 2309620 0 0 4 6 10 11 77 1 23 0 0
#date:Tue Jul 16 12:36:35 CEST 2019#hostname:10.214.221.229 172.17.0.1 172.19.0.1 #SWAP:Swap: 8.0G 41M 8.0G#RAM:Mem: 3.9G 1.1G 201M 23M 2.5G 2.4G#Disk:Filesystem Size Used Avail Use% Mounted on /dev/mapper/sopvpyves--vg-root 39G 13G 24G 36% /#Load:loadaverage:2.02,#Network:Iface MTU Met RX-OK RX-ERR RX-DRP RX-OVR TX-OK TX-ERR TX-DRP TX-OVR Flg ens160 1500 0 326164177 0 0 0 296202998 0 0 0 BMRU #iostat:avg-cpu: %user %nice %system %iowait %steal %idle 76.90 0.00 0.57 0.02 0.00 22.50#iooperation:Device: tps kB_read/s kB_wrtn/s kB_read kB_wrtn sda 0.89 7.88 11.02 10514012 14703857 dm-0 1.56 7.84 10.95 10456378 14606000 dm-1 0.01 0.01 0.03 7986 43616#mpstat:12:36:35 PM CPU %usr %nice %sys %iowait %irq %soft %steal %guest %gnice %idle 12:36:35 PM all 76.90 0.00 0.28 0.02 0.00 0.29 0.00 0.00 0.00 22.50 12:36:35 PM 0 77.17 0.00 0.28 0.02 0.00 0.00 0.00 0.00 0.00 22.53 12:36:35 PM 1 76.64 0.00 0.28 0.02 0.00 0.58 0.00 0.00 0.00 22.47#vmstat:procs -----------memory---------- ---swap-- -----io---- -system-- ------cpu----- r b swpd free buff cache si so bi bo in cs us sy id wa st 2 0 42456 205980 337220 2309656 0 0 4 6 10 11 77 1 23 0 0
#date:Tue Jul 16 12:37:35 CEST 2019#hostname:10.214.221.229 172.17.0.1 172.19.0.1 #SWAP:Swap: 8.0G 41M 8.0G#RAM:Mem: 3.9G 1.1G 200M 23M 2.5G 2.4G#Disk:Filesystem Size Used Avail Use% Mounted on /dev/mapper/sopvpyves--vg-root 39G 13G 24G 36% /#Load:loadaverage:2.00,#Network:Iface MTU Met RX-OK RX-ERR RX-DRP RX-OVR TX-OK TX-ERR TX-DRP TX-OVR Flg ens160 1500 0 326170573 0 0 0 296207674 0 0 0 BMRU #iostat:avg-cpu: %user %nice %system %iowait %steal %idle 76.91 0.00 0.57 0.02 0.00 22.50#iooperation:Device: tps kB_read/s kB_wrtn/s kB_read kB_wrtn sda 0.89 7.88 11.02 10514012 14704141 dm-0 1.56 7.84 10.95 10456378 14606284 dm-1 0.01 0.01 0.03 7986 43616#mpstat:12:37:36 PM CPU %usr %nice %sys %iowait %irq %soft %steal %guest %gnice %idle 12:37:36 PM all 76.91 0.00 0.28 0.02 0.00 0.29 0.00 0.00 0.00 22.50 12:37:36 PM 0 77.17 0.00 0.28 0.02 0.00 0.00 0.00 0.00 0.00 22.53 12:37:36 PM 1 76.64 0.00 0.28 0.02 0.00 0.58 0.00 0.00 0.00 22.47#vmstat:procs -----------memory---------- ---swap-- -----io---- -system-- ------cpu----- r b swpd free buff cache si so bi bo in cs us sy id wa st 2 0 42456 205180 337228 2309684 0 0 4 6 10 11 77 1 22 0 0
#date:Tue Jul 16 12:38:36 CEST 2019#hostname:10.214.221.229 172.17.0.1 172.19.0.1 #SWAP:Swap: 8.0G 41M 8.0G#RAM:Mem: 3.9G 1.1G 200M 23M 2.5G 2.4G#Disk:Filesystem Size Used Avail Use% Mounted on /dev/mapper/sopvpyves--vg-root 39G 13G 24G 36% /#Load:loadaverage:2.06,#Network:Iface MTU Met RX-OK RX-ERR RX-DRP RX-OVR TX-OK TX-ERR TX-DRP TX-OVR Flg ens160 1500 0 326177073 0 0 0 296212565 0 0 0 BMRU #iostat:avg-cpu: %user %nice %system %iowait %steal %idle 76.91 0.00 0.57 0.02 0.00 22.50#iooperation:Device: tps kB_read/s kB_wrtn/s kB_read kB_wrtn sda 0.89 7.88 11.02 10514012 14704381 dm-0 1.56 7.84 10.95 10456378 14606524 dm-1 0.01 0.01 0.03 7986 43616#mpstat:12:38:36 PM CPU %usr %nice %sys %iowait %irq %soft %steal %guest %gnice %idle 12:38:36 PM all 76.91 0.00 0.28 0.02 0.00 0.29 0.00 0.00 0.00 22.50 12:38:36 PM 0 77.17 0.00 0.28 0.02 0.00 0.00 0.00 0.00 0.00 22.53 12:38:36 PM 1 76.64 0.00 0.28 0.02 0.00 0.58 0.00 0.00 0.00 22.47#vmstat:procs -----------memory---------- ---swap-- -----io---- -system-- ------cpu----- r b swpd free buff cache si so bi bo in cs us sy id wa st 2 0 42456 205244 337240 2309788 0 0 4 6 10 11 77 1 22 0 0
#date:Tue Jul 16 12:39:36 CEST 2019#hostname:10.214.221.229 172.17.0.1 172.19.0.1 #SWAP:Swap: 8.0G 41M 8.0G#RAM:Mem: 3.9G 1.1G 200M 23M 2.5G 2.4G#Disk:Filesystem Size Used Avail Use% Mounted on /dev/mapper/sopvpyves--vg-root 39G 13G 24G 36% /#Load:loadaverage:2.06,#Network:Iface MTU Met RX-OK RX-ERR RX-DRP RX-OVR TX-OK TX-ERR TX-DRP TX-OVR Flg ens160 1500 0 326183381 0 0 0 296217513 0 0 0 BMRU #iostat:avg-cpu: %user %nice %system %iowait %steal %idle 76.91 0.00 0.57 0.02 0.00 22.50#iooperation:Device: tps kB_read/s kB_wrtn/s kB_read kB_wrtn sda 0.89 7.88 11.02 10514012 14704721 dm-0 1.56 7.84 10.95 10456378 14606864 dm-1 0.01 0.01 0.03 7986 43616#mpstat:12:39:36 PM CPU %usr %nice %sys %iowait %irq %soft %steal %guest %gnice %idle 12:39:36 PM all 76.91 0.00 0.28 0.02 0.00 0.29 0.00 0.00 0.00 22.50 12:39:36 PM 0 77.17 0.00 0.28 0.02 0.00 0.00 0.00 0.00 0.00 22.53 12:39:36 PM 1 76.64 0.00 0.28 0.02 0.00 0.58 0.00 0.00 0.00 22.47#vmstat:procs -----------memory---------- ---swap-- -----io---- -system-- ------cpu----- r b swpd free buff cache si so bi bo in cs us sy id wa st 2 0 42456 204484 337252 2309672 0 0 4 6 10 11 77 1 22 0 0
#date:Tue Jul 16 12:40:36 CEST 2019#hostname:10.214.221.229 172.17.0.1 172.19.0.1 #SWAP:Swap: 8.0G 41M 8.0G#RAM:Mem: 3.9G 1.1G 200M 23M 2.5G 2.4G#Disk:Filesystem Size Used Avail Use% Mounted on /dev/mapper/sopvpyves--vg-root 39G 13G 24G 36% /#Load:loadaverage:2.02,#Network:Iface MTU Met RX-OK RX-ERR RX-DRP RX-OVR TX-OK TX-ERR TX-DRP TX-OVR Flg ens160 1500 0 326189271 0 0 0 296222148 0 0 0 BMRU #iostat:avg-cpu: %user %nice %system %iowait %steal %idle 76.91 0.00 0.57 0.02 0.00 22.50#iooperation:Device: tps kB_read/s kB_wrtn/s kB_read kB_wrtn sda 0.89 7.88 11.02 10514012 14704997 dm-0 1.56 7.84 10.95 10456378 14607140 dm-1 0.01 0.01 0.03 7986 43616#mpstat:12:40:37 PM CPU %usr %nice %sys %iowait %irq %soft %steal %guest %gnice %idle 12:40:37 PM all 76.91 0.00 0.28 0.02 0.00 0.29 0.00 0.00 0.00 22.50 12:40:37 PM 0 77.18 0.00 0.28 0.02 0.00 0.00 0.00 0.00 0.00 22.53 12:40:37 PM 1 76.64 0.00 0.28 0.02 0.00 0.58 0.00 0.00 0.00 22.47#vmstat:procs -----------memory---------- ---swap-- -----io---- -system-- ------cpu----- r b swpd free buff cache si so bi bo in cs us sy id wa st 2 0 42456 204348 337252 2309904 0 0 4 6 10 11 77 1 22 0 0
#date:Tue Jul 16 12:41:37 CEST 2019#hostname:10.214.221.229 172.17.0.1 172.19.0.1 #SWAP:Swap: 8.0G 41M 8.0G#RAM:Mem: 3.9G 1.1G 199M 23M 2.5G 2.4G#Disk:Filesystem Size Used Avail Use% Mounted on /dev/mapper/sopvpyves--vg-root 39G 13G 24G 36% /#Load:loadaverage:2.05,#Network:Iface MTU Met RX-OK RX-ERR RX-DRP RX-OVR TX-OK TX-ERR TX-DRP TX-OVR Flg ens160 1500 0 326195422 0 0 0 296226758 0 0 0 BMRU #iostat:avg-cpu: %user %nice %system %iowait %steal %idle 76.91 0.00 0.57 0.02 0.00 22.50#iooperation:Device: tps kB_read/s kB_wrtn/s kB_read kB_wrtn sda 0.89 7.88 11.02 10514012 14705349 dm-0 1.56 7.84 10.95 10456378 14607492 dm-1 0.01 0.01 0.03 7986 43616#mpstat:12:41:37 PM CPU %usr %nice %sys %iowait %irq %soft %steal %guest %gnice %idle 12:41:37 PM all 76.91 0.00 0.28 0.02 0.00 0.29 0.00 0.00 0.00 22.50 12:41:37 PM 0 77.18 0.00 0.28 0.02 0.00 0.00 0.00 0.00 0.00 22.52 12:41:37 PM 1 76.64 0.00 0.28 0.02 0.00 0.58 0.00 0.00 0.00 22.47#vmstat:procs -----------memory---------- ---swap-- -----io---- -system-- ------cpu----- r b swpd free buff cache si so bi bo in cs us sy id wa st 2 0 42456 204152 337264 2309996 0 0 4 6 10 11 77 1 22 0 0
#date:Tue Jul 16 12:42:37 CEST 2019#hostname:10.214.221.229 172.17.0.1 172.19.0.1 #SWAP:Swap: 8.0G 41M 8.0G#RAM:Mem: 3.9G 1.1G 199M 23M 2.5G 2.4G#Disk:Filesystem Size Used Avail Use% Mounted on /dev/mapper/sopvpyves--vg-root 39G 13G 24G 36% /#Load:loadaverage:2.05,#Network:Iface MTU Met RX-OK RX-ERR RX-DRP RX-OVR TX-OK TX-ERR TX-DRP TX-OVR Flg ens160 1500 0 326201762 0 0 0 296231800 0 0 0 BMRU #iostat:avg-cpu: %user %nice %system %iowait %steal %idle 76.91 0.00 0.57 0.02 0.00 22.49#iooperation:Device: tps kB_read/s kB_wrtn/s kB_read kB_wrtn sda 0.89 7.88 11.02 10514012 14705649 dm-0 1.56 7.84 10.95 10456378 14607792 dm-1 0.01 0.01 0.03 7986 43616#mpstat:12:42:38 PM CPU %usr %nice %sys %iowait %irq %soft %steal %guest %gnice %idle 12:42:38 PM all 76.91 0.00 0.28 0.02 0.00 0.29 0.00 0.00 0.00 22.49 12:42:38 PM 0 77.18 0.00 0.28 0.02 0.00 0.00 0.00 0.00 0.00 22.52 12:42:38 PM 1 76.64 0.00 0.28 0.02 0.00 0.58 0.00 0.00 0.00 22.46#vmstat:procs -----------memory---------- ---swap-- -----io---- -system-- ------cpu----- r b swpd free buff cache si so bi bo in cs us sy id wa st 2 0 42456 203976 337276 2310056 0 0 4 6 10 11 77 1 22 0 0
#date:Tue Jul 16 12:43:38 CEST 2019#hostname:10.214.221.229 172.17.0.1 172.19.0.1 #SWAP:Swap: 8.0G 41M 8.0G#RAM:Mem: 3.9G 1.1G 198M 23M 2.5G 2.4G#Disk:Filesystem Size Used Avail Use% Mounted on /dev/mapper/sopvpyves--vg-root 39G 13G 24G 36% /#Load:loadaverage:2.02,#Network:Iface MTU Met RX-OK RX-ERR RX-DRP RX-OVR TX-OK TX-ERR TX-DRP TX-OVR Flg ens160 1500 0 326208039 0 0 0 296236767 0 0 0 BMRU #iostat:avg-cpu: %user %nice %system %iowait %steal %idle 76.91 0.00 0.57 0.02 0.00 22.49#iooperation:Device: tps kB_read/s kB_wrtn/s kB_read kB_wrtn sda 0.89 7.88 11.02 10514012 14705937 dm-0 1.56 7.84 10.95 10456378 14608080 dm-1 0.01 0.01 0.03 7986 43616#mpstat:12:43:38 PM CPU %usr %nice %sys %iowait %irq %soft %steal %guest %gnice %idle 12:43:38 PM all 76.91 0.00 0.28 0.02 0.00 0.29 0.00 0.00 0.00 22.49 12:43:38 PM 0 77.18 0.00 0.28 0.02 0.00 0.00 0.00 0.00 0.00 22.52 12:43:38 PM 1 76.65 0.00 0.28 0.02 0.00 0.58 0.00 0.00 0.00 22.46#vmstat:procs -----------memory---------- ---swap-- -----io---- -system-- ------cpu----- r b swpd free buff cache si so bi bo in cs us sy id wa st 2 0 42456 203580 337292 2310036 0 0 4 6 10 11 77 1 22 0 0
#date:Tue Jul 16 12:44:38 CEST 2019#hostname:10.214.221.229 172.17.0.1 172.19.0.1 #SWAP:Swap: 8.0G 41M 8.0G#RAM:Mem: 3.9G 1.1G 198M 23M 2.5G 2.4G#Disk:Filesystem Size Used Avail Use% Mounted on /dev/mapper/sopvpyves--vg-root 39G 13G 24G 36% /#Load:loadaverage:2.14,#Network:Iface MTU Met RX-OK RX-ERR RX-DRP RX-OVR TX-OK TX-ERR TX-DRP TX-OVR Flg ens160 1500 0 326215008 0 0 0 296241803 0 0 0 BMRU #iostat:avg-cpu: %user %nice %system %iowait %steal %idle 76.91 0.00 0.57 0.02 0.00 22.49#iooperation:Device: tps kB_read/s kB_wrtn/s kB_read kB_wrtn sda 0.89 7.88 11.02 10514012 14706161 dm-0 1.56 7.84 10.95 10456378 14608304 dm-1 0.01 0.01 0.03 7986 43616#mpstat:12:44:38 PM CPU %usr %nice %sys %iowait %irq %soft %steal %guest %gnice %idle 12:44:38 PM all 76.91 0.00 0.28 0.02 0.00 0.29 0.00 0.00 0.00 22.49 12:44:38 PM 0 77.18 0.00 0.28 0.02 0.00 0.00 0.00 0.00 0.00 22.52 12:44:38 PM 1 76.65 0.00 0.28 0.02 0.00 0.58 0.00 0.00 0.00 22.46#vmstat:procs -----------memory---------- ---swap-- -----io---- -system-- ------cpu----- r b swpd free buff cache si so bi bo in cs us sy id wa st 2 0 42456 202752 337304 2310156 0 0 4 6 10 11 77 1 22 0 0
#date:Tue Jul 16 12:45:38 CEST 2019#hostname:10.214.221.229 172.17.0.1 172.19.0.1 #SWAP:Swap: 8.0G 41M 8.0G#RAM:Mem: 3.9G 1.1G 196M 23M 2.5G 2.4G#Disk:Filesystem Size Used Avail Use% Mounted on /dev/mapper/sopvpyves--vg-root 39G 13G 24G 36% /#Load:loadaverage:2.05,#Network:Iface MTU Met RX-OK RX-ERR RX-DRP RX-OVR TX-OK TX-ERR TX-DRP TX-OVR Flg ens160 1500 0 326223228 0 0 0 296247488 0 0 0 BMRU #iostat:avg-cpu: %user %nice %system %iowait %steal %idle 76.91 0.00 0.57 0.02 0.00 22.49#iooperation:Device: tps kB_read/s kB_wrtn/s kB_read kB_wrtn sda 0.89 7.88 11.02 10514012 14706393 dm-0 1.56 7.84 10.95 10456378 14608536 dm-1 0.01 0.01 0.03 7986 43616#mpstat:12:45:39 PM CPU %usr %nice %sys %iowait %irq %soft %steal %guest %gnice %idle 12:45:39 PM all 76.91 0.00 0.28 0.02 0.00 0.29 0.00 0.00 0.00 22.49 12:45:39 PM 0 77.18 0.00 0.28 0.02 0.00 0.00 0.00 0.00 0.00 22.52 12:45:39 PM 1 76.65 0.00 0.28 0.02 0.00 0.58 0.00 0.00 0.00 22.46#vmstat:procs -----------memory---------- ---swap-- -----io---- -system-- ------cpu----- r b swpd free buff cache si so bi bo in cs us sy id wa st 2 0 42456 200648 337316 2310044 0 0 4 6 10 11 77 1 22 0 0
#date:Tue Jul 16 12:46:39 CEST 2019#hostname:10.214.221.229 172.17.0.1 172.19.0.1 #SWAP:Swap: 8.0G 41M 8.0G#RAM:Mem: 3.9G 1.1G 197M 23M 2.5G 2.4G#Disk:Filesystem Size Used Avail Use% Mounted on /dev/mapper/sopvpyves--vg-root 39G 13G 24G 36% /#Load:loadaverage:2.21,#Network:Iface MTU Met RX-OK RX-ERR RX-DRP RX-OVR TX-OK TX-ERR TX-DRP TX-OVR Flg ens160 1500 0 326229388 0 0 0 296252247 0 0 0 BMRU #iostat:avg-cpu: %user %nice %system %iowait %steal %idle 76.91 0.00 0.57 0.02 0.00 22.49#iooperation:Device: tps kB_read/s kB_wrtn/s kB_read kB_wrtn sda 0.89 7.88 11.02 10514012 14706701 dm-0 1.56 7.83 10.95 10456378 14608844 dm-1 0.01 0.01 0.03 7986 43616#mpstat:12:46:39 PM CPU %usr %nice %sys %iowait %irq %soft %steal %guest %gnice %idle 12:46:39 PM all 76.91 0.00 0.28 0.02 0.00 0.29 0.00 0.00 0.00 22.49 12:46:39 PM 0 77.18 0.00 0.28 0.02 0.00 0.00 0.00 0.00 0.00 22.52 12:46:39 PM 1 76.65 0.00 0.28 0.02 0.00 0.58 0.00 0.00 0.00 22.46#vmstat:procs -----------memory---------- ---swap-- -----io---- -system-- ------cpu----- r b swpd free buff cache si so bi bo in cs us sy id wa st 2 0 42456 201684 337328 2310180 0 0 4 6 10 11 77 1 22 0 0
#date:Tue Jul 16 12:47:39 CEST 2019#hostname:10.214.221.229 172.17.0.1 172.19.0.1 #SWAP:Swap: 8.0G 41M 8.0G#RAM:Mem: 3.9G 1.1G 196M 23M 2.5G 2.4G#Disk:Filesystem Size Used Avail Use% Mounted on /dev/mapper/sopvpyves--vg-root 39G 13G 24G 36% /#Load:loadaverage:2.12,#Network:Iface MTU Met RX-OK RX-ERR RX-DRP RX-OVR TX-OK TX-ERR TX-DRP TX-OVR Flg ens160 1500 0 326235326 0 0 0 296256948 0 0 0 BMRU #iostat:avg-cpu: %user %nice %system %iowait %steal %idle 76.92 0.00 0.57 0.02 0.00 22.49#iooperation:Device: tps kB_read/s kB_wrtn/s kB_read kB_wrtn sda 0.89 7.88 11.02 10514012 14707073 dm-0 1.56 7.83 10.95 10456378 14609216 dm-1 0.01 0.01 0.03 7986 43616#mpstat:12:47:40 PM CPU %usr %nice %sys %iowait %irq %soft %steal %guest %gnice %idle 12:47:40 PM all 76.92 0.00 0.28 0.02 0.00 0.29 0.00 0.00 0.00 22.49 12:47:40 PM 0 77.18 0.00 0.28 0.02 0.00 0.00 0.00 0.00 0.00 22.52 12:47:40 PM 1 76.65 0.00 0.28 0.02 0.00 0.58 0.00 0.00 0.00 22.46#vmstat:procs -----------memory---------- ---swap-- -----io---- -system-- ------cpu----- r b swpd free buff cache si so bi bo in cs us sy id wa st 2 0 42456 201328 337344 2310588 0 0 4 6 10 11 77 1 22 0 0
#date:Tue Jul 16 12:48:40 CEST 2019#hostname:10.214.221.229 172.17.0.1 172.19.0.1 #SWAP:Swap: 8.0G 41M 8.0G#RAM:Mem: 3.9G 1.1G 196M 23M 2.5G 2.4G#Disk:Filesystem Size Used Avail Use% Mounted on /dev/mapper/sopvpyves--vg-root 39G 13G 24G 36% /#Load:loadaverage:2.15,#Network:Iface MTU Met RX-OK RX-ERR RX-DRP RX-OVR TX-OK TX-ERR TX-DRP TX-OVR Flg ens160 1500 0 326241287 0 0 0 296261689 0 0 0 BMRU #iostat:avg-cpu: %user %nice %system %iowait %steal %idle 76.92 0.00 0.57 0.02 0.00 22.49#iooperation:Device: tps kB_read/s kB_wrtn/s kB_read kB_wrtn sda 0.89 7.88 11.02 10514012 14707325 dm-0 1.56 7.83 10.95 10456378 14609468 dm-1 0.01 0.01 0.03 7986 43616#mpstat:12:48:40 PM CPU %usr %nice %sys %iowait %irq %soft %steal %guest %gnice %idle 12:48:40 PM all 76.92 0.00 0.28 0.02 0.00 0.29 0.00 0.00 0.00 22.49 12:48:40 PM 0 77.18 0.00 0.28 0.02 0.00 0.00 0.00 0.00 0.00 22.52 12:48:40 PM 1 76.65 0.00 0.28 0.02 0.00 0.58 0.00 0.00 0.00 22.46#vmstat:procs -----------memory---------- ---swap-- -----io---- -system-- ------cpu----- r b swpd free buff cache si so bi bo in cs us sy id wa st 2 0 42456 201104 337356 2310620 0 0 4 6 10 11 77 1 22 0 0
#date:Tue Jul 16 12:49:40 CEST 2019#hostname:10.214.221.229 172.17.0.1 172.19.0.1 #SWAP:Swap: 8.0G 41M 8.0G#RAM:Mem: 3.9G 1.1G 196M 23M 2.5G 2.4G#Disk:Filesystem Size Used Avail Use% Mounted on /dev/mapper/sopvpyves--vg-root 39G 13G 24G 36% /#Load:loadaverage:2.05,#Network:Iface MTU Met RX-OK RX-ERR RX-DRP RX-OVR TX-OK TX-ERR TX-DRP TX-OVR Flg ens160 1500 0 326247258 0 0 0 296266429 0 0 0 BMRU #iostat:avg-cpu: %user %nice %system %iowait %steal %idle 76.92 0.00 0.57 0.02 0.00 22.49#iooperation:Device: tps kB_read/s kB_wrtn/s kB_read kB_wrtn sda 0.89 7.88 11.02 10514012 14707569 dm-0 1.56 7.83 10.95 10456378 14609712 dm-1 0.01 0.01 0.03 7986 43616#mpstat:12:49:40 PM CPU %usr %nice %sys %iowait %irq %soft %steal %guest %gnice %idle 12:49:40 PM all 76.92 0.00 0.28 0.02 0.00 0.29 0.00 0.00 0.00 22.49 12:49:40 PM 0 77.18 0.00 0.28 0.02 0.00 0.00 0.00 0.00 0.00 22.52 12:49:40 PM 1 76.65 0.00 0.28 0.02 0.00 0.58 0.00 0.00 0.00 22.46#vmstat:procs -----------memory---------- ---swap-- -----io---- -system-- ------cpu----- r b swpd free buff cache si so bi bo in cs us sy id wa st 2 0 42456 200652 337376 2310664 0 0 4 6 10 11 77 1 22 0 0
#date:Tue Jul 16 12:50:40 CEST 2019#hostname:10.214.221.229 172.17.0.1 172.19.0.1 #SWAP:Swap: 8.0G 41M 8.0G#RAM:Mem: 3.9G 1.1G 196M 23M 2.5G 2.4G#Disk:Filesystem Size Used Avail Use% Mounted on /dev/mapper/sopvpyves--vg-root 39G 13G 24G 36% /#Load:loadaverage:1.99,#Network:Iface MTU Met RX-OK RX-ERR RX-DRP RX-OVR TX-OK TX-ERR TX-DRP TX-OVR Flg ens160 1500 0 326253195 0 0 0 296271161 0 0 0 BMRU #iostat:avg-cpu: %user %nice %system %iowait %steal %idle 76.92 0.00 0.57 0.02 0.00 22.49#iooperation:Device: tps kB_read/s kB_wrtn/s kB_read kB_wrtn sda 0.89 7.88 11.02 10514012 14707841 dm-0 1.56 7.83 10.95 10456378 14609984 dm-1 0.01 0.01 0.03 7986 43616#mpstat:12:50:41 PM CPU %usr %nice %sys %iowait %irq %soft %steal %guest %gnice %idle 12:50:41 PM all 76.92 0.00 0.28 0.02 0.00 0.29 0.00 0.00 0.00 22.49 12:50:41 PM 0 77.19 0.00 0.28 0.02 0.00 0.00 0.00 0.00 0.00 22.52 12:50:41 PM 1 76.65 0.00 0.28 0.02 0.00 0.58 0.00 0.00 0.00 22.46#vmstat:procs -----------memory---------- ---swap-- -----io---- -system-- ------cpu----- r b swpd free buff cache si so bi bo in cs us sy id wa st 3 0 42456 200856 337380 2310788 0 0 4 6 10 11 77 1 22 0 0
#date:Tue Jul 16 12:51:41 CEST 2019#hostname:10.214.221.229 172.17.0.1 172.19.0.1 #SWAP:Swap: 8.0G 41M 8.0G#RAM:Mem: 3.9G 1.1G 195M 23M 2.5G 2.4G#Disk:Filesystem Size Used Avail Use% Mounted on /dev/mapper/sopvpyves--vg-root 39G 13G 24G 36% /#Load:loadaverage:2.08,#Network:Iface MTU Met RX-OK RX-ERR RX-DRP RX-OVR TX-OK TX-ERR TX-DRP TX-OVR Flg ens160 1500 0 326259127 0 0 0 296275902 0 0 0 BMRU #iostat:avg-cpu: %user %nice %system %iowait %steal %idle 76.92 0.00 0.57 0.02 0.00 22.49#iooperation:Device: tps kB_read/s kB_wrtn/s kB_read kB_wrtn sda 0.89 7.88 11.02 10514012 14708181 dm-0 1.56 7.83 10.94 10456378 14610324 dm-1 0.01 0.01 0.03 7986 43616#mpstat:12:51:41 PM CPU %usr %nice %sys %iowait %irq %soft %steal %guest %gnice %idle 12:51:41 PM all 76.92 0.00 0.28 0.02 0.00 0.29 0.00 0.00 0.00 22.49 12:51:41 PM 0 77.19 0.00 0.28 0.02 0.00 0.00 0.00 0.00 0.00 22.51 12:51:41 PM 1 76.65 0.00 0.28 0.02 0.00 0.58 0.00 0.00 0.00 22.46#vmstat:procs -----------memory---------- ---swap-- -----io---- -system-- ------cpu----- r b swpd free buff cache si so bi bo in cs us sy id wa st 2 0 42456 200072 337400 2310756 0 0 4 6 10 11 77 1 22 0 0
#date:Tue Jul 16 12:52:41 CEST 2019#hostname:10.214.221.229 172.17.0.1 172.19.0.1 #SWAP:Swap: 8.0G 41M 8.0G#RAM:Mem: 3.9G 1.1G 195M 23M 2.5G 2.4G#Disk:Filesystem Size Used Avail Use% Mounted on /dev/mapper/sopvpyves--vg-root 39G 13G 24G 36% /#Load:loadaverage:2.03,#Network:Iface MTU Met RX-OK RX-ERR RX-DRP RX-OVR TX-OK TX-ERR TX-DRP TX-OVR Flg ens160 1500 0 326265121 0 0 0 296280701 0 0 0 BMRU #iostat:avg-cpu: %user %nice %system %iowait %steal %idle 76.92 0.00 0.57 0.02 0.00 22.48#iooperation:Device: tps kB_read/s kB_wrtn/s kB_read kB_wrtn sda 0.89 7.88 11.02 10514012 14708437 dm-0 1.56 7.83 10.94 10456378 14610580 dm-1 0.01 0.01 0.03 7986 43616#mpstat:12:52:41 PM CPU %usr %nice %sys %iowait %irq %soft %steal %guest %gnice %idle 12:52:41 PM all 76.92 0.00 0.28 0.02 0.00 0.29 0.00 0.00 0.00 22.48 12:52:41 PM 0 77.19 0.00 0.28 0.02 0.00 0.00 0.00 0.00 0.00 22.51 12:52:41 PM 1 76.65 0.00 0.28 0.02 0.00 0.58 0.00 0.00 0.00 22.46#vmstat:procs -----------memory---------- ---swap-- -----io---- -system-- ------cpu----- r b swpd free buff cache si so bi bo in cs us sy id wa st 2 0 42456 200180 337412 2310832 0 0 4 6 10 11 77 1 22 0 0
#date:Tue Jul 16 12:53:42 CEST 2019#hostname:10.214.221.229 172.17.0.1 172.19.0.1 #SWAP:Swap: 8.0G 41M 8.0G#RAM:Mem: 3.9G 1.1G 195M 23M 2.5G 2.4G#Disk:Filesystem Size Used Avail Use% Mounted on /dev/mapper/sopvpyves--vg-root 39G 13G 24G 36% /#Load:loadaverage:2.09,#Network:Iface MTU Met RX-OK RX-ERR RX-DRP RX-OVR TX-OK TX-ERR TX-DRP TX-OVR Flg ens160 1500 0 326270988 0 0 0 296285485 0 0 0 BMRU #iostat:avg-cpu: %user %nice %system %iowait %steal %idle 76.92 0.00 0.57 0.02 0.00 22.48#iooperation:Device: tps kB_read/s kB_wrtn/s kB_read kB_wrtn sda 0.89 7.88 11.02 10514012 14708653 dm-0 1.56 7.83 10.94 10456378 14610796 dm-1 0.01 0.01 0.03 7986 43616#mpstat:12:53:42 PM CPU %usr %nice %sys %iowait %irq %soft %steal %guest %gnice %idle 12:53:42 PM all 76.92 0.00 0.28 0.02 0.00 0.29 0.00 0.00 0.00 22.48 12:53:42 PM 0 77.19 0.00 0.28 0.02 0.00 0.00 0.00 0.00 0.00 22.51 12:53:42 PM 1 76.65 0.00 0.28 0.02 0.00 0.58 0.00 0.00 0.00 22.45#vmstat:procs -----------memory---------- ---swap-- -----io---- -system-- ------cpu----- r b swpd free buff cache si so bi bo in cs us sy id wa st 2 0 42456 200172 337436 2310812 0 0 4 6 10 11 77 1 22 0 0
#date:Tue Jul 16 12:54:42 CEST 2019#hostname:10.214.221.229 172.17.0.1 172.19.0.1 #SWAP:Swap: 8.0G 41M 8.0G#RAM:Mem: 3.9G 1.1G 195M 23M 2.5G 2.4G#Disk:Filesystem Size Used Avail Use% Mounted on /dev/mapper/sopvpyves--vg-root 39G 13G 24G 36% /#Load:loadaverage:2.09,#Network:Iface MTU Met RX-OK RX-ERR RX-DRP RX-OVR TX-OK TX-ERR TX-DRP TX-OVR Flg ens160 1500 0 326276957 0 0 0 296290313 0 0 0 BMRU #iostat:avg-cpu: %user %nice %system %iowait %steal %idle 76.92 0.00 0.57 0.02 0.00 22.48#iooperation:Device: tps kB_read/s kB_wrtn/s kB_read kB_wrtn sda 0.89 7.88 11.02 10514012 14708901 dm-0 1.56 7.83 10.94 10456378 14611044 dm-1 0.01 0.01 0.03 7986 43616#mpstat:12:54:42 PM CPU %usr %nice %sys %iowait %irq %soft %steal %guest %gnice %idle 12:54:42 PM all 76.92 0.00 0.28 0.02 0.00 0.29 0.00 0.00 0.00 22.48 12:54:42 PM 0 77.19 0.00 0.28 0.02 0.00 0.00 0.00 0.00 0.00 22.51 12:54:42 PM 1 76.66 0.00 0.28 0.02 0.00 0.58 0.00 0.00 0.00 22.45#vmstat:procs -----------memory---------- ---swap-- -----io---- -system-- ------cpu----- r b swpd free buff cache si so bi bo in cs us sy id wa st 2 0 42456 200116 337448 2310956 0 0 4 6 10 11 77 1 22 0 0
#date:Tue Jul 16 12:55:42 CEST 2019#hostname:10.214.221.229 172.17.0.1 172.19.0.1 #SWAP:Swap: 8.0G 41M 8.0G#RAM:Mem: 3.9G 1.1G 195M 23M 2.5G 2.4G#Disk:Filesystem Size Used Avail Use% Mounted on /dev/mapper/sopvpyves--vg-root 39G 13G 24G 36% /#Load:loadaverage:2.15,#Network:Iface MTU Met RX-OK RX-ERR RX-DRP RX-OVR TX-OK TX-ERR TX-DRP TX-OVR Flg ens160 1500 0 326282984 0 0 0 296295155 0 0 0 BMRU #iostat:avg-cpu: %user %nice %system %iowait %steal %idle 76.92 0.00 0.57 0.02 0.00 22.48#iooperation:Device: tps kB_read/s kB_wrtn/s kB_read kB_wrtn sda 0.89 7.87 11.02 10514012 14709241 dm-0 1.56 7.83 10.94 10456378 14611384 dm-1 0.01 0.01 0.03 7986 43616#mpstat:12:55:43 PM CPU %usr %nice %sys %iowait %irq %soft %steal %guest %gnice %idle 12:55:43 PM all 76.92 0.00 0.28 0.02 0.00 0.29 0.00 0.00 0.00 22.48 12:55:43 PM 0 77.19 0.00 0.28 0.02 0.00 0.00 0.00 0.00 0.00 22.51 12:55:43 PM 1 76.66 0.00 0.28 0.02 0.00 0.58 0.00 0.00 0.00 22.45#vmstat:procs -----------memory---------- ---swap-- -----io---- -system-- ------cpu----- r b swpd free buff cache si so bi bo in cs us sy id wa st 2 0 42456 200288 337456 2311056 0 0 4 6 10 11 77 1 22 0 0
#date:Tue Jul 16 12:56:43 CEST 2019#hostname:10.214.221.229 172.17.0.1 172.19.0.1 #SWAP:Swap: 8.0G 41M 8.0G#RAM:Mem: 3.9G 1.1G 194M 23M 2.5G 2.4G#Disk:Filesystem Size Used Avail Use% Mounted on /dev/mapper/sopvpyves--vg-root 39G 13G 24G 36% /#Load:loadaverage:2.13,#Network:Iface MTU Met RX-OK RX-ERR RX-DRP RX-OVR TX-OK TX-ERR TX-DRP TX-OVR Flg ens160 1500 0 326289108 0 0 0 296300032 0 0 0 BMRU #iostat:avg-cpu: %user %nice %system %iowait %steal %idle 76.92 0.00 0.57 0.02 0.00 22.48#iooperation:Device: tps kB_read/s kB_wrtn/s kB_read kB_wrtn sda 0.89 7.87 11.02 10514012 14709521 dm-0 1.56 7.83 10.94 10456378 14611664 dm-1 0.01 0.01 0.03 7986 43616#mpstat:12:56:43 PM CPU %usr %nice %sys %iowait %irq %soft %steal %guest %gnice %idle 12:56:43 PM all 76.92 0.00 0.28 0.02 0.00 0.29 0.00 0.00 0.00 22.48 12:56:43 PM 0 77.19 0.00 0.28 0.02 0.00 0.00 0.00 0.00 0.00 22.51 12:56:43 PM 1 76.66 0.00 0.28 0.02 0.00 0.58 0.00 0.00 0.00 22.45#vmstat:procs -----------memory---------- ---swap-- -----io---- -system-- ------cpu----- r b swpd free buff cache si so bi bo in cs us sy id wa st 2 0 42456 198972 337472 2311060 0 0 4 6 10 11 77 1 22 0 0
#date:Tue Jul 16 12:57:43 CEST 2019#hostname:10.214.221.229 172.17.0.1 172.19.0.1 #SWAP:Swap: 8.0G 41M 8.0G#RAM:Mem: 3.9G 1.1G 194M 23M 2.5G 2.4G#Disk:Filesystem Size Used Avail Use% Mounted on /dev/mapper/sopvpyves--vg-root 39G 13G 24G 36% /#Load:loadaverage:2.04,#Network:Iface MTU Met RX-OK RX-ERR RX-DRP RX-OVR TX-OK TX-ERR TX-DRP TX-OVR Flg ens160 1500 0 326295203 0 0 0 296304968 0 0 0 BMRU #iostat:avg-cpu: %user %nice %system %iowait %steal %idle 76.93 0.00 0.57 0.02 0.00 22.48#iooperation:Device: tps kB_read/s kB_wrtn/s kB_read kB_wrtn sda 0.89 7.87 11.02 10514012 14709765 dm-0 1.56 7.83 10.94 10456378 14611908 dm-1 0.01 0.01 0.03 7986 43616#mpstat:12:57:44 PM CPU %usr %nice %sys %iowait %irq %soft %steal %guest %gnice %idle 12:57:44 PM all 76.93 0.00 0.28 0.02 0.00 0.29 0.00 0.00 0.00 22.48 12:57:44 PM 0 77.19 0.00 0.28 0.02 0.00 0.00 0.00 0.00 0.00 22.51 12:57:44 PM 1 76.66 0.00 0.28 0.02 0.00 0.58 0.00 0.00 0.00 22.45#vmstat:procs -----------memory---------- ---swap-- -----io---- -system-- ------cpu----- r b swpd free buff cache si so bi bo in cs us sy id wa st 3 0 42456 198344 337484 2311192 0 0 4 6 10 11 77 1 22 0 0
#date:Tue Jul 16 12:58:44 CEST 2019#hostname:10.214.221.229 172.17.0.1 172.19.0.1 #SWAP:Swap: 8.0G 41M 8.0G#RAM:Mem: 3.9G 1.1G 193M 23M 2.5G 2.4G#Disk:Filesystem Size Used Avail Use% Mounted on /dev/mapper/sopvpyves--vg-root 39G 13G 24G 36% /#Load:loadaverage:2.13,#Network:Iface MTU Met RX-OK RX-ERR RX-DRP RX-OVR TX-OK TX-ERR TX-DRP TX-OVR Flg ens160 1500 0 326301265 0 0 0 296309937 0 0 0 BMRU #iostat:avg-cpu: %user %nice %system %iowait %steal %idle 76.93 0.00 0.57 0.02 0.00 22.48#iooperation:Device: tps kB_read/s kB_wrtn/s kB_read kB_wrtn sda 0.89 7.87 11.02 10514012 14710009 dm-0 1.56 7.83 10.94 10456378 14612152 dm-1 0.01 0.01 0.03 7986 43616#mpstat:12:58:44 PM CPU %usr %nice %sys %iowait %irq %soft %steal %guest %gnice %idle 12:58:44 PM all 76.93 0.00 0.28 0.02 0.00 0.29 0.00 0.00 0.00 22.48 12:58:44 PM 0 77.19 0.00 0.28 0.02 0.00 0.00 0.00 0.00 0.00 22.51 12:58:44 PM 1 76.66 0.00 0.28 0.02 0.00 0.58 0.00 0.00 0.00 22.45#vmstat:procs -----------memory---------- ---swap-- -----io---- -system-- ------cpu----- r b swpd free buff cache si so bi bo in cs us sy id wa st 2 0 42456 197904 337496 2311100 0 0 4 6 10 11 77 1 22 0 0
#date:Tue Jul 16 12:59:44 CEST 2019#hostname:10.214.221.229 172.17.0.1 172.19.0.1 #SWAP:Swap: 8.0G 41M 8.0G#RAM:Mem: 3.9G 1.1G 193M 23M 2.5G 2.4G#Disk:Filesystem Size Used Avail Use% Mounted on /dev/mapper/sopvpyves--vg-root 39G 13G 24G 36% /#Load:loadaverage:2.12,#Network:Iface MTU Met RX-OK RX-ERR RX-DRP RX-OVR TX-OK TX-ERR TX-DRP TX-OVR Flg ens160 1500 0 326307364 0 0 0 296314877 0 0 0 BMRU #iostat:avg-cpu: %user %nice %system %iowait %steal %idle 76.93 0.00 0.57 0.02 0.00 22.48#iooperation:Device: tps kB_read/s kB_wrtn/s kB_read kB_wrtn sda 0.89 7.87 11.02 10514012 14710213 dm-0 1.56 7.83 10.94 10456378 14612356 dm-1 0.01 0.01 0.03 7986 43616#mpstat:12:59:45 PM CPU %usr %nice %sys %iowait %irq %soft %steal %guest %gnice %idle 12:59:45 PM all 76.93 0.00 0.28 0.02 0.00 0.29 0.00 0.00 0.00 22.48 12:59:45 PM 0 77.19 0.00 0.28 0.02 0.00 0.00 0.00 0.00 0.00 22.51 12:59:45 PM 1 76.66 0.00 0.28 0.02 0.00 0.58 0.00 0.00 0.00 22.45#vmstat:procs -----------memory---------- ---swap-- -----io---- -system-- ------cpu----- r b swpd free buff cache si so bi bo in cs us sy id wa st 2 0 42456 197736 337504 2311212 0 0 4 6 10 11 77 1 22 0 0
#date:Tue Jul 16 13:00:45 CEST 2019#hostname:10.214.221.229 172.17.0.1 172.19.0.1 #SWAP:Swap: 8.0G 41M 8.0G#RAM:Mem: 3.9G 1.1G 193M 23M 2.5G 2.4G#Disk:Filesystem Size Used Avail Use% Mounted on /dev/mapper/sopvpyves--vg-root 39G 13G 24G 36% /#Load:loadaverage:2.15,#Network:Iface MTU Met RX-OK RX-ERR RX-DRP RX-OVR TX-OK TX-ERR TX-DRP TX-OVR Flg ens160 1500 0 326313578 0 0 0 296319908 0 0 0 BMRU #iostat:avg-cpu: %user %nice %system %iowait %steal %idle 76.93 0.00 0.57 0.02 0.00 22.48#iooperation:Device: tps kB_read/s kB_wrtn/s kB_read kB_wrtn sda 0.89 7.87 11.02 10514012 14710497 dm-0 1.56 7.83 10.94 10456378 14612640 dm-1 0.01 0.01 0.03 7986 43616#mpstat:01:00:45 PM CPU %usr %nice %sys %iowait %irq %soft %steal %guest %gnice %idle 01:00:45 PM all 76.93 0.00 0.28 0.02 0.00 0.29 0.00 0.00 0.00 22.48 01:00:45 PM 0 77.20 0.00 0.28 0.02 0.00 0.00 0.00 0.00 0.00 22.51 01:00:45 PM 1 76.66 0.00 0.28 0.02 0.00 0.58 0.00 0.00 0.00 22.45#vmstat:procs -----------memory---------- ---swap-- -----io---- -system-- ------cpu----- r b swpd free buff cache si so bi bo in cs us sy id wa st 2 0 42456 197660 337524 2311204 0 0 4 6 10 11 77 1 22 0 0
#date:Tue Jul 16 13:01:45 CEST 2019#hostname:10.214.221.229 172.17.0.1 172.19.0.1 #SWAP:Swap: 8.0G 41M 8.0G#RAM:Mem: 3.9G 1.1G 193M 23M 2.5G 2.4G#Disk:Filesystem Size Used Avail Use% Mounted on /dev/mapper/sopvpyves--vg-root 39G 13G 24G 36% /#Load:loadaverage:2.03,#Network:Iface MTU Met RX-OK RX-ERR RX-DRP RX-OVR TX-OK TX-ERR TX-DRP TX-OVR Flg ens160 1500 0 326319635 0 0 0 296324873 0 0 0 BMRU #iostat:avg-cpu: %user %nice %system %iowait %steal %idle 76.93 0.00 0.57 0.02 0.00 22.48#iooperation:Device: tps kB_read/s kB_wrtn/s kB_read kB_wrtn sda 0.89 7.87 11.02 10514012 14710781 dm-0 1.56 7.83 10.94 10456378 14612924 dm-1 0.01 0.01 0.03 7986 43616#mpstat:01:01:45 PM CPU %usr %nice %sys %iowait %irq %soft %steal %guest %gnice %idle 01:01:45 PM all 76.93 0.00 0.28 0.02 0.00 0.29 0.00 0.00 0.00 22.48 01:01:45 PM 0 77.20 0.00 0.28 0.02 0.00 0.00 0.00 0.00 0.00 22.51 01:01:45 PM 1 76.66 0.00 0.28 0.02 0.00 0.58 0.00 0.00 0.00 22.45#vmstat:procs -----------memory---------- ---swap-- -----io---- -system-- ------cpu----- r b swpd free buff cache si so bi bo in cs us sy id wa st 2 0 42456 197512 337536 2311336 0 0 4 6 10 11 77 1 22 0 0
#date:Tue Jul 16 13:02:45 CEST 2019#hostname:10.214.221.229 172.17.0.1 172.19.0.1 #SWAP:Swap: 8.0G 41M 8.0G#RAM:Mem: 3.9G 1.1G 192M 23M 2.5G 2.4G#Disk:Filesystem Size Used Avail Use% Mounted on /dev/mapper/sopvpyves--vg-root 39G 13G 24G 36% /#Load:loadaverage:2.01,#Network:Iface MTU Met RX-OK RX-ERR RX-DRP RX-OVR TX-OK TX-ERR TX-DRP TX-OVR Flg ens160 1500 0 326325744 0 0 0 296329880 0 0 0 BMRU #iostat:avg-cpu: %user %nice %system %iowait %steal %idle 76.93 0.00 0.57 0.02 0.00 22.47#iooperation:Device: tps kB_read/s kB_wrtn/s kB_read kB_wrtn sda 0.89 7.87 11.01 10514012 14711137 dm-0 1.56 7.83 10.94 10456378 14613280 dm-1 0.01 0.01 0.03 7986 43616#mpstat:01:02:46 PM CPU %usr %nice %sys %iowait %irq %soft %steal %guest %gnice %idle 01:02:46 PM all 76.93 0.00 0.28 0.02 0.00 0.29 0.00 0.00 0.00 22.47 01:02:46 PM 0 77.20 0.00 0.28 0.02 0.00 0.00 0.00 0.00 0.00 22.50 01:02:46 PM 1 76.66 0.00 0.28 0.02 0.00 0.58 0.00 0.00 0.00 22.45#vmstat:procs -----------memory---------- ---swap-- -----io---- -system-- ------cpu----- r b swpd free buff cache si so bi bo in cs us sy id wa st 3 0 42456 197576 337540 2311396 0 0 4 6 10 11 77 1 22 0 0
#date:Tue Jul 16 13:03:46 CEST 2019#hostname:10.214.221.229 172.17.0.1 172.19.0.1 #SWAP:Swap: 8.0G 41M 8.0G#RAM:Mem: 3.9G 1.1G 192M 23M 2.5G 2.4G#Disk:Filesystem Size Used Avail Use% Mounted on /dev/mapper/sopvpyves--vg-root 39G 13G 24G 36% /#Load:loadaverage:2.00,#Network:Iface MTU Met RX-OK RX-ERR RX-DRP RX-OVR TX-OK TX-ERR TX-DRP TX-OVR Flg ens160 1500 0 326331885 0 0 0 296334998 0 0 0 BMRU #iostat:avg-cpu: %user %nice %system %iowait %steal %idle 76.93 0.00 0.57 0.02 0.00 22.47#iooperation:Device: tps kB_read/s kB_wrtn/s kB_read kB_wrtn sda 0.89 7.87 11.01 10514012 14711449 dm-0 1.56 7.83 10.94 10456378 14613592 dm-1 0.01 0.01 0.03 7986 43616#mpstat:01:03:46 PM CPU %usr %nice %sys %iowait %irq %soft %steal %guest %gnice %idle 01:03:46 PM all 76.93 0.00 0.28 0.02 0.00 0.29 0.00 0.00 0.00 22.47 01:03:46 PM 0 77.20 0.00 0.28 0.02 0.00 0.00 0.00 0.00 0.00 22.50 01:03:46 PM 1 76.66 0.00 0.28 0.02 0.00 0.58 0.00 0.00 0.00 22.44#vmstat:procs -----------memory---------- ---swap-- -----io---- -system-- ------cpu----- r b swpd free buff cache si so bi bo in cs us sy id wa st 2 0 42456 196916 337556 2311436 0 0 4 6 10 11 77 1 22 0 0
#date:Tue Jul 16 13:04:46 CEST 2019#hostname:10.214.221.229 172.17.0.1 172.19.0.1 #SWAP:Swap: 8.0G 41M 8.0G#RAM:Mem: 3.9G 1.1G 192M 23M 2.5G 2.4G#Disk:Filesystem Size Used Avail Use% Mounted on /dev/mapper/sopvpyves--vg-root 39G 13G 24G 36% /#Load:loadaverage:2.12,#Network:Iface MTU Met RX-OK RX-ERR RX-DRP RX-OVR TX-OK TX-ERR TX-DRP TX-OVR Flg ens160 1500 0 326338103 0 0 0 296340077 0 0 0 BMRU #iostat:avg-cpu: %user %nice %system %iowait %steal %idle 76.93 0.00 0.57 0.02 0.00 22.47#iooperation:Device: tps kB_read/s kB_wrtn/s kB_read kB_wrtn sda 0.89 7.87 11.01 10514012 14711821 dm-0 1.56 7.83 10.94 10456378 14613964 dm-1 0.01 0.01 0.03 7986 43616#mpstat:01:04:47 PM CPU %usr %nice %sys %iowait %irq %soft %steal %guest %gnice %idle 01:04:47 PM all 76.93 0.00 0.28 0.02 0.00 0.29 0.00 0.00 0.00 22.47 01:04:47 PM 0 77.20 0.00 0.28 0.02 0.00 0.00 0.00 0.00 0.00 22.50 01:04:47 PM 1 76.67 0.00 0.28 0.02 0.00 0.58 0.00 0.00 0.00 22.44#vmstat:procs -----------memory---------- ---swap-- -----io---- -system-- ------cpu----- r b swpd free buff cache si so bi bo in cs us sy id wa st 2 0 42456 196392 337564 2311576 0 0 4 6 10 11 77 1 22 0 0
#date:Tue Jul 16 13:05:47 CEST 2019#hostname:10.214.221.229 172.17.0.1 172.19.0.1 #SWAP:Swap: 8.0G 41M 8.0G#RAM:Mem: 3.9G 1.1G 191M 23M 2.5G 2.4G#Disk:Filesystem Size Used Avail Use% Mounted on /dev/mapper/sopvpyves--vg-root 39G 13G 24G 36% /#Load:loadaverage:2.20,#Network:Iface MTU Met RX-OK RX-ERR RX-DRP RX-OVR TX-OK TX-ERR TX-DRP TX-OVR Flg ens160 1500 0 326344238 0 0 0 296345146 0 0 0 BMRU #iostat:avg-cpu: %user %nice %system %iowait %steal %idle 76.93 0.00 0.57 0.02 0.00 22.47#iooperation:Device: tps kB_read/s kB_wrtn/s kB_read kB_wrtn sda 0.89 7.87 11.01 10514012 14712153 dm-0 1.56 7.83 10.94 10456378 14614296 dm-1 0.01 0.01 0.03 7986 43616#mpstat:01:05:47 PM CPU %usr %nice %sys %iowait %irq %soft %steal %guest %gnice %idle 01:05:47 PM all 76.93 0.00 0.28 0.02 0.00 0.29 0.00 0.00 0.00 22.47 01:05:47 PM 0 77.20 0.00 0.28 0.02 0.00 0.00 0.00 0.00 0.00 22.50 01:05:47 PM 1 76.67 0.00 0.28 0.02 0.00 0.58 0.00 0.00 0.00 22.44#vmstat:procs -----------memory---------- ---swap-- -----io---- -system-- ------cpu----- r b swpd free buff cache si so bi bo in cs us sy id wa st 2 0 42456 196200 337568 2311612 0 0 4 6 10 11 77 1 22 0 0
#date:Tue Jul 16 13:06:47 CEST 2019#hostname:10.214.221.229 172.17.0.1 172.19.0.1 #SWAP:Swap: 8.0G 41M 8.0G#RAM:Mem: 3.9G 1.1G 191M 23M 2.5G 2.4G#Disk:Filesystem Size Used Avail Use% Mounted on /dev/mapper/sopvpyves--vg-root 39G 13G 24G 36% /#Load:loadaverage:2.07,#Network:Iface MTU Met RX-OK RX-ERR RX-DRP RX-OVR TX-OK TX-ERR TX-DRP TX-OVR Flg ens160 1500 0 326350466 0 0 0 296350216 0 0 0 BMRU #iostat:avg-cpu: %user %nice %system %iowait %steal %idle 76.93 0.00 0.57 0.02 0.00 22.47#iooperation:Device: tps kB_read/s kB_wrtn/s kB_read kB_wrtn sda 0.89 7.87 11.01 10514012 14712473 dm-0 1.56 7.83 10.94 10456378 14614616 dm-1 0.01 0.01 0.03 7986 43616#mpstat:01:06:47 PM CPU %usr %nice %sys %iowait %irq %soft %steal %guest %gnice %idle 01:06:47 PM all 76.93 0.00 0.28 0.02 0.00 0.29 0.00 0.00 0.00 22.47 01:06:47 PM 0 77.20 0.00 0.28 0.02 0.00 0.00 0.00 0.00 0.00 22.50 01:06:47 PM 1 76.67 0.00 0.28 0.02 0.00 0.58 0.00 0.00 0.00 22.44#vmstat:procs -----------memory---------- ---swap-- -----io---- -system-- ------cpu----- r b swpd free buff cache si so bi bo in cs us sy id wa st 2 0 42456 195756 337592 2311724 0 0 4 6 10 11 77 1 22 0 0
#date:Tue Jul 16 13:07:47 CEST 2019#hostname:10.214.221.229 172.17.0.1 172.19.0.1 #SWAP:Swap: 8.0G 41M 8.0G#RAM:Mem: 3.9G 1.2G 325M 23M 2.3G 2.3G#Disk:Filesystem Size Used Avail Use% Mounted on /dev/mapper/sopvpyves--vg-root 39G 13G 24G 36% /#Load:loadaverage:2.02,#Network:Iface MTU Met RX-OK RX-ERR RX-DRP RX-OVR TX-OK TX-ERR TX-DRP TX-OVR Flg ens160 1500 0 326360075 0 0 0 296357710 0 0 0 BMRU #iostat:avg-cpu: %user %nice %system %iowait %steal %idle 76.94 0.00 0.57 0.02 0.00 22.47#iooperation:Device: tps kB_read/s kB_wrtn/s kB_read kB_wrtn sda 0.89 7.88 11.01 10526400 14712737 dm-0 1.56 7.84 10.94 10468754 14614880 dm-1 0.01 0.01 0.03 7998 43616#mpstat:01:07:48 PM CPU %usr %nice %sys %iowait %irq %soft %steal %guest %gnice %idle 01:07:48 PM all 76.94 0.00 0.28 0.02 0.00 0.29 0.00 0.00 0.00 22.47 01:07:48 PM 0 77.20 0.00 0.28 0.02 0.00 0.00 0.00 0.00 0.00 22.50 01:07:48 PM 1 76.67 0.00 0.28 0.02 0.00 0.58 0.00 0.00 0.00 22.44#vmstat:procs -----------memory---------- ---swap-- -----io---- -system-- ------cpu----- r b swpd free buff cache si so bi bo in cs us sy id wa st 2 0 42456 333180 337596 2077380 0 0 4 6 10 11 77 1 22 0 0
#date:Tue Jul 16 13:08:48 CEST 2019#hostname:10.214.221.229 172.17.0.1 172.19.0.1 #SWAP:Swap: 8.0G 41M 8.0G#RAM:Mem: 3.9G 1.3G 269M 23M 2.3G 2.2G#Disk:Filesystem Size Used Avail Use% Mounted on /dev/mapper/sopvpyves--vg-root 39G 13G 24G 36% /#Load:loadaverage:2.01,#Network:Iface MTU Met RX-OK RX-ERR RX-DRP RX-OVR TX-OK TX-ERR TX-DRP TX-OVR Flg ens160 1500 0 326368594 0 0 0 296364403 0 0 0 BMRU #iostat:avg-cpu: %user %nice %system %iowait %steal %idle 76.94 0.00 0.57 0.02 0.00 22.47#iooperation:Device: tps kB_read/s kB_wrtn/s kB_read kB_wrtn sda 0.89 7.88 11.01 10527744 14713033 dm-0 1.56 7.84 10.94 10470098 14615176 dm-1 0.01 0.01 0.03 7998 43616#mpstat:01:08:48 PM CPU %usr %nice %sys %iowait %irq %soft %steal %guest %gnice %idle 01:08:48 PM all 76.94 0.00 0.28 0.02 0.00 0.29 0.00 0.00 0.00 22.47 01:08:48 PM 0 77.20 0.00 0.28 0.02 0.00 0.00 0.00 0.00 0.00 22.50 01:08:48 PM 1 76.67 0.00 0.28 0.02 0.00 0.58 0.00 0.00 0.00 22.44#vmstat:procs -----------memory---------- ---swap-- -----io---- -system-- ------cpu----- r b swpd free buff cache si so bi bo in cs us sy id wa st 2 0 42456 275276 337604 2078932 0 0 4 6 10 11 77 1 22 0 0
#date:Tue Jul 16 13:09:48 CEST 2019#hostname:10.214.221.229 172.17.0.1 172.19.0.1 #SWAP:Swap: 8.0G 41M 8.0G#RAM:Mem: 3.9G 1.3G 260M 23M 2.3G 2.2G#Disk:Filesystem Size Used Avail Use% Mounted on /dev/mapper/sopvpyves--vg-root 39G 13G 24G 36% /#Load:loadaverage:2.00,#Network:Iface MTU Met RX-OK RX-ERR RX-DRP RX-OVR TX-OK TX-ERR TX-DRP TX-OVR Flg ens160 1500 0 326375535 0 0 0 296369950 0 0 0 BMRU #iostat:avg-cpu: %user %nice %system %iowait %steal %idle 76.94 0.00 0.57 0.02 0.00 22.47#iooperation:Device: tps kB_read/s kB_wrtn/s kB_read kB_wrtn sda 0.89 7.88 11.01 10527744 14713321 dm-0 1.56 7.84 10.94 10470098 14615464 dm-1 0.01 0.01 0.03 7998 43616#mpstat:01:09:48 PM CPU %usr %nice %sys %iowait %irq %soft %steal %guest %gnice %idle 01:09:48 PM all 76.94 0.00 0.28 0.02 0.00 0.29 0.00 0.00 0.00 22.47 01:09:48 PM 0 77.20 0.00 0.28 0.02 0.00 0.00 0.00 0.00 0.00 22.50 01:09:48 PM 1 76.67 0.00 0.28 0.02 0.00 0.58 0.00 0.00 0.00 22.44#vmstat:procs -----------memory---------- ---swap-- -----io---- -system-- ------cpu----- r b swpd free buff cache si so bi bo in cs us sy id wa st 2 0 42456 265880 337624 2078908 0 0 4 6 11 11 77 1 22 0 0
#date:Tue Jul 16 13:10:48 CEST 2019#hostname:10.214.221.229 172.17.0.1 172.19.0.1 #SWAP:Swap: 8.0G 41M 8.0G#RAM:Mem: 3.9G 1.3G 261M 23M 2.3G 2.2G#Disk:Filesystem Size Used Avail Use% Mounted on /dev/mapper/sopvpyves--vg-root 39G 13G 24G 36% /#Load:loadaverage:2.00,#Network:Iface MTU Met RX-OK RX-ERR RX-DRP RX-OVR TX-OK TX-ERR TX-DRP TX-OVR Flg ens160 1500 0 326381914 0 0 0 296375183 0 0 0 BMRU #iostat:avg-cpu: %user %nice %system %iowait %steal %idle 76.94 0.00 0.57 0.02 0.00 22.47#iooperation:Device: tps kB_read/s kB_wrtn/s kB_read kB_wrtn sda 0.89 7.88 11.01 10527744 14713597 dm-0 1.56 7.84 10.94 10470098 14615740 dm-1 0.01 0.01 0.03 7998 43616#mpstat:01:10:49 PM CPU %usr %nice %sys %iowait %irq %soft %steal %guest %gnice %idle 01:10:49 PM all 76.94 0.00 0.28 0.02 0.00 0.29 0.00 0.00 0.00 22.47 01:10:49 PM 0 77.20 0.00 0.28 0.02 0.00 0.00 0.00 0.00 0.00 22.50 01:10:49 PM 1 76.67 0.00 0.28 0.02 0.00 0.58 0.00 0.00 0.00 22.44#vmstat:procs -----------memory---------- ---swap-- -----io---- -system-- ------cpu----- r b swpd free buff cache si so bi bo in cs us sy id wa st 3 0 42456 267476 337628 2078984 0 0 4 6 11 11 77 1 22 0 0
#date:Tue Jul 16 13:11:49 CEST 2019#hostname:10.214.221.229 172.17.0.1 172.19.0.1 #SWAP:Swap: 8.0G 41M 8.0G#RAM:Mem: 3.9G 1.3G 261M 23M 2.3G 2.2G#Disk:Filesystem Size Used Avail Use% Mounted on /dev/mapper/sopvpyves--vg-root 39G 13G 24G 36% /#Load:loadaverage:2.05,#Network:Iface MTU Met RX-OK RX-ERR RX-DRP RX-OVR TX-OK TX-ERR TX-DRP TX-OVR Flg ens160 1500 0 326388424 0 0 0 296380462 0 0 0 BMRU #iostat:avg-cpu: %user %nice %system %iowait %steal %idle 76.94 0.00 0.57 0.02 0.00 22.47#iooperation:Device: tps kB_read/s kB_wrtn/s kB_read kB_wrtn sda 0.89 7.88 11.01 10527748 14713973 dm-0 1.56 7.84 10.94 10470102 14616116 dm-1 0.01 0.01 0.03 7998 43616#mpstat:01:11:49 PM CPU %usr %nice %sys %iowait %irq %soft %steal %guest %gnice %idle 01:11:49 PM all 76.94 0.00 0.28 0.02 0.00 0.29 0.00 0.00 0.00 22.47 01:11:49 PM 0 77.21 0.00 0.28 0.02 0.00 0.00 0.00 0.00 0.00 22.50 01:11:49 PM 1 76.67 0.00 0.28 0.02 0.00 0.58 0.00 0.00 0.00 22.44#vmstat:procs -----------memory---------- ---swap-- -----io---- -system-- ------cpu----- r b swpd free buff cache si so bi bo in cs us sy id wa st 2 0 42456 266676 337644 2079108 0 0 4 6 11 11 77 1 22 0 0
#date:Tue Jul 16 13:12:49 CEST 2019#hostname:10.214.221.229 172.17.0.1 172.19.0.1 #SWAP:Swap: 8.0G 41M 8.0G#RAM:Mem: 3.9G 1.3G 260M 23M 2.3G 2.2G#Disk:Filesystem Size Used Avail Use% Mounted on /dev/mapper/sopvpyves--vg-root 39G 13G 24G 36% /#Load:loadaverage:2.08,#Network:Iface MTU Met RX-OK RX-ERR RX-DRP RX-OVR TX-OK TX-ERR TX-DRP TX-OVR Flg ens160 1500 0 326394826 0 0 0 296385704 0 0 0 BMRU #iostat:avg-cpu: %user %nice %system %iowait %steal %idle 76.94 0.00 0.57 0.02 0.00 22.47#iooperation:Device: tps kB_read/s kB_wrtn/s kB_read kB_wrtn sda 0.89 7.88 11.01 10527748 14714221 dm-0 1.56 7.84 10.94 10470102 14616364 dm-1 0.01 0.01 0.03 7998 43616#mpstat:01:12:50 PM CPU %usr %nice %sys %iowait %irq %soft %steal %guest %gnice %idle 01:12:50 PM all 76.94 0.00 0.28 0.02 0.00 0.29 0.00 0.00 0.00 22.47 01:12:50 PM 0 77.21 0.00 0.28 0.02 0.00 0.00 0.00 0.00 0.00 22.49 01:12:50 PM 1 76.67 0.00 0.28 0.02 0.00 0.58 0.00 0.00 0.00 22.44#vmstat:procs -----------memory---------- ---swap-- -----io---- -system-- ------cpu----- r b swpd free buff cache si so bi bo in cs us sy id wa st 2 0 42456 266448 337668 2079124 0 0 4 6 11 11 77 1 22 0 0
#date:Tue Jul 16 13:13:50 CEST 2019#hostname:10.214.221.229 172.17.0.1 172.19.0.1 #SWAP:Swap: 8.0G 41M 8.0G#RAM:Mem: 3.9G 1.3G 260M 23M 2.3G 2.2G#Disk:Filesystem Size Used Avail Use% Mounted on /dev/mapper/sopvpyves--vg-root 39G 13G 24G 36% /#Load:loadaverage:2.11,#Network:Iface MTU Met RX-OK RX-ERR RX-DRP RX-OVR TX-OK TX-ERR TX-DRP TX-OVR Flg ens160 1500 0 326401276 0 0 0 296391014 0 0 0 BMRU #iostat:avg-cpu: %user %nice %system %iowait %steal %idle 76.94 0.00 0.57 0.02 0.00 22.46#iooperation:Device: tps kB_read/s kB_wrtn/s kB_read kB_wrtn sda 0.89 7.88 11.01 10527748 14714449 dm-0 1.56 7.84 10.94 10470102 14616592 dm-1 0.01 0.01 0.03 7998 43616#mpstat:01:13:50 PM CPU %usr %nice %sys %iowait %irq %soft %steal %guest %gnice %idle 01:13:50 PM all 76.94 0.00 0.28 0.02 0.00 0.29 0.00 0.00 0.00 22.46 01:13:50 PM 0 77.21 0.00 0.28 0.02 0.00 0.00 0.00 0.00 0.00 22.49 01:13:50 PM 1 76.67 0.00 0.28 0.02 0.00 0.58 0.00 0.00 0.00 22.43#vmstat:procs -----------memory---------- ---swap-- -----io---- -system-- ------cpu----- r b swpd free buff cache si so bi bo in cs us sy id wa st 2 0 42456 266440 337684 2079156 0 0 4 6 11 11 77 1 22 0 0
#date:Tue Jul 16 13:14:50 CEST 2019#hostname:10.214.221.229 172.17.0.1 172.19.0.1 #SWAP:Swap: 8.0G 41M 8.0G#RAM:Mem: 3.9G 1.3G 260M 23M 2.3G 2.2G#Disk:Filesystem Size Used Avail Use% Mounted on /dev/mapper/sopvpyves--vg-root 39G 13G 24G 36% /#Load:loadaverage:1.99,#Network:Iface MTU Met RX-OK RX-ERR RX-DRP RX-OVR TX-OK TX-ERR TX-DRP TX-OVR Flg ens160 1500 0 326407778 0 0 0 296396334 0 0 0 BMRU #iostat:avg-cpu: %user %nice %system %iowait %steal %idle 76.94 0.00 0.57 0.02 0.00 22.46#iooperation:Device: tps kB_read/s kB_wrtn/s kB_read kB_wrtn sda 0.89 7.88 11.01 10527748 14714693 dm-0 1.56 7.84 10.94 10470102 14616836 dm-1 0.01 0.01 0.03 7998 43616#mpstat:01:14:50 PM CPU %usr %nice %sys %iowait %irq %soft %steal %guest %gnice %idle 01:14:50 PM all 76.94 0.00 0.28 0.02 0.00 0.29 0.00 0.00 0.00 22.46 01:14:50 PM 0 77.21 0.00 0.28 0.02 0.00 0.00 0.00 0.00 0.00 22.49 01:14:50 PM 1 76.68 0.00 0.28 0.02 0.00 0.58 0.00 0.00 0.00 22.43#vmstat:procs -----------memory---------- ---swap-- -----io---- -system-- ------cpu----- r b swpd free buff cache si so bi bo in cs us sy id wa st 2 0 42456 266624 337696 2079208 0 0 4 6 11 11 77 1 22 0 0
#date:Tue Jul 16 13:15:50 CEST 2019#hostname:10.214.221.229 172.17.0.1 172.19.0.1 #SWAP:Swap: 8.0G 41M 8.0G#RAM:Mem: 3.9G 1.2G 312M 23M 2.3G 2.3G#Disk:Filesystem Size Used Avail Use% Mounted on /dev/mapper/sopvpyves--vg-root 39G 13G 24G 36% /#Load:loadaverage:2.08,#Network:Iface MTU Met RX-OK RX-ERR RX-DRP RX-OVR TX-OK TX-ERR TX-DRP TX-OVR Flg ens160 1500 0 326414205 0 0 0 296401672 0 0 0 BMRU #iostat:avg-cpu: %user %nice %system %iowait %steal %idle 76.94 0.00 0.57 0.02 0.00 22.46#iooperation:Device: tps kB_read/s kB_wrtn/s kB_read kB_wrtn sda 0.89 7.88 11.01 10527748 14714961 dm-0 1.56 7.83 10.94 10470102 14617104 dm-1 0.01 0.01 0.03 7998 43616#mpstat:01:15:51 PM CPU %usr %nice %sys %iowait %irq %soft %steal %guest %gnice %idle 01:15:51 PM all 76.94 0.00 0.28 0.02 0.00 0.29 0.00 0.00 0.00 22.46 01:15:51 PM 0 77.21 0.00 0.28 0.02 0.00 0.00 0.00 0.00 0.00 22.49 01:15:51 PM 1 76.68 0.00 0.28 0.02 0.00 0.58 0.00 0.00 0.00 22.43#vmstat:procs -----------memory---------- ---swap-- -----io---- -system-- ------cpu----- r b swpd free buff cache si so bi bo in cs us sy id wa st 2 0 42456 319912 337704 2079140 0 0 4 6 11 11 77 1 22 0 0
#date:Tue Jul 16 13:16:51 CEST 2019#hostname:10.214.221.229 172.17.0.1 172.19.0.1 #SWAP:Swap: 8.0G 41M 8.0G#RAM:Mem: 3.9G 1.2G 313M 23M 2.3G 2.3G#Disk:Filesystem Size Used Avail Use% Mounted on /dev/mapper/sopvpyves--vg-root 39G 13G 24G 36% /#Load:loadaverage:2.08,#Network:Iface MTU Met RX-OK RX-ERR RX-DRP RX-OVR TX-OK TX-ERR TX-DRP TX-OVR Flg ens160 1500 0 326420765 0 0 0 296407019 0 0 0 BMRU #iostat:avg-cpu: %user %nice %system %iowait %steal %idle 76.94 0.00 0.57 0.02 0.00 22.46#iooperation:Device: tps kB_read/s kB_wrtn/s kB_read kB_wrtn sda 0.89 7.88 11.01 10527748 14715289 dm-0 1.56 7.83 10.94 10470102 14617432 dm-1 0.01 0.01 0.03 7998 43616#mpstat:01:16:51 PM CPU %usr %nice %sys %iowait %irq %soft %steal %guest %gnice %idle 01:16:51 PM all 76.94 0.00 0.28 0.02 0.00 0.29 0.00 0.00 0.00 22.46 01:16:51 PM 0 77.21 0.00 0.28 0.02 0.00 0.00 0.00 0.00 0.00 22.49 01:16:51 PM 1 76.68 0.00 0.28 0.02 0.00 0.58 0.00 0.00 0.00 22.43#vmstat:procs -----------memory---------- ---swap-- -----io---- -system-- ------cpu----- r b swpd free buff cache si so bi bo in cs us sy id wa st 2 0 42456 320272 337708 2079196 0 0 4 6 11 11 77 1 22 0 0
#date:Tue Jul 16 13:17:51 CEST 2019#hostname:10.214.221.229 172.17.0.1 172.19.0.1 #SWAP:Swap: 8.0G 41M 8.0G#RAM:Mem: 3.9G 1.2G 313M 23M 2.3G 2.3G#Disk:Filesystem Size Used Avail Use% Mounted on /dev/mapper/sopvpyves--vg-root 39G 13G 24G 36% /#Load:loadaverage:2.02,#Network:Iface MTU Met RX-OK RX-ERR RX-DRP RX-OVR TX-OK TX-ERR TX-DRP TX-OVR Flg ens160 1500 0 326427425 0 0 0 296412464 0 0 0 BMRU #iostat:avg-cpu: %user %nice %system %iowait %steal %idle 76.94 0.00 0.57 0.02 0.00 22.46#iooperation:Device: tps kB_read/s kB_wrtn/s kB_read kB_wrtn sda 0.89 7.88 11.01 10527748 14715629 dm-0 1.56 7.83 10.94 10470102 14617772 dm-1 0.01 0.01 0.03 7998 43616#mpstat:01:17:52 PM CPU %usr %nice %sys %iowait %irq %soft %steal %guest %gnice %idle 01:17:52 PM all 76.94 0.00 0.28 0.02 0.00 0.29 0.00 0.00 0.00 22.46 01:17:52 PM 0 77.21 0.00 0.28 0.02 0.00 0.00 0.00 0.00 0.00 22.49 01:17:52 PM 1 76.68 0.00 0.28 0.02 0.00 0.58 0.00 0.00 0.00 22.43#vmstat:procs -----------memory---------- ---swap-- -----io---- -system-- ------cpu----- r b swpd free buff cache si so bi bo in cs us sy id wa st 4 0 42456 320572 337724 2079128 0 0 4 6 11 11 77 1 22 0 0
#date:Tue Jul 16 13:18:52 CEST 2019#hostname:10.214.221.229 172.17.0.1 172.19.0.1 #SWAP:Swap: 8.0G 41M 8.0G#RAM:Mem: 3.9G 1.2G 313M 23M 2.3G 2.3G#Disk:Filesystem Size Used Avail Use% Mounted on /dev/mapper/sopvpyves--vg-root 39G 13G 24G 36% /#Load:loadaverage:2.00,#Network:Iface MTU Met RX-OK RX-ERR RX-DRP RX-OVR TX-OK TX-ERR TX-DRP TX-OVR Flg ens160 1500 0 326434112 0 0 0 296417878 0 0 0 BMRU #iostat:avg-cpu: %user %nice %system %iowait %steal %idle 76.95 0.00 0.57 0.02 0.00 22.46#iooperation:Device: tps kB_read/s kB_wrtn/s kB_read kB_wrtn sda 0.89 7.88 11.01 10527748 14715849 dm-0 1.56 7.83 10.94 10470102 14617992 dm-1 0.01 0.01 0.03 7998 43616#mpstat:01:18:52 PM CPU %usr %nice %sys %iowait %irq %soft %steal %guest %gnice %idle 01:18:52 PM all 76.95 0.00 0.28 0.02 0.00 0.29 0.00 0.00 0.00 22.46 01:18:52 PM 0 77.21 0.00 0.28 0.02 0.00 0.00 0.00 0.00 0.00 22.49 01:18:52 PM 1 76.68 0.00 0.28 0.02 0.00 0.58 0.00 0.00 0.00 22.43#vmstat:procs -----------memory---------- ---swap-- -----io---- -system-- ------cpu----- r b swpd free buff cache si so bi bo in cs us sy id wa st 2 0 42456 320504 337732 2079088 0 0 4 6 11 11 77 1 22 0 0
#date:Tue Jul 16 13:19:52 CEST 2019#hostname:10.214.221.229 172.17.0.1 172.19.0.1 #SWAP:Swap: 8.0G 41M 8.0G#RAM:Mem: 3.9G 1.2G 312M 23M 2.3G 2.3G#Disk:Filesystem Size Used Avail Use% Mounted on /dev/mapper/sopvpyves--vg-root 39G 13G 24G 36% /#Load:loadaverage:2.05,#Network:Iface MTU Met RX-OK RX-ERR RX-DRP RX-OVR TX-OK TX-ERR TX-DRP TX-OVR Flg ens160 1500 0 326440888 0 0 0 296423362 0 0 0 BMRU #iostat:avg-cpu: %user %nice %system %iowait %steal %idle 76.95 0.00 0.57 0.02 0.00 22.46#iooperation:Device: tps kB_read/s kB_wrtn/s kB_read kB_wrtn sda 0.89 7.88 11.01 10527748 14716117 dm-0 1.56 7.83 10.94 10470102 14618260 dm-1 0.01 0.01 0.03 7998 43616#mpstat:01:19:52 PM CPU %usr %nice %sys %iowait %irq %soft %steal %guest %gnice %idle 01:19:52 PM all 76.95 0.00 0.28 0.02 0.00 0.29 0.00 0.00 0.00 22.46 01:19:52 PM 0 77.21 0.00 0.28 0.02 0.00 0.00 0.00 0.00 0.00 22.49 01:19:52 PM 1 76.68 0.00 0.28 0.02 0.00 0.58 0.00 0.00 0.00 22.43#vmstat:procs -----------memory---------- ---swap-- -----io---- -system-- ------cpu----- r b swpd free buff cache si so bi bo in cs us sy id wa st 4 0 42456 319812 337740 2079192 0 0 4 6 11 11 77 1 22 0 0
#date:Tue Jul 16 13:20:52 CEST 2019#hostname:10.214.221.229 172.17.0.1 172.19.0.1 #SWAP:Swap: 8.0G 41M 8.0G#RAM:Mem: 3.9G 1.2G 311M 23M 2.3G 2.3G#Disk:Filesystem Size Used Avail Use% Mounted on /dev/mapper/sopvpyves--vg-root 39G 13G 24G 36% /#Load:loadaverage:2.06,#Network:Iface MTU Met RX-OK RX-ERR RX-DRP RX-OVR TX-OK TX-ERR TX-DRP TX-OVR Flg ens160 1500 0 326447563 0 0 0 296428784 0 0 0 BMRU #iostat:avg-cpu: %user %nice %system %iowait %steal %idle 76.95 0.00 0.57 0.02 0.00 22.46#iooperation:Device: tps kB_read/s kB_wrtn/s kB_read kB_wrtn sda 0.89 7.88 11.01 10527748 14716389 dm-0 1.56 7.83 10.94 10470102 14618532 dm-1 0.01 0.01 0.03 7998 43616#mpstat:01:20:53 PM CPU %usr %nice %sys %iowait %irq %soft %steal %guest %gnice %idle 01:20:53 PM all 76.95 0.00 0.28 0.02 0.00 0.29 0.00 0.00 0.00 22.46 01:20:53 PM 0 77.21 0.00 0.28 0.02 0.00 0.00 0.00 0.00 0.00 22.49 01:20:53 PM 1 76.68 0.00 0.28 0.02 0.00 0.58 0.00 0.00 0.00 22.43#vmstat:procs -----------memory---------- ---swap-- -----io---- -system-- ------cpu----- r b swpd free buff cache si so bi bo in cs us sy id wa st 2 0 42456 318960 337756 2079352 0 0 4 6 11 11 77 1 22 0 0
#date:Tue Jul 16 13:21:53 CEST 2019#hostname:10.214.221.229 172.17.0.1 172.19.0.1 #SWAP:Swap: 8.0G 41M 8.0G#RAM:Mem: 3.9G 1.2G 311M 23M 2.3G 2.3G#Disk:Filesystem Size Used Avail Use% Mounted on /dev/mapper/sopvpyves--vg-root 39G 13G 24G 36% /#Load:loadaverage:2.02,#Network:Iface MTU Met RX-OK RX-ERR RX-DRP RX-OVR TX-OK TX-ERR TX-DRP TX-OVR Flg ens160 1500 0 326454381 0 0 0 296434325 0 0 0 BMRU #iostat:avg-cpu: %user %nice %system %iowait %steal %idle 76.95 0.00 0.57 0.02 0.00 22.46#iooperation:Device: tps kB_read/s kB_wrtn/s kB_read kB_wrtn sda 0.89 7.88 11.01 10527748 14716761 dm-0 1.56 7.83 10.94 10470102 14618904 dm-1 0.01 0.01 0.03 7998 43616#mpstat:01:21:53 PM CPU %usr %nice %sys %iowait %irq %soft %steal %guest %gnice %idle 01:21:53 PM all 76.95 0.00 0.28 0.02 0.00 0.29 0.00 0.00 0.00 22.46 01:21:53 PM 0 77.22 0.00 0.28 0.02 0.00 0.00 0.00 0.00 0.00 22.49 01:21:53 PM 1 76.68 0.00 0.28 0.02 0.00 0.58 0.00 0.00 0.00 22.43#vmstat:procs -----------memory---------- ---swap-- -----io---- -system-- ------cpu----- r b swpd free buff cache si so bi bo in cs us sy id wa st 2 0 42456 318972 337772 2079396 0 0 4 6 11 11 77 1 22 0 0
#date:Tue Jul 16 13:22:53 CEST 2019#hostname:10.214.221.229 172.17.0.1 172.19.0.1 #SWAP:Swap: 8.0G 41M 8.0G#RAM:Mem: 3.9G 1.2G 311M 23M 2.3G 2.3G#Disk:Filesystem Size Used Avail Use% Mounted on /dev/mapper/sopvpyves--vg-root 39G 13G 24G 36% /#Load:loadaverage:2.15,#Network:Iface MTU Met RX-OK RX-ERR RX-DRP RX-OVR TX-OK TX-ERR TX-DRP TX-OVR Flg ens160 1500 0 326461145 0 0 0 296439928 0 0 0 BMRU #iostat:avg-cpu: %user %nice %system %iowait %steal %idle 76.95 0.00 0.57 0.02 0.00 22.46#iooperation:Device: tps kB_read/s kB_wrtn/s kB_read kB_wrtn sda 0.89 7.88 11.01 10527748 14717081 dm-0 1.56 7.83 10.94 10470102 14619224 dm-1 0.01 0.01 0.03 7998 43616#mpstat:01:22:54 PM CPU %usr %nice %sys %iowait %irq %soft %steal %guest %gnice %idle 01:22:54 PM all 76.95 0.00 0.28 0.02 0.00 0.29 0.00 0.00 0.00 22.46 01:22:54 PM 0 77.22 0.00 0.28 0.02 0.00 0.00 0.00 0.00 0.00 22.48 01:22:54 PM 1 76.68 0.00 0.28 0.02 0.00 0.58 0.00 0.00 0.00 22.43#vmstat:procs -----------memory---------- ---swap-- -----io---- -system-- ------cpu----- r b swpd free buff cache si so bi bo in cs us sy id wa st 2 0 42456 319044 337784 2079464 0 0 4 6 11 11 77 1 22 0 0
#date:Tue Jul 16 13:23:54 CEST 2019#hostname:10.214.221.229 172.17.0.1 172.19.0.1 #SWAP:Swap: 8.0G 41M 8.0G#RAM:Mem: 3.9G 1.2G 311M 23M 2.3G 2.3G#Disk:Filesystem Size Used Avail Use% Mounted on /dev/mapper/sopvpyves--vg-root 39G 13G 24G 36% /#Load:loadaverage:2.06,#Network:Iface MTU Met RX-OK RX-ERR RX-DRP RX-OVR TX-OK TX-ERR TX-DRP TX-OVR Flg ens160 1500 0 326467842 0 0 0 296445451 0 0 0 BMRU #iostat:avg-cpu: %user %nice %system %iowait %steal %idle 76.95 0.00 0.57 0.02 0.00 22.45#iooperation:Device: tps kB_read/s kB_wrtn/s kB_read kB_wrtn sda 0.89 7.88 11.01 10527748 14717353 dm-0 1.56 7.83 10.94 10470102 14619496 dm-1 0.01 0.01 0.03 7998 43616#mpstat:01:23:54 PM CPU %usr %nice %sys %iowait %irq %soft %steal %guest %gnice %idle 01:23:54 PM all 76.95 0.00 0.28 0.02 0.00 0.29 0.00 0.00 0.00 22.45 01:23:54 PM 0 77.22 0.00 0.28 0.02 0.00 0.00 0.00 0.00 0.00 22.48 01:23:54 PM 1 76.68 0.00 0.28 0.02 0.00 0.58 0.00 0.00 0.00 22.43#vmstat:procs -----------memory---------- ---swap-- -----io---- -system-- ------cpu----- r b swpd free buff cache si so bi bo in cs us sy id wa st 2 0 42456 318380 337788 2079512 0 0 4 6 11 11 77 1 22 0 0
#date:Tue Jul 16 13:24:54 CEST 2019#hostname:10.214.221.229 172.17.0.1 172.19.0.1 #SWAP:Swap: 8.0G 41M 8.0G#RAM:Mem: 3.9G 1.2G 310M 23M 2.3G 2.3G#Disk:Filesystem Size Used Avail Use% Mounted on /dev/mapper/sopvpyves--vg-root 39G 13G 24G 36% /#Load:loadaverage:2.15,#Network:Iface MTU Met RX-OK RX-ERR RX-DRP RX-OVR TX-OK TX-ERR TX-DRP TX-OVR Flg ens160 1500 0 326474638 0 0 0 296451067 0 0 0 BMRU #iostat:avg-cpu: %user %nice %system %iowait %steal %idle 76.95 0.00 0.57 0.02 0.00 22.45#iooperation:Device: tps kB_read/s kB_wrtn/s kB_read kB_wrtn sda 0.89 7.87 11.01 10527748 14717541 dm-0 1.56 7.83 10.94 10470102 14619684 dm-1 0.01 0.01 0.03 7998 43616#mpstat:01:24:54 PM CPU %usr %nice %sys %iowait %irq %soft %steal %guest %gnice %idle 01:24:54 PM all 76.95 0.00 0.28 0.02 0.00 0.29 0.00 0.00 0.00 22.45 01:24:54 PM 0 77.22 0.00 0.28 0.02 0.00 0.00 0.00 0.00 0.00 22.48 01:24:54 PM 1 76.69 0.00 0.28 0.02 0.00 0.58 0.00 0.00 0.00 22.42#vmstat:procs -----------memory---------- ---swap-- -----io---- -system-- ------cpu----- r b swpd free buff cache si so bi bo in cs us sy id wa st 2 0 42456 318016 337812 2079468 0 0 4 6 11 11 77 1 22 0 0
#date:Tue Jul 16 13:25:54 CEST 2019#hostname:10.214.221.229 172.17.0.1 172.19.0.1 #SWAP:Swap: 8.0G 41M 8.0G#RAM:Mem: 3.9G 1.2G 311M 23M 2.3G 2.3G#Disk:Filesystem Size Used Avail Use% Mounted on /dev/mapper/sopvpyves--vg-root 39G 13G 24G 36% /#Load:loadaverage:1.97,#Network:Iface MTU Met RX-OK RX-ERR RX-DRP RX-OVR TX-OK TX-ERR TX-DRP TX-OVR Flg ens160 1500 0 326481420 0 0 0 296456641 0 0 0 BMRU #iostat:avg-cpu: %user %nice %system %iowait %steal %idle 76.95 0.00 0.57 0.02 0.00 22.45#iooperation:Device: tps kB_read/s kB_wrtn/s kB_read kB_wrtn sda 0.89 7.87 11.01 10527748 14717853 dm-0 1.56 7.83 10.94 10470102 14619996 dm-1 0.01 0.01 0.03 7998 43616#mpstat:01:25:55 PM CPU %usr %nice %sys %iowait %irq %soft %steal %guest %gnice %idle 01:25:55 PM all 76.95 0.00 0.28 0.02 0.00 0.29 0.00 0.00 0.00 22.45 01:25:55 PM 0 77.22 0.00 0.28 0.02 0.00 0.00 0.00 0.00 0.00 22.48 01:25:55 PM 1 76.69 0.00 0.28 0.02 0.00 0.58 0.00 0.00 0.00 22.42#vmstat:procs -----------memory---------- ---swap-- -----io---- -system-- ------cpu----- r b swpd free buff cache si so bi bo in cs us sy id wa st 2 0 42456 318808 337824 2079592 0 0 4 6 11 11 77 1 22 0 0
#date:Tue Jul 16 13:26:55 CEST 2019#hostname:10.214.221.229 172.17.0.1 172.19.0.1 #SWAP:Swap: 8.0G 41M 8.0G#RAM:Mem: 3.9G 1.2G 311M 23M 2.3G 2.3G#Disk:Filesystem Size Used Avail Use% Mounted on /dev/mapper/sopvpyves--vg-root 39G 13G 24G 36% /#Load:loadaverage:1.99,#Network:Iface MTU Met RX-OK RX-ERR RX-DRP RX-OVR TX-OK TX-ERR TX-DRP TX-OVR Flg ens160 1500 0 326488296 0 0 0 296462243 0 0 0 BMRU #iostat:avg-cpu: %user %nice %system %iowait %steal %idle 76.95 0.00 0.57 0.02 0.00 22.45#iooperation:Device: tps kB_read/s kB_wrtn/s kB_read kB_wrtn sda 0.89 7.87 11.01 10527748 14718181 dm-0 1.56 7.83 10.94 10470102 14620324 dm-1 0.01 0.01 0.03 7998 43616#mpstat:01:26:55 PM CPU %usr %nice %sys %iowait %irq %soft %steal %guest %gnice %idle 01:26:55 PM all 76.95 0.00 0.28 0.02 0.00 0.29 0.00 0.00 0.00 22.45 01:26:55 PM 0 77.22 0.00 0.28 0.02 0.00 0.00 0.00 0.00 0.00 22.48 01:26:55 PM 1 76.69 0.00 0.28 0.02 0.00 0.58 0.00 0.00 0.00 22.42#vmstat:procs -----------memory---------- ---swap-- -----io---- -system-- ------cpu----- r b swpd free buff cache si so bi bo in cs us sy id wa st 2 0 42456 318488 337824 2079696 0 0 4 6 11 11 77 1 22 0 0
#date:Tue Jul 16 13:27:55 CEST 2019#hostname:10.214.221.229 172.17.0.1 172.19.0.1 #SWAP:Swap: 8.0G 41M 8.0G#RAM:Mem: 3.9G 1.2G 309M 23M 2.3G 2.3G#Disk:Filesystem Size Used Avail Use% Mounted on /dev/mapper/sopvpyves--vg-root 39G 13G 24G 36% /#Load:loadaverage:2.05,#Network:Iface MTU Met RX-OK RX-ERR RX-DRP RX-OVR TX-OK TX-ERR TX-DRP TX-OVR Flg ens160 1500 0 326495211 0 0 0 296467926 0 0 0 BMRU #iostat:avg-cpu: %user %nice %system %iowait %steal %idle 76.95 0.00 0.57 0.02 0.00 22.45#iooperation:Device: tps kB_read/s kB_wrtn/s kB_read kB_wrtn sda 0.89 7.87 11.01 10527748 14718417 dm-0 1.56 7.83 10.93 10470102 14620560 dm-1 0.01 0.01 0.03 7998 43616#mpstat:01:27:55 PM CPU %usr %nice %sys %iowait %irq %soft %steal %guest %gnice %idle 01:27:55 PM all 76.95 0.00 0.28 0.02 0.00 0.29 0.00 0.00 0.00 22.45 01:27:55 PM 0 77.22 0.00 0.28 0.02 0.00 0.00 0.00 0.00 0.00 22.48 01:27:55 PM 1 76.69 0.00 0.28 0.02 0.00 0.58 0.00 0.00 0.00 22.42#vmstat:procs -----------memory---------- ---swap-- -----io---- -system-- ------cpu----- r b swpd free buff cache si so bi bo in cs us sy id wa st 2 0 42456 317328 337840 2079748 0 0 4 6 11 11 77 1 22 0 0
#date:Tue Jul 16 13:28:56 CEST 2019#hostname:10.214.221.229 172.17.0.1 172.19.0.1 #SWAP:Swap: 8.0G 41M 8.0G#RAM:Mem: 3.9G 1.2G 310M 23M 2.3G 2.3G#Disk:Filesystem Size Used Avail Use% Mounted on /dev/mapper/sopvpyves--vg-root 39G 13G 24G 36% /#Load:loadaverage:2.25,#Network:Iface MTU Met RX-OK RX-ERR RX-DRP RX-OVR TX-OK TX-ERR TX-DRP TX-OVR Flg ens160 1500 0 326502062 0 0 0 296473566 0 0 0 BMRU #iostat:avg-cpu: %user %nice %system %iowait %steal %idle 76.96 0.00 0.57 0.02 0.00 22.45#iooperation:Device: tps kB_read/s kB_wrtn/s kB_read kB_wrtn sda 0.89 7.87 11.01 10527748 14718685 dm-0 1.56 7.83 10.93 10470102 14620828 dm-1 0.01 0.01 0.03 7998 43616#mpstat:01:28:56 PM CPU %usr %nice %sys %iowait %irq %soft %steal %guest %gnice %idle 01:28:56 PM all 76.96 0.00 0.28 0.02 0.00 0.29 0.00 0.00 0.00 22.45 01:28:56 PM 0 77.22 0.00 0.28 0.02 0.00 0.00 0.00 0.00 0.00 22.48 01:28:56 PM 1 76.69 0.00 0.28 0.02 0.00 0.58 0.00 0.00 0.00 22.42#vmstat:procs -----------memory---------- ---swap-- -----io---- -system-- ------cpu----- r b swpd free buff cache si so bi bo in cs us sy id wa st 3 0 42456 317040 337856 2079764 0 0 4 6 11 11 77 1 22 0 0
#date:Tue Jul 16 13:29:56 CEST 2019#hostname:10.214.221.229 172.17.0.1 172.19.0.1 #SWAP:Swap: 8.0G 41M 8.0G#RAM:Mem: 3.9G 1.2G 309M 23M 2.3G 2.3G#Disk:Filesystem Size Used Avail Use% Mounted on /dev/mapper/sopvpyves--vg-root 39G 13G 24G 36% /#Load:loadaverage:2.18,#Network:Iface MTU Met RX-OK RX-ERR RX-DRP RX-OVR TX-OK TX-ERR TX-DRP TX-OVR Flg ens160 1500 0 326509451 0 0 0 296479401 0 0 0 BMRU #iostat:avg-cpu: %user %nice %system %iowait %steal %idle 76.96 0.00 0.57 0.02 0.00 22.45#iooperation:Device: tps kB_read/s kB_wrtn/s kB_read kB_wrtn sda 0.89 7.87 11.01 10527748 14718921 dm-0 1.56 7.83 10.93 10470102 14621064 dm-1 0.01 0.01 0.03 7998 43616#mpstat:01:29:56 PM CPU %usr %nice %sys %iowait %irq %soft %steal %guest %gnice %idle 01:29:56 PM all 76.96 0.00 0.28 0.02 0.00 0.29 0.00 0.00 0.00 22.45 01:29:56 PM 0 77.22 0.00 0.28 0.02 0.00 0.00 0.00 0.00 0.00 22.48 01:29:56 PM 1 76.69 0.00 0.28 0.02 0.00 0.58 0.00 0.00 0.00 22.42#vmstat:procs -----------memory---------- ---swap-- -----io---- -system-- ------cpu----- r b swpd free buff cache si so bi bo in cs us sy id wa st 2 0 42456 316820 337860 2079784 0 0 4 6 11 11 77 1 22 0 0
#date:Tue Jul 16 13:30:56 CEST 2019#hostname:10.214.221.229 172.17.0.1 172.19.0.1 #SWAP:Swap: 8.0G 41M 8.0G#RAM:Mem: 3.9G 1.2G 308M 23M 2.3G 2.3G#Disk:Filesystem Size Used Avail Use% Mounted on /dev/mapper/sopvpyves--vg-root 39G 13G 24G 36% /#Load:loadaverage:2.12,#Network:Iface MTU Met RX-OK RX-ERR RX-DRP RX-OVR TX-OK TX-ERR TX-DRP TX-OVR Flg ens160 1500 0 326516916 0 0 0 296485164 0 0 0 BMRU #iostat:avg-cpu: %user %nice %system %iowait %steal %idle 76.96 0.00 0.57 0.02 0.00 22.45#iooperation:Device: tps kB_read/s kB_wrtn/s kB_read kB_wrtn sda 0.89 7.87 11.01 10527748 14719241 dm-0 1.56 7.83 10.93 10470102 14621384 dm-1 0.01 0.01 0.03 7998 43616#mpstat:01:30:57 PM CPU %usr %nice %sys %iowait %irq %soft %steal %guest %gnice %idle 01:30:57 PM all 76.96 0.00 0.28 0.02 0.00 0.29 0.00 0.00 0.00 22.45 01:30:57 PM 0 77.22 0.00 0.28 0.02 0.00 0.00 0.00 0.00 0.00 22.48 01:30:57 PM 1 76.69 0.00 0.28 0.02 0.00 0.58 0.00 0.00 0.00 22.42#vmstat:procs -----------memory---------- ---swap-- -----io---- -system-- ------cpu----- r b swpd free buff cache si so bi bo in cs us sy id wa st 2 0 42456 315988 337872 2079896 0 0 4 6 11 11 77 1 22 0 0
#date:Tue Jul 16 13:31:57 CEST 2019#hostname:10.214.221.229 172.17.0.1 172.19.0.1 #SWAP:Swap: 8.0G 41M 8.0G#RAM:Mem: 3.9G 1.2G 309M 23M 2.3G 2.3G#Disk:Filesystem Size Used Avail Use% Mounted on /dev/mapper/sopvpyves--vg-root 39G 13G 24G 36% /#Load:loadaverage:2.13,#Network:Iface MTU Met RX-OK RX-ERR RX-DRP RX-OVR TX-OK TX-ERR TX-DRP TX-OVR Flg ens160 1500 0 326524159 0 0 0 296490967 0 0 0 BMRU #iostat:avg-cpu: %user %nice %system %iowait %steal %idle 76.96 0.00 0.57 0.02 0.00 22.45#iooperation:Device: tps kB_read/s kB_wrtn/s kB_read kB_wrtn sda 0.89 7.87 11.01 10527748 14719565 dm-0 1.56 7.83 10.93 10470102 14621708 dm-1 0.01 0.01 0.03 7998 43616#mpstat:01:31:57 PM CPU %usr %nice %sys %iowait %irq %soft %steal %guest %gnice %idle 01:31:57 PM all 76.96 0.00 0.28 0.02 0.00 0.29 0.00 0.00 0.00 22.45 01:31:57 PM 0 77.22 0.00 0.28 0.02 0.00 0.00 0.00 0.00 0.00 22.48 01:31:57 PM 1 76.69 0.00 0.28 0.02 0.00 0.58 0.00 0.00 0.00 22.42#vmstat:procs -----------memory---------- ---swap-- -----io---- -system-- ------cpu----- r b swpd free buff cache si so bi bo in cs us sy id wa st 2 0 42456 316328 337884 2079748 0 0 4 6 11 11 77 1 22 0 0
#date:Tue Jul 16 13:32:57 CEST 2019#hostname:10.214.221.229 172.17.0.1 172.19.0.1 #SWAP:Swap: 8.0G 41M 8.0G#RAM:Mem: 3.9G 1.2G 308M 23M 2.3G 2.3G#Disk:Filesystem Size Used Avail Use% Mounted on /dev/mapper/sopvpyves--vg-root 39G 13G 24G 36% /#Load:loadaverage:2.20,#Network:Iface MTU Met RX-OK RX-ERR RX-DRP RX-OVR TX-OK TX-ERR TX-DRP TX-OVR Flg ens160 1500 0 326531177 0 0 0 296496741 0 0 0 BMRU #iostat:avg-cpu: %user %nice %system %iowait %steal %idle 76.96 0.00 0.57 0.02 0.00 22.45#iooperation:Device: tps kB_read/s kB_wrtn/s kB_read kB_wrtn sda 0.89 7.87 11.01 10527748 14719821 dm-0 1.56 7.83 10.93 10470102 14621964 dm-1 0.01 0.01 0.03 7998 43616#mpstat:01:32:57 PM CPU %usr %nice %sys %iowait %irq %soft %steal %guest %gnice %idle 01:32:57 PM all 76.96 0.00 0.28 0.02 0.00 0.29 0.00 0.00 0.00 22.45 01:32:57 PM 0 77.23 0.00 0.28 0.02 0.00 0.00 0.00 0.00 0.00 22.48 01:32:57 PM 1 76.69 0.00 0.28 0.02 0.00 0.58 0.00 0.00 0.00 22.42#vmstat:procs -----------memory---------- ---swap-- -----io---- -system-- ------cpu----- r b swpd free buff cache si so bi bo in cs us sy id wa st 2 0 42456 316036 337896 2079784 0 0 4 6 11 11 77 1 22 0 0
#date:Tue Jul 16 13:33:57 CEST 2019#hostname:10.214.221.229 172.17.0.1 172.19.0.1 #SWAP:Swap: 8.0G 41M 8.0G#RAM:Mem: 3.9G 1.2G 308M 23M 2.3G 2.3G#Disk:Filesystem Size Used Avail Use% Mounted on /dev/mapper/sopvpyves--vg-root 39G 13G 24G 36% /#Load:loadaverage:2.20,#Network:Iface MTU Met RX-OK RX-ERR RX-DRP RX-OVR TX-OK TX-ERR TX-DRP TX-OVR Flg ens160 1500 0 326538364 0 0 0 296502537 0 0 0 BMRU #iostat:avg-cpu: %user %nice %system %iowait %steal %idle 76.96 0.00 0.57 0.02 0.00 22.44#iooperation:Device: tps kB_read/s kB_wrtn/s kB_read kB_wrtn sda 0.89 7.87 11.01 10527748 14720097 dm-0 1.56 7.83 10.93 10470102 14622240 dm-1 0.01 0.01 0.03 7998 43616#mpstat:01:33:58 PM CPU %usr %nice %sys %iowait %irq %soft %steal %guest %gnice %idle 01:33:58 PM all 76.96 0.00 0.28 0.02 0.00 0.29 0.00 0.00 0.00 22.44 01:33:58 PM 0 77.23 0.00 0.28 0.02 0.00 0.00 0.00 0.00 0.00 22.47 01:33:58 PM 1 76.69 0.00 0.28 0.02 0.00 0.58 0.00 0.00 0.00 22.42#vmstat:procs -----------memory---------- ---swap-- -----io---- -system-- ------cpu----- r b swpd free buff cache si so bi bo in cs us sy id wa st 2 0 42456 316092 337908 2079916 0 0 4 6 11 11 77 1 22 0 0
#date:Tue Jul 16 13:34:59 CEST 2019#hostname:10.214.221.229 172.17.0.1 172.19.0.1 #SWAP:Swap: 8.0G 41M 8.0G#RAM:Mem: 3.9G 1.2G 308M 23M 2.3G 2.3G#Disk:Filesystem Size Used Avail Use% Mounted on /dev/mapper/sopvpyves--vg-root 39G 13G 24G 36% /#Load:loadaverage:2.23,#Network:Iface MTU Met RX-OK RX-ERR RX-DRP RX-OVR TX-OK TX-ERR TX-DRP TX-OVR Flg ens160 1500 0 326545362 0 0 0 296508476 0 0 0 BMRU #iostat:avg-cpu: %user %nice %system %iowait %steal %idle 76.96 0.00 0.57 0.02 0.00 22.44#iooperation:Device: tps kB_read/s kB_wrtn/s kB_read kB_wrtn sda 0.89 7.87 11.01 10527748 14720437 dm-0 1.56 7.83 10.93 10470102 14622580 dm-1 0.01 0.01 0.03 7998 43616#mpstat:01:34:59 PM CPU %usr %nice %sys %iowait %irq %soft %steal %guest %gnice %idle 01:34:59 PM all 76.96 0.00 0.28 0.02 0.00 0.29 0.00 0.00 0.00 22.44 01:34:59 PM 0 77.23 0.00 0.28 0.02 0.00 0.00 0.00 0.00 0.00 22.47 01:34:59 PM 1 76.69 0.00 0.28 0.02 0.00 0.58 0.00 0.00 0.00 22.41#vmstat:procs -----------memory---------- ---swap-- -----io---- -system-- ------cpu----- r b swpd free buff cache si so bi bo in cs us sy id wa st 2 0 42456 314928 337920 2079968 0 0 4 6 11 11 77 1 22 0 0
#date:Tue Jul 16 13:35:59 CEST 2019#hostname:10.214.221.229 172.17.0.1 172.19.0.1 #SWAP:Swap: 8.0G 41M 8.0G#RAM:Mem: 3.9G 1.2G 307M 23M 2.3G 2.3G#Disk:Filesystem Size Used Avail Use% Mounted on /dev/mapper/sopvpyves--vg-root 39G 13G 24G 36% /#Load:loadaverage:2.08,#Network:Iface MTU Met RX-OK RX-ERR RX-DRP RX-OVR TX-OK TX-ERR TX-DRP TX-OVR Flg ens160 1500 0 326552169 0 0 0 296514342 0 0 0 BMRU #iostat:avg-cpu: %user %nice %system %iowait %steal %idle 76.96 0.00 0.57 0.02 0.00 22.44#iooperation:Device: tps kB_read/s kB_wrtn/s kB_read kB_wrtn sda 0.89 7.87 11.01 10527748 14720677 dm-0 1.56 7.83 10.93 10470102 14622820 dm-1 0.01 0.01 0.03 7998 43616#mpstat:01:36:00 PM CPU %usr %nice %sys %iowait %irq %soft %steal %guest %gnice %idle 01:36:00 PM all 76.96 0.00 0.28 0.02 0.00 0.29 0.00 0.00 0.00 22.44 01:36:00 PM 0 77.23 0.00 0.28 0.02 0.00 0.00 0.00 0.00 0.00 22.47 01:36:00 PM 1 76.70 0.00 0.28 0.02 0.00 0.58 0.00 0.00 0.00 22.41#vmstat:procs -----------memory---------- ---swap-- -----io---- -system-- ------cpu----- r b swpd free buff cache si so bi bo in cs us sy id wa st 2 0 42456 315024 337932 2079892 0 0 4 6 11 12 77 1 22 0 0
#date:Tue Jul 16 13:37:00 CEST 2019#hostname:10.214.221.229 172.17.0.1 172.19.0.1 #SWAP:Swap: 8.0G 41M 8.0G#RAM:Mem: 3.9G 1.2G 307M 23M 2.3G 2.3G#Disk:Filesystem Size Used Avail Use% Mounted on /dev/mapper/sopvpyves--vg-root 39G 13G 24G 36% /#Load:loadaverage:2.03,#Network:Iface MTU Met RX-OK RX-ERR RX-DRP RX-OVR TX-OK TX-ERR TX-DRP TX-OVR Flg ens160 1500 0 326559032 0 0 0 296520295 0 0 0 BMRU #iostat:avg-cpu: %user %nice %system %iowait %steal %idle 76.96 0.00 0.57 0.02 0.00 22.44#iooperation:Device: tps kB_read/s kB_wrtn/s kB_read kB_wrtn sda 0.89 7.87 11.01 10527748 14721077 dm-0 1.56 7.83 10.93 10470102 14623220 dm-1 0.01 0.01 0.03 7998 43616#mpstat:01:37:00 PM CPU %usr %nice %sys %iowait %irq %soft %steal %guest %gnice %idle 01:37:00 PM all 76.96 0.00 0.28 0.02 0.00 0.29 0.00 0.00 0.00 22.44 01:37:00 PM 0 77.23 0.00 0.28 0.02 0.00 0.00 0.00 0.00 0.00 22.47 01:37:00 PM 1 76.70 0.00 0.28 0.02 0.00 0.58 0.00 0.00 0.00 22.41#vmstat:procs -----------memory---------- ---swap-- -----io---- -system-- ------cpu----- r b swpd free buff cache si so bi bo in cs us sy id wa st 2 0 42456 315004 337948 2080104 0 0 4 6 11 12 77 1 22 0 0
#date:Tue Jul 16 13:38:00 CEST 2019#hostname:10.214.221.229 172.17.0.1 172.19.0.1 #SWAP:Swap: 8.0G 41M 8.0G#RAM:Mem: 3.9G 1.2G 307M 23M 2.3G 2.3G#Disk:Filesystem Size Used Avail Use% Mounted on /dev/mapper/sopvpyves--vg-root 39G 13G 24G 36% /#Load:loadaverage:2.01,#Network:Iface MTU Met RX-OK RX-ERR RX-DRP RX-OVR TX-OK TX-ERR TX-DRP TX-OVR Flg ens160 1500 0 326565751 0 0 0 296526179 0 0 0 BMRU #iostat:avg-cpu: %user %nice %system %iowait %steal %idle 76.96 0.00 0.57 0.02 0.00 22.44#iooperation:Device: tps kB_read/s kB_wrtn/s kB_read kB_wrtn sda 0.89 7.87 11.01 10527748 14721301 dm-0 1.56 7.83 10.93 10470102 14623444 dm-1 0.01 0.01 0.03 7998 43616#mpstat:01:38:00 PM CPU %usr %nice %sys %iowait %irq %soft %steal %guest %gnice %idle 01:38:00 PM all 76.96 0.00 0.28 0.02 0.00 0.29 0.00 0.00 0.00 22.44 01:38:00 PM 0 77.23 0.00 0.28 0.02 0.00 0.00 0.00 0.00 0.00 22.47 01:38:00 PM 1 76.70 0.00 0.28 0.02 0.00 0.58 0.00 0.00 0.00 22.41#vmstat:procs -----------memory---------- ---swap-- -----io---- -system-- ------cpu----- r b swpd free buff cache si so bi bo in cs us sy id wa st 2 0 42456 314812 337972 2080076 0 0 4 6 11 12 77 1 22 0 0
#date:Tue Jul 16 13:39:00 CEST 2019#hostname:10.214.221.229 172.17.0.1 172.19.0.1 #SWAP:Swap: 8.0G 41M 8.0G#RAM:Mem: 3.9G 1.2G 307M 23M 2.3G 2.3G#Disk:Filesystem Size Used Avail Use% Mounted on /dev/mapper/sopvpyves--vg-root 39G 13G 24G 36% /#Load:loadaverage:2.00,#Network:Iface MTU Met RX-OK RX-ERR RX-DRP RX-OVR TX-OK TX-ERR TX-DRP TX-OVR Flg ens160 1500 0 326572647 0 0 0 296532206 0 0 0 BMRU #iostat:avg-cpu: %user %nice %system %iowait %steal %idle 76.97 0.00 0.57 0.02 0.00 22.44#iooperation:Device: tps kB_read/s kB_wrtn/s kB_read kB_wrtn sda 0.89 7.87 11.00 10527748 14721593 dm-0 1.56 7.83 10.93 10470102 14623736 dm-1 0.01 0.01 0.03 7998 43616#mpstat:01:39:01 PM CPU %usr %nice %sys %iowait %irq %soft %steal %guest %gnice %idle 01:39:01 PM all 76.97 0.00 0.28 0.02 0.00 0.29 0.00 0.00 0.00 22.44 01:39:01 PM 0 77.23 0.00 0.28 0.02 0.00 0.00 0.00 0.00 0.00 22.47 01:39:01 PM 1 76.70 0.00 0.28 0.02 0.00 0.58 0.00 0.00 0.00 22.41#vmstat:procs -----------memory---------- ---swap-- -----io---- -system-- ------cpu----- r b swpd free buff cache si so bi bo in cs us sy id wa st 2 0 42456 314904 337992 2080184 0 0 4 6 11 12 77 1 22 0 0
#date:Tue Jul 16 13:40:01 CEST 2019#hostname:10.214.221.229 172.17.0.1 172.19.0.1 #SWAP:Swap: 8.0G 41M 8.0G#RAM:Mem: 3.9G 1.2G 307M 23M 2.3G 2.3G#Disk:Filesystem Size Used Avail Use% Mounted on /dev/mapper/sopvpyves--vg-root 39G 13G 24G 36% /#Load:loadaverage:2.00,#Network:Iface MTU Met RX-OK RX-ERR RX-DRP RX-OVR TX-OK TX-ERR TX-DRP TX-OVR Flg ens160 1500 0 326579487 0 0 0 296538126 0 0 0 BMRU #iostat:avg-cpu: %user %nice %system %iowait %steal %idle 76.97 0.00 0.57 0.02 0.00 22.44#iooperation:Device: tps kB_read/s kB_wrtn/s kB_read kB_wrtn sda 0.89 7.87 11.00 10527748 14721873 dm-0 1.56 7.83 10.93 10470102 14624016 dm-1 0.01 0.01 0.03 7998 43616#mpstat:01:40:01 PM CPU %usr %nice %sys %iowait %irq %soft %steal %guest %gnice %idle 01:40:01 PM all 76.97 0.00 0.28 0.02 0.00 0.29 0.00 0.00 0.00 22.44 01:40:01 PM 0 77.23 0.00 0.28 0.02 0.00 0.00 0.00 0.00 0.00 22.47 01:40:01 PM 1 76.70 0.00 0.28 0.02 0.00 0.58 0.00 0.00 0.00 22.41#vmstat:procs -----------memory---------- ---swap-- -----io---- -system-- ------cpu----- r b swpd free buff cache si so bi bo in cs us sy id wa st 2 0 42456 314500 337996 2080112 0 0 4 6 11 12 77 1 22 0 0
#date:Tue Jul 16 13:41:01 CEST 2019#hostname:10.214.221.229 172.17.0.1 172.19.0.1 #SWAP:Swap: 8.0G 41M 8.0G#RAM:Mem: 3.9G 1.2G 306M 23M 2.3G 2.3G#Disk:Filesystem Size Used Avail Use% Mounted on /dev/mapper/sopvpyves--vg-root 39G 13G 24G 36% /#Load:loadaverage:2.06,#Network:Iface MTU Met RX-OK RX-ERR RX-DRP RX-OVR TX-OK TX-ERR TX-DRP TX-OVR Flg ens160 1500 0 326586293 0 0 0 296544170 0 0 0 BMRU #iostat:avg-cpu: %user %nice %system %iowait %steal %idle 76.97 0.00 0.57 0.02 0.00 22.44#iooperation:Device: tps kB_read/s kB_wrtn/s kB_read kB_wrtn sda 0.89 7.87 11.00 10527748 14722085 dm-0 1.56 7.83 10.93 10470102 14624228 dm-1 0.01 0.01 0.03 7998 43616#mpstat:01:41:01 PM CPU %usr %nice %sys %iowait %irq %soft %steal %guest %gnice %idle 01:41:01 PM all 76.97 0.00 0.28 0.02 0.00 0.29 0.00 0.00 0.00 22.44 01:41:01 PM 0 77.23 0.00 0.28 0.02 0.00 0.00 0.00 0.00 0.00 22.47 01:41:01 PM 1 76.70 0.00 0.28 0.02 0.00 0.58 0.00 0.00 0.00 22.41#vmstat:procs -----------memory---------- ---swap-- -----io---- -system-- ------cpu----- r b swpd free buff cache si so bi bo in cs us sy id wa st 3 0 42456 313216 338004 2080200 0 0 4 6 11 12 77 1 22 0 0
#date:Tue Jul 16 13:42:01 CEST 2019#hostname:10.214.221.229 172.17.0.1 172.19.0.1 #SWAP:Swap: 8.0G 41M 8.0G#RAM:Mem: 3.9G 1.2G 305M 23M 2.3G 2.3G#Disk:Filesystem Size Used Avail Use% Mounted on /dev/mapper/sopvpyves--vg-root 39G 13G 24G 36% /#Load:loadaverage:2.11,#Network:Iface MTU Met RX-OK RX-ERR RX-DRP RX-OVR TX-OK TX-ERR TX-DRP TX-OVR Flg ens160 1500 0 326593335 0 0 0 296550193 0 0 0 BMRU #iostat:avg-cpu: %user %nice %system %iowait %steal %idle 76.97 0.00 0.57 0.02 0.00 22.44#iooperation:Device: tps kB_read/s kB_wrtn/s kB_read kB_wrtn sda 0.89 7.87 11.00 10527748 14722421 dm-0 1.56 7.83 10.93 10470102 14624564 dm-1 0.01 0.01 0.03 7998 43616#mpstat:01:42:02 PM CPU %usr %nice %sys %iowait %irq %soft %steal %guest %gnice %idle 01:42:02 PM all 76.97 0.00 0.28 0.02 0.00 0.29 0.00 0.00 0.00 22.44 01:42:02 PM 0 77.23 0.00 0.28 0.02 0.00 0.00 0.00 0.00 0.00 22.47 01:42:02 PM 1 76.70 0.00 0.28 0.02 0.00 0.58 0.00 0.00 0.00 22.41#vmstat:procs -----------memory---------- ---swap-- -----io---- -system-- ------cpu----- r b swpd free buff cache si so bi bo in cs us sy id wa st 2 0 42456 313028 338008 2080324 0 0 4 6 11 12 77 1 22 0 0
#date:Tue Jul 16 13:43:02 CEST 2019#hostname:10.214.221.229 172.17.0.1 172.19.0.1 #SWAP:Swap: 8.0G 41M 8.0G#RAM:Mem: 3.9G 1.2G 305M 23M 2.3G 2.3G#Disk:Filesystem Size Used Avail Use% Mounted on /dev/mapper/sopvpyves--vg-root 39G 13G 24G 36% /#Load:loadaverage:2.11,#Network:Iface MTU Met RX-OK RX-ERR RX-DRP RX-OVR TX-OK TX-ERR TX-DRP TX-OVR Flg ens160 1500 0 326600368 0 0 0 296556246 0 0 0 BMRU #iostat:avg-cpu: %user %nice %system %iowait %steal %idle 76.97 0.00 0.57 0.02 0.00 22.44#iooperation:Device: tps kB_read/s kB_wrtn/s kB_read kB_wrtn sda 0.89 7.87 11.00 10527748 14722673 dm-0 1.56 7.83 10.93 10470102 14624816 dm-1 0.01 0.01 0.03 7998 43616#mpstat:01:43:02 PM CPU %usr %nice %sys %iowait %irq %soft %steal %guest %gnice %idle 01:43:02 PM all 76.97 0.00 0.28 0.02 0.00 0.29 0.00 0.00 0.00 22.44 01:43:02 PM 0 77.24 0.00 0.28 0.02 0.00 0.00 0.00 0.00 0.00 22.47 01:43:02 PM 1 76.70 0.00 0.28 0.02 0.00 0.58 0.00 0.00 0.00 22.41#vmstat:procs -----------memory---------- ---swap-- -----io---- -system-- ------cpu----- r b swpd free buff cache si so bi bo in cs us sy id wa st 2 0 42456 311912 338016 2080492 0 0 4 6 11 12 77 1 22 0 0
#date:Tue Jul 16 13:44:02 CEST 2019#hostname:10.214.221.229 172.17.0.1 172.19.0.1 #SWAP:Swap: 8.0G 41M 8.0G#RAM:Mem: 3.9G 1.2G 304M 23M 2.3G 2.3G#Disk:Filesystem Size Used Avail Use% Mounted on /dev/mapper/sopvpyves--vg-root 39G 13G 24G 36% /#Load:loadaverage:2.16,#Network:Iface MTU Met RX-OK RX-ERR RX-DRP RX-OVR TX-OK TX-ERR TX-DRP TX-OVR Flg ens160 1500 0 326607436 0 0 0 296562366 0 0 0 BMRU #iostat:avg-cpu: %user %nice %system %iowait %steal %idle 76.97 0.00 0.57 0.02 0.00 22.44#iooperation:Device: tps kB_read/s kB_wrtn/s kB_read kB_wrtn sda 0.89 7.87 11.00 10527748 14722921 dm-0 1.56 7.82 10.93 10470102 14625064 dm-1 0.01 0.01 0.03 7998 43616#mpstat:01:44:03 PM CPU %usr %nice %sys %iowait %irq %soft %steal %guest %gnice %idle 01:44:03 PM all 76.97 0.00 0.28 0.02 0.00 0.29 0.00 0.00 0.00 22.44 01:44:03 PM 0 77.24 0.00 0.28 0.02 0.00 0.00 0.00 0.00 0.00 22.46 01:44:03 PM 1 76.70 0.00 0.28 0.02 0.00 0.58 0.00 0.00 0.00 22.41#vmstat:procs -----------memory---------- ---swap-- -----io---- -system-- ------cpu----- r b swpd free buff cache si so bi bo in cs us sy id wa st 2 0 42456 312152 338024 2080324 0 0 4 6 11 12 77 1 22 0 0
#date:Tue Jul 16 13:45:03 CEST 2019#hostname:10.214.221.229 172.17.0.1 172.19.0.1 #SWAP:Swap: 8.0G 41M 8.0G#RAM:Mem: 3.9G 1.2G 304M 23M 2.3G 2.3G#Disk:Filesystem Size Used Avail Use% Mounted on /dev/mapper/sopvpyves--vg-root 39G 13G 24G 36% /#Load:loadaverage:2.15,#Network:Iface MTU Met RX-OK RX-ERR RX-DRP RX-OVR TX-OK TX-ERR TX-DRP TX-OVR Flg ens160 1500 0 326614452 0 0 0 296568454 0 0 0 BMRU #iostat:avg-cpu: %user %nice %system %iowait %steal %idle 76.97 0.00 0.57 0.02 0.00 22.43#iooperation:Device: tps kB_read/s kB_wrtn/s kB_read kB_wrtn sda 0.89 7.87 11.00 10527748 14723185 dm-0 1.56 7.82 10.93 10470102 14625328 dm-1 0.01 0.01 0.03 7998 43616#mpstat:01:45:03 PM CPU %usr %nice %sys %iowait %irq %soft %steal %guest %gnice %idle 01:45:03 PM all 76.97 0.00 0.28 0.02 0.00 0.29 0.00 0.00 0.00 22.43 01:45:03 PM 0 77.24 0.00 0.28 0.02 0.00 0.00 0.00 0.00 0.00 22.46 01:45:03 PM 1 76.70 0.00 0.28 0.02 0.00 0.58 0.00 0.00 0.00 22.41#vmstat:procs -----------memory---------- ---swap-- -----io---- -system-- ------cpu----- r b swpd free buff cache si so bi bo in cs us sy id wa st 2 0 42456 311920 338032 2080392 0 0 4 6 11 12 77 1 22 0 0
#date:Tue Jul 16 13:46:03 CEST 2019#hostname:10.214.221.229 172.17.0.1 172.19.0.1 #SWAP:Swap: 8.0G 41M 8.0G#RAM:Mem: 3.9G 1.2G 304M 23M 2.3G 2.3G#Disk:Filesystem Size Used Avail Use% Mounted on /dev/mapper/sopvpyves--vg-root 39G 13G 24G 36% /#Load:loadaverage:2.33,#Network:Iface MTU Met RX-OK RX-ERR RX-DRP RX-OVR TX-OK TX-ERR TX-DRP TX-OVR Flg ens160 1500 0 326621483 0 0 0 296574578 0 0 0 BMRU #iostat:avg-cpu: %user %nice %system %iowait %steal %idle 76.97 0.00 0.57 0.02 0.00 22.43#iooperation:Device: tps kB_read/s kB_wrtn/s kB_read kB_wrtn sda 0.89 7.87 11.00 10527748 14723505 dm-0 1.56 7.82 10.93 10470102 14625648 dm-1 0.01 0.01 0.03 7998 43616#mpstat:01:46:03 PM CPU %usr %nice %sys %iowait %irq %soft %steal %guest %gnice %idle 01:46:03 PM all 76.97 0.00 0.28 0.02 0.00 0.29 0.00 0.00 0.00 22.43 01:46:03 PM 0 77.24 0.00 0.28 0.02 0.00 0.00 0.00 0.00 0.00 22.46 01:46:03 PM 1 76.71 0.00 0.28 0.02 0.00 0.58 0.00 0.00 0.00 22.40#vmstat:procs -----------memory---------- ---swap-- -----io---- -system-- ------cpu----- r b swpd free buff cache si so bi bo in cs us sy id wa st 2 0 42456 311828 338052 2080528 0 0 4 6 11 12 77 1 22 0 0
#date:Tue Jul 16 13:47:03 CEST 2019#hostname:10.214.221.229 172.17.0.1 172.19.0.1 #SWAP:Swap: 8.0G 41M 8.0G#RAM:Mem: 3.9G 1.2G 303M 23M 2.3G 2.3G#Disk:Filesystem Size Used Avail Use% Mounted on /dev/mapper/sopvpyves--vg-root 39G 13G 24G 36% /#Load:loadaverage:2.25,#Network:Iface MTU Met RX-OK RX-ERR RX-DRP RX-OVR TX-OK TX-ERR TX-DRP TX-OVR Flg ens160 1500 0 326628480 0 0 0 296580745 0 0 0 BMRU #iostat:avg-cpu: %user %nice %system %iowait %steal %idle 76.97 0.00 0.57 0.02 0.00 22.43#iooperation:Device: tps kB_read/s kB_wrtn/s kB_read kB_wrtn sda 0.89 7.87 11.00 10527748 14723869 dm-0 1.56 7.82 10.93 10470102 14626012 dm-1 0.01 0.01 0.03 7998 43616#mpstat:01:47:04 PM CPU %usr %nice %sys %iowait %irq %soft %steal %guest %gnice %idle 01:47:04 PM all 76.97 0.00 0.28 0.02 0.00 0.29 0.00 0.00 0.00 22.43 01:47:04 PM 0 77.24 0.00 0.28 0.02 0.00 0.00 0.00 0.00 0.00 22.46 01:47:04 PM 1 76.71 0.00 0.28 0.02 0.00 0.58 0.00 0.00 0.00 22.40#vmstat:procs -----------memory---------- ---swap-- -----io---- -system-- ------cpu----- r b swpd free buff cache si so bi bo in cs us sy id wa st 2 0 42456 310856 338064 2080504 0 0 4 6 11 12 77 1 22 0 0
#date:Tue Jul 16 13:48:04 CEST 2019#hostname:10.214.221.229 172.17.0.1 172.19.0.1 #SWAP:Swap: 8.0G 41M 8.0G#RAM:Mem: 3.9G 1.2G 304M 23M 2.3G 2.3G#Disk:Filesystem Size Used Avail Use% Mounted on /dev/mapper/sopvpyves--vg-root 39G 13G 24G 36% /#Load:loadaverage:2.18,#Network:Iface MTU Met RX-OK RX-ERR RX-DRP RX-OVR TX-OK TX-ERR TX-DRP TX-OVR Flg ens160 1500 0 326635365 0 0 0 296586935 0 0 0 BMRU #iostat:avg-cpu: %user %nice %system %iowait %steal %idle 76.97 0.00 0.57 0.02 0.00 22.43#iooperation:Device: tps kB_read/s kB_wrtn/s kB_read kB_wrtn sda 0.89 7.87 11.00 10527748 14724073 dm-0 1.56 7.82 10.93 10470102 14626216 dm-1 0.01 0.01 0.03 7998 43616#mpstat:01:48:04 PM CPU %usr %nice %sys %iowait %irq %soft %steal %guest %gnice %idle 01:48:04 PM all 76.97 0.00 0.28 0.02 0.00 0.29 0.00 0.00 0.00 22.43 01:48:04 PM 0 77.24 0.00 0.28 0.02 0.00 0.00 0.00 0.00 0.00 22.46 01:48:04 PM 1 76.71 0.00 0.28 0.02 0.00 0.58 0.00 0.00 0.00 22.40#vmstat:procs -----------memory---------- ---swap-- -----io---- -system-- ------cpu----- r b swpd free buff cache si so bi bo in cs us sy id wa st 3 0 42456 311824 338072 2080540 0 0 4 6 11 12 77 1 22 0 0
#date:Tue Jul 16 13:49:04 CEST 2019#hostname:10.214.221.229 172.17.0.1 172.19.0.1 #SWAP:Swap: 8.0G 41M 8.0G#RAM:Mem: 3.9G 1.2G 304M 23M 2.3G 2.3G#Disk:Filesystem Size Used Avail Use% Mounted on /dev/mapper/sopvpyves--vg-root 39G 13G 24G 36% /#Load:loadaverage:2.20,#Network:Iface MTU Met RX-OK RX-ERR RX-DRP RX-OVR TX-OK TX-ERR TX-DRP TX-OVR Flg ens160 1500 0 326642307 0 0 0 296593176 0 0 0 BMRU #iostat:avg-cpu: %user %nice %system %iowait %steal %idle 76.97 0.00 0.57 0.02 0.00 22.43#iooperation:Device: tps kB_read/s kB_wrtn/s kB_read kB_wrtn sda 0.89 7.87 11.00 10527748 14724313 dm-0 1.56 7.82 10.93 10470102 14626456 dm-1 0.01 0.01 0.03 7998 43616#mpstat:01:49:05 PM CPU %usr %nice %sys %iowait %irq %soft %steal %guest %gnice %idle 01:49:05 PM all 76.97 0.00 0.28 0.02 0.00 0.29 0.00 0.00 0.00 22.43 01:49:05 PM 0 77.24 0.00 0.28 0.02 0.00 0.00 0.00 0.00 0.00 22.46 01:49:05 PM 1 76.71 0.00 0.28 0.02 0.00 0.58 0.00 0.00 0.00 22.40#vmstat:procs -----------memory---------- ---swap-- -----io---- -system-- ------cpu----- r b swpd free buff cache si so bi bo in cs us sy id wa st 4 0 42456 311640 338084 2080480 0 0 4 6 11 12 77 1 22 0 0
#date:Tue Jul 16 13:50:05 CEST 2019#hostname:10.214.221.229 172.17.0.1 172.19.0.1 #SWAP:Swap: 8.0G 41M 8.0G#RAM:Mem: 3.9G 1.2G 303M 23M 2.3G 2.3G#Disk:Filesystem Size Used Avail Use% Mounted on /dev/mapper/sopvpyves--vg-root 39G 13G 24G 36% /#Load:loadaverage:2.21,#Network:Iface MTU Met RX-OK RX-ERR RX-DRP RX-OVR TX-OK TX-ERR TX-DRP TX-OVR Flg ens160 1500 0 326649505 0 0 0 296599583 0 0 0 BMRU #iostat:avg-cpu: %user %nice %system %iowait %steal %idle 76.98 0.00 0.57 0.02 0.00 22.43#iooperation:Device: tps kB_read/s kB_wrtn/s kB_read kB_wrtn sda 0.89 7.87 11.00 10527820 14724565 dm-0 1.56 7.82 10.93 10470174 14626708 dm-1 0.01 0.01 0.03 7998 43616#mpstat:01:50:05 PM CPU %usr %nice %sys %iowait %irq %soft %steal %guest %gnice %idle 01:50:05 PM all 76.98 0.00 0.28 0.02 0.00 0.29 0.00 0.00 0.00 22.43 01:50:05 PM 0 77.24 0.00 0.28 0.02 0.00 0.00 0.00 0.00 0.00 22.46 01:50:05 PM 1 76.71 0.00 0.28 0.02 0.00 0.58 0.00 0.00 0.00 22.40#vmstat:procs -----------memory---------- ---swap-- -----io---- -system-- ------cpu----- r b swpd free buff cache si so bi bo in cs us sy id wa st 2 0 42456 311124 338092 2080692 0 0 4 6 11 12 77 1 22 0 0
#date:Tue Jul 16 13:51:05 CEST 2019#hostname:10.214.221.229 172.17.0.1 172.19.0.1 #SWAP:Swap: 8.0G 41M 8.0G#RAM:Mem: 3.9G 1.3G 300M 23M 2.3G 2.3G#Disk:Filesystem Size Used Avail Use% Mounted on /dev/mapper/sopvpyves--vg-root 39G 13G 24G 36% /#Load:loadaverage:2.22,#Network:Iface MTU Met RX-OK RX-ERR RX-DRP RX-OVR TX-OK TX-ERR TX-DRP TX-OVR Flg ens160 1500 0 326658584 0 0 0 296607538 0 0 0 BMRU #iostat:avg-cpu: %user %nice %system %iowait %steal %idle 76.98 0.00 0.57 0.02 0.00 22.43#iooperation:Device: tps kB_read/s kB_wrtn/s kB_read kB_wrtn sda 0.89 7.87 11.00 10527820 14725081 dm-0 1.56 7.82 10.93 10470174 14627224 dm-1 0.01 0.01 0.03 7998 43616#mpstat:01:51:05 PM CPU %usr %nice %sys %iowait %irq %soft %steal %guest %gnice %idle 01:51:05 PM all 76.98 0.00 0.28 0.02 0.00 0.29 0.00 0.00 0.00 22.43 01:51:05 PM 0 77.24 0.00 0.28 0.02 0.00 0.00 0.00 0.00 0.00 22.46 01:51:05 PM 1 76.71 0.00 0.28 0.02 0.00 0.58 0.00 0.00 0.00 22.40#vmstat:procs -----------memory---------- ---swap-- -----io---- -system-- ------cpu----- r b swpd free buff cache si so bi bo in cs us sy id wa st 2 0 42456 307008 338124 2080844 0 0 4 6 11 12 77 1 22 0 0
#date:Tue Jul 16 13:52:05 CEST 2019#hostname:10.214.221.229 172.17.0.1 172.19.0.1 #SWAP:Swap: 8.0G 41M 8.0G#RAM:Mem: 3.9G 1.3G 296M 23M 2.3G 2.3G#Disk:Filesystem Size Used Avail Use% Mounted on /dev/mapper/sopvpyves--vg-root 39G 13G 24G 36% /#Load:loadaverage:2.16,#Network:Iface MTU Met RX-OK RX-ERR RX-DRP RX-OVR TX-OK TX-ERR TX-DRP TX-OVR Flg ens160 1500 0 326667266 0 0 0 296615012 0 0 0 BMRU #iostat:avg-cpu: %user %nice %system %iowait %steal %idle 76.98 0.00 0.57 0.02 0.00 22.43#iooperation:Device: tps kB_read/s kB_wrtn/s kB_read kB_wrtn sda 0.89 7.87 11.00 10527820 14725589 dm-0 1.56 7.82 10.93 10470174 14627732 dm-1 0.01 0.01 0.03 7998 43616#mpstat:01:52:06 PM CPU %usr %nice %sys %iowait %irq %soft %steal %guest %gnice %idle 01:52:06 PM all 76.98 0.00 0.28 0.02 0.00 0.29 0.00 0.00 0.00 22.43 01:52:06 PM 0 77.24 0.00 0.28 0.02 0.00 0.00 0.00 0.00 0.00 22.46 01:52:06 PM 1 76.71 0.00 0.28 0.02 0.00 0.58 0.00 0.00 0.00 22.40#vmstat:procs -----------memory---------- ---swap-- -----io---- -system-- ------cpu----- r b swpd free buff cache si so bi bo in cs us sy id wa st 2 0 42456 303844 338152 2081132 0 0 4 6 11 12 77 1 22 0 0
#date:Tue Jul 16 13:53:06 CEST 2019#hostname:10.214.221.229 172.17.0.1 172.19.0.1 #SWAP:Swap: 8.0G 41M 8.0G#RAM:Mem: 3.9G 1.3G 291M 23M 2.3G 2.2G#Disk:Filesystem Size Used Avail Use% Mounted on /dev/mapper/sopvpyves--vg-root 39G 13G 24G 36% /#Load:loadaverage:2.22,#Network:Iface MTU Met RX-OK RX-ERR RX-DRP RX-OVR TX-OK TX-ERR TX-DRP TX-OVR Flg ens160 1500 0 326676952 0 0 0 296623571 0 0 0 BMRU #iostat:avg-cpu: %user %nice %system %iowait %steal %idle 76.98 0.00 0.57 0.02 0.00 22.43#iooperation:Device: tps kB_read/s kB_wrtn/s kB_read kB_wrtn sda 0.89 7.86 11.00 10527820 14726081 dm-0 1.56 7.82 10.93 10470174 14628224 dm-1 0.01 0.01 0.03 7998 43616#mpstat:01:53:06 PM CPU %usr %nice %sys %iowait %irq %soft %steal %guest %gnice %idle 01:53:06 PM all 76.98 0.00 0.28 0.02 0.00 0.29 0.00 0.00 0.00 22.43 01:53:06 PM 0 77.25 0.00 0.28 0.02 0.00 0.00 0.00 0.00 0.00 22.46 01:53:06 PM 1 76.71 0.00 0.28 0.02 0.00 0.58 0.00 0.00 0.00 22.40#vmstat:procs -----------memory---------- ---swap-- -----io---- -system-- ------cpu----- r b swpd free buff cache si so bi bo in cs us sy id wa st 2 0 42456 298432 338164 2081408 0 0 4 6 11 12 77 1 22 0 0
#date:Tue Jul 16 13:54:06 CEST 2019#hostname:10.214.221.229 172.17.0.1 172.19.0.1 #SWAP:Swap: 8.0G 41M 8.0G#RAM:Mem: 3.9G 1.3G 292M 23M 2.3G 2.2G#Disk:Filesystem Size Used Avail Use% Mounted on /dev/mapper/sopvpyves--vg-root 39G 13G 24G 36% /#Load:loadaverage:2.21,#Network:Iface MTU Met RX-OK RX-ERR RX-DRP RX-OVR TX-OK TX-ERR TX-DRP TX-OVR Flg ens160 1500 0 326686638 0 0 0 296632081 0 0 0 BMRU #iostat:avg-cpu: %user %nice %system %iowait %steal %idle 76.98 0.00 0.57 0.02 0.00 22.43#iooperation:Device: tps kB_read/s kB_wrtn/s kB_read kB_wrtn sda 0.89 7.86 11.00 10527820 14726981 dm-0 1.56 7.82 10.93 10470174 14629124 dm-1 0.01 0.01 0.03 7998 43616#mpstat:01:54:06 PM CPU %usr %nice %sys %iowait %irq %soft %steal %guest %gnice %idle 01:54:06 PM all 76.98 0.00 0.28 0.02 0.00 0.29 0.00 0.00 0.00 22.43 01:54:06 PM 0 77.25 0.00 0.28 0.02 0.00 0.00 0.00 0.00 0.00 22.46 01:54:06 PM 1 76.71 0.00 0.28 0.02 0.00 0.58 0.00 0.00 0.00 22.40#vmstat:procs -----------memory---------- ---swap-- -----io---- -system-- ------cpu----- r b swpd free buff cache si so bi bo in cs us sy id wa st 2 0 42456 298852 338184 2081556 0 0 4 6 11 12 77 1 22 0 0
#date:Tue Jul 16 13:55:07 CEST 2019#hostname:10.214.221.229 172.17.0.1 172.19.0.1 #SWAP:Swap: 8.0G 41M 8.0G#RAM:Mem: 3.9G 1.3G 291M 23M 2.3G 2.2G#Disk:Filesystem Size Used Avail Use% Mounted on /dev/mapper/sopvpyves--vg-root 39G 13G 24G 36% /#Load:loadaverage:2.23,#Network:Iface MTU Met RX-OK RX-ERR RX-DRP RX-OVR TX-OK TX-ERR TX-DRP TX-OVR Flg ens160 1500 0 326695979 0 0 0 296640295 0 0 0 BMRU #iostat:avg-cpu: %user %nice %system %iowait %steal %idle 76.98 0.00 0.57 0.02 0.00 22.42#iooperation:Device: tps kB_read/s kB_wrtn/s kB_read kB_wrtn sda 0.89 7.86 11.00 10527820 14727465 dm-0 1.56 7.82 10.93 10470174 14629608 dm-1 0.01 0.01 0.03 7998 43616#mpstat:01:55:07 PM CPU %usr %nice %sys %iowait %irq %soft %steal %guest %gnice %idle 01:55:07 PM all 76.98 0.00 0.28 0.02 0.00 0.29 0.00 0.00 0.00 22.42 01:55:07 PM 0 77.25 0.00 0.28 0.02 0.00 0.00 0.00 0.00 0.00 22.45 01:55:07 PM 1 76.71 0.00 0.28 0.02 0.00 0.58 0.00 0.00 0.00 22.40#vmstat:procs -----------memory---------- ---swap-- -----io---- -system-- ------cpu----- r b swpd free buff cache si so bi bo in cs us sy id wa st 2 0 42456 298144 338192 2081780 0 0 4 6 11 12 77 1 22 0 0
#date:Tue Jul 16 13:56:07 CEST 2019#hostname:10.214.221.229 172.17.0.1 172.19.0.1 #SWAP:Swap: 8.0G 41M 8.0G#RAM:Mem: 3.9G 1.3G 288M 23M 2.3G 2.2G#Disk:Filesystem Size Used Avail Use% Mounted on /dev/mapper/sopvpyves--vg-root 39G 13G 24G 36% /#Load:loadaverage:2.08,#Network:Iface MTU Met RX-OK RX-ERR RX-DRP RX-OVR TX-OK TX-ERR TX-DRP TX-OVR Flg ens160 1500 0 326706105 0 0 0 296649170 0 0 0 BMRU #iostat:avg-cpu: %user %nice %system %iowait %steal %idle 76.98 0.00 0.57 0.02 0.00 22.42#iooperation:Device: tps kB_read/s kB_wrtn/s kB_read kB_wrtn sda 0.89 7.86 11.00 10527820 14728273 dm-0 1.56 7.82 10.93 10470174 14630416 dm-1 0.01 0.01 0.03 7998 43616#mpstat:01:56:07 PM CPU %usr %nice %sys %iowait %irq %soft %steal %guest %gnice %idle 01:56:07 PM all 76.98 0.00 0.28 0.02 0.00 0.29 0.00 0.00 0.00 22.42 01:56:07 PM 0 77.25 0.00 0.28 0.02 0.00 0.00 0.00 0.00 0.00 22.45 01:56:07 PM 1 76.72 0.00 0.28 0.02 0.00 0.58 0.00 0.00 0.00 22.39#vmstat:procs -----------memory---------- ---swap-- -----io---- -system-- ------cpu----- r b swpd free buff cache si so bi bo in cs us sy id wa st 2 0 42456 295176 338228 2082052 0 0 4 6 11 12 77 1 22 0 0
