#date:Tue Jul 16 12:33:12 CEST 2019#hostname:10.214.220.100 #SWAP:Swap: 8.0G 34M 8.0G#RAM:Mem: 3.9G 1.1G 237M 22M 2.6G 2.4G#Disk:Filesystem Size Used Avail Use% Mounted on /dev/mapper/sopvpyves--vg-root 39G 7.2G 30G 20% /#Load:loadaverage:2.03,#Network:Iface MTU Met RX-OK RX-ERR RX-DRP RX-OVR TX-OK TX-ERR TX-DRP TX-OVR Flg ens160 1500 0 372708592 0 3 0 336285051 0 0 0 BMRU #iostat:avg-cpu: %user %nice %system %iowait %steal %idle 72.22 0.00 0.48 0.02 0.00 27.27#iooperation:Device: tps kB_read/s kB_wrtn/s kB_read kB_wrtn sda 0.71 5.43 9.88 7712725 14038548 dm-0 1.27 5.39 9.82 7656675 13948944 dm-1 0.01 0.00 0.02 6358 35368#mpstat:12:33:12 PM CPU %usr %nice %sys %iowait %irq %soft %steal %guest %gnice %idle 12:33:12 PM all 72.22 0.00 0.25 0.02 0.00 0.23 0.00 0.00 0.00 27.27 12:33:12 PM 0 72.43 0.00 0.24 0.02 0.00 0.00 0.00 0.00 0.00 27.30 12:33:12 PM 1 72.01 0.00 0.26 0.02 0.00 0.47 0.00 0.00 0.00 27.25#vmstat:procs -----------memory---------- ---swap-- -----io---- -system-- ------cpu----- r b swpd free buff cache si so bi bo in cs us sy id wa st 2 0 35260 243092 207224 2471360 0 0 3 5 12 13 72 0 27 0 0
#date:Tue Jul 16 12:34:12 CEST 2019#hostname:10.214.220.100 #SWAP:Swap: 8.0G 34M 8.0G#RAM:Mem: 3.9G 1.1G 240M 22M 2.6G 2.5G#Disk:Filesystem Size Used Avail Use% Mounted on /dev/mapper/sopvpyves--vg-root 39G 7.2G 30G 20% /#Load:loadaverage:2.06,#Network:Iface MTU Met RX-OK RX-ERR RX-DRP RX-OVR TX-OK TX-ERR TX-DRP TX-OVR Flg ens160 1500 0 372710498 0 3 0 336285753 0 0 0 BMRU #iostat:avg-cpu: %user %nice %system %iowait %steal %idle 72.22 0.00 0.48 0.02 0.00 27.27#iooperation:Device: tps kB_read/s kB_wrtn/s kB_read kB_wrtn sda 0.71 5.43 9.88 7712725 14038952 dm-0 1.27 5.39 9.82 7656675 13949348 dm-1 0.01 0.00 0.02 6358 35368#mpstat:12:34:13 PM CPU %usr %nice %sys %iowait %irq %soft %steal %guest %gnice %idle 12:34:13 PM all 72.22 0.00 0.25 0.02 0.00 0.23 0.00 0.00 0.00 27.27 12:34:13 PM 0 72.44 0.00 0.24 0.02 0.00 0.00 0.00 0.00 0.00 27.30 12:34:13 PM 1 72.01 0.00 0.26 0.02 0.00 0.47 0.00 0.00 0.00 27.25#vmstat:procs -----------memory---------- ---swap-- -----io---- -system-- ------cpu----- r b swpd free buff cache si so bi bo in cs us sy id wa st 2 0 35260 245888 207232 2471384 0 0 3 5 13 13 72 0 27 0 0
#date:Tue Jul 16 12:35:13 CEST 2019#hostname:10.214.220.100 #SWAP:Swap: 8.0G 34M 8.0G#RAM:Mem: 3.9G 1.1G 227M 22M 2.6G 2.4G#Disk:Filesystem Size Used Avail Use% Mounted on /dev/mapper/sopvpyves--vg-root 39G 7.2G 30G 20% /#Load:loadaverage:2.02,#Network:Iface MTU Met RX-OK RX-ERR RX-DRP RX-OVR TX-OK TX-ERR TX-DRP TX-OVR Flg ens160 1500 0 372714993 0 3 0 336288359 0 0 0 BMRU #iostat:avg-cpu: %user %nice %system %iowait %steal %idle 72.22 0.00 0.48 0.02 0.00 27.27#iooperation:Device: tps kB_read/s kB_wrtn/s kB_read kB_wrtn sda 0.71 5.43 9.88 7712725 14039288 dm-0 1.27 5.39 9.82 7656675 13949684 dm-1 0.01 0.00 0.02 6358 35368#mpstat:12:35:13 PM CPU %usr %nice %sys %iowait %irq %soft %steal %guest %gnice %idle 12:35:13 PM all 72.22 0.00 0.25 0.02 0.00 0.23 0.00 0.00 0.00 27.27 12:35:13 PM 0 72.44 0.00 0.24 0.02 0.00 0.00 0.00 0.00 0.00 27.30 12:35:13 PM 1 72.01 0.00 0.26 0.02 0.00 0.47 0.00 0.00 0.00 27.25#vmstat:procs -----------memory---------- ---swap-- -----io---- -system-- ------cpu----- r b swpd free buff cache si so bi bo in cs us sy id wa st 2 0 35260 232212 207236 2472968 0 0 3 5 13 13 72 0 27 0 0
#date:Tue Jul 16 12:36:13 CEST 2019#hostname:10.214.220.100 #SWAP:Swap: 8.0G 34M 8.0G#RAM:Mem: 3.9G 1.1G 215M 22M 2.6G 2.4G#Disk:Filesystem Size Used Avail Use% Mounted on /dev/mapper/sopvpyves--vg-root 39G 7.2G 30G 20% /#Load:loadaverage:2.00,#Network:Iface MTU Met RX-OK RX-ERR RX-DRP RX-OVR TX-OK TX-ERR TX-DRP TX-OVR Flg ens160 1500 0 372720158 0 3 0 336291750 0 0 0 BMRU #iostat:avg-cpu: %user %nice %system %iowait %steal %idle 72.22 0.00 0.48 0.02 0.00 27.27#iooperation:Device: tps kB_read/s kB_wrtn/s kB_read kB_wrtn sda 0.71 5.43 9.88 7712725 14039592 dm-0 1.27 5.39 9.82 7656675 13949988 dm-1 0.01 0.00 0.02 6358 35368#mpstat:12:36:13 PM CPU %usr %nice %sys %iowait %irq %soft %steal %guest %gnice %idle 12:36:13 PM all 72.22 0.00 0.25 0.02 0.00 0.23 0.00 0.00 0.00 27.27 12:36:13 PM 0 72.44 0.00 0.24 0.02 0.00 0.00 0.00 0.00 0.00 27.30 12:36:13 PM 1 72.01 0.00 0.26 0.02 0.00 0.47 0.00 0.00 0.00 27.24#vmstat:procs -----------memory---------- ---swap-- -----io---- -system-- ------cpu----- r b swpd free buff cache si so bi bo in cs us sy id wa st 2 0 35260 220232 207240 2474156 0 0 3 5 13 13 72 0 27 0 0
#date:Tue Jul 16 12:37:13 CEST 2019#hostname:10.214.220.100 #SWAP:Swap: 8.0G 34M 8.0G#RAM:Mem: 3.9G 1.1G 213M 22M 2.6G 2.4G#Disk:Filesystem Size Used Avail Use% Mounted on /dev/mapper/sopvpyves--vg-root 39G 7.2G 30G 20% /#Load:loadaverage:2.00,#Network:Iface MTU Met RX-OK RX-ERR RX-DRP RX-OVR TX-OK TX-ERR TX-DRP TX-OVR Flg ens160 1500 0 372726382 0 3 0 336296213 0 0 0 BMRU #iostat:avg-cpu: %user %nice %system %iowait %steal %idle 72.23 0.00 0.48 0.02 0.00 27.27#iooperation:Device: tps kB_read/s kB_wrtn/s kB_read kB_wrtn sda 0.71 5.43 9.88 7712725 14039908 dm-0 1.27 5.39 9.82 7656675 13950304 dm-1 0.01 0.00 0.02 6358 35368#mpstat:12:37:14 PM CPU %usr %nice %sys %iowait %irq %soft %steal %guest %gnice %idle 12:37:14 PM all 72.23 0.00 0.25 0.02 0.00 0.23 0.00 0.00 0.00 27.27 12:37:14 PM 0 72.44 0.00 0.24 0.02 0.00 0.00 0.00 0.00 0.00 27.29 12:37:14 PM 1 72.01 0.00 0.26 0.02 0.00 0.47 0.00 0.00 0.00 27.24#vmstat:procs -----------memory---------- ---swap-- -----io---- -system-- ------cpu----- r b swpd free buff cache si so bi bo in cs us sy id wa st 2 0 35260 218344 207244 2474336 0 0 3 5 13 13 72 0 27 0 0
#date:Tue Jul 16 12:38:14 CEST 2019#hostname:10.214.220.100 #SWAP:Swap: 8.0G 34M 8.0G#RAM:Mem: 3.9G 1.1G 213M 22M 2.6G 2.4G#Disk:Filesystem Size Used Avail Use% Mounted on /dev/mapper/sopvpyves--vg-root 39G 7.2G 30G 20% /#Load:loadaverage:2.00,#Network:Iface MTU Met RX-OK RX-ERR RX-DRP RX-OVR TX-OK TX-ERR TX-DRP TX-OVR Flg ens160 1500 0 372732777 0 3 0 336301075 0 0 0 BMRU #iostat:avg-cpu: %user %nice %system %iowait %steal %idle 72.23 0.00 0.48 0.02 0.00 27.27#iooperation:Device: tps kB_read/s kB_wrtn/s kB_read kB_wrtn sda 0.71 5.43 9.88 7712725 14040176 dm-0 1.27 5.39 9.82 7656675 13950572 dm-1 0.01 0.00 0.02 6358 35368#mpstat:12:38:14 PM CPU %usr %nice %sys %iowait %irq %soft %steal %guest %gnice %idle 12:38:14 PM all 72.23 0.00 0.25 0.02 0.00 0.23 0.00 0.00 0.00 27.27 12:38:14 PM 0 72.44 0.00 0.24 0.02 0.00 0.00 0.00 0.00 0.00 27.29 12:38:14 PM 1 72.01 0.00 0.26 0.02 0.00 0.47 0.00 0.00 0.00 27.24#vmstat:procs -----------memory---------- ---swap-- -----io---- -system-- ------cpu----- r b swpd free buff cache si so bi bo in cs us sy id wa st 3 0 35260 217964 207252 2474320 0 0 3 5 13 13 72 0 27 0 0
#date:Tue Jul 16 12:39:14 CEST 2019#hostname:10.214.220.100 #SWAP:Swap: 8.0G 34M 8.0G#RAM:Mem: 3.9G 1.1G 212M 22M 2.6G 2.4G#Disk:Filesystem Size Used Avail Use% Mounted on /dev/mapper/sopvpyves--vg-root 39G 7.2G 30G 20% /#Load:loadaverage:2.04,#Network:Iface MTU Met RX-OK RX-ERR RX-DRP RX-OVR TX-OK TX-ERR TX-DRP TX-OVR Flg ens160 1500 0 372739073 0 3 0 336305936 0 0 0 BMRU #iostat:avg-cpu: %user %nice %system %iowait %steal %idle 72.23 0.00 0.48 0.02 0.00 27.27#iooperation:Device: tps kB_read/s kB_wrtn/s kB_read kB_wrtn sda 0.71 5.43 9.88 7712725 14040500 dm-0 1.27 5.39 9.82 7656675 13950896 dm-1 0.01 0.00 0.02 6358 35368#mpstat:12:39:15 PM CPU %usr %nice %sys %iowait %irq %soft %steal %guest %gnice %idle 12:39:15 PM all 72.23 0.00 0.25 0.02 0.00 0.23 0.00 0.00 0.00 27.27 12:39:15 PM 0 72.44 0.00 0.24 0.02 0.00 0.00 0.00 0.00 0.00 27.29 12:39:15 PM 1 72.01 0.00 0.26 0.02 0.00 0.47 0.00 0.00 0.00 27.24#vmstat:procs -----------memory---------- ---swap-- -----io---- -system-- ------cpu----- r b swpd free buff cache si so bi bo in cs us sy id wa st 2 0 35260 217460 207252 2474620 0 0 3 5 13 13 72 0 27 0 0
#date:Tue Jul 16 12:40:15 CEST 2019#hostname:10.214.220.100 #SWAP:Swap: 8.0G 34M 8.0G#RAM:Mem: 3.9G 1.1G 211M 22M 2.6G 2.4G#Disk:Filesystem Size Used Avail Use% Mounted on /dev/mapper/sopvpyves--vg-root 39G 7.2G 30G 20% /#Load:loadaverage:2.22,#Network:Iface MTU Met RX-OK RX-ERR RX-DRP RX-OVR TX-OK TX-ERR TX-DRP TX-OVR Flg ens160 1500 0 372745106 0 3 0 336310511 0 0 0 BMRU #iostat:avg-cpu: %user %nice %system %iowait %steal %idle 72.23 0.00 0.48 0.02 0.00 27.27#iooperation:Device: tps kB_read/s kB_wrtn/s kB_read kB_wrtn sda 0.71 5.43 9.88 7712725 14040812 dm-0 1.27 5.39 9.82 7656675 13951208 dm-1 0.01 0.00 0.02 6358 35368#mpstat:12:40:15 PM CPU %usr %nice %sys %iowait %irq %soft %steal %guest %gnice %idle 12:40:15 PM all 72.23 0.00 0.25 0.02 0.00 0.23 0.00 0.00 0.00 27.27 12:40:15 PM 0 72.44 0.00 0.24 0.02 0.00 0.00 0.00 0.00 0.00 27.29 12:40:15 PM 1 72.02 0.00 0.26 0.02 0.00 0.47 0.00 0.00 0.00 27.24#vmstat:procs -----------memory---------- ---swap-- -----io---- -system-- ------cpu----- r b swpd free buff cache si so bi bo in cs us sy id wa st 2 0 35260 217540 207264 2474684 0 0 3 5 13 13 72 0 27 0 0
#date:Tue Jul 16 12:41:15 CEST 2019#hostname:10.214.220.100 #SWAP:Swap: 8.0G 34M 8.0G#RAM:Mem: 3.9G 1.1G 212M 22M 2.6G 2.4G#Disk:Filesystem Size Used Avail Use% Mounted on /dev/mapper/sopvpyves--vg-root 39G 7.2G 30G 20% /#Load:loadaverage:2.44,#Network:Iface MTU Met RX-OK RX-ERR RX-DRP RX-OVR TX-OK TX-ERR TX-DRP TX-OVR Flg ens160 1500 0 372750891 0 3 0 336314952 0 0 0 BMRU #iostat:avg-cpu: %user %nice %system %iowait %steal %idle 72.23 0.00 0.48 0.02 0.00 27.26#iooperation:Device: tps kB_read/s kB_wrtn/s kB_read kB_wrtn sda 0.71 5.43 9.88 7712725 14041088 dm-0 1.27 5.39 9.82 7656675 13951484 dm-1 0.01 0.00 0.02 6358 35368#mpstat:12:41:15 PM CPU %usr %nice %sys %iowait %irq %soft %steal %guest %gnice %idle 12:41:15 PM all 72.23 0.00 0.25 0.02 0.00 0.23 0.00 0.00 0.00 27.26 12:41:15 PM 0 72.44 0.00 0.24 0.02 0.00 0.00 0.00 0.00 0.00 27.29 12:41:15 PM 1 72.02 0.00 0.26 0.02 0.00 0.47 0.00 0.00 0.00 27.24#vmstat:procs -----------memory---------- ---swap-- -----io---- -system-- ------cpu----- r b swpd free buff cache si so bi bo in cs us sy id wa st 2 0 35260 217736 207280 2474724 0 0 3 5 13 13 72 0 27 0 0
#date:Tue Jul 16 12:42:15 CEST 2019#hostname:10.214.220.100 #SWAP:Swap: 8.0G 34M 8.0G#RAM:Mem: 3.9G 1.1G 212M 22M 2.6G 2.4G#Disk:Filesystem Size Used Avail Use% Mounted on /dev/mapper/sopvpyves--vg-root 39G 7.2G 30G 20% /#Load:loadaverage:2.24,#Network:Iface MTU Met RX-OK RX-ERR RX-DRP RX-OVR TX-OK TX-ERR TX-DRP TX-OVR Flg ens160 1500 0 372757131 0 3 0 336319563 0 0 0 BMRU #iostat:avg-cpu: %user %nice %system %iowait %steal %idle 72.23 0.00 0.48 0.02 0.00 27.26#iooperation:Device: tps kB_read/s kB_wrtn/s kB_read kB_wrtn sda 0.71 5.43 9.88 7712725 14041436 dm-0 1.27 5.39 9.82 7656675 13951832 dm-1 0.01 0.00 0.02 6358 35368#mpstat:12:42:16 PM CPU %usr %nice %sys %iowait %irq %soft %steal %guest %gnice %idle 12:42:16 PM all 72.23 0.00 0.25 0.02 0.00 0.23 0.00 0.00 0.00 27.26 12:42:16 PM 0 72.44 0.00 0.24 0.02 0.00 0.00 0.00 0.00 0.00 27.29 12:42:16 PM 1 72.02 0.00 0.26 0.02 0.00 0.47 0.00 0.00 0.00 27.24#vmstat:procs -----------memory---------- ---swap-- -----io---- -system-- ------cpu----- r b swpd free buff cache si so bi bo in cs us sy id wa st 2 0 35260 217436 207300 2474692 0 0 3 5 13 13 72 0 27 0 0
#date:Tue Jul 16 12:43:16 CEST 2019#hostname:10.214.220.100 #SWAP:Swap: 8.0G 34M 8.0G#RAM:Mem: 3.9G 1.1G 211M 22M 2.6G 2.4G#Disk:Filesystem Size Used Avail Use% Mounted on /dev/mapper/sopvpyves--vg-root 39G 7.2G 30G 20% /#Load:loadaverage:2.12,#Network:Iface MTU Met RX-OK RX-ERR RX-DRP RX-OVR TX-OK TX-ERR TX-DRP TX-OVR Flg ens160 1500 0 372763316 0 3 0 336324311 0 0 0 BMRU #iostat:avg-cpu: %user %nice %system %iowait %steal %idle 72.23 0.00 0.48 0.02 0.00 27.26#iooperation:Device: tps kB_read/s kB_wrtn/s kB_read kB_wrtn sda 0.71 5.43 9.88 7712725 14041680 dm-0 1.27 5.39 9.82 7656675 13952076 dm-1 0.01 0.00 0.02 6358 35368#mpstat:12:43:16 PM CPU %usr %nice %sys %iowait %irq %soft %steal %guest %gnice %idle 12:43:16 PM all 72.23 0.00 0.25 0.02 0.00 0.23 0.00 0.00 0.00 27.26 12:43:16 PM 0 72.45 0.00 0.24 0.02 0.00 0.00 0.00 0.00 0.00 27.29 12:43:16 PM 1 72.02 0.00 0.26 0.02 0.00 0.47 0.00 0.00 0.00 27.24#vmstat:procs -----------memory---------- ---swap-- -----io---- -system-- ------cpu----- r b swpd free buff cache si so bi bo in cs us sy id wa st 2 0 35260 216624 207304 2474756 0 0 3 5 13 13 72 0 27 0 0
#date:Tue Jul 16 12:44:16 CEST 2019#hostname:10.214.220.100 #SWAP:Swap: 8.0G 34M 8.0G#RAM:Mem: 3.9G 1.1G 211M 22M 2.6G 2.4G#Disk:Filesystem Size Used Avail Use% Mounted on /dev/mapper/sopvpyves--vg-root 39G 7.2G 30G 20% /#Load:loadaverage:2.04,#Network:Iface MTU Met RX-OK RX-ERR RX-DRP RX-OVR TX-OK TX-ERR TX-DRP TX-OVR Flg ens160 1500 0 372769491 0 3 0 336329231 0 0 0 BMRU #iostat:avg-cpu: %user %nice %system %iowait %steal %idle 72.23 0.00 0.48 0.02 0.00 27.26#iooperation:Device: tps kB_read/s kB_wrtn/s kB_read kB_wrtn sda 0.71 5.43 9.88 7712725 14041964 dm-0 1.27 5.39 9.82 7656675 13952360 dm-1 0.01 0.00 0.02 6358 35368#mpstat:12:44:17 PM CPU %usr %nice %sys %iowait %irq %soft %steal %guest %gnice %idle 12:44:17 PM all 72.23 0.00 0.25 0.02 0.00 0.23 0.00 0.00 0.00 27.26 12:44:17 PM 0 72.45 0.00 0.24 0.02 0.00 0.00 0.00 0.00 0.00 27.29 12:44:17 PM 1 72.02 0.00 0.26 0.02 0.00 0.47 0.00 0.00 0.00 27.24#vmstat:procs -----------memory---------- ---swap-- -----io---- -system-- ------cpu----- r b swpd free buff cache si so bi bo in cs us sy id wa st 2 0 35260 216756 207304 2474844 0 0 3 5 13 13 72 0 27 0 0
#date:Tue Jul 16 12:45:17 CEST 2019#hostname:10.214.220.100 #SWAP:Swap: 8.0G 34M 8.0G#RAM:Mem: 3.9G 1.1G 210M 22M 2.6G 2.4G#Disk:Filesystem Size Used Avail Use% Mounted on /dev/mapper/sopvpyves--vg-root 39G 7.2G 30G 20% /#Load:loadaverage:2.06,#Network:Iface MTU Met RX-OK RX-ERR RX-DRP RX-OVR TX-OK TX-ERR TX-DRP TX-OVR Flg ens160 1500 0 372777936 0 3 0 336335207 0 0 0 BMRU #iostat:avg-cpu: %user %nice %system %iowait %steal %idle 72.23 0.00 0.48 0.02 0.00 27.26#iooperation:Device: tps kB_read/s kB_wrtn/s kB_read kB_wrtn sda 0.71 5.43 9.88 7712725 14042300 dm-0 1.27 5.39 9.82 7656675 13952696 dm-1 0.01 0.00 0.02 6358 35368#mpstat:12:45:17 PM CPU %usr %nice %sys %iowait %irq %soft %steal %guest %gnice %idle 12:45:17 PM all 72.23 0.00 0.25 0.02 0.00 0.23 0.00 0.00 0.00 27.26 12:45:17 PM 0 72.45 0.00 0.24 0.02 0.00 0.00 0.00 0.00 0.00 27.29 12:45:17 PM 1 72.02 0.00 0.26 0.02 0.00 0.47 0.00 0.00 0.00 27.23#vmstat:procs -----------memory---------- ---swap-- -----io---- -system-- ------cpu----- r b swpd free buff cache si so bi bo in cs us sy id wa st 2 0 35260 215660 207304 2474728 0 0 3 5 13 13 72 0 27 0 0
#date:Tue Jul 16 12:46:17 CEST 2019#hostname:10.214.220.100 #SWAP:Swap: 8.0G 34M 8.0G#RAM:Mem: 3.9G 1.1G 210M 22M 2.6G 2.4G#Disk:Filesystem Size Used Avail Use% Mounted on /dev/mapper/sopvpyves--vg-root 39G 7.2G 30G 20% /#Load:loadaverage:2.07,#Network:Iface MTU Met RX-OK RX-ERR RX-DRP RX-OVR TX-OK TX-ERR TX-DRP TX-OVR Flg ens160 1500 0 372784423 0 3 0 336340119 0 0 0 BMRU #iostat:avg-cpu: %user %nice %system %iowait %steal %idle 72.24 0.00 0.48 0.02 0.00 27.26#iooperation:Device: tps kB_read/s kB_wrtn/s kB_read kB_wrtn sda 0.71 5.43 9.88 7712725 14042576 dm-0 1.27 5.39 9.82 7656675 13952972 dm-1 0.01 0.00 0.02 6358 35368#mpstat:12:46:17 PM CPU %usr %nice %sys %iowait %irq %soft %steal %guest %gnice %idle 12:46:17 PM all 72.24 0.00 0.25 0.02 0.00 0.23 0.00 0.00 0.00 27.26 12:46:17 PM 0 72.45 0.00 0.24 0.02 0.00 0.00 0.00 0.00 0.00 27.28 12:46:17 PM 1 72.02 0.00 0.26 0.02 0.00 0.47 0.00 0.00 0.00 27.23#vmstat:procs -----------memory---------- ---swap-- -----io---- -system-- ------cpu----- r b swpd free buff cache si so bi bo in cs us sy id wa st 2 0 35260 214468 207316 2474792 0 0 3 5 13 13 72 0 27 0 0
#date:Tue Jul 16 12:47:17 CEST 2019#hostname:10.214.220.100 #SWAP:Swap: 8.0G 34M 8.0G#RAM:Mem: 3.9G 1.1G 210M 22M 2.6G 2.4G#Disk:Filesystem Size Used Avail Use% Mounted on /dev/mapper/sopvpyves--vg-root 39G 7.2G 30G 20% /#Load:loadaverage:2.08,#Network:Iface MTU Met RX-OK RX-ERR RX-DRP RX-OVR TX-OK TX-ERR TX-DRP TX-OVR Flg ens160 1500 0 372790319 0 3 0 336344707 0 0 0 BMRU #iostat:avg-cpu: %user %nice %system %iowait %steal %idle 72.24 0.00 0.48 0.02 0.00 27.26#iooperation:Device: tps kB_read/s kB_wrtn/s kB_read kB_wrtn sda 0.71 5.43 9.88 7712725 14042940 dm-0 1.27 5.39 9.82 7656675 13953336 dm-1 0.01 0.00 0.02 6358 35368#mpstat:12:47:18 PM CPU %usr %nice %sys %iowait %irq %soft %steal %guest %gnice %idle 12:47:18 PM all 72.24 0.00 0.25 0.02 0.00 0.23 0.00 0.00 0.00 27.26 12:47:18 PM 0 72.45 0.00 0.24 0.02 0.00 0.00 0.00 0.00 0.00 27.28 12:47:18 PM 1 72.02 0.00 0.26 0.02 0.00 0.47 0.00 0.00 0.00 27.23#vmstat:procs -----------memory---------- ---swap-- -----io---- -system-- ------cpu----- r b swpd free buff cache si so bi bo in cs us sy id wa st 3 0 35260 214984 207332 2474612 0 0 3 5 13 13 72 0 27 0 0
#date:Tue Jul 16 12:48:18 CEST 2019#hostname:10.214.220.100 #SWAP:Swap: 8.0G 34M 8.0G#RAM:Mem: 3.9G 1.1G 210M 22M 2.6G 2.4G#Disk:Filesystem Size Used Avail Use% Mounted on /dev/mapper/sopvpyves--vg-root 39G 7.2G 30G 20% /#Load:loadaverage:2.14,#Network:Iface MTU Met RX-OK RX-ERR RX-DRP RX-OVR TX-OK TX-ERR TX-DRP TX-OVR Flg ens160 1500 0 372796241 0 3 0 336349425 0 0 0 BMRU #iostat:avg-cpu: %user %nice %system %iowait %steal %idle 72.24 0.00 0.48 0.02 0.00 27.26#iooperation:Device: tps kB_read/s kB_wrtn/s kB_read kB_wrtn sda 0.71 5.43 9.88 7712725 14043288 dm-0 1.27 5.39 9.82 7656675 13953684 dm-1 0.01 0.00 0.02 6358 35368#mpstat:12:48:18 PM CPU %usr %nice %sys %iowait %irq %soft %steal %guest %gnice %idle 12:48:18 PM all 72.24 0.00 0.25 0.02 0.00 0.23 0.00 0.00 0.00 27.26 12:48:18 PM 0 72.45 0.00 0.24 0.02 0.00 0.00 0.00 0.00 0.00 27.28 12:48:18 PM 1 72.02 0.00 0.26 0.02 0.00 0.47 0.00 0.00 0.00 27.23#vmstat:procs -----------memory---------- ---swap-- -----io---- -system-- ------cpu----- r b swpd free buff cache si so bi bo in cs us sy id wa st 2 0 35260 214996 207340 2474736 0 0 3 5 13 13 72 0 27 0 0
#date:Tue Jul 16 12:49:18 CEST 2019#hostname:10.214.220.100 #SWAP:Swap: 8.0G 34M 8.0G#RAM:Mem: 3.9G 1.1G 209M 22M 2.6G 2.4G#Disk:Filesystem Size Used Avail Use% Mounted on /dev/mapper/sopvpyves--vg-root 39G 7.2G 30G 20% /#Load:loadaverage:2.23,#Network:Iface MTU Met RX-OK RX-ERR RX-DRP RX-OVR TX-OK TX-ERR TX-DRP TX-OVR Flg ens160 1500 0 372802123 0 3 0 336354107 0 0 0 BMRU #iostat:avg-cpu: %user %nice %system %iowait %steal %idle 72.24 0.00 0.48 0.02 0.00 27.26#iooperation:Device: tps kB_read/s kB_wrtn/s kB_read kB_wrtn sda 0.71 5.43 9.88 7712725 14043540 dm-0 1.27 5.39 9.82 7656675 13953936 dm-1 0.01 0.00 0.02 6358 35368#mpstat:12:49:18 PM CPU %usr %nice %sys %iowait %irq %soft %steal %guest %gnice %idle 12:49:18 PM all 72.24 0.00 0.25 0.02 0.00 0.23 0.00 0.00 0.00 27.26 12:49:18 PM 0 72.45 0.00 0.24 0.02 0.00 0.00 0.00 0.00 0.00 27.28 12:49:18 PM 1 72.03 0.00 0.26 0.02 0.00 0.47 0.00 0.00 0.00 27.23#vmstat:procs -----------memory---------- ---swap-- -----io---- -system-- ------cpu----- r b swpd free buff cache si so bi bo in cs us sy id wa st 2 0 35260 213996 207340 2474896 0 0 3 5 13 13 72 0 27 0 0
#date:Tue Jul 16 12:50:18 CEST 2019#hostname:10.214.220.100 #SWAP:Swap: 8.0G 34M 8.0G#RAM:Mem: 3.9G 1.1G 208M 22M 2.6G 2.4G#Disk:Filesystem Size Used Avail Use% Mounted on /dev/mapper/sopvpyves--vg-root 39G 7.2G 30G 20% /#Load:loadaverage:2.08,#Network:Iface MTU Met RX-OK RX-ERR RX-DRP RX-OVR TX-OK TX-ERR TX-DRP TX-OVR Flg ens160 1500 0 372807950 0 3 0 336358743 0 0 0 BMRU #iostat:avg-cpu: %user %nice %system %iowait %steal %idle 72.24 0.00 0.48 0.02 0.00 27.25#iooperation:Device: tps kB_read/s kB_wrtn/s kB_read kB_wrtn sda 0.71 5.43 9.88 7712725 14043812 dm-0 1.27 5.39 9.82 7656675 13954208 dm-1 0.01 0.00 0.02 6358 35368#mpstat:12:50:19 PM CPU %usr %nice %sys %iowait %irq %soft %steal %guest %gnice %idle 12:50:19 PM all 72.24 0.00 0.25 0.02 0.00 0.23 0.00 0.00 0.00 27.25 12:50:19 PM 0 72.45 0.00 0.24 0.02 0.00 0.00 0.00 0.00 0.00 27.28 12:50:19 PM 1 72.03 0.00 0.26 0.02 0.00 0.47 0.00 0.00 0.00 27.23#vmstat:procs -----------memory---------- ---swap-- -----io---- -system-- ------cpu----- r b swpd free buff cache si so bi bo in cs us sy id wa st 2 0 35260 213976 207344 2474956 0 0 3 5 13 13 72 0 27 0 0
#date:Tue Jul 16 12:51:19 CEST 2019#hostname:10.214.220.100 #SWAP:Swap: 8.0G 34M 8.0G#RAM:Mem: 3.9G 1.1G 209M 22M 2.6G 2.4G#Disk:Filesystem Size Used Avail Use% Mounted on /dev/mapper/sopvpyves--vg-root 39G 7.2G 30G 20% /#Load:loadaverage:2.10,#Network:Iface MTU Met RX-OK RX-ERR RX-DRP RX-OVR TX-OK TX-ERR TX-DRP TX-OVR Flg ens160 1500 0 372813832 0 3 0 336363393 0 0 0 BMRU #iostat:avg-cpu: %user %nice %system %iowait %steal %idle 72.24 0.00 0.48 0.02 0.00 27.25#iooperation:Device: tps kB_read/s kB_wrtn/s kB_read kB_wrtn sda 0.71 5.43 9.88 7712725 14044124 dm-0 1.27 5.39 9.82 7656675 13954520 dm-1 0.01 0.00 0.02 6358 35368#mpstat:12:51:19 PM CPU %usr %nice %sys %iowait %irq %soft %steal %guest %gnice %idle 12:51:19 PM all 72.24 0.00 0.25 0.02 0.00 0.23 0.00 0.00 0.00 27.25 12:51:19 PM 0 72.45 0.00 0.24 0.02 0.00 0.00 0.00 0.00 0.00 27.28 12:51:19 PM 1 72.03 0.00 0.26 0.02 0.00 0.47 0.00 0.00 0.00 27.23#vmstat:procs -----------memory---------- ---swap-- -----io---- -system-- ------cpu----- r b swpd free buff cache si so bi bo in cs us sy id wa st 2 0 35260 214352 207348 2474924 0 0 3 5 13 13 72 0 27 0 0
#date:Tue Jul 16 12:52:19 CEST 2019#hostname:10.214.220.100 #SWAP:Swap: 8.0G 34M 8.0G#RAM:Mem: 3.9G 1.1G 208M 22M 2.6G 2.4G#Disk:Filesystem Size Used Avail Use% Mounted on /dev/mapper/sopvpyves--vg-root 39G 7.2G 30G 20% /#Load:loadaverage:2.09,#Network:Iface MTU Met RX-OK RX-ERR RX-DRP RX-OVR TX-OK TX-ERR TX-DRP TX-OVR Flg ens160 1500 0 372819682 0 3 0 336368076 0 0 0 BMRU #iostat:avg-cpu: %user %nice %system %iowait %steal %idle 72.24 0.00 0.48 0.02 0.00 27.25#iooperation:Device: tps kB_read/s kB_wrtn/s kB_read kB_wrtn sda 0.71 5.43 9.88 7712725 14044452 dm-0 1.27 5.39 9.82 7656675 13954848 dm-1 0.01 0.00 0.02 6358 35368#mpstat:12:52:20 PM CPU %usr %nice %sys %iowait %irq %soft %steal %guest %gnice %idle 12:52:20 PM all 72.24 0.00 0.25 0.02 0.00 0.23 0.00 0.00 0.00 27.25 12:52:20 PM 0 72.46 0.00 0.24 0.02 0.00 0.00 0.00 0.00 0.00 27.28 12:52:20 PM 1 72.03 0.00 0.26 0.02 0.00 0.47 0.00 0.00 0.00 27.23#vmstat:procs -----------memory---------- ---swap-- -----io---- -system-- ------cpu----- r b swpd free buff cache si so bi bo in cs us sy id wa st 2 0 35260 214096 207356 2474988 0 0 3 5 13 13 72 0 27 0 0
#date:Tue Jul 16 12:53:20 CEST 2019#hostname:10.214.220.100 #SWAP:Swap: 8.0G 34M 8.0G#RAM:Mem: 3.9G 1.1G 209M 22M 2.6G 2.4G#Disk:Filesystem Size Used Avail Use% Mounted on /dev/mapper/sopvpyves--vg-root 39G 7.2G 30G 20% /#Load:loadaverage:2.17,#Network:Iface MTU Met RX-OK RX-ERR RX-DRP RX-OVR TX-OK TX-ERR TX-DRP TX-OVR Flg ens160 1500 0 372825562 0 3 0 336372795 0 0 0 BMRU #iostat:avg-cpu: %user %nice %system %iowait %steal %idle 72.24 0.00 0.48 0.02 0.00 27.25#iooperation:Device: tps kB_read/s kB_wrtn/s kB_read kB_wrtn sda 0.71 5.43 9.88 7712725 14044700 dm-0 1.27 5.39 9.82 7656675 13955096 dm-1 0.01 0.00 0.02 6358 35368#mpstat:12:53:20 PM CPU %usr %nice %sys %iowait %irq %soft %steal %guest %gnice %idle 12:53:20 PM all 72.24 0.00 0.25 0.02 0.00 0.23 0.00 0.00 0.00 27.25 12:53:20 PM 0 72.46 0.00 0.24 0.02 0.00 0.00 0.00 0.00 0.00 27.28 12:53:20 PM 1 72.03 0.00 0.26 0.02 0.00 0.47 0.00 0.00 0.00 27.23#vmstat:procs -----------memory---------- ---swap-- -----io---- -system-- ------cpu----- r b swpd free buff cache si so bi bo in cs us sy id wa st 2 0 35260 213980 207360 2475024 0 0 3 5 13 13 72 0 27 0 0
#date:Tue Jul 16 12:54:20 CEST 2019#hostname:10.214.220.100 #SWAP:Swap: 8.0G 34M 8.0G#RAM:Mem: 3.9G 1.1G 208M 22M 2.6G 2.4G#Disk:Filesystem Size Used Avail Use% Mounted on /dev/mapper/sopvpyves--vg-root 39G 7.2G 30G 20% /#Load:loadaverage:2.06,#Network:Iface MTU Met RX-OK RX-ERR RX-DRP RX-OVR TX-OK TX-ERR TX-DRP TX-OVR Flg ens160 1500 0 372831407 0 3 0 336377502 0 0 0 BMRU #iostat:avg-cpu: %user %nice %system %iowait %steal %idle 72.24 0.00 0.48 0.02 0.00 27.25#iooperation:Device: tps kB_read/s kB_wrtn/s kB_read kB_wrtn sda 0.71 5.43 9.88 7712725 14044976 dm-0 1.27 5.39 9.82 7656675 13955372 dm-1 0.01 0.00 0.02 6358 35368#mpstat:12:54:20 PM CPU %usr %nice %sys %iowait %irq %soft %steal %guest %gnice %idle 12:54:20 PM all 72.24 0.00 0.25 0.02 0.00 0.23 0.00 0.00 0.00 27.25 12:54:20 PM 0 72.46 0.00 0.24 0.02 0.00 0.00 0.00 0.00 0.00 27.28 12:54:20 PM 1 72.03 0.00 0.26 0.02 0.00 0.47 0.00 0.00 0.00 27.22#vmstat:procs -----------memory---------- ---swap-- -----io---- -system-- ------cpu----- r b swpd free buff cache si so bi bo in cs us sy id wa st 2 0 35260 213696 207376 2475048 0 0 3 5 13 14 72 0 27 0 0
#date:Tue Jul 16 12:55:20 CEST 2019#hostname:10.214.220.100 #SWAP:Swap: 8.0G 34M 8.0G#RAM:Mem: 3.9G 1.1G 208M 22M 2.6G 2.4G#Disk:Filesystem Size Used Avail Use% Mounted on /dev/mapper/sopvpyves--vg-root 39G 7.2G 30G 20% /#Load:loadaverage:2.02,#Network:Iface MTU Met RX-OK RX-ERR RX-DRP RX-OVR TX-OK TX-ERR TX-DRP TX-OVR Flg ens160 1500 0 372837354 0 3 0 336382269 0 0 0 BMRU #iostat:avg-cpu: %user %nice %system %iowait %steal %idle 72.25 0.00 0.48 0.02 0.00 27.25#iooperation:Device: tps kB_read/s kB_wrtn/s kB_read kB_wrtn sda 0.71 5.43 9.88 7712725 14045284 dm-0 1.27 5.39 9.82 7656675 13955680 dm-1 0.01 0.00 0.02 6358 35368#mpstat:12:55:21 PM CPU %usr %nice %sys %iowait %irq %soft %steal %guest %gnice %idle 12:55:21 PM all 72.25 0.00 0.25 0.02 0.00 0.23 0.00 0.00 0.00 27.25 12:55:21 PM 0 72.46 0.00 0.24 0.02 0.00 0.00 0.00 0.00 0.00 27.27 12:55:21 PM 1 72.03 0.00 0.26 0.02 0.00 0.47 0.00 0.00 0.00 27.22#vmstat:procs -----------memory---------- ---swap-- -----io---- -system-- ------cpu----- r b swpd free buff cache si so bi bo in cs us sy id wa st 2 0 35260 213444 207392 2475096 0 0 3 5 13 14 72 0 27 0 0
#date:Tue Jul 16 12:56:21 CEST 2019#hostname:10.214.220.100 #SWAP:Swap: 8.0G 34M 8.0G#RAM:Mem: 3.9G 1.1G 208M 22M 2.6G 2.4G#Disk:Filesystem Size Used Avail Use% Mounted on /dev/mapper/sopvpyves--vg-root 39G 7.2G 30G 20% /#Load:loadaverage:2.05,#Network:Iface MTU Met RX-OK RX-ERR RX-DRP RX-OVR TX-OK TX-ERR TX-DRP TX-OVR Flg ens160 1500 0 372843385 0 3 0 336387119 0 0 0 BMRU #iostat:avg-cpu: %user %nice %system %iowait %steal %idle 72.25 0.00 0.48 0.02 0.00 27.25#iooperation:Device: tps kB_read/s kB_wrtn/s kB_read kB_wrtn sda 0.71 5.43 9.88 7712725 14045592 dm-0 1.27 5.39 9.82 7656675 13955988 dm-1 0.01 0.00 0.02 6358 35368#mpstat:12:56:21 PM CPU %usr %nice %sys %iowait %irq %soft %steal %guest %gnice %idle 12:56:21 PM all 72.25 0.00 0.25 0.02 0.00 0.23 0.00 0.00 0.00 27.25 12:56:21 PM 0 72.46 0.00 0.24 0.02 0.00 0.00 0.00 0.00 0.00 27.27 12:56:21 PM 1 72.03 0.00 0.26 0.02 0.00 0.47 0.00 0.00 0.00 27.22#vmstat:procs -----------memory---------- ---swap-- -----io---- -system-- ------cpu----- r b swpd free buff cache si so bi bo in cs us sy id wa st 2 0 35260 212628 207412 2475208 0 0 3 5 13 14 72 0 27 0 0
#date:Tue Jul 16 12:57:21 CEST 2019#hostname:10.214.220.100 #SWAP:Swap: 8.0G 34M 8.0G#RAM:Mem: 3.9G 1.1G 207M 22M 2.6G 2.4G#Disk:Filesystem Size Used Avail Use% Mounted on /dev/mapper/sopvpyves--vg-root 39G 7.2G 30G 20% /#Load:loadaverage:2.09,#Network:Iface MTU Met RX-OK RX-ERR RX-DRP RX-OVR TX-OK TX-ERR TX-DRP TX-OVR Flg ens160 1500 0 372849292 0 3 0 336391914 0 0 0 BMRU #iostat:avg-cpu: %user %nice %system %iowait %steal %idle 72.25 0.00 0.48 0.02 0.00 27.25#iooperation:Device: tps kB_read/s kB_wrtn/s kB_read kB_wrtn sda 0.71 5.43 9.88 7712725 14045840 dm-0 1.27 5.39 9.82 7656675 13956236 dm-1 0.01 0.00 0.02 6358 35368#mpstat:12:57:22 PM CPU %usr %nice %sys %iowait %irq %soft %steal %guest %gnice %idle 12:57:22 PM all 72.25 0.00 0.25 0.02 0.00 0.23 0.00 0.00 0.00 27.25 12:57:22 PM 0 72.46 0.00 0.24 0.02 0.00 0.00 0.00 0.00 0.00 27.27 12:57:22 PM 1 72.04 0.00 0.26 0.02 0.00 0.47 0.00 0.00 0.00 27.22#vmstat:procs -----------memory---------- ---swap-- -----io---- -system-- ------cpu----- r b swpd free buff cache si so bi bo in cs us sy id wa st 2 0 35260 212708 207416 2475208 0 0 3 5 13 14 72 0 27 0 0
#date:Tue Jul 16 12:58:22 CEST 2019#hostname:10.214.220.100 #SWAP:Swap: 8.0G 34M 8.0G#RAM:Mem: 3.9G 1.1G 207M 22M 2.6G 2.4G#Disk:Filesystem Size Used Avail Use% Mounted on /dev/mapper/sopvpyves--vg-root 39G 7.2G 30G 20% /#Load:loadaverage:2.25,#Network:Iface MTU Met RX-OK RX-ERR RX-DRP RX-OVR TX-OK TX-ERR TX-DRP TX-OVR Flg ens160 1500 0 372855359 0 3 0 336396796 0 0 0 BMRU #iostat:avg-cpu: %user %nice %system %iowait %steal %idle 72.25 0.00 0.48 0.02 0.00 27.25#iooperation:Device: tps kB_read/s kB_wrtn/s kB_read kB_wrtn sda 0.71 5.42 9.88 7712725 14046208 dm-0 1.27 5.39 9.82 7656675 13956604 dm-1 0.01 0.00 0.02 6358 35368#mpstat:12:58:22 PM CPU %usr %nice %sys %iowait %irq %soft %steal %guest %gnice %idle 12:58:22 PM all 72.25 0.00 0.25 0.02 0.00 0.23 0.00 0.00 0.00 27.25 12:58:22 PM 0 72.46 0.00 0.24 0.02 0.00 0.00 0.00 0.00 0.00 27.27 12:58:22 PM 1 72.04 0.00 0.26 0.02 0.00 0.47 0.00 0.00 0.00 27.22#vmstat:procs -----------memory---------- ---swap-- -----io---- -system-- ------cpu----- r b swpd free buff cache si so bi bo in cs us sy id wa st 2 0 35260 211664 207432 2475264 0 0 3 5 13 14 72 0 27 0 0
#date:Tue Jul 16 12:59:22 CEST 2019#hostname:10.214.220.100 #SWAP:Swap: 8.0G 34M 8.0G#RAM:Mem: 3.9G 1.1G 207M 22M 2.6G 2.4G#Disk:Filesystem Size Used Avail Use% Mounted on /dev/mapper/sopvpyves--vg-root 39G 7.2G 30G 20% /#Load:loadaverage:2.42,#Network:Iface MTU Met RX-OK RX-ERR RX-DRP RX-OVR TX-OK TX-ERR TX-DRP TX-OVR Flg ens160 1500 0 372861283 0 3 0 336401617 0 0 0 BMRU #iostat:avg-cpu: %user %nice %system %iowait %steal %idle 72.25 0.00 0.48 0.02 0.00 27.24#iooperation:Device: tps kB_read/s kB_wrtn/s kB_read kB_wrtn sda 0.71 5.42 9.88 7712725 14046488 dm-0 1.27 5.39 9.82 7656675 13956884 dm-1 0.01 0.00 0.02 6358 35368#mpstat:12:59:22 PM CPU %usr %nice %sys %iowait %irq %soft %steal %guest %gnice %idle 12:59:22 PM all 72.25 0.00 0.25 0.02 0.00 0.23 0.00 0.00 0.00 27.24 12:59:22 PM 0 72.46 0.00 0.24 0.02 0.00 0.00 0.00 0.00 0.00 27.27 12:59:22 PM 1 72.04 0.00 0.26 0.02 0.00 0.47 0.00 0.00 0.00 27.22#vmstat:procs -----------memory---------- ---swap-- -----io---- -system-- ------cpu----- r b swpd free buff cache si so bi bo in cs us sy id wa st 2 0 35260 211652 207432 2475380 0 0 3 5 13 14 72 0 27 0 0
#date:Tue Jul 16 13:00:22 CEST 2019#hostname:10.214.220.100 #SWAP:Swap: 8.0G 34M 8.0G#RAM:Mem: 3.9G 1.1G 205M 22M 2.6G 2.4G#Disk:Filesystem Size Used Avail Use% Mounted on /dev/mapper/sopvpyves--vg-root 39G 7.2G 30G 20% /#Load:loadaverage:2.24,#Network:Iface MTU Met RX-OK RX-ERR RX-DRP RX-OVR TX-OK TX-ERR TX-DRP TX-OVR Flg ens160 1500 0 372867351 0 3 0 336406490 0 0 0 BMRU #iostat:avg-cpu: %user %nice %system %iowait %steal %idle 72.25 0.00 0.48 0.02 0.00 27.24#iooperation:Device: tps kB_read/s kB_wrtn/s kB_read kB_wrtn sda 0.71 5.42 9.88 7712725 14046716 dm-0 1.27 5.38 9.82 7656675 13957112 dm-1 0.01 0.00 0.02 6358 35368#mpstat:01:00:23 PM CPU %usr %nice %sys %iowait %irq %soft %steal %guest %gnice %idle 01:00:23 PM all 72.25 0.00 0.25 0.02 0.00 0.23 0.00 0.00 0.00 27.24 01:00:23 PM 0 72.46 0.00 0.24 0.02 0.00 0.00 0.00 0.00 0.00 27.27 01:00:23 PM 1 72.04 0.00 0.26 0.02 0.00 0.47 0.00 0.00 0.00 27.22#vmstat:procs -----------memory---------- ---swap-- -----io---- -system-- ------cpu----- r b swpd free buff cache si so bi bo in cs us sy id wa st 2 0 35260 211144 207436 2475364 0 0 3 5 13 14 72 0 27 0 0
#date:Tue Jul 16 13:01:23 CEST 2019#hostname:10.214.220.100 #SWAP:Swap: 8.0G 34M 8.0G#RAM:Mem: 3.9G 1.1G 206M 22M 2.6G 2.4G#Disk:Filesystem Size Used Avail Use% Mounted on /dev/mapper/sopvpyves--vg-root 39G 7.2G 30G 20% /#Load:loadaverage:2.13,#Network:Iface MTU Met RX-OK RX-ERR RX-DRP RX-OVR TX-OK TX-ERR TX-DRP TX-OVR Flg ens160 1500 0 372873453 0 3 0 336411385 0 0 0 BMRU #iostat:avg-cpu: %user %nice %system %iowait %steal %idle 72.25 0.00 0.48 0.02 0.00 27.24#iooperation:Device: tps kB_read/s kB_wrtn/s kB_read kB_wrtn sda 0.71 5.42 9.88 7712725 14046952 dm-0 1.27 5.38 9.82 7656675 13957348 dm-1 0.01 0.00 0.02 6358 35368#mpstat:01:01:23 PM CPU %usr %nice %sys %iowait %irq %soft %steal %guest %gnice %idle 01:01:23 PM all 72.25 0.00 0.25 0.02 0.00 0.23 0.00 0.00 0.00 27.24 01:01:23 PM 0 72.47 0.00 0.24 0.02 0.00 0.00 0.00 0.00 0.00 27.27 01:01:23 PM 1 72.04 0.00 0.26 0.02 0.00 0.47 0.00 0.00 0.00 27.22#vmstat:procs -----------memory---------- ---swap-- -----io---- -system-- ------cpu----- r b swpd free buff cache si so bi bo in cs us sy id wa st 2 0 35260 210332 207448 2475564 0 0 3 5 13 14 72 0 27 0 0
#date:Tue Jul 16 13:02:23 CEST 2019#hostname:10.214.220.100 #SWAP:Swap: 8.0G 34M 8.0G#RAM:Mem: 3.9G 1.1G 206M 22M 2.6G 2.4G#Disk:Filesystem Size Used Avail Use% Mounted on /dev/mapper/sopvpyves--vg-root 39G 7.2G 30G 20% /#Load:loadaverage:2.08,#Network:Iface MTU Met RX-OK RX-ERR RX-DRP RX-OVR TX-OK TX-ERR TX-DRP TX-OVR Flg ens160 1500 0 372879357 0 3 0 336416228 0 0 0 BMRU #iostat:avg-cpu: %user %nice %system %iowait %steal %idle 72.25 0.00 0.48 0.02 0.00 27.24#iooperation:Device: tps kB_read/s kB_wrtn/s kB_read kB_wrtn sda 0.71 5.42 9.88 7712725 14047332 dm-0 1.27 5.38 9.82 7656675 13957728 dm-1 0.01 0.00 0.02 6358 35368#mpstat:01:02:24 PM CPU %usr %nice %sys %iowait %irq %soft %steal %guest %gnice %idle 01:02:24 PM all 72.25 0.00 0.25 0.02 0.00 0.23 0.00 0.00 0.00 27.24 01:02:24 PM 0 72.47 0.00 0.24 0.02 0.00 0.00 0.00 0.00 0.00 27.27 01:02:24 PM 1 72.04 0.00 0.26 0.02 0.00 0.47 0.00 0.00 0.00 27.22#vmstat:procs -----------memory---------- ---swap-- -----io---- -system-- ------cpu----- r b swpd free buff cache si so bi bo in cs us sy id wa st 2 0 35260 211228 207456 2475644 0 0 3 5 13 14 72 0 27 0 0
#date:Tue Jul 16 13:03:24 CEST 2019#hostname:10.214.220.100 #SWAP:Swap: 8.0G 34M 8.0G#RAM:Mem: 3.9G 1.1G 206M 22M 2.6G 2.4G#Disk:Filesystem Size Used Avail Use% Mounted on /dev/mapper/sopvpyves--vg-root 39G 7.2G 30G 20% /#Load:loadaverage:2.03,#Network:Iface MTU Met RX-OK RX-ERR RX-DRP RX-OVR TX-OK TX-ERR TX-DRP TX-OVR Flg ens160 1500 0 372885375 0 3 0 336421191 0 0 0 BMRU #iostat:avg-cpu: %user %nice %system %iowait %steal %idle 72.25 0.00 0.48 0.02 0.00 27.24#iooperation:Device: tps kB_read/s kB_wrtn/s kB_read kB_wrtn sda 0.71 5.42 9.88 7712725 14047616 dm-0 1.27 5.38 9.82 7656675 13958012 dm-1 0.01 0.00 0.02 6358 35368#mpstat:01:03:24 PM CPU %usr %nice %sys %iowait %irq %soft %steal %guest %gnice %idle 01:03:24 PM all 72.25 0.00 0.25 0.02 0.00 0.23 0.00 0.00 0.00 27.24 01:03:24 PM 0 72.47 0.00 0.24 0.02 0.00 0.00 0.00 0.00 0.00 27.27 01:03:24 PM 1 72.04 0.00 0.26 0.02 0.00 0.47 0.00 0.00 0.00 27.21#vmstat:procs -----------memory---------- ---swap-- -----io---- -system-- ------cpu----- r b swpd free buff cache si so bi bo in cs us sy id wa st 4 0 35260 210656 207472 2475764 0 0 3 5 13 14 72 0 27 0 0
#date:Tue Jul 16 13:04:24 CEST 2019#hostname:10.214.220.100 #SWAP:Swap: 8.0G 34M 8.0G#RAM:Mem: 3.9G 1.1G 205M 22M 2.6G 2.4G#Disk:Filesystem Size Used Avail Use% Mounted on /dev/mapper/sopvpyves--vg-root 39G 7.2G 30G 20% /#Load:loadaverage:2.21,#Network:Iface MTU Met RX-OK RX-ERR RX-DRP RX-OVR TX-OK TX-ERR TX-DRP TX-OVR Flg ens160 1500 0 372891439 0 3 0 336426188 0 0 0 BMRU #iostat:avg-cpu: %user %nice %system %iowait %steal %idle 72.26 0.00 0.48 0.02 0.00 27.24#iooperation:Device: tps kB_read/s kB_wrtn/s kB_read kB_wrtn sda 0.71 5.42 9.88 7712725 14047968 dm-0 1.27 5.38 9.82 7656675 13958364 dm-1 0.01 0.00 0.02 6358 35368#mpstat:01:04:24 PM CPU %usr %nice %sys %iowait %irq %soft %steal %guest %gnice %idle 01:04:24 PM all 72.26 0.00 0.25 0.02 0.00 0.23 0.00 0.00 0.00 27.24 01:04:24 PM 0 72.47 0.00 0.24 0.02 0.00 0.00 0.00 0.00 0.00 27.26 01:04:24 PM 1 72.04 0.00 0.26 0.02 0.00 0.47 0.00 0.00 0.00 27.21#vmstat:procs -----------memory---------- ---swap-- -----io---- -system-- ------cpu----- r b swpd free buff cache si so bi bo in cs us sy id wa st 2 0 35260 210256 207480 2475752 0 0 3 5 13 14 72 0 27 0 0
#date:Tue Jul 16 13:05:24 CEST 2019#hostname:10.214.220.100 #SWAP:Swap: 8.0G 34M 8.0G#RAM:Mem: 3.9G 1.1G 205M 22M 2.6G 2.4G#Disk:Filesystem Size Used Avail Use% Mounted on /dev/mapper/sopvpyves--vg-root 39G 7.2G 30G 20% /#Load:loadaverage:2.20,#Network:Iface MTU Met RX-OK RX-ERR RX-DRP RX-OVR TX-OK TX-ERR TX-DRP TX-OVR Flg ens160 1500 0 372897580 0 3 0 336431192 0 0 0 BMRU #iostat:avg-cpu: %user %nice %system %iowait %steal %idle 72.26 0.00 0.48 0.02 0.00 27.24#iooperation:Device: tps kB_read/s kB_wrtn/s kB_read kB_wrtn sda 0.71 5.42 9.88 7712725 14048304 dm-0 1.27 5.38 9.82 7656675 13958700 dm-1 0.01 0.00 0.02 6358 35368#mpstat:01:05:25 PM CPU %usr %nice %sys %iowait %irq %soft %steal %guest %gnice %idle 01:05:25 PM all 72.26 0.00 0.25 0.02 0.00 0.23 0.00 0.00 0.00 27.24 01:05:25 PM 0 72.47 0.00 0.24 0.02 0.00 0.00 0.00 0.00 0.00 27.26 01:05:25 PM 1 72.04 0.00 0.26 0.02 0.00 0.47 0.00 0.00 0.00 27.21#vmstat:procs -----------memory---------- ---swap-- -----io---- -system-- ------cpu----- r b swpd free buff cache si so bi bo in cs us sy id wa st 2 0 35260 210108 207484 2475748 0 0 3 5 13 14 72 0 27 0 0
#date:Tue Jul 16 13:06:25 CEST 2019#hostname:10.214.220.100 #SWAP:Swap: 8.0G 34M 8.0G#RAM:Mem: 3.9G 1.1G 205M 22M 2.6G 2.4G#Disk:Filesystem Size Used Avail Use% Mounted on /dev/mapper/sopvpyves--vg-root 39G 7.2G 30G 20% /#Load:loadaverage:2.07,#Network:Iface MTU Met RX-OK RX-ERR RX-DRP RX-OVR TX-OK TX-ERR TX-DRP TX-OVR Flg ens160 1500 0 372903733 0 3 0 336436179 0 0 0 BMRU #iostat:avg-cpu: %user %nice %system %iowait %steal %idle 72.26 0.00 0.48 0.02 0.00 27.24#iooperation:Device: tps kB_read/s kB_wrtn/s kB_read kB_wrtn sda 0.71 5.42 9.88 7712725 14048656 dm-0 1.27 5.38 9.82 7656675 13959052 dm-1 0.01 0.00 0.02 6358 35368#mpstat:01:06:25 PM CPU %usr %nice %sys %iowait %irq %soft %steal %guest %gnice %idle 01:06:25 PM all 72.26 0.00 0.25 0.02 0.00 0.23 0.00 0.00 0.00 27.24 01:06:25 PM 0 72.47 0.00 0.24 0.02 0.00 0.00 0.00 0.00 0.00 27.26 01:06:25 PM 1 72.05 0.00 0.26 0.02 0.00 0.47 0.00 0.00 0.00 27.21#vmstat:procs -----------memory---------- ---swap-- -----io---- -system-- ------cpu----- r b swpd free buff cache si so bi bo in cs us sy id wa st 2 0 35260 210308 207488 2475632 0 0 3 5 13 14 72 0 27 0 0
#date:Tue Jul 16 13:07:25 CEST 2019#hostname:10.214.220.100 #SWAP:Swap: 8.0G 34M 8.0G#RAM:Mem: 3.9G 1.1G 204M 22M 2.6G 2.4G#Disk:Filesystem Size Used Avail Use% Mounted on /dev/mapper/sopvpyves--vg-root 39G 7.2G 30G 20% /#Load:loadaverage:2.17,#Network:Iface MTU Met RX-OK RX-ERR RX-DRP RX-OVR TX-OK TX-ERR TX-DRP TX-OVR Flg ens160 1500 0 372910096 0 3 0 336441362 0 0 0 BMRU #iostat:avg-cpu: %user %nice %system %iowait %steal %idle 72.26 0.00 0.48 0.02 0.00 27.24#iooperation:Device: tps kB_read/s kB_wrtn/s kB_read kB_wrtn sda 0.71 5.42 9.88 7712913 14048992 dm-0 1.27 5.38 9.81 7656863 13959388 dm-1 0.01 0.00 0.02 6358 35368#mpstat:01:07:26 PM CPU %usr %nice %sys %iowait %irq %soft %steal %guest %gnice %idle 01:07:26 PM all 72.26 0.00 0.25 0.02 0.00 0.23 0.00 0.00 0.00 27.24 01:07:26 PM 0 72.47 0.00 0.24 0.02 0.00 0.00 0.00 0.00 0.00 27.26 01:07:26 PM 1 72.05 0.00 0.26 0.02 0.00 0.47 0.00 0.00 0.00 27.21#vmstat:procs -----------memory---------- ---swap-- -----io---- -system-- ------cpu----- r b swpd free buff cache si so bi bo in cs us sy id wa st 2 0 35260 209276 207500 2475980 0 0 3 5 13 14 72 0 27 0 0
#date:Tue Jul 16 13:08:26 CEST 2019#hostname:10.214.220.100 #SWAP:Swap: 8.0G 34M 8.0G#RAM:Mem: 3.9G 1.2G 171M 22M 2.5G 2.3G#Disk:Filesystem Size Used Avail Use% Mounted on /dev/mapper/sopvpyves--vg-root 39G 7.2G 30G 20% /#Load:loadaverage:2.10,#Network:Iface MTU Met RX-OK RX-ERR RX-DRP RX-OVR TX-OK TX-ERR TX-DRP TX-OVR Flg ens160 1500 0 372918042 0 3 0 336447901 0 0 0 BMRU #iostat:avg-cpu: %user %nice %system %iowait %steal %idle 72.26 0.00 0.48 0.02 0.00 27.23#iooperation:Device: tps kB_read/s kB_wrtn/s kB_read kB_wrtn sda 0.71 5.43 9.88 7716353 14049420 dm-0 1.27 5.39 9.81 7660303 13959816 dm-1 0.01 0.00 0.02 6358 35368#mpstat:01:08:26 PM CPU %usr %nice %sys %iowait %irq %soft %steal %guest %gnice %idle 01:08:26 PM all 72.26 0.00 0.25 0.02 0.00 0.23 0.00 0.00 0.00 27.23 01:08:26 PM 0 72.47 0.00 0.24 0.02 0.00 0.00 0.00 0.00 0.00 27.26 01:08:26 PM 1 72.05 0.00 0.26 0.02 0.00 0.47 0.00 0.00 0.00 27.21#vmstat:procs -----------memory---------- ---swap-- -----io---- -system-- ------cpu----- r b swpd free buff cache si so bi bo in cs us sy id wa st 2 0 35260 175400 207508 2437020 0 0 3 5 13 14 72 0 27 0 0
#date:Tue Jul 16 13:09:26 CEST 2019#hostname:10.214.220.100 #SWAP:Swap: 8.0G 34M 8.0G#RAM:Mem: 3.9G 1.2G 302M 22M 2.4G 2.3G#Disk:Filesystem Size Used Avail Use% Mounted on /dev/mapper/sopvpyves--vg-root 39G 7.2G 30G 20% /#Load:loadaverage:2.09,#Network:Iface MTU Met RX-OK RX-ERR RX-DRP RX-OVR TX-OK TX-ERR TX-DRP TX-OVR Flg ens160 1500 0 372925322 0 3 0 336453879 0 0 0 BMRU #iostat:avg-cpu: %user %nice %system %iowait %steal %idle 72.26 0.00 0.48 0.02 0.00 27.23#iooperation:Device: tps kB_read/s kB_wrtn/s kB_read kB_wrtn sda 0.71 5.42 9.88 7716353 14049844 dm-0 1.27 5.39 9.81 7660303 13960240 dm-1 0.01 0.00 0.02 6358 35368#mpstat:01:09:26 PM CPU %usr %nice %sys %iowait %irq %soft %steal %guest %gnice %idle 01:09:26 PM all 72.26 0.00 0.25 0.02 0.00 0.23 0.00 0.00 0.00 27.23 01:09:26 PM 0 72.47 0.00 0.24 0.02 0.00 0.00 0.00 0.00 0.00 27.26 01:09:26 PM 1 72.05 0.00 0.26 0.02 0.00 0.47 0.00 0.00 0.00 27.21#vmstat:procs -----------memory---------- ---swap-- -----io---- -system-- ------cpu----- r b swpd free buff cache si so bi bo in cs us sy id wa st 2 0 35260 309508 207436 2300528 0 0 3 5 13 14 72 0 27 0 0
#date:Tue Jul 16 13:10:26 CEST 2019#hostname:10.214.220.100 #SWAP:Swap: 8.0G 34M 8.0G#RAM:Mem: 3.9G 1.2G 282M 22M 2.4G 2.3G#Disk:Filesystem Size Used Avail Use% Mounted on /dev/mapper/sopvpyves--vg-root 39G 7.2G 30G 20% /#Load:loadaverage:2.19,#Network:Iface MTU Met RX-OK RX-ERR RX-DRP RX-OVR TX-OK TX-ERR TX-DRP TX-OVR Flg ens160 1500 0 372931811 0 3 0 336459175 0 0 0 BMRU #iostat:avg-cpu: %user %nice %system %iowait %steal %idle 72.26 0.00 0.48 0.02 0.00 27.23#iooperation:Device: tps kB_read/s kB_wrtn/s kB_read kB_wrtn sda 0.71 5.42 9.88 7716353 14050128 dm-0 1.27 5.39 9.81 7660303 13960524 dm-1 0.01 0.00 0.02 6358 35368#mpstat:01:10:27 PM CPU %usr %nice %sys %iowait %irq %soft %steal %guest %gnice %idle 01:10:27 PM all 72.26 0.00 0.25 0.02 0.00 0.23 0.00 0.00 0.00 27.23 01:10:27 PM 0 72.48 0.00 0.24 0.02 0.00 0.00 0.00 0.00 0.00 27.26 01:10:27 PM 1 72.05 0.00 0.26 0.02 0.00 0.47 0.00 0.00 0.00 27.21#vmstat:procs -----------memory---------- ---swap-- -----io---- -system-- ------cpu----- r b swpd free buff cache si so bi bo in cs us sy id wa st 4 0 35260 289088 207440 2300540 0 0 3 5 13 14 72 0 27 0 0
#date:Tue Jul 16 13:11:27 CEST 2019#hostname:10.214.220.100 #SWAP:Swap: 8.0G 34M 8.0G#RAM:Mem: 3.9G 1.2G 282M 22M 2.4G 2.3G#Disk:Filesystem Size Used Avail Use% Mounted on /dev/mapper/sopvpyves--vg-root 39G 7.2G 30G 20% /#Load:loadaverage:2.14,#Network:Iface MTU Met RX-OK RX-ERR RX-DRP RX-OVR TX-OK TX-ERR TX-DRP TX-OVR Flg ens160 1500 0 372938214 0 3 0 336464315 0 0 0 BMRU #iostat:avg-cpu: %user %nice %system %iowait %steal %idle 72.26 0.00 0.48 0.02 0.00 27.23#iooperation:Device: tps kB_read/s kB_wrtn/s kB_read kB_wrtn sda 0.71 5.42 9.88 7716353 14050444 dm-0 1.27 5.39 9.81 7660303 13960840 dm-1 0.01 0.00 0.02 6358 35368#mpstat:01:11:27 PM CPU %usr %nice %sys %iowait %irq %soft %steal %guest %gnice %idle 01:11:27 PM all 72.26 0.00 0.25 0.02 0.00 0.23 0.00 0.00 0.00 27.23 01:11:27 PM 0 72.48 0.00 0.24 0.02 0.00 0.00 0.00 0.00 0.00 27.26 01:11:27 PM 1 72.05 0.00 0.26 0.02 0.00 0.47 0.00 0.00 0.00 27.21#vmstat:procs -----------memory---------- ---swap-- -----io---- -system-- ------cpu----- r b swpd free buff cache si so bi bo in cs us sy id wa st 2 0 35260 288536 207460 2300540 0 0 3 5 13 14 72 0 27 0 0
#date:Tue Jul 16 13:12:27 CEST 2019#hostname:10.214.220.100 #SWAP:Swap: 8.0G 34M 8.0G#RAM:Mem: 3.9G 1.2G 281M 22M 2.4G 2.3G#Disk:Filesystem Size Used Avail Use% Mounted on /dev/mapper/sopvpyves--vg-root 39G 7.2G 30G 20% /#Load:loadaverage:2.13,#Network:Iface MTU Met RX-OK RX-ERR RX-DRP RX-OVR TX-OK TX-ERR TX-DRP TX-OVR Flg ens160 1500 0 372944529 0 3 0 336469503 0 0 0 BMRU #iostat:avg-cpu: %user %nice %system %iowait %steal %idle 72.26 0.00 0.48 0.02 0.00 27.23#iooperation:Device: tps kB_read/s kB_wrtn/s kB_read kB_wrtn sda 0.71 5.42 9.88 7716365 14050816 dm-0 1.27 5.38 9.81 7660315 13961212 dm-1 0.01 0.00 0.02 6358 35368#mpstat:01:12:28 PM CPU %usr %nice %sys %iowait %irq %soft %steal %guest %gnice %idle 01:12:28 PM all 72.26 0.00 0.25 0.02 0.00 0.23 0.00 0.00 0.00 27.23 01:12:28 PM 0 72.48 0.00 0.24 0.02 0.00 0.00 0.00 0.00 0.00 27.26 01:12:28 PM 1 72.05 0.00 0.26 0.02 0.00 0.47 0.00 0.00 0.00 27.20#vmstat:procs -----------memory---------- ---swap-- -----io---- -system-- ------cpu----- r b swpd free buff cache si so bi bo in cs us sy id wa st 2 0 35260 288172 207464 2300660 0 0 3 5 13 14 72 0 27 0 0
#date:Tue Jul 16 13:13:28 CEST 2019#hostname:10.214.220.100 #SWAP:Swap: 8.0G 34M 8.0G#RAM:Mem: 3.9G 1.2G 281M 22M 2.4G 2.3G#Disk:Filesystem Size Used Avail Use% Mounted on /dev/mapper/sopvpyves--vg-root 39G 7.2G 30G 20% /#Load:loadaverage:2.08,#Network:Iface MTU Met RX-OK RX-ERR RX-DRP RX-OVR TX-OK TX-ERR TX-DRP TX-OVR Flg ens160 1500 0 372950929 0 3 0 336474712 0 0 0 BMRU #iostat:avg-cpu: %user %nice %system %iowait %steal %idle 72.27 0.00 0.48 0.02 0.00 27.23#iooperation:Device: tps kB_read/s kB_wrtn/s kB_read kB_wrtn sda 0.71 5.42 9.88 7716365 14051060 dm-0 1.27 5.38 9.81 7660315 13961456 dm-1 0.01 0.00 0.02 6358 35368#mpstat:01:13:28 PM CPU %usr %nice %sys %iowait %irq %soft %steal %guest %gnice %idle 01:13:28 PM all 72.27 0.00 0.25 0.02 0.00 0.23 0.00 0.00 0.00 27.23 01:13:28 PM 0 72.48 0.00 0.24 0.02 0.00 0.00 0.00 0.00 0.00 27.25 01:13:28 PM 1 72.05 0.00 0.26 0.02 0.00 0.47 0.00 0.00 0.00 27.20#vmstat:procs -----------memory---------- ---swap-- -----io---- -system-- ------cpu----- r b swpd free buff cache si so bi bo in cs us sy id wa st 2 0 35260 288480 207472 2300784 0 0 3 5 13 14 72 0 27 0 0
#date:Tue Jul 16 13:14:28 CEST 2019#hostname:10.214.220.100 #SWAP:Swap: 8.0G 34M 8.0G#RAM:Mem: 3.9G 1.1G 323M 22M 2.4G 2.4G#Disk:Filesystem Size Used Avail Use% Mounted on /dev/mapper/sopvpyves--vg-root 39G 7.2G 30G 20% /#Load:loadaverage:2.08,#Network:Iface MTU Met RX-OK RX-ERR RX-DRP RX-OVR TX-OK TX-ERR TX-DRP TX-OVR Flg ens160 1500 0 372957327 0 3 0 336479960 0 0 0 BMRU #iostat:avg-cpu: %user %nice %system %iowait %steal %idle 72.27 0.00 0.48 0.02 0.00 27.23#iooperation:Device: tps kB_read/s kB_wrtn/s kB_read kB_wrtn sda 0.71 5.42 9.88 7716365 14051376 dm-0 1.27 5.38 9.81 7660315 13961772 dm-1 0.01 0.00 0.02 6358 35368#mpstat:01:14:29 PM CPU %usr %nice %sys %iowait %irq %soft %steal %guest %gnice %idle 01:14:29 PM all 72.27 0.00 0.25 0.02 0.00 0.23 0.00 0.00 0.00 27.23 01:14:29 PM 0 72.48 0.00 0.24 0.02 0.00 0.00 0.00 0.00 0.00 27.25 01:14:29 PM 1 72.05 0.00 0.26 0.02 0.00 0.47 0.00 0.00 0.00 27.20#vmstat:procs -----------memory---------- ---swap-- -----io---- -system-- ------cpu----- r b swpd free buff cache si so bi bo in cs us sy id wa st 2 0 35260 331796 207484 2300812 0 0 3 5 13 14 72 0 27 0 0
#date:Tue Jul 16 13:15:29 CEST 2019#hostname:10.214.220.100 #SWAP:Swap: 8.0G 34M 8.0G#RAM:Mem: 3.9G 1.1G 324M 22M 2.4G 2.4G#Disk:Filesystem Size Used Avail Use% Mounted on /dev/mapper/sopvpyves--vg-root 39G 7.2G 30G 20% /#Load:loadaverage:2.03,#Network:Iface MTU Met RX-OK RX-ERR RX-DRP RX-OVR TX-OK TX-ERR TX-DRP TX-OVR Flg ens160 1500 0 372963751 0 3 0 336485193 0 0 0 BMRU #iostat:avg-cpu: %user %nice %system %iowait %steal %idle 72.27 0.00 0.48 0.02 0.00 27.23#iooperation:Device: tps kB_read/s kB_wrtn/s kB_read kB_wrtn sda 0.71 5.42 9.88 7716365 14051684 dm-0 1.27 5.38 9.81 7660315 13962080 dm-1 0.01 0.00 0.02 6358 35368#mpstat:01:15:29 PM CPU %usr %nice %sys %iowait %irq %soft %steal %guest %gnice %idle 01:15:29 PM all 72.27 0.00 0.25 0.02 0.00 0.23 0.00 0.00 0.00 27.23 01:15:29 PM 0 72.48 0.00 0.24 0.02 0.00 0.00 0.00 0.00 0.00 27.25 01:15:29 PM 1 72.06 0.00 0.26 0.02 0.00 0.47 0.00 0.00 0.00 27.20#vmstat:procs -----------memory---------- ---swap-- -----io---- -system-- ------cpu----- r b swpd free buff cache si so bi bo in cs us sy id wa st 2 0 35260 331824 207496 2300908 0 0 3 5 13 14 72 0 27 0 0
#date:Tue Jul 16 13:16:29 CEST 2019#hostname:10.214.220.100 #SWAP:Swap: 8.0G 34M 8.0G#RAM:Mem: 3.9G 1.1G 358M 22M 2.4G 2.4G#Disk:Filesystem Size Used Avail Use% Mounted on /dev/mapper/sopvpyves--vg-root 39G 7.2G 30G 20% /#Load:loadaverage:2.01,#Network:Iface MTU Met RX-OK RX-ERR RX-DRP RX-OVR TX-OK TX-ERR TX-DRP TX-OVR Flg ens160 1500 0 372970228 0 3 0 336490469 0 0 0 BMRU #iostat:avg-cpu: %user %nice %system %iowait %steal %idle 72.27 0.00 0.48 0.02 0.00 27.23#iooperation:Device: tps kB_read/s kB_wrtn/s kB_read kB_wrtn sda 0.71 5.42 9.88 7716365 14051944 dm-0 1.27 5.38 9.81 7660315 13962340 dm-1 0.01 0.00 0.02 6358 35368#mpstat:01:16:29 PM CPU %usr %nice %sys %iowait %irq %soft %steal %guest %gnice %idle 01:16:29 PM all 72.27 0.00 0.25 0.02 0.00 0.23 0.00 0.00 0.00 27.23 01:16:29 PM 0 72.48 0.00 0.24 0.02 0.00 0.00 0.00 0.00 0.00 27.25 01:16:29 PM 1 72.06 0.00 0.26 0.02 0.00 0.47 0.00 0.00 0.00 27.20#vmstat:procs -----------memory---------- ---swap-- -----io---- -system-- ------cpu----- r b swpd free buff cache si so bi bo in cs us sy id wa st 2 0 35260 367340 207504 2300920 0 0 3 5 13 14 72 0 27 0 0
#date:Tue Jul 16 13:17:29 CEST 2019#hostname:10.214.220.100 #SWAP:Swap: 8.0G 34M 8.0G#RAM:Mem: 3.9G 1.1G 358M 22M 2.4G 2.4G#Disk:Filesystem Size Used Avail Use% Mounted on /dev/mapper/sopvpyves--vg-root 39G 7.3G 30G 20% /#Load:loadaverage:2.10,#Network:Iface MTU Met RX-OK RX-ERR RX-DRP RX-OVR TX-OK TX-ERR TX-DRP TX-OVR Flg ens160 1500 0 372976738 0 3 0 336495821 0 0 0 BMRU #iostat:avg-cpu: %user %nice %system %iowait %steal %idle 72.27 0.00 0.48 0.02 0.00 27.22#iooperation:Device: tps kB_read/s kB_wrtn/s kB_read kB_wrtn sda 0.71 5.42 9.88 7716365 14052396 dm-0 1.27 5.38 9.81 7660315 13962792 dm-1 0.01 0.00 0.02 6358 35368#mpstat:01:17:30 PM CPU %usr %nice %sys %iowait %irq %soft %steal %guest %gnice %idle 01:17:30 PM all 72.27 0.00 0.25 0.02 0.00 0.23 0.00 0.00 0.00 27.22 01:17:30 PM 0 72.48 0.00 0.24 0.02 0.00 0.00 0.00 0.00 0.00 27.25 01:17:30 PM 1 72.06 0.00 0.26 0.02 0.00 0.47 0.00 0.00 0.00 27.20#vmstat:procs -----------memory---------- ---swap-- -----io---- -system-- ------cpu----- r b swpd free buff cache si so bi bo in cs us sy id wa st 2 0 35260 367084 207508 2301020 0 0 3 5 13 14 72 0 27 0 0
#date:Tue Jul 16 13:18:30 CEST 2019#hostname:10.214.220.100 #SWAP:Swap: 8.0G 34M 8.0G#RAM:Mem: 3.9G 1.1G 359M 22M 2.4G 2.4G#Disk:Filesystem Size Used Avail Use% Mounted on /dev/mapper/sopvpyves--vg-root 39G 7.3G 30G 20% /#Load:loadaverage:2.04,#Network:Iface MTU Met RX-OK RX-ERR RX-DRP RX-OVR TX-OK TX-ERR TX-DRP TX-OVR Flg ens160 1500 0 372983347 0 3 0 336501121 0 0 0 BMRU #iostat:avg-cpu: %user %nice %system %iowait %steal %idle 72.27 0.00 0.48 0.02 0.00 27.22#iooperation:Device: tps kB_read/s kB_wrtn/s kB_read kB_wrtn sda 0.71 5.42 9.88 7716365 14052656 dm-0 1.27 5.38 9.81 7660315 13963052 dm-1 0.01 0.00 0.02 6358 35368#mpstat:01:18:30 PM CPU %usr %nice %sys %iowait %irq %soft %steal %guest %gnice %idle 01:18:30 PM all 72.27 0.00 0.25 0.02 0.00 0.23 0.00 0.00 0.00 27.22 01:18:30 PM 0 72.48 0.00 0.24 0.02 0.00 0.00 0.00 0.00 0.00 27.25 01:18:30 PM 1 72.06 0.00 0.26 0.02 0.00 0.47 0.00 0.00 0.00 27.20#vmstat:procs -----------memory---------- ---swap-- -----io---- -system-- ------cpu----- r b swpd free buff cache si so bi bo in cs us sy id wa st 2 0 35260 367468 207512 2300944 0 0 3 5 13 14 72 0 27 0 0
#date:Tue Jul 16 13:19:30 CEST 2019#hostname:10.214.220.100 #SWAP:Swap: 8.0G 34M 8.0G#RAM:Mem: 3.9G 1.1G 359M 22M 2.4G 2.4G#Disk:Filesystem Size Used Avail Use% Mounted on /dev/mapper/sopvpyves--vg-root 39G 7.3G 30G 20% /#Load:loadaverage:2.01,#Network:Iface MTU Met RX-OK RX-ERR RX-DRP RX-OVR TX-OK TX-ERR TX-DRP TX-OVR Flg ens160 1500 0 372990030 0 3 0 336506537 0 0 0 BMRU #iostat:avg-cpu: %user %nice %system %iowait %steal %idle 72.27 0.00 0.48 0.02 0.00 27.22#iooperation:Device: tps kB_read/s kB_wrtn/s kB_read kB_wrtn sda 0.71 5.42 9.88 7716365 14052884 dm-0 1.27 5.38 9.81 7660315 13963280 dm-1 0.01 0.00 0.02 6358 35368#mpstat:01:19:31 PM CPU %usr %nice %sys %iowait %irq %soft %steal %guest %gnice %idle 01:19:31 PM all 72.27 0.00 0.25 0.02 0.00 0.23 0.00 0.00 0.00 27.22 01:19:31 PM 0 72.49 0.00 0.24 0.02 0.00 0.00 0.00 0.00 0.00 27.25 01:19:31 PM 1 72.06 0.00 0.26 0.02 0.00 0.47 0.00 0.00 0.00 27.20#vmstat:procs -----------memory---------- ---swap-- -----io---- -system-- ------cpu----- r b swpd free buff cache si so bi bo in cs us sy id wa st 2 0 35260 367240 207524 2301008 0 0 3 5 13 14 72 0 27 0 0
#date:Tue Jul 16 13:20:31 CEST 2019#hostname:10.214.220.100 #SWAP:Swap: 8.0G 34M 8.0G#RAM:Mem: 3.9G 1.1G 358M 22M 2.4G 2.4G#Disk:Filesystem Size Used Avail Use% Mounted on /dev/mapper/sopvpyves--vg-root 39G 7.3G 30G 20% /#Load:loadaverage:2.20,#Network:Iface MTU Met RX-OK RX-ERR RX-DRP RX-OVR TX-OK TX-ERR TX-DRP TX-OVR Flg ens160 1500 0 372996600 0 3 0 336511844 0 0 0 BMRU #iostat:avg-cpu: %user %nice %system %iowait %steal %idle 72.27 0.00 0.48 0.02 0.00 27.22#iooperation:Device: tps kB_read/s kB_wrtn/s kB_read kB_wrtn sda 0.71 5.42 9.88 7716365 14053072 dm-0 1.27 5.38 9.81 7660315 13963468 dm-1 0.01 0.00 0.02 6358 35368#mpstat:01:20:31 PM CPU %usr %nice %sys %iowait %irq %soft %steal %guest %gnice %idle 01:20:31 PM all 72.27 0.00 0.25 0.02 0.00 0.23 0.00 0.00 0.00 27.22 01:20:31 PM 0 72.49 0.00 0.24 0.02 0.00 0.00 0.00 0.00 0.00 27.25 01:20:31 PM 1 72.06 0.00 0.26 0.02 0.00 0.47 0.00 0.00 0.00 27.20#vmstat:procs -----------memory---------- ---swap-- -----io---- -system-- ------cpu----- r b swpd free buff cache si so bi bo in cs us sy id wa st 2 0 35260 367492 207540 2301124 0 0 3 5 13 14 72 0 27 0 0
#date:Tue Jul 16 13:21:31 CEST 2019#hostname:10.214.220.100 #SWAP:Swap: 8.0G 34M 8.0G#RAM:Mem: 3.9G 1.1G 358M 22M 2.4G 2.4G#Disk:Filesystem Size Used Avail Use% Mounted on /dev/mapper/sopvpyves--vg-root 39G 7.3G 30G 20% /#Load:loadaverage:2.13,#Network:Iface MTU Met RX-OK RX-ERR RX-DRP RX-OVR TX-OK TX-ERR TX-DRP TX-OVR Flg ens160 1500 0 373003303 0 3 0 336517270 0 0 0 BMRU #iostat:avg-cpu: %user %nice %system %iowait %steal %idle 72.27 0.00 0.48 0.02 0.00 27.22#iooperation:Device: tps kB_read/s kB_wrtn/s kB_read kB_wrtn sda 0.71 5.42 9.88 7716365 14053412 dm-0 1.27 5.38 9.81 7660315 13963808 dm-1 0.01 0.00 0.02 6358 35368#mpstat:01:21:31 PM CPU %usr %nice %sys %iowait %irq %soft %steal %guest %gnice %idle 01:21:31 PM all 72.27 0.00 0.25 0.02 0.00 0.23 0.00 0.00 0.00 27.22 01:21:31 PM 0 72.49 0.00 0.24 0.02 0.00 0.00 0.00 0.00 0.00 27.25 01:21:31 PM 1 72.06 0.00 0.26 0.02 0.00 0.47 0.00 0.00 0.00 27.19#vmstat:procs -----------memory---------- ---swap-- -----io---- -system-- ------cpu----- r b swpd free buff cache si so bi bo in cs us sy id wa st 2 0 35260 366852 207552 2301260 0 0 3 5 13 14 72 0 27 0 0
#date:Tue Jul 16 13:22:31 CEST 2019#hostname:10.214.220.100 #SWAP:Swap: 8.0G 34M 8.0G#RAM:Mem: 3.9G 1.1G 358M 22M 2.4G 2.4G#Disk:Filesystem Size Used Avail Use% Mounted on /dev/mapper/sopvpyves--vg-root 39G 7.3G 30G 20% /#Load:loadaverage:2.05,#Network:Iface MTU Met RX-OK RX-ERR RX-DRP RX-OVR TX-OK TX-ERR TX-DRP TX-OVR Flg ens160 1500 0 373009930 0 3 0 336522735 0 0 0 BMRU #iostat:avg-cpu: %user %nice %system %iowait %steal %idle 72.28 0.00 0.48 0.02 0.00 27.22#iooperation:Device: tps kB_read/s kB_wrtn/s kB_read kB_wrtn sda 0.71 5.42 9.87 7716365 14053796 dm-0 1.27 5.38 9.81 7660315 13964192 dm-1 0.01 0.00 0.02 6358 35368#mpstat:01:22:32 PM CPU %usr %nice %sys %iowait %irq %soft %steal %guest %gnice %idle 01:22:32 PM all 72.28 0.00 0.25 0.02 0.00 0.23 0.00 0.00 0.00 27.22 01:22:32 PM 0 72.49 0.00 0.24 0.02 0.00 0.00 0.00 0.00 0.00 27.24 01:22:32 PM 1 72.06 0.00 0.26 0.02 0.00 0.47 0.00 0.00 0.00 27.19#vmstat:procs -----------memory---------- ---swap-- -----io---- -system-- ------cpu----- r b swpd free buff cache si so bi bo in cs us sy id wa st 2 0 35260 365536 207556 2301260 0 0 3 5 13 14 72 0 27 0 0
#date:Tue Jul 16 13:23:32 CEST 2019#hostname:10.214.220.100 #SWAP:Swap: 8.0G 34M 8.0G#RAM:Mem: 3.9G 1.1G 357M 22M 2.4G 2.4G#Disk:Filesystem Size Used Avail Use% Mounted on /dev/mapper/sopvpyves--vg-root 39G 7.3G 30G 20% /#Load:loadaverage:2.09,#Network:Iface MTU Met RX-OK RX-ERR RX-DRP RX-OVR TX-OK TX-ERR TX-DRP TX-OVR Flg ens160 1500 0 373016596 0 3 0 336528207 0 0 0 BMRU #iostat:avg-cpu: %user %nice %system %iowait %steal %idle 72.28 0.00 0.48 0.02 0.00 27.22#iooperation:Device: tps kB_read/s kB_wrtn/s kB_read kB_wrtn sda 0.71 5.42 9.87 7716365 14054132 dm-0 1.27 5.38 9.81 7660315 13964528 dm-1 0.01 0.00 0.02 6358 35368#mpstat:01:23:32 PM CPU %usr %nice %sys %iowait %irq %soft %steal %guest %gnice %idle 01:23:32 PM all 72.28 0.00 0.25 0.02 0.00 0.23 0.00 0.00 0.00 27.22 01:23:32 PM 0 72.49 0.00 0.24 0.02 0.00 0.00 0.00 0.00 0.00 27.24 01:23:32 PM 1 72.06 0.00 0.26 0.02 0.00 0.47 0.00 0.00 0.00 27.19#vmstat:procs -----------memory---------- ---swap-- -----io---- -system-- ------cpu----- r b swpd free buff cache si so bi bo in cs us sy id wa st 2 0 35260 365548 207560 2301352 0 0 3 5 13 14 72 0 27 0 0
#date:Tue Jul 16 13:24:32 CEST 2019#hostname:10.214.220.100 #SWAP:Swap: 8.0G 34M 8.0G#RAM:Mem: 3.9G 1.1G 357M 22M 2.4G 2.4G#Disk:Filesystem Size Used Avail Use% Mounted on /dev/mapper/sopvpyves--vg-root 39G 7.3G 30G 20% /#Load:loadaverage:2.03,#Network:Iface MTU Met RX-OK RX-ERR RX-DRP RX-OVR TX-OK TX-ERR TX-DRP TX-OVR Flg ens160 1500 0 373023159 0 3 0 336533641 0 0 0 BMRU #iostat:avg-cpu: %user %nice %system %iowait %steal %idle 72.28 0.00 0.48 0.02 0.00 27.22#iooperation:Device: tps kB_read/s kB_wrtn/s kB_read kB_wrtn sda 0.71 5.42 9.87 7716365 14054388 dm-0 1.27 5.38 9.81 7660315 13964784 dm-1 0.01 0.00 0.02 6358 35368#mpstat:01:24:32 PM CPU %usr %nice %sys %iowait %irq %soft %steal %guest %gnice %idle 01:24:32 PM all 72.28 0.00 0.25 0.02 0.00 0.23 0.00 0.00 0.00 27.22 01:24:32 PM 0 72.49 0.00 0.24 0.02 0.00 0.00 0.00 0.00 0.00 27.24 01:24:32 PM 1 72.07 0.00 0.26 0.02 0.00 0.47 0.00 0.00 0.00 27.19#vmstat:procs -----------memory---------- ---swap-- -----io---- -system-- ------cpu----- r b swpd free buff cache si so bi bo in cs us sy id wa st 2 0 35260 366016 207560 2301300 0 0 3 5 13 14 72 0 27 0 0
#date:Tue Jul 16 13:25:33 CEST 2019#hostname:10.214.220.100 #SWAP:Swap: 8.0G 34M 8.0G#RAM:Mem: 3.9G 1.1G 356M 22M 2.4G 2.4G#Disk:Filesystem Size Used Avail Use% Mounted on /dev/mapper/sopvpyves--vg-root 39G 7.3G 30G 20% /#Load:loadaverage:2.04,#Network:Iface MTU Met RX-OK RX-ERR RX-DRP RX-OVR TX-OK TX-ERR TX-DRP TX-OVR Flg ens160 1500 0 373029868 0 3 0 336539164 0 0 0 BMRU #iostat:avg-cpu: %user %nice %system %iowait %steal %idle 72.28 0.00 0.48 0.02 0.00 27.22#iooperation:Device: tps kB_read/s kB_wrtn/s kB_read kB_wrtn sda 0.71 5.42 9.87 7716365 14054752 dm-0 1.27 5.38 9.81 7660315 13965148 dm-1 0.01 0.00 0.02 6358 35368#mpstat:01:25:33 PM CPU %usr %nice %sys %iowait %irq %soft %steal %guest %gnice %idle 01:25:33 PM all 72.28 0.00 0.25 0.02 0.00 0.23 0.00 0.00 0.00 27.22 01:25:33 PM 0 72.49 0.00 0.24 0.02 0.00 0.00 0.00 0.00 0.00 27.24 01:25:33 PM 1 72.07 0.00 0.26 0.02 0.00 0.47 0.00 0.00 0.00 27.19#vmstat:procs -----------memory---------- ---swap-- -----io---- -system-- ------cpu----- r b swpd free buff cache si so bi bo in cs us sy id wa st 2 0 35260 364584 207584 2301304 0 0 3 5 13 14 72 0 27 0 0
#date:Tue Jul 16 13:26:33 CEST 2019#hostname:10.214.220.100 #SWAP:Swap: 8.0G 34M 8.0G#RAM:Mem: 3.9G 1.1G 356M 22M 2.4G 2.4G#Disk:Filesystem Size Used Avail Use% Mounted on /dev/mapper/sopvpyves--vg-root 39G 7.3G 30G 20% /#Load:loadaverage:2.09,#Network:Iface MTU Met RX-OK RX-ERR RX-DRP RX-OVR TX-OK TX-ERR TX-DRP TX-OVR Flg ens160 1500 0 373036672 0 3 0 336544686 0 0 0 BMRU #iostat:avg-cpu: %user %nice %system %iowait %steal %idle 72.28 0.00 0.48 0.02 0.00 27.21#iooperation:Device: tps kB_read/s kB_wrtn/s kB_read kB_wrtn sda 0.71 5.42 9.87 7716365 14055004 dm-0 1.27 5.38 9.81 7660315 13965400 dm-1 0.01 0.00 0.02 6358 35368#mpstat:01:26:33 PM CPU %usr %nice %sys %iowait %irq %soft %steal %guest %gnice %idle 01:26:33 PM all 72.28 0.00 0.25 0.02 0.00 0.23 0.00 0.00 0.00 27.21 01:26:33 PM 0 72.49 0.00 0.24 0.02 0.00 0.00 0.00 0.00 0.00 27.24 01:26:33 PM 1 72.07 0.00 0.26 0.02 0.00 0.47 0.00 0.00 0.00 27.19#vmstat:procs -----------memory---------- ---swap-- -----io---- -system-- ------cpu----- r b swpd free buff cache si so bi bo in cs us sy id wa st 2 0 35260 365436 207592 2301260 0 0 3 5 13 14 72 0 27 0 0
#date:Tue Jul 16 13:27:33 CEST 2019#hostname:10.214.220.100 #SWAP:Swap: 8.0G 34M 8.0G#RAM:Mem: 3.9G 1.1G 356M 22M 2.4G 2.4G#Disk:Filesystem Size Used Avail Use% Mounted on /dev/mapper/sopvpyves--vg-root 39G 7.3G 30G 20% /#Load:loadaverage:2.03,#Network:Iface MTU Met RX-OK RX-ERR RX-DRP RX-OVR TX-OK TX-ERR TX-DRP TX-OVR Flg ens160 1500 0 373043380 0 3 0 336550209 0 0 0 BMRU #iostat:avg-cpu: %user %nice %system %iowait %steal %idle 72.28 0.00 0.48 0.02 0.00 27.21#iooperation:Device: tps kB_read/s kB_wrtn/s kB_read kB_wrtn sda 0.71 5.42 9.87 7716365 14055324 dm-0 1.27 5.38 9.81 7660315 13965720 dm-1 0.01 0.00 0.02 6358 35368#mpstat:01:27:34 PM CPU %usr %nice %sys %iowait %irq %soft %steal %guest %gnice %idle 01:27:34 PM all 72.28 0.00 0.25 0.02 0.00 0.23 0.00 0.00 0.00 27.21 01:27:34 PM 0 72.49 0.00 0.24 0.02 0.00 0.00 0.00 0.00 0.00 27.24 01:27:34 PM 1 72.07 0.00 0.26 0.02 0.00 0.47 0.00 0.00 0.00 27.19#vmstat:procs -----------memory---------- ---swap-- -----io---- -system-- ------cpu----- r b swpd free buff cache si so bi bo in cs us sy id wa st 2 0 35260 364812 207592 2301348 0 0 3 5 13 14 72 0 27 0 0
#date:Tue Jul 16 13:28:34 CEST 2019#hostname:10.214.220.100 #SWAP:Swap: 8.0G 34M 8.0G#RAM:Mem: 3.9G 1.1G 357M 22M 2.4G 2.4G#Disk:Filesystem Size Used Avail Use% Mounted on /dev/mapper/sopvpyves--vg-root 39G 7.3G 30G 20% /#Load:loadaverage:2.16,#Network:Iface MTU Met RX-OK RX-ERR RX-DRP RX-OVR TX-OK TX-ERR TX-DRP TX-OVR Flg ens160 1500 0 373050209 0 3 0 336555828 0 0 0 BMRU #iostat:avg-cpu: %user %nice %system %iowait %steal %idle 72.28 0.00 0.48 0.02 0.00 27.21#iooperation:Device: tps kB_read/s kB_wrtn/s kB_read kB_wrtn sda 0.71 5.42 9.87 7716365 14055564 dm-0 1.27 5.38 9.81 7660315 13965960 dm-1 0.01 0.00 0.02 6358 35368#mpstat:01:28:34 PM CPU %usr %nice %sys %iowait %irq %soft %steal %guest %gnice %idle 01:28:34 PM all 72.28 0.00 0.25 0.02 0.00 0.23 0.00 0.00 0.00 27.21 01:28:34 PM 0 72.50 0.00 0.24 0.02 0.00 0.00 0.00 0.00 0.00 27.24 01:28:34 PM 1 72.07 0.00 0.26 0.02 0.00 0.47 0.00 0.00 0.00 27.19#vmstat:procs -----------memory---------- ---swap-- -----io---- -system-- ------cpu----- r b swpd free buff cache si so bi bo in cs us sy id wa st 2 0 35260 364732 207604 2301424 0 0 3 5 13 14 72 0 27 0 0
#date:Tue Jul 16 13:29:34 CEST 2019#hostname:10.214.220.100 #SWAP:Swap: 8.0G 34M 8.0G#RAM:Mem: 3.9G 1.1G 356M 22M 2.4G 2.4G#Disk:Filesystem Size Used Avail Use% Mounted on /dev/mapper/sopvpyves--vg-root 39G 7.3G 30G 20% /#Load:loadaverage:2.19,#Network:Iface MTU Met RX-OK RX-ERR RX-DRP RX-OVR TX-OK TX-ERR TX-DRP TX-OVR Flg ens160 1500 0 373057113 0 3 0 336561434 0 0 0 BMRU #iostat:avg-cpu: %user %nice %system %iowait %steal %idle 72.28 0.00 0.48 0.02 0.00 27.21#iooperation:Device: tps kB_read/s kB_wrtn/s kB_read kB_wrtn sda 0.71 5.42 9.87 7716365 14055836 dm-0 1.27 5.38 9.81 7660315 13966232 dm-1 0.01 0.00 0.02 6358 35368#mpstat:01:29:34 PM CPU %usr %nice %sys %iowait %irq %soft %steal %guest %gnice %idle 01:29:34 PM all 72.28 0.00 0.25 0.02 0.00 0.23 0.00 0.00 0.00 27.21 01:29:34 PM 0 72.50 0.00 0.24 0.02 0.00 0.00 0.00 0.00 0.00 27.24 01:29:34 PM 1 72.07 0.00 0.26 0.02 0.00 0.47 0.00 0.00 0.00 27.19#vmstat:procs -----------memory---------- ---swap-- -----io---- -system-- ------cpu----- r b swpd free buff cache si so bi bo in cs us sy id wa st 2 0 35260 364436 207604 2301424 0 0 3 5 13 14 72 0 27 0 0
#date:Tue Jul 16 13:30:34 CEST 2019#hostname:10.214.220.100 #SWAP:Swap: 8.0G 34M 8.0G#RAM:Mem: 3.9G 1.1G 356M 22M 2.4G 2.4G#Disk:Filesystem Size Used Avail Use% Mounted on /dev/mapper/sopvpyves--vg-root 39G 7.3G 30G 20% /#Load:loadaverage:2.21,#Network:Iface MTU Met RX-OK RX-ERR RX-DRP RX-OVR TX-OK TX-ERR TX-DRP TX-OVR Flg ens160 1500 0 373064566 0 3 0 336567128 0 0 0 BMRU #iostat:avg-cpu: %user %nice %system %iowait %steal %idle 72.28 0.00 0.48 0.02 0.00 27.21#iooperation:Device: tps kB_read/s kB_wrtn/s kB_read kB_wrtn sda 0.71 5.42 9.87 7716365 14056136 dm-0 1.27 5.38 9.81 7660315 13966532 dm-1 0.01 0.00 0.02 6358 35368#mpstat:01:30:35 PM CPU %usr %nice %sys %iowait %irq %soft %steal %guest %gnice %idle 01:30:35 PM all 72.28 0.00 0.25 0.02 0.00 0.23 0.00 0.00 0.00 27.21 01:30:35 PM 0 72.50 0.00 0.24 0.02 0.00 0.00 0.00 0.00 0.00 27.24 01:30:35 PM 1 72.07 0.00 0.26 0.02 0.00 0.47 0.00 0.00 0.00 27.18#vmstat:procs -----------memory---------- ---swap-- -----io---- -system-- ------cpu----- r b swpd free buff cache si so bi bo in cs us sy id wa st 2 0 35260 364264 207616 2301404 0 0 3 5 13 14 72 0 27 0 0
#date:Tue Jul 16 13:31:35 CEST 2019#hostname:10.214.220.100 #SWAP:Swap: 8.0G 34M 8.0G#RAM:Mem: 3.9G 1.1G 355M 22M 2.4G 2.4G#Disk:Filesystem Size Used Avail Use% Mounted on /dev/mapper/sopvpyves--vg-root 39G 7.3G 30G 20% /#Load:loadaverage:2.11,#Network:Iface MTU Met RX-OK RX-ERR RX-DRP RX-OVR TX-OK TX-ERR TX-DRP TX-OVR Flg ens160 1500 0 373071794 0 3 0 336572788 0 0 0 BMRU #iostat:avg-cpu: %user %nice %system %iowait %steal %idle 72.29 0.00 0.48 0.02 0.00 27.21#iooperation:Device: tps kB_read/s kB_wrtn/s kB_read kB_wrtn sda 0.71 5.42 9.87 7716365 14056412 dm-0 1.27 5.38 9.81 7660315 13966808 dm-1 0.01 0.00 0.02 6358 35368#mpstat:01:31:35 PM CPU %usr %nice %sys %iowait %irq %soft %steal %guest %gnice %idle 01:31:35 PM all 72.29 0.00 0.25 0.02 0.00 0.23 0.00 0.00 0.00 27.21 01:31:35 PM 0 72.50 0.00 0.24 0.02 0.00 0.00 0.00 0.00 0.00 27.23 01:31:35 PM 1 72.07 0.00 0.26 0.02 0.00 0.47 0.00 0.00 0.00 27.18#vmstat:procs -----------memory---------- ---swap-- -----io---- -system-- ------cpu----- r b swpd free buff cache si so bi bo in cs us sy id wa st 2 0 35260 365188 207624 2301480 0 0 3 5 13 14 72 0 27 0 0
#date:Tue Jul 16 13:32:35 CEST 2019#hostname:10.214.220.100 #SWAP:Swap: 8.0G 34M 8.0G#RAM:Mem: 3.9G 1.1G 355M 22M 2.4G 2.4G#Disk:Filesystem Size Used Avail Use% Mounted on /dev/mapper/sopvpyves--vg-root 39G 7.3G 30G 20% /#Load:loadaverage:2.04,#Network:Iface MTU Met RX-OK RX-ERR RX-DRP RX-OVR TX-OK TX-ERR TX-DRP TX-OVR Flg ens160 1500 0 373078596 0 3 0 336578472 0 0 0 BMRU #iostat:avg-cpu: %user %nice %system %iowait %steal %idle 72.29 0.00 0.48 0.02 0.00 27.21#iooperation:Device: tps kB_read/s kB_wrtn/s kB_read kB_wrtn sda 0.71 5.42 9.87 7716365 14056796 dm-0 1.27 5.38 9.81 7660315 13967192 dm-1 0.01 0.00 0.02 6358 35368#mpstat:01:32:36 PM CPU %usr %nice %sys %iowait %irq %soft %steal %guest %gnice %idle 01:32:36 PM all 72.29 0.00 0.25 0.02 0.00 0.23 0.00 0.00 0.00 27.21 01:32:36 PM 0 72.50 0.00 0.24 0.02 0.00 0.00 0.00 0.00 0.00 27.23 01:32:36 PM 1 72.07 0.00 0.26 0.02 0.00 0.47 0.00 0.00 0.00 27.18#vmstat:procs -----------memory---------- ---swap-- -----io---- -system-- ------cpu----- r b swpd free buff cache si so bi bo in cs us sy id wa st 2 0 35260 363608 207628 2301508 0 0 3 5 13 14 72 0 27 0 0
#date:Tue Jul 16 13:33:36 CEST 2019#hostname:10.214.220.100 #SWAP:Swap: 8.0G 34M 8.0G#RAM:Mem: 3.9G 1.1G 354M 22M 2.4G 2.4G#Disk:Filesystem Size Used Avail Use% Mounted on /dev/mapper/sopvpyves--vg-root 39G 7.3G 30G 20% /#Load:loadaverage:2.13,#Network:Iface MTU Met RX-OK RX-ERR RX-DRP RX-OVR TX-OK TX-ERR TX-DRP TX-OVR Flg ens160 1500 0 373085339 0 3 0 336584295 0 0 0 BMRU #iostat:avg-cpu: %user %nice %system %iowait %steal %idle 72.29 0.00 0.48 0.02 0.00 27.21#iooperation:Device: tps kB_read/s kB_wrtn/s kB_read kB_wrtn sda 0.71 5.42 9.87 7716365 14057052 dm-0 1.27 5.38 9.81 7660315 13967448 dm-1 0.01 0.00 0.02 6358 35368#mpstat:01:33:36 PM CPU %usr %nice %sys %iowait %irq %soft %steal %guest %gnice %idle 01:33:36 PM all 72.29 0.00 0.25 0.02 0.00 0.23 0.00 0.00 0.00 27.21 01:33:36 PM 0 72.50 0.00 0.24 0.02 0.00 0.00 0.00 0.00 0.00 27.23 01:33:36 PM 1 72.08 0.00 0.26 0.02 0.00 0.47 0.00 0.00 0.00 27.18#vmstat:procs -----------memory---------- ---swap-- -----io---- -system-- ------cpu----- r b swpd free buff cache si so bi bo in cs us sy id wa st 2 0 35260 363512 207632 2301604 0 0 3 5 14 14 72 0 27 0 0
#date:Tue Jul 16 13:34:36 CEST 2019#hostname:10.214.220.100 #SWAP:Swap: 8.0G 34M 8.0G#RAM:Mem: 3.9G 1.1G 355M 22M 2.4G 2.4G#Disk:Filesystem Size Used Avail Use% Mounted on /dev/mapper/sopvpyves--vg-root 39G 7.3G 30G 20% /#Load:loadaverage:2.12,#Network:Iface MTU Met RX-OK RX-ERR RX-DRP RX-OVR TX-OK TX-ERR TX-DRP TX-OVR Flg ens160 1500 0 373092119 0 3 0 336590045 0 0 0 BMRU #iostat:avg-cpu: %user %nice %system %iowait %steal %idle 72.29 0.00 0.48 0.02 0.00 27.21#iooperation:Device: tps kB_read/s kB_wrtn/s kB_read kB_wrtn sda 0.71 5.42 9.87 7716365 14057360 dm-0 1.27 5.38 9.81 7660315 13967756 dm-1 0.01 0.00 0.02 6358 35368#mpstat:01:34:36 PM CPU %usr %nice %sys %iowait %irq %soft %steal %guest %gnice %idle 01:34:36 PM all 72.29 0.00 0.25 0.02 0.00 0.23 0.00 0.00 0.00 27.21 01:34:36 PM 0 72.50 0.00 0.24 0.02 0.00 0.00 0.00 0.00 0.00 27.23 01:34:36 PM 1 72.08 0.00 0.26 0.02 0.00 0.47 0.00 0.00 0.00 27.18#vmstat:procs -----------memory---------- ---swap-- -----io---- -system-- ------cpu----- r b swpd free buff cache si so bi bo in cs us sy id wa st 2 0 35260 363604 207636 2301584 0 0 3 5 14 14 72 0 27 0 0
#date:Tue Jul 16 13:35:36 CEST 2019#hostname:10.214.220.100 #SWAP:Swap: 8.0G 34M 8.0G#RAM:Mem: 3.9G 1.1G 354M 22M 2.4G 2.4G#Disk:Filesystem Size Used Avail Use% Mounted on /dev/mapper/sopvpyves--vg-root 39G 7.3G 30G 20% /#Load:loadaverage:2.04,#Network:Iface MTU Met RX-OK RX-ERR RX-DRP RX-OVR TX-OK TX-ERR TX-DRP TX-OVR Flg ens160 1500 0 373098934 0 3 0 336595865 0 0 0 BMRU #iostat:avg-cpu: %user %nice %system %iowait %steal %idle 72.29 0.00 0.48 0.02 0.00 27.20#iooperation:Device: tps kB_read/s kB_wrtn/s kB_read kB_wrtn sda 0.71 5.42 9.87 7716365 14057672 dm-0 1.27 5.38 9.81 7660315 13968068 dm-1 0.01 0.00 0.02 6358 35368#mpstat:01:35:37 PM CPU %usr %nice %sys %iowait %irq %soft %steal %guest %gnice %idle 01:35:37 PM all 72.29 0.00 0.25 0.02 0.00 0.23 0.00 0.00 0.00 27.20 01:35:37 PM 0 72.50 0.00 0.24 0.02 0.00 0.00 0.00 0.00 0.00 27.23 01:35:37 PM 1 72.08 0.00 0.26 0.02 0.00 0.47 0.00 0.00 0.00 27.18#vmstat:procs -----------memory---------- ---swap-- -----io---- -system-- ------cpu----- r b swpd free buff cache si so bi bo in cs us sy id wa st 2 0 35260 362552 207652 2301684 0 0 3 5 14 14 72 0 27 0 0
#date:Tue Jul 16 13:36:37 CEST 2019#hostname:10.214.220.100 #SWAP:Swap: 8.0G 34M 8.0G#RAM:Mem: 3.9G 1.1G 353M 22M 2.4G 2.4G#Disk:Filesystem Size Used Avail Use% Mounted on /dev/mapper/sopvpyves--vg-root 39G 7.3G 30G 20% /#Load:loadaverage:2.16,#Network:Iface MTU Met RX-OK RX-ERR RX-DRP RX-OVR TX-OK TX-ERR TX-DRP TX-OVR Flg ens160 1500 0 373105618 0 3 0 336601661 0 0 0 BMRU #iostat:avg-cpu: %user %nice %system %iowait %steal %idle 72.29 0.00 0.48 0.02 0.00 27.20#iooperation:Device: tps kB_read/s kB_wrtn/s kB_read kB_wrtn sda 0.71 5.42 9.87 7716365 14058008 dm-0 1.27 5.38 9.81 7660315 13968404 dm-1 0.01 0.00 0.02 6358 35368#mpstat:01:36:37 PM CPU %usr %nice %sys %iowait %irq %soft %steal %guest %gnice %idle 01:36:37 PM all 72.29 0.00 0.25 0.02 0.00 0.23 0.00 0.00 0.00 27.20 01:36:37 PM 0 72.50 0.00 0.24 0.02 0.00 0.00 0.00 0.00 0.00 27.23 01:36:37 PM 1 72.08 0.00 0.26 0.02 0.00 0.47 0.00 0.00 0.00 27.18#vmstat:procs -----------memory---------- ---swap-- -----io---- -system-- ------cpu----- r b swpd free buff cache si so bi bo in cs us sy id wa st 2 0 35260 362120 207656 2301784 0 0 3 5 14 14 72 0 27 0 0
#date:Tue Jul 16 13:37:37 CEST 2019#hostname:10.214.220.100 #SWAP:Swap: 8.0G 34M 8.0G#RAM:Mem: 3.9G 1.1G 354M 22M 2.4G 2.4G#Disk:Filesystem Size Used Avail Use% Mounted on /dev/mapper/sopvpyves--vg-root 39G 7.3G 30G 20% /#Load:loadaverage:2.06,#Network:Iface MTU Met RX-OK RX-ERR RX-DRP RX-OVR TX-OK TX-ERR TX-DRP TX-OVR Flg ens160 1500 0 373112286 0 3 0 336607529 0 0 0 BMRU #iostat:avg-cpu: %user %nice %system %iowait %steal %idle 72.29 0.00 0.48 0.02 0.00 27.20#iooperation:Device: tps kB_read/s kB_wrtn/s kB_read kB_wrtn sda 0.71 5.42 9.87 7716365 14058384 dm-0 1.27 5.38 9.81 7660315 13968780 dm-1 0.01 0.00 0.02 6358 35368#mpstat:01:37:38 PM CPU %usr %nice %sys %iowait %irq %soft %steal %guest %gnice %idle 01:37:38 PM all 72.29 0.00 0.25 0.02 0.00 0.23 0.00 0.00 0.00 27.20 01:37:38 PM 0 72.51 0.00 0.24 0.02 0.00 0.00 0.00 0.00 0.00 27.23 01:37:38 PM 1 72.08 0.00 0.26 0.02 0.00 0.47 0.00 0.00 0.00 27.18#vmstat:procs -----------memory---------- ---swap-- -----io---- -system-- ------cpu----- r b swpd free buff cache si so bi bo in cs us sy id wa st 3 0 35260 362732 207656 2301756 0 0 3 5 14 14 72 0 27 0 0
#date:Tue Jul 16 13:38:38 CEST 2019#hostname:10.214.220.100 #SWAP:Swap: 8.0G 34M 8.0G#RAM:Mem: 3.9G 1.1G 353M 22M 2.4G 2.4G#Disk:Filesystem Size Used Avail Use% Mounted on /dev/mapper/sopvpyves--vg-root 39G 7.3G 30G 20% /#Load:loadaverage:2.02,#Network:Iface MTU Met RX-OK RX-ERR RX-DRP RX-OVR TX-OK TX-ERR TX-DRP TX-OVR Flg ens160 1500 0 373118952 0 3 0 336613439 0 0 0 BMRU #iostat:avg-cpu: %user %nice %system %iowait %steal %idle 72.29 0.00 0.48 0.02 0.00 27.20#iooperation:Device: tps kB_read/s kB_wrtn/s kB_read kB_wrtn sda 0.71 5.42 9.87 7716365 14058640 dm-0 1.27 5.38 9.81 7660315 13969036 dm-1 0.01 0.00 0.02 6358 35368#mpstat:01:38:38 PM CPU %usr %nice %sys %iowait %irq %soft %steal %guest %gnice %idle 01:38:38 PM all 72.29 0.00 0.25 0.02 0.00 0.23 0.00 0.00 0.00 27.20 01:38:38 PM 0 72.51 0.00 0.24 0.02 0.00 0.00 0.00 0.00 0.00 27.23 01:38:38 PM 1 72.08 0.00 0.26 0.02 0.00 0.47 0.00 0.00 0.00 27.18#vmstat:procs -----------memory---------- ---swap-- -----io---- -system-- ------cpu----- r b swpd free buff cache si so bi bo in cs us sy id wa st 2 0 35260 361888 207656 2301792 0 0 3 5 14 14 72 0 27 0 0
#date:Tue Jul 16 13:39:38 CEST 2019#hostname:10.214.220.100 #SWAP:Swap: 8.0G 34M 8.0G#RAM:Mem: 3.9G 1.1G 353M 22M 2.4G 2.4G#Disk:Filesystem Size Used Avail Use% Mounted on /dev/mapper/sopvpyves--vg-root 39G 7.3G 30G 20% /#Load:loadaverage:2.08,#Network:Iface MTU Met RX-OK RX-ERR RX-DRP RX-OVR TX-OK TX-ERR TX-DRP TX-OVR Flg ens160 1500 0 373125690 0 3 0 336619280 0 0 0 BMRU #iostat:avg-cpu: %user %nice %system %iowait %steal %idle 72.29 0.00 0.48 0.02 0.00 27.20#iooperation:Device: tps kB_read/s kB_wrtn/s kB_read kB_wrtn sda 0.71 5.42 9.87 7716365 14058996 dm-0 1.27 5.38 9.81 7660315 13969392 dm-1 0.01 0.00 0.02 6358 35368#mpstat:01:39:38 PM CPU %usr %nice %sys %iowait %irq %soft %steal %guest %gnice %idle 01:39:38 PM all 72.29 0.00 0.25 0.02 0.00 0.23 0.00 0.00 0.00 27.20 01:39:38 PM 0 72.51 0.00 0.24 0.02 0.00 0.00 0.00 0.00 0.00 27.23 01:39:38 PM 1 72.08 0.00 0.26 0.02 0.00 0.47 0.00 0.00 0.00 27.17#vmstat:procs -----------memory---------- ---swap-- -----io---- -system-- ------cpu----- r b swpd free buff cache si so bi bo in cs us sy id wa st 2 0 35260 361856 207664 2301928 0 0 3 5 14 14 72 0 27 0 0
#date:Tue Jul 16 13:40:38 CEST 2019#hostname:10.214.220.100 #SWAP:Swap: 8.0G 34M 8.0G#RAM:Mem: 3.9G 1.1G 353M 22M 2.4G 2.4G#Disk:Filesystem Size Used Avail Use% Mounted on /dev/mapper/sopvpyves--vg-root 39G 7.3G 30G 20% /#Load:loadaverage:2.03,#Network:Iface MTU Met RX-OK RX-ERR RX-DRP RX-OVR TX-OK TX-ERR TX-DRP TX-OVR Flg ens160 1500 0 373132366 0 3 0 336625178 0 0 0 BMRU #iostat:avg-cpu: %user %nice %system %iowait %steal %idle 72.30 0.00 0.48 0.02 0.00 27.20#iooperation:Device: tps kB_read/s kB_wrtn/s kB_read kB_wrtn sda 0.71 5.42 9.87 7716365 14059248 dm-0 1.27 5.38 9.81 7660315 13969644 dm-1 0.01 0.00 0.02 6358 35368#mpstat:01:40:39 PM CPU %usr %nice %sys %iowait %irq %soft %steal %guest %gnice %idle 01:40:39 PM all 72.30 0.00 0.25 0.02 0.00 0.23 0.00 0.00 0.00 27.20 01:40:39 PM 0 72.51 0.00 0.24 0.02 0.00 0.00 0.00 0.00 0.00 27.23 01:40:39 PM 1 72.08 0.00 0.26 0.02 0.00 0.47 0.00 0.00 0.00 27.17#vmstat:procs -----------memory---------- ---swap-- -----io---- -system-- ------cpu----- r b swpd free buff cache si so bi bo in cs us sy id wa st 2 0 35260 361564 207672 2302040 0 0 3 5 14 14 72 0 27 0 0
#date:Tue Jul 16 13:41:39 CEST 2019#hostname:10.214.220.100 #SWAP:Swap: 8.0G 34M 8.0G#RAM:Mem: 3.9G 1.1G 352M 22M 2.4G 2.4G#Disk:Filesystem Size Used Avail Use% Mounted on /dev/mapper/sopvpyves--vg-root 39G 7.3G 30G 20% /#Load:loadaverage:2.14,#Network:Iface MTU Met RX-OK RX-ERR RX-DRP RX-OVR TX-OK TX-ERR TX-DRP TX-OVR Flg ens160 1500 0 373139191 0 3 0 336631115 0 0 0 BMRU #iostat:avg-cpu: %user %nice %system %iowait %steal %idle 72.30 0.00 0.48 0.02 0.00 27.20#iooperation:Device: tps kB_read/s kB_wrtn/s kB_read kB_wrtn sda 0.71 5.42 9.87 7716365 14059488 dm-0 1.27 5.38 9.81 7660315 13969884 dm-1 0.01 0.00 0.02 6358 35368#mpstat:01:41:39 PM CPU %usr %nice %sys %iowait %irq %soft %steal %guest %gnice %idle 01:41:39 PM all 72.30 0.00 0.25 0.02 0.00 0.23 0.00 0.00 0.00 27.20 01:41:39 PM 0 72.51 0.00 0.24 0.02 0.00 0.00 0.00 0.00 0.00 27.22 01:41:39 PM 1 72.08 0.00 0.26 0.02 0.00 0.47 0.00 0.00 0.00 27.17#vmstat:procs -----------memory---------- ---swap-- -----io---- -system-- ------cpu----- r b swpd free buff cache si so bi bo in cs us sy id wa st 2 0 35260 361160 207680 2302040 0 0 3 5 14 14 72 0 27 0 0
#date:Tue Jul 16 13:42:39 CEST 2019#hostname:10.214.220.100 #SWAP:Swap: 8.0G 34M 8.0G#RAM:Mem: 3.9G 1.1G 352M 22M 2.4G 2.4G#Disk:Filesystem Size Used Avail Use% Mounted on /dev/mapper/sopvpyves--vg-root 39G 7.3G 30G 20% /#Load:loadaverage:2.12,#Network:Iface MTU Met RX-OK RX-ERR RX-DRP RX-OVR TX-OK TX-ERR TX-DRP TX-OVR Flg ens160 1500 0 373146121 0 3 0 336637078 0 0 0 BMRU #iostat:avg-cpu: %user %nice %system %iowait %steal %idle 72.30 0.00 0.48 0.02 0.00 27.20#iooperation:Device: tps kB_read/s kB_wrtn/s kB_read kB_wrtn sda 0.71 5.42 9.87 7716365 14059856 dm-0 1.27 5.38 9.81 7660315 13970252 dm-1 0.01 0.00 0.02 6358 35368#mpstat:01:42:40 PM CPU %usr %nice %sys %iowait %irq %soft %steal %guest %gnice %idle 01:42:40 PM all 72.30 0.00 0.25 0.02 0.00 0.23 0.00 0.00 0.00 27.20 01:42:40 PM 0 72.51 0.00 0.24 0.02 0.00 0.00 0.00 0.00 0.00 27.22 01:42:40 PM 1 72.09 0.00 0.26 0.02 0.00 0.47 0.00 0.00 0.00 27.17#vmstat:procs -----------memory---------- ---swap-- -----io---- -system-- ------cpu----- r b swpd free buff cache si so bi bo in cs us sy id wa st 2 0 35260 360104 207692 2302160 0 0 3 5 14 14 72 0 27 0 0
#date:Tue Jul 16 13:43:40 CEST 2019#hostname:10.214.220.100 #SWAP:Swap: 8.0G 34M 8.0G#RAM:Mem: 3.9G 1.1G 352M 22M 2.4G 2.4G#Disk:Filesystem Size Used Avail Use% Mounted on /dev/mapper/sopvpyves--vg-root 39G 7.3G 30G 20% /#Load:loadaverage:2.15,#Network:Iface MTU Met RX-OK RX-ERR RX-DRP RX-OVR TX-OK TX-ERR TX-DRP TX-OVR Flg ens160 1500 0 373153038 0 3 0 336643071 0 0 0 BMRU #iostat:avg-cpu: %user %nice %system %iowait %steal %idle 72.30 0.00 0.48 0.02 0.00 27.20#iooperation:Device: tps kB_read/s kB_wrtn/s kB_read kB_wrtn sda 0.71 5.42 9.87 7716365 14060104 dm-0 1.27 5.38 9.81 7660315 13970500 dm-1 0.01 0.00 0.02 6358 35368#mpstat:01:43:40 PM CPU %usr %nice %sys %iowait %irq %soft %steal %guest %gnice %idle 01:43:40 PM all 72.30 0.00 0.25 0.02 0.00 0.23 0.00 0.00 0.00 27.20 01:43:40 PM 0 72.51 0.00 0.24 0.02 0.00 0.00 0.00 0.00 0.00 27.22 01:43:40 PM 1 72.09 0.00 0.26 0.02 0.00 0.47 0.00 0.00 0.00 27.17#vmstat:procs -----------memory---------- ---swap-- -----io---- -system-- ------cpu----- r b swpd free buff cache si so bi bo in cs us sy id wa st 2 0 35260 360740 207700 2302160 0 0 3 5 14 14 72 0 27 0 0
#date:Tue Jul 16 13:44:40 CEST 2019#hostname:10.214.220.100 #SWAP:Swap: 8.0G 34M 8.0G#RAM:Mem: 3.9G 1.1G 351M 22M 2.4G 2.4G#Disk:Filesystem Size Used Avail Use% Mounted on /dev/mapper/sopvpyves--vg-root 39G 7.3G 30G 20% /#Load:loadaverage:2.24,#Network:Iface MTU Met RX-OK RX-ERR RX-DRP RX-OVR TX-OK TX-ERR TX-DRP TX-OVR Flg ens160 1500 0 373159965 0 3 0 336649087 0 0 0 BMRU #iostat:avg-cpu: %user %nice %system %iowait %steal %idle 72.30 0.00 0.48 0.02 0.00 27.19#iooperation:Device: tps kB_read/s kB_wrtn/s kB_read kB_wrtn sda 0.71 5.42 9.87 7716365 14060348 dm-0 1.27 5.38 9.81 7660315 13970744 dm-1 0.01 0.00 0.02 6358 35368#mpstat:01:44:40 PM CPU %usr %nice %sys %iowait %irq %soft %steal %guest %gnice %idle 01:44:40 PM all 72.30 0.00 0.25 0.02 0.00 0.23 0.00 0.00 0.00 27.19 01:44:40 PM 0 72.51 0.00 0.24 0.02 0.00 0.00 0.00 0.00 0.00 27.22 01:44:40 PM 1 72.09 0.00 0.26 0.02 0.00 0.47 0.00 0.00 0.00 27.17#vmstat:procs -----------memory---------- ---swap-- -----io---- -system-- ------cpu----- r b swpd free buff cache si so bi bo in cs us sy id wa st 2 0 35260 359600 207704 2302204 0 0 3 5 14 14 72 0 27 0 0
#date:Tue Jul 16 13:45:40 CEST 2019#hostname:10.214.220.100 #SWAP:Swap: 8.0G 34M 8.0G#RAM:Mem: 3.9G 1.1G 351M 22M 2.4G 2.4G#Disk:Filesystem Size Used Avail Use% Mounted on /dev/mapper/sopvpyves--vg-root 39G 7.3G 30G 20% /#Load:loadaverage:2.08,#Network:Iface MTU Met RX-OK RX-ERR RX-DRP RX-OVR TX-OK TX-ERR TX-DRP TX-OVR Flg ens160 1500 0 373166941 0 3 0 336655100 0 0 0 BMRU #iostat:avg-cpu: %user %nice %system %iowait %steal %idle 72.30 0.00 0.48 0.02 0.00 27.19#iooperation:Device: tps kB_read/s kB_wrtn/s kB_read kB_wrtn sda 0.71 5.42 9.87 7716365 14060728 dm-0 1.27 5.38 9.81 7660315 13971124 dm-1 0.01 0.00 0.02 6358 35368#mpstat:01:45:41 PM CPU %usr %nice %sys %iowait %irq %soft %steal %guest %gnice %idle 01:45:41 PM all 72.30 0.00 0.25 0.02 0.00 0.23 0.00 0.00 0.00 27.19 01:45:41 PM 0 72.51 0.00 0.24 0.02 0.00 0.00 0.00 0.00 0.00 27.22 01:45:41 PM 1 72.09 0.00 0.26 0.02 0.00 0.47 0.00 0.00 0.00 27.17#vmstat:procs -----------memory---------- ---swap-- -----io---- -system-- ------cpu----- r b swpd free buff cache si so bi bo in cs us sy id wa st 2 0 35260 359604 207716 2302244 0 0 3 5 14 14 72 0 27 0 0
#date:Tue Jul 16 13:46:41 CEST 2019#hostname:10.214.220.100 #SWAP:Swap: 8.0G 34M 8.0G#RAM:Mem: 3.9G 1.1G 350M 22M 2.4G 2.4G#Disk:Filesystem Size Used Avail Use% Mounted on /dev/mapper/sopvpyves--vg-root 39G 7.3G 30G 20% /#Load:loadaverage:2.03,#Network:Iface MTU Met RX-OK RX-ERR RX-DRP RX-OVR TX-OK TX-ERR TX-DRP TX-OVR Flg ens160 1500 0 373173822 0 3 0 336661195 0 0 0 BMRU #iostat:avg-cpu: %user %nice %system %iowait %steal %idle 72.30 0.00 0.48 0.02 0.00 27.19#iooperation:Device: tps kB_read/s kB_wrtn/s kB_read kB_wrtn sda 0.71 5.42 9.87 7716365 14060988 dm-0 1.27 5.38 9.81 7660315 13971384 dm-1 0.01 0.00 0.02 6358 35368#mpstat:01:46:41 PM CPU %usr %nice %sys %iowait %irq %soft %steal %guest %gnice %idle 01:46:41 PM all 72.30 0.00 0.25 0.02 0.00 0.23 0.00 0.00 0.00 27.19 01:46:41 PM 0 72.52 0.00 0.24 0.02 0.00 0.00 0.00 0.00 0.00 27.22 01:46:41 PM 1 72.09 0.00 0.26 0.02 0.00 0.47 0.00 0.00 0.00 27.17#vmstat:procs -----------memory---------- ---swap-- -----io---- -system-- ------cpu----- r b swpd free buff cache si so bi bo in cs us sy id wa st 3 0 35260 359352 207724 2302416 0 0 3 5 14 14 72 0 27 0 0
#date:Tue Jul 16 13:47:41 CEST 2019#hostname:10.214.220.100 #SWAP:Swap: 8.0G 34M 8.0G#RAM:Mem: 3.9G 1.1G 351M 22M 2.4G 2.4G#Disk:Filesystem Size Used Avail Use% Mounted on /dev/mapper/sopvpyves--vg-root 39G 7.3G 30G 20% /#Load:loadaverage:2.01,#Network:Iface MTU Met RX-OK RX-ERR RX-DRP RX-OVR TX-OK TX-ERR TX-DRP TX-OVR Flg ens160 1500 0 373180626 0 3 0 336667252 0 0 0 BMRU #iostat:avg-cpu: %user %nice %system %iowait %steal %idle 72.30 0.00 0.48 0.02 0.00 27.19#iooperation:Device: tps kB_read/s kB_wrtn/s kB_read kB_wrtn sda 0.71 5.42 9.87 7716365 14061360 dm-0 1.27 5.38 9.81 7660315 13971756 dm-1 0.01 0.00 0.02 6358 35368#mpstat:01:47:41 PM CPU %usr %nice %sys %iowait %irq %soft %steal %guest %gnice %idle 01:47:41 PM all 72.30 0.00 0.25 0.02 0.00 0.23 0.00 0.00 0.00 27.19 01:47:41 PM 0 72.52 0.00 0.24 0.02 0.00 0.00 0.00 0.00 0.00 27.22 01:47:41 PM 1 72.09 0.00 0.26 0.02 0.00 0.47 0.00 0.00 0.00 27.17#vmstat:procs -----------memory---------- ---swap-- -----io---- -system-- ------cpu----- r b swpd free buff cache si so bi bo in cs us sy id wa st 2 0 35260 359168 207740 2302476 0 0 3 5 14 14 72 0 27 0 0
#date:Tue Jul 16 13:48:41 CEST 2019#hostname:10.214.220.100 #SWAP:Swap: 8.0G 34M 8.0G#RAM:Mem: 3.9G 1.1G 350M 22M 2.4G 2.4G#Disk:Filesystem Size Used Avail Use% Mounted on /dev/mapper/sopvpyves--vg-root 39G 7.3G 30G 20% /#Load:loadaverage:2.00,#Network:Iface MTU Met RX-OK RX-ERR RX-DRP RX-OVR TX-OK TX-ERR TX-DRP TX-OVR Flg ens160 1500 0 373187396 0 3 0 336673386 0 0 0 BMRU #iostat:avg-cpu: %user %nice %system %iowait %steal %idle 72.30 0.00 0.48 0.02 0.00 27.19#iooperation:Device: tps kB_read/s kB_wrtn/s kB_read kB_wrtn sda 0.71 5.42 9.87 7716365 14061632 dm-0 1.27 5.38 9.81 7660315 13972028 dm-1 0.01 0.00 0.02 6358 35368#mpstat:01:48:42 PM CPU %usr %nice %sys %iowait %irq %soft %steal %guest %gnice %idle 01:48:42 PM all 72.30 0.00 0.25 0.02 0.00 0.23 0.00 0.00 0.00 27.19 01:48:42 PM 0 72.52 0.00 0.24 0.02 0.00 0.00 0.00 0.00 0.00 27.22 01:48:42 PM 1 72.09 0.00 0.26 0.02 0.00 0.47 0.00 0.00 0.00 27.16#vmstat:procs -----------memory---------- ---swap-- -----io---- -system-- ------cpu----- r b swpd free buff cache si so bi bo in cs us sy id wa st 2 0 35260 359208 207748 2302536 0 0 3 5 14 14 72 0 27 0 0
#date:Tue Jul 16 13:49:42 CEST 2019#hostname:10.214.220.100 #SWAP:Swap: 8.0G 34M 8.0G#RAM:Mem: 3.9G 1.1G 350M 22M 2.4G 2.4G#Disk:Filesystem Size Used Avail Use% Mounted on /dev/mapper/sopvpyves--vg-root 39G 7.3G 30G 20% /#Load:loadaverage:2.08,#Network:Iface MTU Met RX-OK RX-ERR RX-DRP RX-OVR TX-OK TX-ERR TX-DRP TX-OVR Flg ens160 1500 0 373194275 0 3 0 336679549 0 0 0 BMRU #iostat:avg-cpu: %user %nice %system %iowait %steal %idle 72.31 0.00 0.48 0.02 0.00 27.19#iooperation:Device: tps kB_read/s kB_wrtn/s kB_read kB_wrtn sda 0.71 5.42 9.87 7716365 14061824 dm-0 1.27 5.38 9.81 7660315 13972220 dm-1 0.01 0.00 0.02 6358 35368#mpstat:01:49:42 PM CPU %usr %nice %sys %iowait %irq %soft %steal %guest %gnice %idle 01:49:42 PM all 72.31 0.00 0.25 0.02 0.00 0.23 0.00 0.00 0.00 27.19 01:49:42 PM 0 72.52 0.00 0.24 0.02 0.00 0.00 0.00 0.00 0.00 27.22 01:49:42 PM 1 72.09 0.00 0.26 0.02 0.00 0.47 0.00 0.00 0.00 27.16#vmstat:procs -----------memory---------- ---swap-- -----io---- -system-- ------cpu----- r b swpd free buff cache si so bi bo in cs us sy id wa st 2 0 35260 359064 207752 2302536 0 0 3 5 14 14 72 0 27 0 0
#date:Tue Jul 16 13:50:42 CEST 2019#hostname:10.214.220.100 #SWAP:Swap: 8.0G 34M 8.0G#RAM:Mem: 3.9G 1.1G 349M 22M 2.4G 2.4G#Disk:Filesystem Size Used Avail Use% Mounted on /dev/mapper/sopvpyves--vg-root 39G 7.3G 30G 20% /#Load:loadaverage:2.03,#Network:Iface MTU Met RX-OK RX-ERR RX-DRP RX-OVR TX-OK TX-ERR TX-DRP TX-OVR Flg ens160 1500 0 373202570 0 3 0 336686888 0 0 0 BMRU #iostat:avg-cpu: %user %nice %system %iowait %steal %idle 72.31 0.00 0.48 0.02 0.00 27.19#iooperation:Device: tps kB_read/s kB_wrtn/s kB_read kB_wrtn sda 0.71 5.42 9.87 7716365 14062252 dm-0 1.27 5.38 9.81 7660315 13972648 dm-1 0.01 0.00 0.02 6358 35368#mpstat:01:50:43 PM CPU %usr %nice %sys %iowait %irq %soft %steal %guest %gnice %idle 01:50:43 PM all 72.31 0.00 0.25 0.02 0.00 0.23 0.00 0.00 0.00 27.19 01:50:43 PM 0 72.52 0.00 0.24 0.02 0.00 0.00 0.00 0.00 0.00 27.21 01:50:43 PM 1 72.09 0.00 0.26 0.02 0.00 0.47 0.00 0.00 0.00 27.16#vmstat:procs -----------memory---------- ---swap-- -----io---- -system-- ------cpu----- r b swpd free buff cache si so bi bo in cs us sy id wa st 2 0 35260 356192 207760 2302732 0 0 3 5 14 14 72 0 27 0 0
#date:Tue Jul 16 13:51:43 CEST 2019#hostname:10.214.220.100 #SWAP:Swap: 8.0G 34M 8.0G#RAM:Mem: 3.9G 1.1G 344M 22M 2.4G 2.4G#Disk:Filesystem Size Used Avail Use% Mounted on /dev/mapper/sopvpyves--vg-root 39G 7.3G 30G 20% /#Load:loadaverage:2.01,#Network:Iface MTU Met RX-OK RX-ERR RX-DRP RX-OVR TX-OK TX-ERR TX-DRP TX-OVR Flg ens160 1500 0 373211374 0 3 0 336694747 0 0 0 BMRU #iostat:avg-cpu: %user %nice %system %iowait %steal %idle 72.31 0.00 0.48 0.02 0.00 27.19#iooperation:Device: tps kB_read/s kB_wrtn/s kB_read kB_wrtn sda 0.71 5.42 9.87 7716365 14062812 dm-0 1.27 5.38 9.81 7660315 13973208 dm-1 0.01 0.00 0.02 6358 35368#mpstat:01:51:43 PM CPU %usr %nice %sys %iowait %irq %soft %steal %guest %gnice %idle 01:51:43 PM all 72.31 0.00 0.25 0.02 0.00 0.23 0.00 0.00 0.00 27.19 01:51:43 PM 0 72.52 0.00 0.24 0.02 0.00 0.00 0.00 0.00 0.00 27.21 01:51:43 PM 1 72.10 0.00 0.26 0.02 0.00 0.47 0.00 0.00 0.00 27.16#vmstat:procs -----------memory---------- ---swap-- -----io---- -system-- ------cpu----- r b swpd free buff cache si so bi bo in cs us sy id wa st 2 0 35260 351940 207776 2302952 0 0 3 5 14 14 72 0 27 0 0
#date:Tue Jul 16 13:52:43 CEST 2019#hostname:10.214.220.100 #SWAP:Swap: 8.0G 34M 8.0G#RAM:Mem: 3.9G 1.1G 340M 22M 2.4G 2.4G#Disk:Filesystem Size Used Avail Use% Mounted on /dev/mapper/sopvpyves--vg-root 39G 7.3G 30G 20% /#Load:loadaverage:2.23,#Network:Iface MTU Met RX-OK RX-ERR RX-DRP RX-OVR TX-OK TX-ERR TX-DRP TX-OVR Flg ens160 1500 0 373220709 0 3 0 336702845 0 0 0 BMRU #iostat:avg-cpu: %user %nice %system %iowait %steal %idle 72.31 0.00 0.48 0.02 0.00 27.19#iooperation:Device: tps kB_read/s kB_wrtn/s kB_read kB_wrtn sda 0.71 5.42 9.87 7716365 14063316 dm-0 1.27 5.38 9.81 7660315 13973712 dm-1 0.01 0.00 0.02 6358 35368#mpstat:01:52:43 PM CPU %usr %nice %sys %iowait %irq %soft %steal %guest %gnice %idle 01:52:43 PM all 72.31 0.00 0.25 0.02 0.00 0.23 0.00 0.00 0.00 27.19 01:52:43 PM 0 72.52 0.00 0.24 0.02 0.00 0.00 0.00 0.00 0.00 27.21 01:52:43 PM 1 72.10 0.00 0.26 0.02 0.00 0.47 0.00 0.00 0.00 27.16#vmstat:procs -----------memory---------- ---swap-- -----io---- -system-- ------cpu----- r b swpd free buff cache si so bi bo in cs us sy id wa st 3 0 35260 348308 207788 2303072 0 0 3 5 14 14 72 0 27 0 0
#date:Tue Jul 16 13:53:43 CEST 2019#hostname:10.214.220.100 #SWAP:Swap: 8.0G 34M 8.0G#RAM:Mem: 3.9G 1.1G 338M 22M 2.4G 2.4G#Disk:Filesystem Size Used Avail Use% Mounted on /dev/mapper/sopvpyves--vg-root 39G 7.3G 30G 20% /#Load:loadaverage:2.19,#Network:Iface MTU Met RX-OK RX-ERR RX-DRP RX-OVR TX-OK TX-ERR TX-DRP TX-OVR Flg ens160 1500 0 373229906 0 3 0 336711023 0 0 0 BMRU #iostat:avg-cpu: %user %nice %system %iowait %steal %idle 72.31 0.00 0.48 0.02 0.00 27.19#iooperation:Device: tps kB_read/s kB_wrtn/s kB_read kB_wrtn sda 0.71 5.41 9.87 7716365 14063916 dm-0 1.27 5.38 9.81 7660315 13974312 dm-1 0.01 0.00 0.02 6358 35368#mpstat:01:53:44 PM CPU %usr %nice %sys %iowait %irq %soft %steal %guest %gnice %idle 01:53:44 PM all 72.31 0.00 0.25 0.02 0.00 0.23 0.00 0.00 0.00 27.19 01:53:44 PM 0 72.52 0.00 0.24 0.02 0.00 0.00 0.00 0.00 0.00 27.21 01:53:44 PM 1 72.10 0.00 0.26 0.02 0.00 0.47 0.00 0.00 0.00 27.16#vmstat:procs -----------memory---------- ---swap-- -----io---- -system-- ------cpu----- r b swpd free buff cache si so bi bo in cs us sy id wa st 2 0 35260 346432 207792 2303328 0 0 3 5 14 14 72 0 27 0 0
#date:Tue Jul 16 13:54:44 CEST 2019#hostname:10.214.220.100 #SWAP:Swap: 8.0G 34M 8.0G#RAM:Mem: 3.9G 1.1G 337M 22M 2.4G 2.4G#Disk:Filesystem Size Used Avail Use% Mounted on /dev/mapper/sopvpyves--vg-root 39G 7.3G 30G 20% /#Load:loadaverage:2.20,#Network:Iface MTU Met RX-OK RX-ERR RX-DRP RX-OVR TX-OK TX-ERR TX-DRP TX-OVR Flg ens160 1500 0 373239150 0 3 0 336718990 0 0 0 BMRU #iostat:avg-cpu: %user %nice %system %iowait %steal %idle 72.31 0.00 0.48 0.02 0.00 27.18#iooperation:Device: tps kB_read/s kB_wrtn/s kB_read kB_wrtn sda 0.71 5.41 9.87 7716365 14064588 dm-0 1.27 5.38 9.81 7660315 13974984 dm-1 0.01 0.00 0.02 6358 35368#mpstat:01:54:44 PM CPU %usr %nice %sys %iowait %irq %soft %steal %guest %gnice %idle 01:54:44 PM all 72.31 0.00 0.25 0.02 0.00 0.23 0.00 0.00 0.00 27.18 01:54:44 PM 0 72.52 0.00 0.24 0.02 0.00 0.00 0.00 0.00 0.00 27.21 01:54:44 PM 1 72.10 0.00 0.26 0.02 0.00 0.47 0.00 0.00 0.00 27.16#vmstat:procs -----------memory---------- ---swap-- -----io---- -system-- ------cpu----- r b swpd free buff cache si so bi bo in cs us sy id wa st 2 0 35260 345716 207796 2303556 0 0 3 5 14 14 72 0 27 0 0
#date:Tue Jul 16 13:55:44 CEST 2019#hostname:10.214.220.100 #SWAP:Swap: 8.0G 34M 8.0G#RAM:Mem: 3.9G 1.1G 336M 22M 2.4G 2.4G#Disk:Filesystem Size Used Avail Use% Mounted on /dev/mapper/sopvpyves--vg-root 39G 7.3G 30G 20% /#Load:loadaverage:2.12,#Network:Iface MTU Met RX-OK RX-ERR RX-DRP RX-OVR TX-OK TX-ERR TX-DRP TX-OVR Flg ens160 1500 0 373249166 0 3 0 336727845 0 0 0 BMRU #iostat:avg-cpu: %user %nice %system %iowait %steal %idle 72.31 0.00 0.48 0.02 0.00 27.18#iooperation:Device: tps kB_read/s kB_wrtn/s kB_read kB_wrtn sda 0.71 5.41 9.87 7716365 14065136 dm-0 1.27 5.38 9.81 7660315 13975532 dm-1 0.01 0.00 0.02 6358 35368#mpstat:01:55:44 PM CPU %usr %nice %sys %iowait %irq %soft %steal %guest %gnice %idle 01:55:44 PM all 72.31 0.00 0.25 0.02 0.00 0.23 0.00 0.00 0.00 27.18 01:55:44 PM 0 72.52 0.00 0.24 0.02 0.00 0.00 0.00 0.00 0.00 27.21 01:55:44 PM 1 72.10 0.00 0.26 0.02 0.00 0.47 0.00 0.00 0.00 27.16#vmstat:procs -----------memory---------- ---swap-- -----io---- -system-- ------cpu----- r b swpd free buff cache si so bi bo in cs us sy id wa st 2 0 35260 344924 207804 2303800 0 0 3 5 14 14 72 0 27 0 0
#date:Tue Jul 16 13:56:44 CEST 2019#hostname:10.214.220.100 #SWAP:Swap: 8.0G 34M 8.0G#RAM:Mem: 3.9G 1.1G 333M 22M 2.4G 2.4G#Disk:Filesystem Size Used Avail Use% Mounted on /dev/mapper/sopvpyves--vg-root 39G 7.3G 30G 20% /#Load:loadaverage:2.04,#Network:Iface MTU Met RX-OK RX-ERR RX-DRP RX-OVR TX-OK TX-ERR TX-DRP TX-OVR Flg ens160 1500 0 373258137 0 3 0 336735648 0 0 0 BMRU #iostat:avg-cpu: %user %nice %system %iowait %steal %idle 72.31 0.00 0.48 0.02 0.00 27.18#iooperation:Device: tps kB_read/s kB_wrtn/s kB_read kB_wrtn sda 0.71 5.41 9.87 7716365 14065856 dm-0 1.27 5.37 9.81 7660315 13976252 dm-1 0.01 0.00 0.02 6358 35368#mpstat:01:56:45 PM CPU %usr %nice %sys %iowait %irq %soft %steal %guest %gnice %idle 01:56:45 PM all 72.31 0.00 0.25 0.02 0.00 0.23 0.00 0.00 0.00 27.18 01:56:45 PM 0 72.53 0.00 0.24 0.02 0.00 0.00 0.00 0.00 0.00 27.21 01:56:45 PM 1 72.10 0.00 0.26 0.02 0.00 0.47 0.00 0.00 0.00 27.16#vmstat:procs -----------memory---------- ---swap-- -----io---- -system-- ------cpu----- r b swpd free buff cache si so bi bo in cs us sy id wa st 3 0 35260 341492 207820 2304016 0 0 3 5 14 14 72 0 27 0 0
#date:Tue Jul 16 13:57:45 CEST 2019#hostname:10.214.220.100 #SWAP:Swap: 8.0G 34M 8.0G#RAM:Mem: 3.9G 1.1G 331M 22M 2.4G 2.4G#Disk:Filesystem Size Used Avail Use% Mounted on /dev/mapper/sopvpyves--vg-root 39G 7.3G 30G 20% /#Load:loadaverage:2.13,#Network:Iface MTU Met RX-OK RX-ERR RX-DRP RX-OVR TX-OK TX-ERR TX-DRP TX-OVR Flg ens160 1500 0 373267693 0 3 0 336744018 0 0 0 BMRU #iostat:avg-cpu: %user %nice %system %iowait %steal %idle 72.31 0.00 0.48 0.02 0.00 27.18#iooperation:Device: tps kB_read/s kB_wrtn/s kB_read kB_wrtn sda 0.71 5.41 9.87 7716365 14066620 dm-0 1.27 5.37 9.81 7660315 13977016 dm-1 0.01 0.00 0.02 6358 35368#mpstat:01:57:45 PM CPU %usr %nice %sys %iowait %irq %soft %steal %guest %gnice %idle 01:57:45 PM all 72.31 0.00 0.25 0.02 0.00 0.23 0.00 0.00 0.00 27.18 01:57:45 PM 0 72.53 0.00 0.24 0.02 0.00 0.00 0.00 0.00 0.00 27.21 01:57:45 PM 1 72.10 0.00 0.26 0.02 0.00 0.47 0.00 0.00 0.00 27.15#vmstat:procs -----------memory---------- ---swap-- -----io---- -system-- ------cpu----- r b swpd free buff cache si so bi bo in cs us sy id wa st 2 0 35260 338932 207828 2304348 0 0 3 5 14 14 72 0 27 0 0
#date:Tue Jul 16 13:58:45 CEST 2019#hostname:10.214.220.100 #SWAP:Swap: 8.0G 34M 8.0G#RAM:Mem: 3.9G 1.1G 330M 22M 2.4G 2.4G#Disk:Filesystem Size Used Avail Use% Mounted on /dev/mapper/sopvpyves--vg-root 39G 7.3G 30G 20% /#Load:loadaverage:2.05,#Network:Iface MTU Met RX-OK RX-ERR RX-DRP RX-OVR TX-OK TX-ERR TX-DRP TX-OVR Flg ens160 1500 0 373276913 0 3 0 336752118 0 0 0 BMRU #iostat:avg-cpu: %user %nice %system %iowait %steal %idle 72.32 0.00 0.48 0.02 0.00 27.18#iooperation:Device: tps kB_read/s kB_wrtn/s kB_read kB_wrtn sda 0.71 5.41 9.87 7716365 14067204 dm-0 1.27 5.37 9.81 7660315 13977600 dm-1 0.01 0.00 0.02 6358 35368#mpstat:01:58:46 PM CPU %usr %nice %sys %iowait %irq %soft %steal %guest %gnice %idle 01:58:46 PM all 72.32 0.00 0.25 0.02 0.00 0.23 0.00 0.00 0.00 27.18 01:58:46 PM 0 72.53 0.00 0.24 0.02 0.00 0.00 0.00 0.00 0.00 27.21 01:58:46 PM 1 72.10 0.00 0.26 0.02 0.00 0.47 0.00 0.00 0.00 27.15#vmstat:procs -----------memory---------- ---swap-- -----io---- -system-- ------cpu----- r b swpd free buff cache si so bi bo in cs us sy id wa st 2 0 35260 338252 207836 2304572 0 0 3 5 14 14 72 0 27 0 0
#date:Tue Jul 16 13:59:46 CEST 2019#hostname:10.214.220.100 #SWAP:Swap: 8.0G 34M 8.0G#RAM:Mem: 3.9G 1.1G 329M 22M 2.4G 2.4G#Disk:Filesystem Size Used Avail Use% Mounted on /dev/mapper/sopvpyves--vg-root 39G 7.3G 30G 20% /#Load:loadaverage:2.19,#Network:Iface MTU Met RX-OK RX-ERR RX-DRP RX-OVR TX-OK TX-ERR TX-DRP TX-OVR Flg ens160 1500 0 373284993 0 3 0 336759217 0 0 0 BMRU #iostat:avg-cpu: %user %nice %system %iowait %steal %idle 72.32 0.00 0.48 0.02 0.00 27.18#iooperation:Device: tps kB_read/s kB_wrtn/s kB_read kB_wrtn sda 0.71 5.41 9.87 7716365 14067492 dm-0 1.27 5.37 9.81 7660315 13977888 dm-1 0.01 0.00 0.02 6358 35368#mpstat:01:59:46 PM CPU %usr %nice %sys %iowait %irq %soft %steal %guest %gnice %idle 01:59:46 PM all 72.32 0.00 0.25 0.02 0.00 0.23 0.00 0.00 0.00 27.18 01:59:46 PM 0 72.53 0.00 0.24 0.02 0.00 0.00 0.00 0.00 0.00 27.20 01:59:46 PM 1 72.10 0.00 0.26 0.02 0.00 0.47 0.00 0.00 0.00 27.15#vmstat:procs -----------memory---------- ---swap-- -----io---- -system-- ------cpu----- r b swpd free buff cache si so bi bo in cs us sy id wa st 2 0 35260 337780 207840 2304568 0 0 3 5 14 14 72 0 27 0 0
#date:Tue Jul 16 14:00:46 CEST 2019#hostname:10.214.220.100 #SWAP:Swap: 8.0G 34M 8.0G#RAM:Mem: 3.9G 1.1G 328M 22M 2.4G 2.4G#Disk:Filesystem Size Used Avail Use% Mounted on /dev/mapper/sopvpyves--vg-root 39G 7.3G 30G 20% /#Load:loadaverage:2.26,#Network:Iface MTU Met RX-OK RX-ERR RX-DRP RX-OVR TX-OK TX-ERR TX-DRP TX-OVR Flg ens160 1500 0 373294007 0 3 0 336766999 0 0 0 BMRU #iostat:avg-cpu: %user %nice %system %iowait %steal %idle 72.32 0.00 0.48 0.02 0.00 27.18#iooperation:Device: tps kB_read/s kB_wrtn/s kB_read kB_wrtn sda 0.71 5.41 9.87 7716365 14068028 dm-0 1.27 5.37 9.81 7660315 13978424 dm-1 0.01 0.00 0.02 6358 35368#mpstat:02:00:46 PM CPU %usr %nice %sys %iowait %irq %soft %steal %guest %gnice %idle 02:00:46 PM all 72.32 0.00 0.25 0.02 0.00 0.23 0.00 0.00 0.00 27.18 02:00:46 PM 0 72.53 0.00 0.24 0.02 0.00 0.00 0.00 0.00 0.00 27.20 02:00:46 PM 1 72.10 0.00 0.26 0.02 0.00 0.47 0.00 0.00 0.00 27.15#vmstat:procs -----------memory---------- ---swap-- -----io---- -system-- ------cpu----- r b swpd free buff cache si so bi bo in cs us sy id wa st 3 0 35260 335500 207840 2304788 0 0 3 5 14 14 72 0 27 0 0
#date:Tue Jul 16 14:01:46 CEST 2019#hostname:10.214.220.100 #SWAP:Swap: 8.0G 34M 8.0G#RAM:Mem: 3.9G 1.1G 328M 22M 2.4G 2.4G#Disk:Filesystem Size Used Avail Use% Mounted on /dev/mapper/sopvpyves--vg-root 39G 7.3G 30G 20% /#Load:loadaverage:2.09,#Network:Iface MTU Met RX-OK RX-ERR RX-DRP RX-OVR TX-OK TX-ERR TX-DRP TX-OVR Flg ens160 1500 0 373302428 0 3 0 336774290 0 0 0 BMRU #iostat:avg-cpu: %user %nice %system %iowait %steal %idle 72.32 0.00 0.48 0.02 0.00 27.18#iooperation:Device: tps kB_read/s kB_wrtn/s kB_read kB_wrtn sda 0.71 5.41 9.87 7716365 14068580 dm-0 1.27 5.37 9.81 7660315 13978976 dm-1 0.01 0.00 0.02 6358 35368#mpstat:02:01:47 PM CPU %usr %nice %sys %iowait %irq %soft %steal %guest %gnice %idle 02:01:47 PM all 72.32 0.00 0.25 0.02 0.00 0.23 0.00 0.00 0.00 27.18 02:01:47 PM 0 72.53 0.00 0.24 0.02 0.00 0.00 0.00 0.00 0.00 27.20 02:01:47 PM 1 72.11 0.00 0.26 0.02 0.00 0.47 0.00 0.00 0.00 27.15#vmstat:procs -----------memory---------- ---swap-- -----io---- -system-- ------cpu----- r b swpd free buff cache si so bi bo in cs us sy id wa st 2 0 35260 336236 207852 2304692 0 0 3 5 14 14 72 0 27 0 0
