#date:Tue Jul 16 12:34:11 CEST 2019#hostname:10.214.220.161 #SWAP:Swap: 8.0G 7.0M 8.0G#RAM:Mem: 3.9G 261M 2.4G 33M 1.2G 3.2G#Disk:Filesystem Size Used Avail Use% Mounted on /dev/mapper/sopvpyves--vg-root 39G 7.9G 30G 22% /#Load:loadaverage:0.00,#Network:Iface MTU Met RX-OK RX-ERR RX-DRP RX-OVR TX-OK TX-ERR TX-DRP TX-OVR Flg ens160 1500 0 351754598 0 2 0 352772931 0 0 0 BMRU #iostat:avg-cpu: %user %nice %system %iowait %steal %idle 1.43 0.00 3.91 0.02 0.00 94.64#iooperation:Device: tps kB_read/s kB_wrtn/s kB_read kB_wrtn sda 0.44 2.18 9.21 3099879 13077187 dm-0 0.96 2.14 9.16 3046199 13014356 dm-1 0.00 0.00 0.01 6798 8592#mpstat:12:34:12 PM CPU %usr %nice %sys %iowait %irq %soft %steal %guest %gnice %idle 12:34:12 PM all 1.43 0.00 3.75 0.02 0.00 0.16 0.00 0.00 0.00 94.64 12:34:12 PM 0 1.41 0.00 3.84 0.02 0.00 0.00 0.00 0.00 0.00 94.73 12:34:12 PM 1 1.45 0.01 3.66 0.02 0.00 0.31 0.00 0.00 0.00 94.55#vmstat:procs -----------memory---------- ---swap-- -----io---- -system-- ------cpu----- r b swpd free buff cache si so bi bo in cs us sy id wa st 0 0 7180 2502792 292140 976008 0 0 1 5 13 15 1 4 95 0 0
#date:Tue Jul 16 12:34:35 CEST 2019#hostname:10.214.220.161 #SWAP:Swap: 8.0G 7.0M 8.0G#RAM:Mem: 3.9G 266M 2.4G 33M 1.2G 3.2G#Disk:Filesystem Size Used Avail Use% Mounted on /dev/mapper/sopvpyves--vg-root 39G 7.9G 30G 22% /#Load:loadaverage:0.00,#Network:Iface MTU Met RX-OK RX-ERR RX-DRP RX-OVR TX-OK TX-ERR TX-DRP TX-OVR Flg ens160 1500 0 351756118 0 2 0 352774357 0 0 0 BMRU #iostat:avg-cpu: %user %nice %system %iowait %steal %idle 1.43 0.00 3.91 0.02 0.00 94.64#iooperation:Device: tps kB_read/s kB_wrtn/s kB_read kB_wrtn sda 0.44 2.18 9.21 3099879 13077387 dm-0 0.96 2.14 9.16 3046199 13014556 dm-1 0.00 0.00 0.01 6798 8592#mpstat:12:34:36 PM CPU %usr %nice %sys %iowait %irq %soft %steal %guest %gnice %idle 12:34:36 PM all 1.43 0.00 3.75 0.02 0.00 0.16 0.00 0.00 0.00 94.64 12:34:36 PM 0 1.41 0.00 3.84 0.02 0.00 0.00 0.00 0.00 0.00 94.73 12:34:36 PM 1 1.46 0.01 3.66 0.02 0.00 0.31 0.00 0.00 0.00 94.55#vmstat:procs -----------memory---------- ---swap-- -----io---- -system-- ------cpu----- r b swpd free buff cache si so bi bo in cs us sy id wa st 0 0 7180 2497332 292140 976608 0 0 1 5 13 15 1 4 95 0 0
#date:Tue Jul 16 12:35:12 CEST 2019#hostname:10.214.220.161 #SWAP:Swap: 8.0G 7.0M 8.0G#RAM:Mem: 3.9G 228M 2.4G 33M 1.2G 3.3G#Disk:Filesystem Size Used Avail Use% Mounted on /dev/mapper/sopvpyves--vg-root 39G 7.9G 30G 22% /#Load:loadaverage:0.00,#Network:Iface MTU Met RX-OK RX-ERR RX-DRP RX-OVR TX-OK TX-ERR TX-DRP TX-OVR Flg ens160 1500 0 351758563 0 2 0 352776560 0 0 0 BMRU #iostat:avg-cpu: %user %nice %system %iowait %steal %idle 1.43 0.00 3.91 0.02 0.00 94.64#iooperation:Device: tps kB_read/s kB_wrtn/s kB_read kB_wrtn sda 0.44 2.18 9.21 3099891 13077867 dm-0 0.96 2.14 9.16 3046211 13015036 dm-1 0.00 0.00 0.01 6798 8592#mpstat:12:35:12 PM CPU %usr %nice %sys %iowait %irq %soft %steal %guest %gnice %idle 12:35:12 PM all 1.43 0.00 3.75 0.02 0.00 0.16 0.00 0.00 0.00 94.64 12:35:12 PM 0 1.41 0.00 3.84 0.02 0.00 0.00 0.00 0.00 0.00 94.73 12:35:12 PM 1 1.46 0.01 3.66 0.02 0.00 0.31 0.00 0.00 0.00 94.55#vmstat:procs -----------memory---------- ---swap-- -----io---- -system-- ------cpu----- r b swpd free buff cache si so bi bo in cs us sy id wa st 0 0 7180 2534196 292140 977804 0 0 1 5 13 15 1 4 95 0 0
#date:Tue Jul 16 12:35:36 CEST 2019#hostname:10.214.220.161 #SWAP:Swap: 8.0G 7.0M 8.0G#RAM:Mem: 3.9G 615M 2.0G 33M 1.3G 2.9G#Disk:Filesystem Size Used Avail Use% Mounted on /dev/mapper/sopvpyves--vg-root 39G 7.9G 30G 22% /#Load:loadaverage:0.38,#Network:Iface MTU Met RX-OK RX-ERR RX-DRP RX-OVR TX-OK TX-ERR TX-DRP TX-OVR Flg ens160 1500 0 351760255 0 2 0 352778144 0 0 0 BMRU #iostat:avg-cpu: %user %nice %system %iowait %steal %idle 1.43 0.00 3.91 0.02 0.00 94.64#iooperation:Device: tps kB_read/s kB_wrtn/s kB_read kB_wrtn sda 0.45 2.22 9.21 3157079 13084939 dm-0 0.97 2.18 9.17 3103399 13022108 dm-1 0.00 0.00 0.01 6798 8592#mpstat:12:35:36 PM CPU %usr %nice %sys %iowait %irq %soft %steal %guest %gnice %idle 12:35:36 PM all 1.43 0.00 3.75 0.02 0.00 0.16 0.00 0.00 0.00 94.64 12:35:36 PM 0 1.41 0.00 3.84 0.02 0.00 0.00 0.00 0.00 0.00 94.73 12:35:36 PM 1 1.46 0.01 3.66 0.02 0.00 0.31 0.00 0.00 0.00 94.55#vmstat:procs -----------memory---------- ---swap-- -----io---- -system-- ------cpu----- r b swpd free buff cache si so bi bo in cs us sy id wa st 4 0 7180 2074480 294844 1038364 0 0 1 5 13 15 1 4 95 0 0
#date:Tue Jul 16 12:36:12 CEST 2019#hostname:10.214.220.161 #SWAP:Swap: 8.0G 7.0M 8.0G#RAM:Mem: 3.9G 1.0G 1.6G 33M 1.3G 2.5G#Disk:Filesystem Size Used Avail Use% Mounted on /dev/mapper/sopvpyves--vg-root 39G 7.9G 30G 22% /#Load:loadaverage:0.34,#Network:Iface MTU Met RX-OK RX-ERR RX-DRP RX-OVR TX-OK TX-ERR TX-DRP TX-OVR Flg ens160 1500 0 351762991 0 2 0 352780695 0 0 0 BMRU #iostat:avg-cpu: %user %nice %system %iowait %steal %idle 1.43 0.00 3.91 0.02 0.00 94.64#iooperation:Device: tps kB_read/s kB_wrtn/s kB_read kB_wrtn sda 0.45 2.23 9.22 3169663 13090531 dm-0 0.97 2.19 9.17 3115983 13027700 dm-1 0.00 0.00 0.01 6798 8592#mpstat:12:36:12 PM CPU %usr %nice %sys %iowait %irq %soft %steal %guest %gnice %idle 12:36:12 PM all 1.43 0.00 3.75 0.02 0.00 0.16 0.00 0.00 0.00 94.64 12:36:12 PM 0 1.41 0.00 3.84 0.02 0.00 0.00 0.00 0.00 0.00 94.73 12:36:12 PM 1 1.46 0.01 3.66 0.02 0.00 0.31 0.00 0.00 0.00 94.55#vmstat:procs -----------memory---------- ---swap-- -----io---- -system-- ------cpu----- r b swpd free buff cache si so bi bo in cs us sy id wa st 0 0 7180 1642800 295100 1052872 0 0 1 5 13 15 1 4 95 0 0
#date:Tue Jul 16 12:36:36 CEST 2019#hostname:10.214.220.161 #SWAP:Swap: 8.0G 7.0M 8.0G#RAM:Mem: 3.9G 818M 1.8G 33M 1.3G 2.7G#Disk:Filesystem Size Used Avail Use% Mounted on /dev/mapper/sopvpyves--vg-root 39G 7.9G 30G 22% /#Load:loadaverage:0.24,#Network:Iface MTU Met RX-OK RX-ERR RX-DRP RX-OVR TX-OK TX-ERR TX-DRP TX-OVR Flg ens160 1500 0 351765190 0 2 0 352782518 0 0 0 BMRU #iostat:avg-cpu: %user %nice %system %iowait %steal %idle 1.43 0.00 3.91 0.02 0.00 94.64#iooperation:Device: tps kB_read/s kB_wrtn/s kB_read kB_wrtn sda 0.45 2.23 9.22 3169663 13090823 dm-0 0.97 2.19 9.17 3115983 13027992 dm-1 0.00 0.00 0.01 6798 8592#mpstat:12:36:36 PM CPU %usr %nice %sys %iowait %irq %soft %steal %guest %gnice %idle 12:36:36 PM all 1.43 0.00 3.75 0.02 0.00 0.16 0.00 0.00 0.00 94.64 12:36:36 PM 0 1.41 0.00 3.84 0.02 0.00 0.00 0.00 0.00 0.00 94.73 12:36:36 PM 1 1.46 0.01 3.66 0.02 0.00 0.31 0.00 0.00 0.00 94.55#vmstat:procs -----------memory---------- ---swap-- -----io---- -system-- ------cpu----- r b swpd free buff cache si so bi bo in cs us sy id wa st 0 0 7180 1881548 295100 1053112 0 0 1 5 13 15 1 4 95 0 0
#date:Tue Jul 16 12:37:12 CEST 2019#hostname:10.214.220.161 #SWAP:Swap: 8.0G 7.0M 8.0G#RAM:Mem: 3.9G 765M 1.8G 33M 1.3G 2.7G#Disk:Filesystem Size Used Avail Use% Mounted on /dev/mapper/sopvpyves--vg-root 39G 7.9G 30G 22% /#Load:loadaverage:0.12,#Network:Iface MTU Met RX-OK RX-ERR RX-DRP RX-OVR TX-OK TX-ERR TX-DRP TX-OVR Flg ens160 1500 0 351768447 0 2 0 352785236 0 0 0 BMRU #iostat:avg-cpu: %user %nice %system %iowait %steal %idle 1.43 0.00 3.91 0.02 0.00 94.64#iooperation:Device: tps kB_read/s kB_wrtn/s kB_read kB_wrtn sda 0.45 2.23 9.22 3169663 13091335 dm-0 0.97 2.19 9.17 3115983 13028504 dm-1 0.00 0.00 0.01 6798 8592#mpstat:12:37:12 PM CPU %usr %nice %sys %iowait %irq %soft %steal %guest %gnice %idle 12:37:12 PM all 1.43 0.00 3.75 0.02 0.00 0.16 0.00 0.00 0.00 94.64 12:37:12 PM 0 1.41 0.00 3.84 0.02 0.00 0.00 0.00 0.00 0.00 94.73 12:37:12 PM 1 1.46 0.01 3.66 0.02 0.00 0.31 0.00 0.00 0.00 94.55#vmstat:procs -----------memory---------- ---swap-- -----io---- -system-- ------cpu----- r b swpd free buff cache si so bi bo in cs us sy id wa st 0 0 7180 1905588 295104 1053504 0 0 1 5 13 15 1 4 95 0 0
#date:Tue Jul 16 12:37:36 CEST 2019#hostname:10.214.220.161 #SWAP:Swap: 8.0G 7.0M 8.0G#RAM:Mem: 3.9G 743M 1.8G 33M 1.3G 2.7G#Disk:Filesystem Size Used Avail Use% Mounted on /dev/mapper/sopvpyves--vg-root 39G 7.9G 30G 22% /#Load:loadaverage:0.08,#Network:Iface MTU Met RX-OK RX-ERR RX-DRP RX-OVR TX-OK TX-ERR TX-DRP TX-OVR Flg ens160 1500 0 351770590 0 2 0 352787065 0 0 0 BMRU #iostat:avg-cpu: %user %nice %system %iowait %steal %idle 1.43 0.00 3.91 0.02 0.00 94.64#iooperation:Device: tps kB_read/s kB_wrtn/s kB_read kB_wrtn sda 0.45 2.23 9.22 3169663 13091671 dm-0 0.97 2.19 9.17 3115983 13028840 dm-1 0.00 0.00 0.01 6798 8592#mpstat:12:37:36 PM CPU %usr %nice %sys %iowait %irq %soft %steal %guest %gnice %idle 12:37:36 PM all 1.43 0.00 3.75 0.02 0.00 0.16 0.00 0.00 0.00 94.64 12:37:36 PM 0 1.41 0.00 3.84 0.02 0.00 0.00 0.00 0.00 0.00 94.73 12:37:36 PM 1 1.46 0.01 3.66 0.02 0.00 0.31 0.00 0.00 0.00 94.55#vmstat:procs -----------memory---------- ---swap-- -----io---- -system-- ------cpu----- r b swpd free buff cache si so bi bo in cs us sy id wa st 0 0 7180 1928592 295104 1053620 0 0 1 5 13 15 1 4 95 0 0
#date:Tue Jul 16 12:38:12 CEST 2019#hostname:10.214.220.161 #SWAP:Swap: 8.0G 7.0M 8.0G#RAM:Mem: 3.9G 765M 1.8G 33M 1.3G 2.7G#Disk:Filesystem Size Used Avail Use% Mounted on /dev/mapper/sopvpyves--vg-root 39G 7.9G 30G 22% /#Load:loadaverage:0.10,#Network:Iface MTU Met RX-OK RX-ERR RX-DRP RX-OVR TX-OK TX-ERR TX-DRP TX-OVR Flg ens160 1500 0 351778938 0 2 0 352792064 0 0 0 BMRU #iostat:avg-cpu: %user %nice %system %iowait %steal %idle 1.43 0.00 3.91 0.02 0.00 94.64#iooperation:Device: tps kB_read/s kB_wrtn/s kB_read kB_wrtn sda 0.45 2.23 9.22 3169663 13092159 dm-0 0.97 2.19 9.17 3115983 13029328 dm-1 0.00 0.00 0.01 6798 8592#mpstat:12:38:12 PM CPU %usr %nice %sys %iowait %irq %soft %steal %guest %gnice %idle 12:38:12 PM all 1.43 0.00 3.75 0.02 0.00 0.16 0.00 0.00 0.00 94.64 12:38:12 PM 0 1.41 0.00 3.84 0.02 0.00 0.00 0.00 0.00 0.00 94.73 12:38:12 PM 1 1.46 0.01 3.66 0.02 0.00 0.31 0.00 0.00 0.00 94.55#vmstat:procs -----------memory---------- ---swap-- -----io---- -system-- ------cpu----- r b swpd free buff cache si so bi bo in cs us sy id wa st 0 0 7180 1905740 295104 1054016 0 0 1 5 13 15 1 4 95 0 0
#date:Tue Jul 16 12:38:36 CEST 2019#hostname:10.214.220.161 #SWAP:Swap: 8.0G 7.0M 8.0G#RAM:Mem: 3.9G 767M 1.8G 33M 1.3G 2.7G#Disk:Filesystem Size Used Avail Use% Mounted on /dev/mapper/sopvpyves--vg-root 39G 7.9G 30G 22% /#Load:loadaverage:0.07,#Network:Iface MTU Met RX-OK RX-ERR RX-DRP RX-OVR TX-OK TX-ERR TX-DRP TX-OVR Flg ens160 1500 0 351781124 0 2 0 352793906 0 0 0 BMRU #iostat:avg-cpu: %user %nice %system %iowait %steal %idle 1.43 0.00 3.91 0.02 0.00 94.64#iooperation:Device: tps kB_read/s kB_wrtn/s kB_read kB_wrtn sda 0.45 2.23 9.22 3169663 13092255 dm-0 0.97 2.19 9.17 3115983 13029424 dm-1 0.00 0.00 0.01 6798 8592#mpstat:12:38:37 PM CPU %usr %nice %sys %iowait %irq %soft %steal %guest %gnice %idle 12:38:37 PM all 1.43 0.00 3.75 0.02 0.00 0.16 0.00 0.00 0.00 94.64 12:38:37 PM 0 1.41 0.00 3.84 0.02 0.00 0.00 0.00 0.00 0.00 94.73 12:38:37 PM 1 1.46 0.01 3.66 0.02 0.00 0.31 0.00 0.00 0.00 94.55#vmstat:procs -----------memory---------- ---swap-- -----io---- -system-- ------cpu----- r b swpd free buff cache si so bi bo in cs us sy id wa st 0 0 7180 1903408 295104 1054036 0 0 1 5 13 15 1 4 95 0 0
#date:Tue Jul 16 12:39:12 CEST 2019#hostname:10.214.220.161 #SWAP:Swap: 8.0G 7.0M 8.0G#RAM:Mem: 3.9G 768M 1.8G 33M 1.3G 2.7G#Disk:Filesystem Size Used Avail Use% Mounted on /dev/mapper/sopvpyves--vg-root 39G 7.9G 30G 22% /#Load:loadaverage:0.04,#Network:Iface MTU Met RX-OK RX-ERR RX-DRP RX-OVR TX-OK TX-ERR TX-DRP TX-OVR Flg ens160 1500 0 351784296 0 2 0 352796662 0 0 0 BMRU #iostat:avg-cpu: %user %nice %system %iowait %steal %idle 1.43 0.00 3.91 0.02 0.00 94.64#iooperation:Device: tps kB_read/s kB_wrtn/s kB_read kB_wrtn sda 0.45 2.23 9.22 3169663 13092723 dm-0 0.97 2.19 9.17 3115983 13029892 dm-1 0.00 0.00 0.01 6798 8592#mpstat:12:39:13 PM CPU %usr %nice %sys %iowait %irq %soft %steal %guest %gnice %idle 12:39:13 PM all 1.43 0.00 3.75 0.02 0.00 0.16 0.00 0.00 0.00 94.64 12:39:13 PM 0 1.41 0.00 3.84 0.02 0.00 0.00 0.00 0.00 0.00 94.73 12:39:13 PM 1 1.46 0.01 3.66 0.02 0.00 0.31 0.00 0.00 0.00 94.55#vmstat:procs -----------memory---------- ---swap-- -----io---- -system-- ------cpu----- r b swpd free buff cache si so bi bo in cs us sy id wa st 0 0 7180 1902548 295104 1054420 0 0 1 5 13 15 1 4 95 0 0
#date:Tue Jul 16 12:39:37 CEST 2019#hostname:10.214.220.161 #SWAP:Swap: 8.0G 7.0M 8.0G#RAM:Mem: 3.9G 728M 1.9G 33M 1.3G 2.8G#Disk:Filesystem Size Used Avail Use% Mounted on /dev/mapper/sopvpyves--vg-root 39G 7.9G 30G 22% /#Load:loadaverage:0.02,#Network:Iface MTU Met RX-OK RX-ERR RX-DRP RX-OVR TX-OK TX-ERR TX-DRP TX-OVR Flg ens160 1500 0 351786410 0 2 0 352798515 0 0 0 BMRU #iostat:avg-cpu: %user %nice %system %iowait %steal %idle 1.43 0.00 3.91 0.02 0.00 94.64#iooperation:Device: tps kB_read/s kB_wrtn/s kB_read kB_wrtn sda 0.45 2.23 9.22 3169663 13093319 dm-0 0.97 2.19 9.17 3115983 13030488 dm-1 0.00 0.00 0.01 6798 8592#mpstat:12:39:37 PM CPU %usr %nice %sys %iowait %irq %soft %steal %guest %gnice %idle 12:39:37 PM all 1.43 0.00 3.75 0.02 0.00 0.16 0.00 0.00 0.00 94.64 12:39:37 PM 0 1.41 0.00 3.84 0.02 0.00 0.00 0.00 0.00 0.00 94.73 12:39:37 PM 1 1.46 0.01 3.66 0.02 0.00 0.31 0.00 0.00 0.00 94.55#vmstat:procs -----------memory---------- ---swap-- -----io---- -system-- ------cpu----- r b swpd free buff cache si so bi bo in cs us sy id wa st 0 0 7180 1943168 295104 1054640 0 0 1 5 13 15 1 4 95 0 0
#date:Tue Jul 16 12:40:13 CEST 2019#hostname:10.214.220.161 #SWAP:Swap: 8.0G 7.0M 8.0G#RAM:Mem: 3.9G 760M 1.8G 33M 1.3G 2.7G#Disk:Filesystem Size Used Avail Use% Mounted on /dev/mapper/sopvpyves--vg-root 39G 7.9G 30G 22% /#Load:loadaverage:0.01,#Network:Iface MTU Met RX-OK RX-ERR RX-DRP RX-OVR TX-OK TX-ERR TX-DRP TX-OVR Flg ens160 1500 0 351789529 0 2 0 352801289 0 0 0 BMRU #iostat:avg-cpu: %user %nice %system %iowait %steal %idle 1.43 0.00 3.91 0.02 0.00 94.64#iooperation:Device: tps kB_read/s kB_wrtn/s kB_read kB_wrtn sda 0.45 2.23 9.22 3169663 13093819 dm-0 0.97 2.19 9.17 3115983 13030988 dm-1 0.00 0.00 0.01 6798 8592#mpstat:12:40:13 PM CPU %usr %nice %sys %iowait %irq %soft %steal %guest %gnice %idle 12:40:13 PM all 1.43 0.00 3.75 0.02 0.00 0.16 0.00 0.00 0.00 94.64 12:40:13 PM 0 1.41 0.00 3.84 0.02 0.00 0.00 0.00 0.00 0.00 94.73 12:40:13 PM 1 1.46 0.01 3.66 0.02 0.00 0.31 0.00 0.00 0.00 94.55#vmstat:procs -----------memory---------- ---swap-- -----io---- -system-- ------cpu----- r b swpd free buff cache si so bi bo in cs us sy id wa st 0 0 7180 1909712 295108 1054688 0 0 1 5 13 15 1 4 95 0 0
#date:Tue Jul 16 12:40:37 CEST 2019#hostname:10.214.220.161 #SWAP:Swap: 8.0G 7.0M 8.0G#RAM:Mem: 3.9G 763M 1.8G 33M 1.3G 2.7G#Disk:Filesystem Size Used Avail Use% Mounted on /dev/mapper/sopvpyves--vg-root 39G 7.9G 30G 22% /#Load:loadaverage:0.01,#Network:Iface MTU Met RX-OK RX-ERR RX-DRP RX-OVR TX-OK TX-ERR TX-DRP TX-OVR Flg ens160 1500 0 351791590 0 2 0 352803161 0 0 0 BMRU #iostat:avg-cpu: %user %nice %system %iowait %steal %idle 1.43 0.00 3.91 0.02 0.00 94.64#iooperation:Device: tps kB_read/s kB_wrtn/s kB_read kB_wrtn sda 0.45 2.23 9.22 3169663 13094187 dm-0 0.97 2.19 9.17 3115983 13031356 dm-1 0.00 0.00 0.01 6798 8592#mpstat:12:40:37 PM CPU %usr %nice %sys %iowait %irq %soft %steal %guest %gnice %idle 12:40:37 PM all 1.43 0.00 3.75 0.02 0.00 0.16 0.00 0.00 0.00 94.64 12:40:37 PM 0 1.41 0.00 3.84 0.02 0.00 0.00 0.00 0.00 0.00 94.73 12:40:37 PM 1 1.46 0.01 3.66 0.02 0.00 0.31 0.00 0.00 0.00 94.55#vmstat:procs -----------memory---------- ---swap-- -----io---- -system-- ------cpu----- r b swpd free buff cache si so bi bo in cs us sy id wa st 0 0 7180 1906308 295108 1054900 0 0 1 5 13 15 1 4 95 0 0
#date:Tue Jul 16 12:41:13 CEST 2019#hostname:10.214.220.161 #SWAP:Swap: 8.0G 7.0M 8.0G#RAM:Mem: 3.9G 765M 1.8G 33M 1.3G 2.7G#Disk:Filesystem Size Used Avail Use% Mounted on /dev/mapper/sopvpyves--vg-root 39G 7.9G 30G 22% /#Load:loadaverage:0.00,#Network:Iface MTU Met RX-OK RX-ERR RX-DRP RX-OVR TX-OK TX-ERR TX-DRP TX-OVR Flg ens160 1500 0 351794649 0 2 0 352805923 0 0 0 BMRU #iostat:avg-cpu: %user %nice %system %iowait %steal %idle 1.43 0.00 3.91 0.02 0.00 94.64#iooperation:Device: tps kB_read/s kB_wrtn/s kB_read kB_wrtn sda 0.45 2.23 9.22 3169663 13094711 dm-0 0.97 2.19 9.17 3115983 13031880 dm-1 0.00 0.00 0.01 6798 8592#mpstat:12:41:13 PM CPU %usr %nice %sys %iowait %irq %soft %steal %guest %gnice %idle 12:41:13 PM all 1.43 0.00 3.75 0.02 0.00 0.16 0.00 0.00 0.00 94.64 12:41:13 PM 0 1.41 0.00 3.84 0.02 0.00 0.00 0.00 0.00 0.00 94.73 12:41:13 PM 1 1.46 0.01 3.66 0.02 0.00 0.31 0.00 0.00 0.00 94.55#vmstat:procs -----------memory---------- ---swap-- -----io---- -system-- ------cpu----- r b swpd free buff cache si so bi bo in cs us sy id wa st 0 0 7180 1903660 295108 1055224 0 0 1 5 13 15 1 4 95 0 0
#date:Tue Jul 16 12:41:37 CEST 2019#hostname:10.214.220.161 #SWAP:Swap: 8.0G 7.0M 8.0G#RAM:Mem: 3.9G 766M 1.8G 33M 1.3G 2.7G#Disk:Filesystem Size Used Avail Use% Mounted on /dev/mapper/sopvpyves--vg-root 39G 7.9G 30G 22% /#Load:loadaverage:0.00,#Network:Iface MTU Met RX-OK RX-ERR RX-DRP RX-OVR TX-OK TX-ERR TX-DRP TX-OVR Flg ens160 1500 0 351796848 0 2 0 352807856 0 0 0 BMRU #iostat:avg-cpu: %user %nice %system %iowait %steal %idle 1.43 0.00 3.91 0.02 0.00 94.64#iooperation:Device: tps kB_read/s kB_wrtn/s kB_read kB_wrtn sda 0.45 2.23 9.22 3169663 13095067 dm-0 0.97 2.19 9.17 3115983 13032236 dm-1 0.00 0.00 0.01 6798 8592#mpstat:12:41:37 PM CPU %usr %nice %sys %iowait %irq %soft %steal %guest %gnice %idle 12:41:37 PM all 1.43 0.00 3.75 0.02 0.00 0.16 0.00 0.00 0.00 94.64 12:41:37 PM 0 1.41 0.00 3.84 0.02 0.00 0.00 0.00 0.00 0.00 94.73 12:41:37 PM 1 1.46 0.01 3.66 0.02 0.00 0.31 0.00 0.00 0.00 94.55#vmstat:procs -----------memory---------- ---swap-- -----io---- -system-- ------cpu----- r b swpd free buff cache si so bi bo in cs us sy id wa st 0 0 7180 1903060 295116 1055456 0 0 1 5 13 15 1 4 95 0 0
#date:Tue Jul 16 12:42:13 CEST 2019#hostname:10.214.220.161 #SWAP:Swap: 8.0G 7.0M 8.0G#RAM:Mem: 3.9G 743M 1.8G 33M 1.3G 2.7G#Disk:Filesystem Size Used Avail Use% Mounted on /dev/mapper/sopvpyves--vg-root 39G 7.9G 30G 22% /#Load:loadaverage:0.00,#Network:Iface MTU Met RX-OK RX-ERR RX-DRP RX-OVR TX-OK TX-ERR TX-DRP TX-OVR Flg ens160 1500 0 351799997 0 2 0 352810648 0 0 0 BMRU #iostat:avg-cpu: %user %nice %system %iowait %steal %idle 1.43 0.00 3.91 0.02 0.00 94.64#iooperation:Device: tps kB_read/s kB_wrtn/s kB_read kB_wrtn sda 0.45 2.23 9.22 3169663 13095467 dm-0 0.97 2.19 9.17 3115983 13032636 dm-1 0.00 0.00 0.01 6798 8592#mpstat:12:42:13 PM CPU %usr %nice %sys %iowait %irq %soft %steal %guest %gnice %idle 12:42:13 PM all 1.43 0.00 3.75 0.02 0.00 0.16 0.00 0.00 0.00 94.64 12:42:13 PM 0 1.41 0.00 3.84 0.02 0.00 0.00 0.00 0.00 0.00 94.73 12:42:13 PM 1 1.46 0.01 3.66 0.02 0.00 0.31 0.00 0.00 0.00 94.55#vmstat:procs -----------memory---------- ---swap-- -----io---- -system-- ------cpu----- r b swpd free buff cache si so bi bo in cs us sy id wa st 0 0 7180 1926008 295116 1055704 0 0 1 5 13 15 1 4 95 0 0
#date:Tue Jul 16 12:42:37 CEST 2019#hostname:10.214.220.161 #SWAP:Swap: 8.0G 7.0M 8.0G#RAM:Mem: 3.9G 762M 1.8G 33M 1.3G 2.7G#Disk:Filesystem Size Used Avail Use% Mounted on /dev/mapper/sopvpyves--vg-root 39G 7.9G 30G 22% /#Load:loadaverage:0.00,#Network:Iface MTU Met RX-OK RX-ERR RX-DRP RX-OVR TX-OK TX-ERR TX-DRP TX-OVR Flg ens160 1500 0 351802088 0 2 0 352812529 0 0 0 BMRU #iostat:avg-cpu: %user %nice %system %iowait %steal %idle 1.43 0.00 3.91 0.02 0.00 94.64#iooperation:Device: tps kB_read/s kB_wrtn/s kB_read kB_wrtn sda 0.45 2.23 9.22 3169663 13095755 dm-0 0.97 2.19 9.17 3115983 13032924 dm-1 0.00 0.00 0.01 6798 8592#mpstat:12:42:37 PM CPU %usr %nice %sys %iowait %irq %soft %steal %guest %gnice %idle 12:42:37 PM all 1.43 0.00 3.75 0.02 0.00 0.16 0.00 0.00 0.00 94.64 12:42:37 PM 0 1.41 0.00 3.84 0.02 0.00 0.00 0.00 0.00 0.00 94.73 12:42:37 PM 1 1.46 0.01 3.66 0.02 0.00 0.31 0.00 0.00 0.00 94.55#vmstat:procs -----------memory---------- ---swap-- -----io---- -system-- ------cpu----- r b swpd free buff cache si so bi bo in cs us sy id wa st 0 0 7180 1905972 295116 1055980 0 0 1 5 13 15 1 4 95 0 0
#date:Tue Jul 16 12:43:13 CEST 2019#hostname:10.214.220.161 #SWAP:Swap: 8.0G 7.0M 8.0G#RAM:Mem: 3.9G 765M 1.8G 33M 1.3G 2.7G#Disk:Filesystem Size Used Avail Use% Mounted on /dev/mapper/sopvpyves--vg-root 39G 7.9G 30G 22% /#Load:loadaverage:0.00,#Network:Iface MTU Met RX-OK RX-ERR RX-DRP RX-OVR TX-OK TX-ERR TX-DRP TX-OVR Flg ens160 1500 0 351805221 0 2 0 352815336 0 0 0 BMRU #iostat:avg-cpu: %user %nice %system %iowait %steal %idle 1.43 0.00 3.91 0.02 0.00 94.64#iooperation:Device: tps kB_read/s kB_wrtn/s kB_read kB_wrtn sda 0.45 2.23 9.22 3169663 13096179 dm-0 0.97 2.19 9.17 3115983 13033348 dm-1 0.00 0.00 0.01 6798 8592#mpstat:12:43:13 PM CPU %usr %nice %sys %iowait %irq %soft %steal %guest %gnice %idle 12:43:13 PM all 1.43 0.00 3.75 0.02 0.00 0.16 0.00 0.00 0.00 94.64 12:43:13 PM 0 1.41 0.00 3.84 0.02 0.00 0.00 0.00 0.00 0.00 94.73 12:43:13 PM 1 1.46 0.01 3.66 0.02 0.00 0.31 0.00 0.00 0.00 94.55#vmstat:procs -----------memory---------- ---swap-- -----io---- -system-- ------cpu----- r b swpd free buff cache si so bi bo in cs us sy id wa st 0 0 7180 1903596 295116 1056192 0 0 1 5 13 15 1 4 95 0 0
#date:Tue Jul 16 12:43:37 CEST 2019#hostname:10.214.220.161 #SWAP:Swap: 8.0G 7.0M 8.0G#RAM:Mem: 3.9G 766M 1.8G 33M 1.3G 2.7G#Disk:Filesystem Size Used Avail Use% Mounted on /dev/mapper/sopvpyves--vg-root 39G 7.9G 30G 22% /#Load:loadaverage:0.00,#Network:Iface MTU Met RX-OK RX-ERR RX-DRP RX-OVR TX-OK TX-ERR TX-DRP TX-OVR Flg ens160 1500 0 351807341 0 2 0 352817239 0 0 0 BMRU #iostat:avg-cpu: %user %nice %system %iowait %steal %idle 1.43 0.00 3.91 0.02 0.00 94.64#iooperation:Device: tps kB_read/s kB_wrtn/s kB_read kB_wrtn sda 0.45 2.23 9.22 3169663 13096387 dm-0 0.97 2.19 9.17 3115983 13033556 dm-1 0.00 0.00 0.01 6798 8592#mpstat:12:43:38 PM CPU %usr %nice %sys %iowait %irq %soft %steal %guest %gnice %idle 12:43:38 PM all 1.43 0.00 3.75 0.02 0.00 0.16 0.00 0.00 0.00 94.64 12:43:38 PM 0 1.41 0.00 3.84 0.02 0.00 0.00 0.00 0.00 0.00 94.73 12:43:38 PM 1 1.46 0.01 3.66 0.02 0.00 0.31 0.00 0.00 0.00 94.55#vmstat:procs -----------memory---------- ---swap-- -----io---- -system-- ------cpu----- r b swpd free buff cache si so bi bo in cs us sy id wa st 0 0 7180 1902064 295116 1056392 0 0 1 5 13 15 1 4 95 0 0
#date:Tue Jul 16 12:44:13 CEST 2019#hostname:10.214.220.161 #SWAP:Swap: 8.0G 7.0M 8.0G#RAM:Mem: 3.9G 766M 1.8G 33M 1.3G 2.7G#Disk:Filesystem Size Used Avail Use% Mounted on /dev/mapper/sopvpyves--vg-root 39G 7.9G 30G 22% /#Load:loadaverage:0.00,#Network:Iface MTU Met RX-OK RX-ERR RX-DRP RX-OVR TX-OK TX-ERR TX-DRP TX-OVR Flg ens160 1500 0 351810460 0 2 0 352820067 0 0 0 BMRU #iostat:avg-cpu: %user %nice %system %iowait %steal %idle 1.43 0.00 3.91 0.02 0.00 94.64#iooperation:Device: tps kB_read/s kB_wrtn/s kB_read kB_wrtn sda 0.45 2.23 9.22 3169663 13096795 dm-0 0.97 2.19 9.17 3115983 13033964 dm-1 0.00 0.00 0.01 6798 8592#mpstat:12:44:13 PM CPU %usr %nice %sys %iowait %irq %soft %steal %guest %gnice %idle 12:44:13 PM all 1.43 0.00 3.75 0.02 0.00 0.16 0.00 0.00 0.00 94.64 12:44:13 PM 0 1.41 0.00 3.84 0.02 0.00 0.00 0.00 0.00 0.00 94.73 12:44:13 PM 1 1.46 0.01 3.66 0.02 0.00 0.31 0.00 0.00 0.00 94.55#vmstat:procs -----------memory---------- ---swap-- -----io---- -system-- ------cpu----- r b swpd free buff cache si so bi bo in cs us sy id wa st 0 0 7180 1901288 295116 1056692 0 0 1 5 13 15 1 4 95 0 0
#date:Tue Jul 16 12:44:38 CEST 2019#hostname:10.214.220.161 #SWAP:Swap: 8.0G 7.0M 8.0G#RAM:Mem: 3.9G 734M 1.8G 33M 1.3G 2.8G#Disk:Filesystem Size Used Avail Use% Mounted on /dev/mapper/sopvpyves--vg-root 39G 7.9G 30G 22% /#Load:loadaverage:0.00,#Network:Iface MTU Met RX-OK RX-ERR RX-DRP RX-OVR TX-OK TX-ERR TX-DRP TX-OVR Flg ens160 1500 0 351812567 0 2 0 352821974 0 0 0 BMRU #iostat:avg-cpu: %user %nice %system %iowait %steal %idle 1.43 0.00 3.91 0.02 0.00 94.64#iooperation:Device: tps kB_read/s kB_wrtn/s kB_read kB_wrtn sda 0.45 2.23 9.22 3169663 13097167 dm-0 0.97 2.19 9.17 3115983 13034336 dm-1 0.00 0.00 0.01 6798 8592#mpstat:12:44:38 PM CPU %usr %nice %sys %iowait %irq %soft %steal %guest %gnice %idle 12:44:38 PM all 1.43 0.00 3.75 0.02 0.00 0.16 0.00 0.00 0.00 94.64 12:44:38 PM 0 1.41 0.00 3.84 0.02 0.00 0.00 0.00 0.00 0.00 94.73 12:44:38 PM 1 1.46 0.01 3.66 0.02 0.00 0.31 0.00 0.00 0.00 94.55#vmstat:procs -----------memory---------- ---swap-- -----io---- -system-- ------cpu----- r b swpd free buff cache si so bi bo in cs us sy id wa st 0 0 7180 1933728 295116 1056872 0 0 1 5 13 15 1 4 95 0 0
#date:Tue Jul 16 12:45:14 CEST 2019#hostname:10.214.220.161 #SWAP:Swap: 8.0G 7.0M 8.0G#RAM:Mem: 3.9G 763M 1.8G 33M 1.3G 2.7G#Disk:Filesystem Size Used Avail Use% Mounted on /dev/mapper/sopvpyves--vg-root 39G 7.9G 30G 22% /#Load:loadaverage:0.00,#Network:Iface MTU Met RX-OK RX-ERR RX-DRP RX-OVR TX-OK TX-ERR TX-DRP TX-OVR Flg ens160 1500 0 351815715 0 2 0 352824800 0 0 0 BMRU #iostat:avg-cpu: %user %nice %system %iowait %steal %idle 1.43 0.00 3.91 0.02 0.00 94.64#iooperation:Device: tps kB_read/s kB_wrtn/s kB_read kB_wrtn sda 0.45 2.23 9.22 3169663 13097627 dm-0 0.97 2.19 9.17 3115983 13034796 dm-1 0.00 0.00 0.01 6798 8592#mpstat:12:45:14 PM CPU %usr %nice %sys %iowait %irq %soft %steal %guest %gnice %idle 12:45:14 PM all 1.43 0.00 3.75 0.02 0.00 0.16 0.00 0.00 0.00 94.64 12:45:14 PM 0 1.41 0.00 3.84 0.02 0.00 0.00 0.00 0.00 0.00 94.73 12:45:14 PM 1 1.46 0.01 3.66 0.02 0.00 0.31 0.00 0.00 0.00 94.55#vmstat:procs -----------memory---------- ---swap-- -----io---- -system-- ------cpu----- r b swpd free buff cache si so bi bo in cs us sy id wa st 0 0 7180 1904704 295124 1057140 0 0 1 5 13 15 1 4 95 0 0
#date:Tue Jul 16 12:45:38 CEST 2019#hostname:10.214.220.161 #SWAP:Swap: 8.0G 7.0M 8.0G#RAM:Mem: 3.9G 747M 1.8G 33M 1.3G 2.7G#Disk:Filesystem Size Used Avail Use% Mounted on /dev/mapper/sopvpyves--vg-root 39G 7.9G 30G 22% /#Load:loadaverage:0.00,#Network:Iface MTU Met RX-OK RX-ERR RX-DRP RX-OVR TX-OK TX-ERR TX-DRP TX-OVR Flg ens160 1500 0 351817824 0 2 0 352826712 0 0 0 BMRU #iostat:avg-cpu: %user %nice %system %iowait %steal %idle 1.43 0.00 3.91 0.02 0.00 94.64#iooperation:Device: tps kB_read/s kB_wrtn/s kB_read kB_wrtn sda 0.45 2.23 9.22 3169663 13097983 dm-0 0.97 2.19 9.17 3115983 13035152 dm-1 0.00 0.00 0.01 6798 8592#mpstat:12:45:38 PM CPU %usr %nice %sys %iowait %irq %soft %steal %guest %gnice %idle 12:45:38 PM all 1.43 0.00 3.75 0.02 0.00 0.16 0.00 0.00 0.00 94.64 12:45:38 PM 0 1.41 0.00 3.84 0.02 0.00 0.00 0.00 0.00 0.00 94.73 12:45:38 PM 1 1.46 0.01 3.66 0.02 0.00 0.31 0.00 0.00 0.00 94.55#vmstat:procs -----------memory---------- ---swap-- -----io---- -system-- ------cpu----- r b swpd free buff cache si so bi bo in cs us sy id wa st 0 0 7180 1919768 295124 1057284 0 0 1 5 13 15 1 4 95 0 0
#date:Tue Jul 16 12:46:14 CEST 2019#hostname:10.214.220.161 #SWAP:Swap: 8.0G 7.0M 8.0G#RAM:Mem: 3.9G 765M 1.8G 33M 1.3G 2.7G#Disk:Filesystem Size Used Avail Use% Mounted on /dev/mapper/sopvpyves--vg-root 39G 7.9G 30G 22% /#Load:loadaverage:0.00,#Network:Iface MTU Met RX-OK RX-ERR RX-DRP RX-OVR TX-OK TX-ERR TX-DRP TX-OVR Flg ens160 1500 0 351821010 0 2 0 352829592 0 0 0 BMRU #iostat:avg-cpu: %user %nice %system %iowait %steal %idle 1.43 0.00 3.91 0.02 0.00 94.64#iooperation:Device: tps kB_read/s kB_wrtn/s kB_read kB_wrtn sda 0.45 2.23 9.22 3169663 13098495 dm-0 0.97 2.19 9.17 3115983 13035664 dm-1 0.00 0.00 0.01 6798 8592#mpstat:12:46:14 PM CPU %usr %nice %sys %iowait %irq %soft %steal %guest %gnice %idle 12:46:14 PM all 1.43 0.00 3.75 0.02 0.00 0.16 0.00 0.00 0.00 94.64 12:46:14 PM 0 1.41 0.00 3.84 0.02 0.00 0.00 0.00 0.00 0.00 94.73 12:46:14 PM 1 1.46 0.01 3.66 0.02 0.00 0.31 0.00 0.00 0.00 94.55#vmstat:procs -----------memory---------- ---swap-- -----io---- -system-- ------cpu----- r b swpd free buff cache si so bi bo in cs us sy id wa st 0 0 7180 1901684 295124 1057596 0 0 1 5 13 15 1 4 95 0 0
#date:Tue Jul 16 12:46:38 CEST 2019#hostname:10.214.220.161 #SWAP:Swap: 8.0G 7.0M 8.0G#RAM:Mem: 3.9G 765M 1.8G 33M 1.3G 2.7G#Disk:Filesystem Size Used Avail Use% Mounted on /dev/mapper/sopvpyves--vg-root 39G 7.9G 30G 22% /#Load:loadaverage:0.00,#Network:Iface MTU Met RX-OK RX-ERR RX-DRP RX-OVR TX-OK TX-ERR TX-DRP TX-OVR Flg ens160 1500 0 351823277 0 2 0 352831569 0 0 0 BMRU #iostat:avg-cpu: %user %nice %system %iowait %steal %idle 1.43 0.00 3.91 0.02 0.00 94.64#iooperation:Device: tps kB_read/s kB_wrtn/s kB_read kB_wrtn sda 0.45 2.23 9.22 3169663 13098867 dm-0 0.97 2.19 9.17 3115983 13036036 dm-1 0.00 0.00 0.01 6798 8592#mpstat:12:46:38 PM CPU %usr %nice %sys %iowait %irq %soft %steal %guest %gnice %idle 12:46:38 PM all 1.43 0.00 3.75 0.02 0.00 0.16 0.00 0.00 0.00 94.64 12:46:38 PM 0 1.41 0.00 3.84 0.02 0.00 0.00 0.00 0.00 0.00 94.73 12:46:38 PM 1 1.46 0.01 3.66 0.02 0.00 0.31 0.00 0.00 0.00 94.55#vmstat:procs -----------memory---------- ---swap-- -----io---- -system-- ------cpu----- r b swpd free buff cache si so bi bo in cs us sy id wa st 0 0 7180 1901408 295124 1057876 0 0 1 5 13 15 1 4 95 0 0
#date:Tue Jul 16 12:47:14 CEST 2019#hostname:10.214.220.161 #SWAP:Swap: 8.0G 7.0M 8.0G#RAM:Mem: 3.9G 766M 1.8G 33M 1.3G 2.7G#Disk:Filesystem Size Used Avail Use% Mounted on /dev/mapper/sopvpyves--vg-root 39G 7.9G 30G 22% /#Load:loadaverage:0.00,#Network:Iface MTU Met RX-OK RX-ERR RX-DRP RX-OVR TX-OK TX-ERR TX-DRP TX-OVR Flg ens160 1500 0 351826476 0 2 0 352834436 0 0 0 BMRU #iostat:avg-cpu: %user %nice %system %iowait %steal %idle 1.43 0.00 3.91 0.02 0.00 94.64#iooperation:Device: tps kB_read/s kB_wrtn/s kB_read kB_wrtn sda 0.45 2.23 9.22 3169663 13099387 dm-0 0.97 2.19 9.17 3115983 13036556 dm-1 0.00 0.00 0.01 6798 8592#mpstat:12:47:14 PM CPU %usr %nice %sys %iowait %irq %soft %steal %guest %gnice %idle 12:47:14 PM all 1.43 0.00 3.75 0.02 0.00 0.16 0.00 0.00 0.00 94.64 12:47:14 PM 0 1.41 0.00 3.84 0.02 0.00 0.00 0.00 0.00 0.00 94.73 12:47:14 PM 1 1.46 0.01 3.66 0.02 0.00 0.31 0.00 0.00 0.00 94.55#vmstat:procs -----------memory---------- ---swap-- -----io---- -system-- ------cpu----- r b swpd free buff cache si so bi bo in cs us sy id wa st 1 0 7180 1899708 295124 1058104 0 0 1 5 13 15 1 4 95 0 0
#date:Tue Jul 16 12:47:38 CEST 2019#hostname:10.214.220.161 #SWAP:Swap: 8.0G 7.0M 8.0G#RAM:Mem: 3.9G 767M 1.8G 33M 1.3G 2.7G#Disk:Filesystem Size Used Avail Use% Mounted on /dev/mapper/sopvpyves--vg-root 39G 7.9G 30G 22% /#Load:loadaverage:0.00,#Network:Iface MTU Met RX-OK RX-ERR RX-DRP RX-OVR TX-OK TX-ERR TX-DRP TX-OVR Flg ens160 1500 0 351828628 0 2 0 352836370 0 0 0 BMRU #iostat:avg-cpu: %user %nice %system %iowait %steal %idle 1.43 0.00 3.90 0.02 0.00 94.64#iooperation:Device: tps kB_read/s kB_wrtn/s kB_read kB_wrtn sda 0.45 2.23 9.22 3169663 13099487 dm-0 0.97 2.19 9.17 3115983 13036656 dm-1 0.00 0.00 0.01 6798 8592#mpstat:12:47:38 PM CPU %usr %nice %sys %iowait %irq %soft %steal %guest %gnice %idle 12:47:38 PM all 1.43 0.00 3.75 0.02 0.00 0.16 0.00 0.00 0.00 94.64 12:47:38 PM 0 1.41 0.00 3.84 0.02 0.00 0.00 0.00 0.00 0.00 94.73 12:47:38 PM 1 1.46 0.01 3.66 0.02 0.00 0.31 0.00 0.00 0.00 94.55#vmstat:procs -----------memory---------- ---swap-- -----io---- -system-- ------cpu----- r b swpd free buff cache si so bi bo in cs us sy id wa st 0 0 7180 1898660 295124 1058264 0 0 1 5 13 15 1 4 95 0 0
#date:Tue Jul 16 12:48:14 CEST 2019#hostname:10.214.220.161 #SWAP:Swap: 8.0G 7.0M 8.0G#RAM:Mem: 3.9G 770M 1.8G 33M 1.3G 2.7G#Disk:Filesystem Size Used Avail Use% Mounted on /dev/mapper/sopvpyves--vg-root 39G 7.9G 30G 22% /#Load:loadaverage:0.06,#Network:Iface MTU Met RX-OK RX-ERR RX-DRP RX-OVR TX-OK TX-ERR TX-DRP TX-OVR Flg ens160 1500 0 351831823 0 2 0 352839272 0 0 0 BMRU #iostat:avg-cpu: %user %nice %system %iowait %steal %idle 1.43 0.00 3.90 0.02 0.00 94.64#iooperation:Device: tps kB_read/s kB_wrtn/s kB_read kB_wrtn sda 0.45 2.23 9.22 3169663 13100091 dm-0 0.97 2.19 9.17 3115983 13037260 dm-1 0.00 0.00 0.01 6798 8592#mpstat:12:48:14 PM CPU %usr %nice %sys %iowait %irq %soft %steal %guest %gnice %idle 12:48:14 PM all 1.43 0.00 3.75 0.02 0.00 0.16 0.00 0.00 0.00 94.64 12:48:14 PM 0 1.41 0.00 3.84 0.02 0.00 0.00 0.00 0.00 0.00 94.73 12:48:14 PM 1 1.46 0.01 3.66 0.02 0.00 0.31 0.00 0.00 0.00 94.55#vmstat:procs -----------memory---------- ---swap-- -----io---- -system-- ------cpu----- r b swpd free buff cache si so bi bo in cs us sy id wa st 0 0 7180 1895480 295124 1058492 0 0 1 5 13 15 1 4 95 0 0
#date:Tue Jul 16 12:48:38 CEST 2019#hostname:10.214.220.161 #SWAP:Swap: 8.0G 7.0M 8.0G#RAM:Mem: 3.9G 770M 1.8G 33M 1.3G 2.7G#Disk:Filesystem Size Used Avail Use% Mounted on /dev/mapper/sopvpyves--vg-root 39G 7.9G 30G 22% /#Load:loadaverage:0.04,#Network:Iface MTU Met RX-OK RX-ERR RX-DRP RX-OVR TX-OK TX-ERR TX-DRP TX-OVR Flg ens160 1500 0 351833976 0 2 0 352841201 0 0 0 BMRU #iostat:avg-cpu: %user %nice %system %iowait %steal %idle 1.43 0.00 3.90 0.02 0.00 94.64#iooperation:Device: tps kB_read/s kB_wrtn/s kB_read kB_wrtn sda 0.45 2.23 9.22 3169663 13100287 dm-0 0.97 2.19 9.17 3115983 13037456 dm-1 0.00 0.00 0.01 6798 8592#mpstat:12:48:39 PM CPU %usr %nice %sys %iowait %irq %soft %steal %guest %gnice %idle 12:48:39 PM all 1.43 0.00 3.75 0.02 0.00 0.16 0.00 0.00 0.00 94.64 12:48:39 PM 0 1.41 0.00 3.84 0.02 0.00 0.00 0.00 0.00 0.00 94.73 12:48:39 PM 1 1.46 0.01 3.66 0.02 0.00 0.31 0.00 0.00 0.00 94.55#vmstat:procs -----------memory---------- ---swap-- -----io---- -system-- ------cpu----- r b swpd free buff cache si so bi bo in cs us sy id wa st 0 0 7180 1895084 295124 1058608 0 0 1 5 14 15 1 4 95 0 0
#date:Tue Jul 16 12:49:14 CEST 2019#hostname:10.214.220.161 #SWAP:Swap: 8.0G 7.0M 8.0G#RAM:Mem: 3.9G 771M 1.8G 33M 1.3G 2.7G#Disk:Filesystem Size Used Avail Use% Mounted on /dev/mapper/sopvpyves--vg-root 39G 7.9G 30G 22% /#Load:loadaverage:0.02,#Network:Iface MTU Met RX-OK RX-ERR RX-DRP RX-OVR TX-OK TX-ERR TX-DRP TX-OVR Flg ens160 1500 0 351837190 0 2 0 352844128 0 0 0 BMRU #iostat:avg-cpu: %user %nice %system %iowait %steal %idle 1.43 0.00 3.90 0.02 0.00 94.64#iooperation:Device: tps kB_read/s kB_wrtn/s kB_read kB_wrtn sda 0.45 2.23 9.22 3169663 13100719 dm-0 0.97 2.19 9.17 3115983 13037888 dm-1 0.00 0.00 0.01 6798 8592#mpstat:12:49:14 PM CPU %usr %nice %sys %iowait %irq %soft %steal %guest %gnice %idle 12:49:14 PM all 1.43 0.00 3.75 0.02 0.00 0.16 0.00 0.00 0.00 94.64 12:49:14 PM 0 1.41 0.00 3.84 0.02 0.00 0.00 0.00 0.00 0.00 94.73 12:49:14 PM 1 1.46 0.01 3.66 0.02 0.00 0.31 0.00 0.00 0.00 94.55#vmstat:procs -----------memory---------- ---swap-- -----io---- -system-- ------cpu----- r b swpd free buff cache si so bi bo in cs us sy id wa st 0 0 7180 1895176 295124 1059068 0 0 1 5 14 15 1 4 95 0 0
#date:Tue Jul 16 12:49:39 CEST 2019#hostname:10.214.220.161 #SWAP:Swap: 8.0G 7.0M 8.0G#RAM:Mem: 3.9G 772M 1.8G 33M 1.3G 2.7G#Disk:Filesystem Size Used Avail Use% Mounted on /dev/mapper/sopvpyves--vg-root 39G 7.9G 30G 22% /#Load:loadaverage:0.01,#Network:Iface MTU Met RX-OK RX-ERR RX-DRP RX-OVR TX-OK TX-ERR TX-DRP TX-OVR Flg ens160 1500 0 351839371 0 2 0 352846080 0 0 0 BMRU #iostat:avg-cpu: %user %nice %system %iowait %steal %idle 1.43 0.00 3.90 0.02 0.00 94.64#iooperation:Device: tps kB_read/s kB_wrtn/s kB_read kB_wrtn sda 0.45 2.23 9.22 3169663 13101055 dm-0 0.97 2.19 9.17 3115983 13038224 dm-1 0.00 0.00 0.01 6798 8592#mpstat:12:49:39 PM CPU %usr %nice %sys %iowait %irq %soft %steal %guest %gnice %idle 12:49:39 PM all 1.43 0.00 3.75 0.02 0.00 0.16 0.00 0.00 0.00 94.64 12:49:39 PM 0 1.41 0.00 3.84 0.02 0.00 0.00 0.00 0.00 0.00 94.73 12:49:39 PM 1 1.46 0.01 3.66 0.02 0.00 0.31 0.00 0.00 0.00 94.55#vmstat:procs -----------memory---------- ---swap-- -----io---- -system-- ------cpu----- r b swpd free buff cache si so bi bo in cs us sy id wa st 0 0 7180 1893292 295124 1059140 0 0 1 5 14 15 1 4 95 0 0
#date:Tue Jul 16 12:50:14 CEST 2019#hostname:10.214.220.161 #SWAP:Swap: 8.0G 7.0M 8.0G#RAM:Mem: 3.9G 772M 1.8G 33M 1.3G 2.7G#Disk:Filesystem Size Used Avail Use% Mounted on /dev/mapper/sopvpyves--vg-root 39G 7.9G 30G 22% /#Load:loadaverage:0.01,#Network:Iface MTU Met RX-OK RX-ERR RX-DRP RX-OVR TX-OK TX-ERR TX-DRP TX-OVR Flg ens160 1500 0 351842600 0 2 0 352848991 0 0 0 BMRU #iostat:avg-cpu: %user %nice %system %iowait %steal %idle 1.43 0.00 3.90 0.02 0.00 94.64#iooperation:Device: tps kB_read/s kB_wrtn/s kB_read kB_wrtn sda 0.45 2.23 9.22 3169663 13101543 dm-0 0.97 2.19 9.17 3115983 13038712 dm-1 0.00 0.00 0.01 6798 8592#mpstat:12:50:15 PM CPU %usr %nice %sys %iowait %irq %soft %steal %guest %gnice %idle 12:50:15 PM all 1.43 0.00 3.75 0.02 0.00 0.16 0.00 0.00 0.00 94.64 12:50:15 PM 0 1.41 0.00 3.84 0.02 0.00 0.00 0.00 0.00 0.00 94.73 12:50:15 PM 1 1.46 0.01 3.66 0.02 0.00 0.31 0.00 0.00 0.00 94.55#vmstat:procs -----------memory---------- ---swap-- -----io---- -system-- ------cpu----- r b swpd free buff cache si so bi bo in cs us sy id wa st 0 0 7180 1892508 295128 1059456 0 0 1 5 14 15 1 4 95 0 0
#date:Tue Jul 16 12:50:39 CEST 2019#hostname:10.214.220.161 #SWAP:Swap: 8.0G 7.0M 8.0G#RAM:Mem: 3.9G 773M 1.8G 33M 1.3G 2.7G#Disk:Filesystem Size Used Avail Use% Mounted on /dev/mapper/sopvpyves--vg-root 39G 7.9G 30G 22% /#Load:loadaverage:0.00,#Network:Iface MTU Met RX-OK RX-ERR RX-DRP RX-OVR TX-OK TX-ERR TX-DRP TX-OVR Flg ens160 1500 0 351844764 0 2 0 352850969 0 0 0 BMRU #iostat:avg-cpu: %user %nice %system %iowait %steal %idle 1.43 0.00 3.90 0.02 0.00 94.64#iooperation:Device: tps kB_read/s kB_wrtn/s kB_read kB_wrtn sda 0.45 2.23 9.22 3169663 13101883 dm-0 0.97 2.19 9.17 3115983 13039052 dm-1 0.00 0.00 0.01 6798 8592#mpstat:12:50:39 PM CPU %usr %nice %sys %iowait %irq %soft %steal %guest %gnice %idle 12:50:39 PM all 1.43 0.00 3.75 0.02 0.00 0.16 0.00 0.00 0.00 94.64 12:50:39 PM 0 1.41 0.00 3.84 0.02 0.00 0.00 0.00 0.00 0.00 94.73 12:50:39 PM 1 1.46 0.01 3.66 0.02 0.00 0.31 0.00 0.00 0.00 94.55#vmstat:procs -----------memory---------- ---swap-- -----io---- -system-- ------cpu----- r b swpd free buff cache si so bi bo in cs us sy id wa st 0 0 7180 1891896 295128 1059524 0 0 1 5 14 15 1 4 95 0 0
#date:Tue Jul 16 12:51:15 CEST 2019#hostname:10.214.220.161 #SWAP:Swap: 8.0G 7.0M 8.0G#RAM:Mem: 3.9G 771M 1.8G 33M 1.3G 2.7G#Disk:Filesystem Size Used Avail Use% Mounted on /dev/mapper/sopvpyves--vg-root 39G 7.9G 30G 22% /#Load:loadaverage:0.00,#Network:Iface MTU Met RX-OK RX-ERR RX-DRP RX-OVR TX-OK TX-ERR TX-DRP TX-OVR Flg ens160 1500 0 351848015 0 2 0 352853930 0 0 0 BMRU #iostat:avg-cpu: %user %nice %system %iowait %steal %idle 1.43 0.00 3.90 0.02 0.00 94.64#iooperation:Device: tps kB_read/s kB_wrtn/s kB_read kB_wrtn sda 0.45 2.23 9.22 3169663 13102307 dm-0 0.97 2.19 9.17 3115983 13039476 dm-1 0.00 0.00 0.01 6798 8592#mpstat:12:51:15 PM CPU %usr %nice %sys %iowait %irq %soft %steal %guest %gnice %idle 12:51:15 PM all 1.43 0.00 3.75 0.02 0.00 0.16 0.00 0.00 0.00 94.64 12:51:15 PM 0 1.41 0.00 3.84 0.02 0.00 0.00 0.00 0.00 0.00 94.73 12:51:15 PM 1 1.46 0.01 3.66 0.02 0.00 0.31 0.00 0.00 0.00 94.55#vmstat:procs -----------memory---------- ---swap-- -----io---- -system-- ------cpu----- r b swpd free buff cache si so bi bo in cs us sy id wa st 0 0 7180 1893816 295128 1059936 0 0 1 5 14 15 1 4 95 0 0
#date:Tue Jul 16 12:51:39 CEST 2019#hostname:10.214.220.161 #SWAP:Swap: 8.0G 7.0M 8.0G#RAM:Mem: 3.9G 772M 1.8G 33M 1.3G 2.7G#Disk:Filesystem Size Used Avail Use% Mounted on /dev/mapper/sopvpyves--vg-root 39G 7.9G 30G 22% /#Load:loadaverage:0.00,#Network:Iface MTU Met RX-OK RX-ERR RX-DRP RX-OVR TX-OK TX-ERR TX-DRP TX-OVR Flg ens160 1500 0 351850222 0 2 0 352855899 0 0 0 BMRU #iostat:avg-cpu: %user %nice %system %iowait %steal %idle 1.43 0.00 3.90 0.02 0.00 94.64#iooperation:Device: tps kB_read/s kB_wrtn/s kB_read kB_wrtn sda 0.45 2.23 9.22 3169663 13102643 dm-0 0.97 2.19 9.17 3115983 13039812 dm-1 0.00 0.00 0.01 6798 8592#mpstat:12:51:39 PM CPU %usr %nice %sys %iowait %irq %soft %steal %guest %gnice %idle 12:51:39 PM all 1.43 0.00 3.75 0.02 0.00 0.16 0.00 0.00 0.00 94.64 12:51:39 PM 0 1.41 0.00 3.84 0.02 0.00 0.00 0.00 0.00 0.00 94.73 12:51:39 PM 1 1.46 0.01 3.66 0.02 0.00 0.31 0.00 0.00 0.00 94.55#vmstat:procs -----------memory---------- ---swap-- -----io---- -system-- ------cpu----- r b swpd free buff cache si so bi bo in cs us sy id wa st 0 0 7180 1893580 295128 1060072 0 0 1 5 14 15 1 4 95 0 0
#date:Tue Jul 16 12:52:15 CEST 2019#hostname:10.214.220.161 #SWAP:Swap: 8.0G 7.0M 8.0G#RAM:Mem: 3.9G 772M 1.8G 33M 1.3G 2.7G#Disk:Filesystem Size Used Avail Use% Mounted on /dev/mapper/sopvpyves--vg-root 39G 7.9G 30G 22% /#Load:loadaverage:0.00,#Network:Iface MTU Met RX-OK RX-ERR RX-DRP RX-OVR TX-OK TX-ERR TX-DRP TX-OVR Flg ens160 1500 0 351853441 0 2 0 352858844 0 0 0 BMRU #iostat:avg-cpu: %user %nice %system %iowait %steal %idle 1.43 0.00 3.90 0.02 0.00 94.64#iooperation:Device: tps kB_read/s kB_wrtn/s kB_read kB_wrtn sda 0.45 2.23 9.22 3169663 13103143 dm-0 0.97 2.19 9.17 3115983 13040312 dm-1 0.00 0.00 0.01 6798 8592#mpstat:12:52:15 PM CPU %usr %nice %sys %iowait %irq %soft %steal %guest %gnice %idle 12:52:15 PM all 1.43 0.00 3.75 0.02 0.00 0.16 0.00 0.00 0.00 94.64 12:52:15 PM 0 1.41 0.00 3.84 0.02 0.00 0.00 0.00 0.00 0.00 94.73 12:52:15 PM 1 1.46 0.01 3.66 0.02 0.00 0.31 0.00 0.00 0.00 94.55#vmstat:procs -----------memory---------- ---swap-- -----io---- -system-- ------cpu----- r b swpd free buff cache si so bi bo in cs us sy id wa st 0 0 7180 1890840 295128 1060364 0 0 1 5 14 15 1 4 95 0 0
#date:Tue Jul 16 12:52:39 CEST 2019#hostname:10.214.220.161 #SWAP:Swap: 8.0G 7.0M 8.0G#RAM:Mem: 3.9G 773M 1.8G 33M 1.3G 2.7G#Disk:Filesystem Size Used Avail Use% Mounted on /dev/mapper/sopvpyves--vg-root 39G 7.9G 30G 22% /#Load:loadaverage:0.00,#Network:Iface MTU Met RX-OK RX-ERR RX-DRP RX-OVR TX-OK TX-ERR TX-DRP TX-OVR Flg ens160 1500 0 351855652 0 2 0 352860874 0 0 0 BMRU #iostat:avg-cpu: %user %nice %system %iowait %steal %idle 1.43 0.00 3.90 0.02 0.00 94.64#iooperation:Device: tps kB_read/s kB_wrtn/s kB_read kB_wrtn sda 0.45 2.23 9.22 3169663 13103487 dm-0 0.97 2.19 9.17 3115983 13040656 dm-1 0.00 0.00 0.01 6798 8592#mpstat:12:52:39 PM CPU %usr %nice %sys %iowait %irq %soft %steal %guest %gnice %idle 12:52:39 PM all 1.43 0.00 3.75 0.02 0.00 0.16 0.00 0.00 0.00 94.64 12:52:39 PM 0 1.41 0.00 3.84 0.02 0.00 0.00 0.00 0.00 0.00 94.73 12:52:39 PM 1 1.46 0.01 3.66 0.02 0.00 0.31 0.00 0.00 0.00 94.55#vmstat:procs -----------memory---------- ---swap-- -----io---- -system-- ------cpu----- r b swpd free buff cache si so bi bo in cs us sy id wa st 0 0 7180 1890496 295128 1060580 0 0 1 5 14 15 1 4 95 0 0
#date:Tue Jul 16 12:53:15 CEST 2019#hostname:10.214.220.161 #SWAP:Swap: 8.0G 7.0M 8.0G#RAM:Mem: 3.9G 772M 1.8G 33M 1.3G 2.7G#Disk:Filesystem Size Used Avail Use% Mounted on /dev/mapper/sopvpyves--vg-root 39G 7.9G 30G 22% /#Load:loadaverage:0.00,#Network:Iface MTU Met RX-OK RX-ERR RX-DRP RX-OVR TX-OK TX-ERR TX-DRP TX-OVR Flg ens160 1500 0 351858886 0 2 0 352863862 0 0 0 BMRU #iostat:avg-cpu: %user %nice %system %iowait %steal %idle 1.43 0.00 3.90 0.02 0.00 94.64#iooperation:Device: tps kB_read/s kB_wrtn/s kB_read kB_wrtn sda 0.45 2.23 9.22 3169663 13103871 dm-0 0.97 2.19 9.17 3115983 13041040 dm-1 0.00 0.00 0.01 6798 8592#mpstat:12:53:15 PM CPU %usr %nice %sys %iowait %irq %soft %steal %guest %gnice %idle 12:53:15 PM all 1.43 0.00 3.75 0.02 0.00 0.16 0.00 0.00 0.00 94.64 12:53:15 PM 0 1.41 0.00 3.84 0.02 0.00 0.00 0.00 0.00 0.00 94.73 12:53:15 PM 1 1.46 0.01 3.66 0.02 0.00 0.31 0.00 0.00 0.00 94.55#vmstat:procs -----------memory---------- ---swap-- -----io---- -system-- ------cpu----- r b swpd free buff cache si so bi bo in cs us sy id wa st 0 0 7180 1891208 295128 1060960 0 0 1 5 14 15 1 4 95 0 0
#date:Tue Jul 16 12:53:39 CEST 2019#hostname:10.214.220.161 #SWAP:Swap: 8.0G 7.0M 8.0G#RAM:Mem: 3.9G 736M 1.8G 33M 1.3G 2.8G#Disk:Filesystem Size Used Avail Use% Mounted on /dev/mapper/sopvpyves--vg-root 39G 7.9G 30G 22% /#Load:loadaverage:0.00,#Network:Iface MTU Met RX-OK RX-ERR RX-DRP RX-OVR TX-OK TX-ERR TX-DRP TX-OVR Flg ens160 1500 0 351861067 0 2 0 352865847 0 0 0 BMRU #iostat:avg-cpu: %user %nice %system %iowait %steal %idle 1.43 0.00 3.90 0.02 0.00 94.64#iooperation:Device: tps kB_read/s kB_wrtn/s kB_read kB_wrtn sda 0.45 2.23 9.22 3169663 13104227 dm-0 0.97 2.19 9.17 3115983 13041396 dm-1 0.00 0.00 0.01 6798 8592#mpstat:12:53:39 PM CPU %usr %nice %sys %iowait %irq %soft %steal %guest %gnice %idle 12:53:39 PM all 1.43 0.00 3.75 0.02 0.00 0.16 0.00 0.00 0.00 94.64 12:53:39 PM 0 1.41 0.00 3.84 0.02 0.00 0.00 0.00 0.00 0.00 94.73 12:53:39 PM 1 1.46 0.01 3.65 0.02 0.00 0.31 0.00 0.00 0.00 94.55#vmstat:procs -----------memory---------- ---swap-- -----io---- -system-- ------cpu----- r b swpd free buff cache si so bi bo in cs us sy id wa st 0 0 7180 1927772 295128 1061008 0 0 1 5 14 15 1 4 95 0 0
#date:Tue Jul 16 12:54:15 CEST 2019#hostname:10.214.220.161 #SWAP:Swap: 8.0G 7.0M 8.0G#RAM:Mem: 3.9G 765M 1.8G 33M 1.3G 2.7G#Disk:Filesystem Size Used Avail Use% Mounted on /dev/mapper/sopvpyves--vg-root 39G 7.9G 30G 22% /#Load:loadaverage:0.00,#Network:Iface MTU Met RX-OK RX-ERR RX-DRP RX-OVR TX-OK TX-ERR TX-DRP TX-OVR Flg ens160 1500 0 351864330 0 2 0 352868841 0 0 0 BMRU #iostat:avg-cpu: %user %nice %system %iowait %steal %idle 1.43 0.00 3.90 0.02 0.00 94.64#iooperation:Device: tps kB_read/s kB_wrtn/s kB_read kB_wrtn sda 0.45 2.23 9.22 3169663 13104647 dm-0 0.97 2.19 9.17 3115983 13041816 dm-1 0.00 0.00 0.01 6798 8592#mpstat:12:54:15 PM CPU %usr %nice %sys %iowait %irq %soft %steal %guest %gnice %idle 12:54:15 PM all 1.43 0.00 3.75 0.02 0.00 0.16 0.00 0.00 0.00 94.64 12:54:15 PM 0 1.41 0.00 3.84 0.02 0.00 0.00 0.00 0.00 0.00 94.73 12:54:15 PM 1 1.46 0.01 3.65 0.02 0.00 0.31 0.00 0.00 0.00 94.55#vmstat:procs -----------memory---------- ---swap-- -----io---- -system-- ------cpu----- r b swpd free buff cache si so bi bo in cs us sy id wa st 0 0 7180 1897848 295128 1061308 0 0 1 5 14 15 1 4 95 0 0
#date:Tue Jul 16 12:54:39 CEST 2019#hostname:10.214.220.161 #SWAP:Swap: 8.0G 7.0M 8.0G#RAM:Mem: 3.9G 766M 1.8G 33M 1.3G 2.7G#Disk:Filesystem Size Used Avail Use% Mounted on /dev/mapper/sopvpyves--vg-root 39G 7.9G 30G 22% /#Load:loadaverage:0.00,#Network:Iface MTU Met RX-OK RX-ERR RX-DRP RX-OVR TX-OK TX-ERR TX-DRP TX-OVR Flg ens160 1500 0 351866546 0 2 0 352870833 0 0 0 BMRU #iostat:avg-cpu: %user %nice %system %iowait %steal %idle 1.43 0.00 3.90 0.02 0.00 94.64#iooperation:Device: tps kB_read/s kB_wrtn/s kB_read kB_wrtn sda 0.45 2.23 9.22 3169663 13105031 dm-0 0.97 2.19 9.17 3115983 13042200 dm-1 0.00 0.00 0.01 6798 8592#mpstat:12:54:40 PM CPU %usr %nice %sys %iowait %irq %soft %steal %guest %gnice %idle 12:54:40 PM all 1.43 0.00 3.75 0.02 0.00 0.16 0.00 0.00 0.00 94.64 12:54:40 PM 0 1.41 0.00 3.84 0.02 0.00 0.00 0.00 0.00 0.00 94.73 12:54:40 PM 1 1.46 0.01 3.65 0.02 0.00 0.31 0.00 0.00 0.00 94.55#vmstat:procs -----------memory---------- ---swap-- -----io---- -system-- ------cpu----- r b swpd free buff cache si so bi bo in cs us sy id wa st 0 0 7180 1896868 295132 1061472 0 0 1 5 14 15 1 4 95 0 0
#date:Tue Jul 16 12:55:15 CEST 2019#hostname:10.214.220.161 #SWAP:Swap: 8.0G 7.0M 8.0G#RAM:Mem: 3.9G 768M 1.8G 33M 1.3G 2.7G#Disk:Filesystem Size Used Avail Use% Mounted on /dev/mapper/sopvpyves--vg-root 39G 7.9G 30G 22% /#Load:loadaverage:0.00,#Network:Iface MTU Met RX-OK RX-ERR RX-DRP RX-OVR TX-OK TX-ERR TX-DRP TX-OVR Flg ens160 1500 0 351869867 0 2 0 352873832 0 0 0 BMRU #iostat:avg-cpu: %user %nice %system %iowait %steal %idle 1.43 0.00 3.90 0.02 0.00 94.64#iooperation:Device: tps kB_read/s kB_wrtn/s kB_read kB_wrtn sda 0.45 2.23 9.22 3169663 13105451 dm-0 0.97 2.19 9.17 3115983 13042620 dm-1 0.00 0.00 0.01 6798 8592#mpstat:12:55:16 PM CPU %usr %nice %sys %iowait %irq %soft %steal %guest %gnice %idle 12:55:16 PM all 1.43 0.00 3.75 0.02 0.00 0.16 0.00 0.00 0.00 94.64 12:55:16 PM 0 1.41 0.00 3.84 0.02 0.00 0.00 0.00 0.00 0.00 94.73 12:55:16 PM 1 1.46 0.01 3.65 0.02 0.00 0.31 0.00 0.00 0.00 94.55#vmstat:procs -----------memory---------- ---swap-- -----io---- -system-- ------cpu----- r b swpd free buff cache si so bi bo in cs us sy id wa st 0 0 7180 1894960 295132 1061808 0 0 1 5 14 15 1 4 95 0 0
#date:Tue Jul 16 12:55:40 CEST 2019#hostname:10.214.220.161 #SWAP:Swap: 8.0G 7.0M 8.0G#RAM:Mem: 3.9G 727M 1.8G 33M 1.3G 2.8G#Disk:Filesystem Size Used Avail Use% Mounted on /dev/mapper/sopvpyves--vg-root 39G 7.9G 30G 22% /#Load:loadaverage:0.00,#Network:Iface MTU Met RX-OK RX-ERR RX-DRP RX-OVR TX-OK TX-ERR TX-DRP TX-OVR Flg ens160 1500 0 351872079 0 2 0 352875853 0 0 0 BMRU #iostat:avg-cpu: %user %nice %system %iowait %steal %idle 1.43 0.00 3.90 0.02 0.00 94.64#iooperation:Device: tps kB_read/s kB_wrtn/s kB_read kB_wrtn sda 0.45 2.23 9.22 3169663 13105783 dm-0 0.97 2.19 9.17 3115983 13042952 dm-1 0.00 0.00 0.01 6798 8592#mpstat:12:55:40 PM CPU %usr %nice %sys %iowait %irq %soft %steal %guest %gnice %idle 12:55:40 PM all 1.43 0.00 3.75 0.02 0.00 0.16 0.00 0.00 0.00 94.64 12:55:40 PM 0 1.41 0.00 3.84 0.02 0.00 0.00 0.00 0.00 0.00 94.73 12:55:40 PM 1 1.46 0.01 3.65 0.02 0.00 0.31 0.00 0.00 0.00 94.55#vmstat:procs -----------memory---------- ---swap-- -----io---- -system-- ------cpu----- r b swpd free buff cache si so bi bo in cs us sy id wa st 0 0 7180 1936072 295132 1061956 0 0 1 5 14 15 1 4 95 0 0
#date:Tue Jul 16 12:56:16 CEST 2019#hostname:10.214.220.161 #SWAP:Swap: 8.0G 7.0M 8.0G#RAM:Mem: 3.9G 763M 1.8G 33M 1.3G 2.7G#Disk:Filesystem Size Used Avail Use% Mounted on /dev/mapper/sopvpyves--vg-root 39G 7.9G 30G 22% /#Load:loadaverage:0.00,#Network:Iface MTU Met RX-OK RX-ERR RX-DRP RX-OVR TX-OK TX-ERR TX-DRP TX-OVR Flg ens160 1500 0 351875370 0 2 0 352878888 0 0 0 BMRU #iostat:avg-cpu: %user %nice %system %iowait %steal %idle 1.43 0.00 3.90 0.02 0.00 94.64#iooperation:Device: tps kB_read/s kB_wrtn/s kB_read kB_wrtn sda 0.45 2.23 9.22 3169663 13106195 dm-0 0.97 2.19 9.17 3115983 13043364 dm-1 0.00 0.00 0.01 6798 8592#mpstat:12:56:16 PM CPU %usr %nice %sys %iowait %irq %soft %steal %guest %gnice %idle 12:56:16 PM all 1.43 0.00 3.75 0.02 0.00 0.16 0.00 0.00 0.00 94.64 12:56:16 PM 0 1.41 0.00 3.84 0.02 0.00 0.00 0.00 0.00 0.00 94.73 12:56:16 PM 1 1.46 0.01 3.65 0.02 0.00 0.31 0.00 0.00 0.00 94.55#vmstat:procs -----------memory---------- ---swap-- -----io---- -system-- ------cpu----- r b swpd free buff cache si so bi bo in cs us sy id wa st 0 0 7180 1899620 295132 1062356 0 0 1 5 14 15 1 4 95 0 0
#date:Tue Jul 16 12:56:40 CEST 2019#hostname:10.214.220.161 #SWAP:Swap: 8.0G 7.0M 8.0G#RAM:Mem: 3.9G 766M 1.8G 33M 1.3G 2.7G#Disk:Filesystem Size Used Avail Use% Mounted on /dev/mapper/sopvpyves--vg-root 39G 7.9G 30G 22% /#Load:loadaverage:0.00,#Network:Iface MTU Met RX-OK RX-ERR RX-DRP RX-OVR TX-OK TX-ERR TX-DRP TX-OVR Flg ens160 1500 0 351877644 0 2 0 352880911 0 0 0 BMRU #iostat:avg-cpu: %user %nice %system %iowait %steal %idle 1.43 0.00 3.90 0.02 0.00 94.64#iooperation:Device: tps kB_read/s kB_wrtn/s kB_read kB_wrtn sda 0.45 2.23 9.22 3169663 13106507 dm-0 0.97 2.19 9.17 3115983 13043676 dm-1 0.00 0.00 0.01 6798 8592#mpstat:12:56:40 PM CPU %usr %nice %sys %iowait %irq %soft %steal %guest %gnice %idle 12:56:40 PM all 1.43 0.00 3.75 0.02 0.00 0.16 0.00 0.00 0.00 94.64 12:56:40 PM 0 1.41 0.00 3.84 0.02 0.00 0.00 0.00 0.00 0.00 94.73 12:56:40 PM 1 1.46 0.01 3.65 0.02 0.00 0.31 0.00 0.00 0.00 94.55#vmstat:procs -----------memory---------- ---swap-- -----io---- -system-- ------cpu----- r b swpd free buff cache si so bi bo in cs us sy id wa st 0 0 7180 1895528 295132 1062396 0 0 1 5 14 15 1 4 95 0 0
#date:Tue Jul 16 12:57:16 CEST 2019#hostname:10.214.220.161 #SWAP:Swap: 8.0G 7.0M 8.0G#RAM:Mem: 3.9G 768M 1.8G 33M 1.3G 2.7G#Disk:Filesystem Size Used Avail Use% Mounted on /dev/mapper/sopvpyves--vg-root 39G 7.9G 30G 22% /#Load:loadaverage:0.22,#Network:Iface MTU Met RX-OK RX-ERR RX-DRP RX-OVR TX-OK TX-ERR TX-DRP TX-OVR Flg ens160 1500 0 351880935 0 2 0 352883928 0 0 0 BMRU #iostat:avg-cpu: %user %nice %system %iowait %steal %idle 1.43 0.00 3.90 0.02 0.00 94.64#iooperation:Device: tps kB_read/s kB_wrtn/s kB_read kB_wrtn sda 0.45 2.23 9.22 3169663 13106911 dm-0 0.97 2.19 9.17 3115983 13044080 dm-1 0.00 0.00 0.01 6798 8592#mpstat:12:57:16 PM CPU %usr %nice %sys %iowait %irq %soft %steal %guest %gnice %idle 12:57:16 PM all 1.43 0.00 3.75 0.02 0.00 0.16 0.00 0.00 0.00 94.64 12:57:16 PM 0 1.41 0.00 3.84 0.02 0.00 0.00 0.00 0.00 0.00 94.73 12:57:16 PM 1 1.46 0.01 3.65 0.02 0.00 0.31 0.00 0.00 0.00 94.55#vmstat:procs -----------memory---------- ---swap-- -----io---- -system-- ------cpu----- r b swpd free buff cache si so bi bo in cs us sy id wa st 0 0 7180 1893096 295132 1062708 0 0 1 5 14 15 1 4 95 0 0
#date:Tue Jul 16 12:57:40 CEST 2019#hostname:10.214.220.161 #SWAP:Swap: 8.0G 7.0M 8.0G#RAM:Mem: 3.9G 744M 1.8G 33M 1.3G 2.7G#Disk:Filesystem Size Used Avail Use% Mounted on /dev/mapper/sopvpyves--vg-root 39G 7.9G 30G 22% /#Load:loadaverage:0.34,#Network:Iface MTU Met RX-OK RX-ERR RX-DRP RX-OVR TX-OK TX-ERR TX-DRP TX-OVR Flg ens160 1500 0 351883241 0 2 0 352886037 0 0 0 BMRU #iostat:avg-cpu: %user %nice %system %iowait %steal %idle 1.43 0.00 3.90 0.02 0.00 94.64#iooperation:Device: tps kB_read/s kB_wrtn/s kB_read kB_wrtn sda 0.45 2.23 9.22 3169775 13107235 dm-0 0.97 2.19 9.17 3116095 13044404 dm-1 0.00 0.00 0.01 6798 8592#mpstat:12:57:40 PM CPU %usr %nice %sys %iowait %irq %soft %steal %guest %gnice %idle 12:57:40 PM all 1.43 0.00 3.75 0.02 0.00 0.16 0.00 0.00 0.00 94.64 12:57:40 PM 0 1.41 0.00 3.84 0.02 0.00 0.00 0.00 0.00 0.00 94.73 12:57:40 PM 1 1.46 0.01 3.65 0.02 0.00 0.31 0.00 0.00 0.00 94.55#vmstat:procs -----------memory---------- ---swap-- -----io---- -system-- ------cpu----- r b swpd free buff cache si so bi bo in cs us sy id wa st 0 0 7180 1914472 295132 1063000 0 0 1 5 14 15 1 4 95 0 0
#date:Tue Jul 16 12:58:16 CEST 2019#hostname:10.214.220.161 #SWAP:Swap: 8.0G 7.0M 8.0G#RAM:Mem: 3.9G 768M 1.8G 33M 1.3G 2.7G#Disk:Filesystem Size Used Avail Use% Mounted on /dev/mapper/sopvpyves--vg-root 39G 7.9G 30G 22% /#Load:loadaverage:0.19,#Network:Iface MTU Met RX-OK RX-ERR RX-DRP RX-OVR TX-OK TX-ERR TX-DRP TX-OVR Flg ens160 1500 0 351886514 0 2 0 352889047 0 0 0 BMRU #iostat:avg-cpu: %user %nice %system %iowait %steal %idle 1.43 0.00 3.90 0.02 0.00 94.64#iooperation:Device: tps kB_read/s kB_wrtn/s kB_read kB_wrtn sda 0.45 2.23 9.22 3169775 13107523 dm-0 0.97 2.19 9.17 3116095 13044692 dm-1 0.00 0.00 0.01 6798 8592#mpstat:12:58:16 PM CPU %usr %nice %sys %iowait %irq %soft %steal %guest %gnice %idle 12:58:16 PM all 1.43 0.00 3.75 0.02 0.00 0.16 0.00 0.00 0.00 94.64 12:58:16 PM 0 1.41 0.00 3.84 0.02 0.00 0.00 0.00 0.00 0.00 94.73 12:58:16 PM 1 1.46 0.01 3.65 0.02 0.00 0.31 0.00 0.00 0.00 94.55#vmstat:procs -----------memory---------- ---swap-- -----io---- -system-- ------cpu----- r b swpd free buff cache si so bi bo in cs us sy id wa st 0 0 7180 1893188 295132 1063212 0 0 1 5 14 15 1 4 95 0 0
#date:Tue Jul 16 12:58:40 CEST 2019#hostname:10.214.220.161 #SWAP:Swap: 8.0G 7.0M 8.0G#RAM:Mem: 3.9G 768M 1.8G 33M 1.3G 2.7G#Disk:Filesystem Size Used Avail Use% Mounted on /dev/mapper/sopvpyves--vg-root 39G 7.9G 30G 22% /#Load:loadaverage:0.12,#Network:Iface MTU Met RX-OK RX-ERR RX-DRP RX-OVR TX-OK TX-ERR TX-DRP TX-OVR Flg ens160 1500 0 351888774 0 2 0 352891123 0 0 0 BMRU #iostat:avg-cpu: %user %nice %system %iowait %steal %idle 1.43 0.00 3.90 0.02 0.00 94.64#iooperation:Device: tps kB_read/s kB_wrtn/s kB_read kB_wrtn sda 0.45 2.23 9.22 3169775 13107891 dm-0 0.97 2.19 9.17 3116095 13045060 dm-1 0.00 0.00 0.01 6798 8592#mpstat:12:58:40 PM CPU %usr %nice %sys %iowait %irq %soft %steal %guest %gnice %idle 12:58:40 PM all 1.43 0.00 3.75 0.02 0.00 0.16 0.00 0.00 0.00 94.64 12:58:40 PM 0 1.41 0.00 3.84 0.02 0.00 0.00 0.00 0.00 0.00 94.73 12:58:40 PM 1 1.46 0.01 3.65 0.02 0.00 0.31 0.00 0.00 0.00 94.55#vmstat:procs -----------memory---------- ---swap-- -----io---- -system-- ------cpu----- r b swpd free buff cache si so bi bo in cs us sy id wa st 0 0 7180 1893072 295132 1063480 0 0 1 5 14 15 1 4 95 0 0
#date:Tue Jul 16 12:59:16 CEST 2019#hostname:10.214.220.161 #SWAP:Swap: 8.0G 7.0M 8.0G#RAM:Mem: 3.9G 732M 1.8G 33M 1.3G 2.8G#Disk:Filesystem Size Used Avail Use% Mounted on /dev/mapper/sopvpyves--vg-root 39G 7.9G 30G 22% /#Load:loadaverage:0.07,#Network:Iface MTU Met RX-OK RX-ERR RX-DRP RX-OVR TX-OK TX-ERR TX-DRP TX-OVR Flg ens160 1500 0 351892093 0 2 0 352894192 0 0 0 BMRU #iostat:avg-cpu: %user %nice %system %iowait %steal %idle 1.43 0.00 3.90 0.02 0.00 94.64#iooperation:Device: tps kB_read/s kB_wrtn/s kB_read kB_wrtn sda 0.45 2.23 9.22 3169775 13108511 dm-0 0.97 2.19 9.17 3116095 13045680 dm-1 0.00 0.00 0.01 6798 8592#mpstat:12:59:16 PM CPU %usr %nice %sys %iowait %irq %soft %steal %guest %gnice %idle 12:59:16 PM all 1.43 0.00 3.75 0.02 0.00 0.16 0.00 0.00 0.00 94.64 12:59:16 PM 0 1.41 0.00 3.84 0.02 0.00 0.00 0.00 0.00 0.00 94.73 12:59:16 PM 1 1.46 0.01 3.65 0.02 0.00 0.31 0.00 0.00 0.00 94.55#vmstat:procs -----------memory---------- ---swap-- -----io---- -system-- ------cpu----- r b swpd free buff cache si so bi bo in cs us sy id wa st 0 0 7180 1928660 295140 1063712 0 0 1 5 14 15 1 4 95 0 0
#date:Tue Jul 16 12:59:40 CEST 2019#hostname:10.214.220.161 #SWAP:Swap: 8.0G 7.0M 8.0G#RAM:Mem: 3.9G 748M 1.8G 33M 1.3G 2.7G#Disk:Filesystem Size Used Avail Use% Mounted on /dev/mapper/sopvpyves--vg-root 39G 7.9G 30G 22% /#Load:loadaverage:0.04,#Network:Iface MTU Met RX-OK RX-ERR RX-DRP RX-OVR TX-OK TX-ERR TX-DRP TX-OVR Flg ens160 1500 0 351894379 0 2 0 352896264 0 0 0 BMRU #iostat:avg-cpu: %user %nice %system %iowait %steal %idle 1.43 0.00 3.90 0.02 0.00 94.64#iooperation:Device: tps kB_read/s kB_wrtn/s kB_read kB_wrtn sda 0.45 2.23 9.22 3169775 13108835 dm-0 0.97 2.19 9.17 3116095 13046004 dm-1 0.00 0.00 0.01 6798 8592#mpstat:12:59:41 PM CPU %usr %nice %sys %iowait %irq %soft %steal %guest %gnice %idle 12:59:41 PM all 1.43 0.00 3.75 0.02 0.00 0.16 0.00 0.00 0.00 94.64 12:59:41 PM 0 1.41 0.00 3.84 0.02 0.00 0.00 0.00 0.00 0.00 94.73 12:59:41 PM 1 1.46 0.01 3.65 0.02 0.00 0.31 0.00 0.00 0.00 94.55#vmstat:procs -----------memory---------- ---swap-- -----io---- -system-- ------cpu----- r b swpd free buff cache si so bi bo in cs us sy id wa st 0 0 7180 1912092 295144 1063848 0 0 1 5 14 15 1 4 95 0 0
#date:Tue Jul 16 13:00:16 CEST 2019#hostname:10.214.220.161 #SWAP:Swap: 8.0G 7.0M 8.0G#RAM:Mem: 3.9G 769M 1.8G 33M 1.3G 2.7G#Disk:Filesystem Size Used Avail Use% Mounted on /dev/mapper/sopvpyves--vg-root 39G 7.9G 30G 22% /#Load:loadaverage:0.02,#Network:Iface MTU Met RX-OK RX-ERR RX-DRP RX-OVR TX-OK TX-ERR TX-DRP TX-OVR Flg ens160 1500 0 351897793 0 2 0 352899346 0 0 0 BMRU #iostat:avg-cpu: %user %nice %system %iowait %steal %idle 1.43 0.00 3.90 0.02 0.00 94.64#iooperation:Device: tps kB_read/s kB_wrtn/s kB_read kB_wrtn sda 0.45 2.23 9.22 3169775 13109283 dm-0 0.97 2.19 9.17 3116095 13046452 dm-1 0.00 0.00 0.01 6798 8592#mpstat:01:00:17 PM CPU %usr %nice %sys %iowait %irq %soft %steal %guest %gnice %idle 01:00:17 PM all 1.43 0.00 3.75 0.02 0.00 0.16 0.00 0.00 0.00 94.64 01:00:17 PM 0 1.41 0.00 3.84 0.02 0.00 0.00 0.00 0.00 0.00 94.73 01:00:17 PM 1 1.46 0.01 3.65 0.02 0.00 0.31 0.00 0.00 0.00 94.55#vmstat:procs -----------memory---------- ---swap-- -----io---- -system-- ------cpu----- r b swpd free buff cache si so bi bo in cs us sy id wa st 0 0 7180 1891384 295148 1064124 0 0 1 5 14 15 1 4 95 0 0
#date:Tue Jul 16 13:00:41 CEST 2019#hostname:10.214.220.161 #SWAP:Swap: 8.0G 7.0M 8.0G#RAM:Mem: 3.9G 770M 1.8G 33M 1.3G 2.7G#Disk:Filesystem Size Used Avail Use% Mounted on /dev/mapper/sopvpyves--vg-root 39G 7.9G 30G 22% /#Load:loadaverage:0.01,#Network:Iface MTU Met RX-OK RX-ERR RX-DRP RX-OVR TX-OK TX-ERR TX-DRP TX-OVR Flg ens160 1500 0 351900068 0 2 0 352901417 0 0 0 BMRU #iostat:avg-cpu: %user %nice %system %iowait %steal %idle 1.43 0.00 3.90 0.02 0.00 94.64#iooperation:Device: tps kB_read/s kB_wrtn/s kB_read kB_wrtn sda 0.45 2.23 9.22 3169775 13109395 dm-0 0.97 2.19 9.17 3116095 13046564 dm-1 0.00 0.00 0.01 6798 8592#mpstat:01:00:41 PM CPU %usr %nice %sys %iowait %irq %soft %steal %guest %gnice %idle 01:00:41 PM all 1.43 0.00 3.75 0.02 0.00 0.16 0.00 0.00 0.00 94.64 01:00:41 PM 0 1.41 0.00 3.84 0.02 0.00 0.00 0.00 0.00 0.00 94.73 01:00:41 PM 1 1.46 0.01 3.65 0.02 0.00 0.31 0.00 0.00 0.00 94.55#vmstat:procs -----------memory---------- ---swap-- -----io---- -system-- ------cpu----- r b swpd free buff cache si so bi bo in cs us sy id wa st 0 0 7180 1889952 295152 1064256 0 0 1 5 14 15 1 4 95 0 0
#date:Tue Jul 16 13:01:17 CEST 2019#hostname:10.214.220.161 #SWAP:Swap: 8.0G 7.0M 8.0G#RAM:Mem: 3.9G 739M 1.8G 33M 1.3G 2.8G#Disk:Filesystem Size Used Avail Use% Mounted on /dev/mapper/sopvpyves--vg-root 39G 7.9G 30G 22% /#Load:loadaverage:0.01,#Network:Iface MTU Met RX-OK RX-ERR RX-DRP RX-OVR TX-OK TX-ERR TX-DRP TX-OVR Flg ens160 1500 0 351903422 0 2 0 352904521 0 0 0 BMRU #iostat:avg-cpu: %user %nice %system %iowait %steal %idle 1.43 0.00 3.90 0.02 0.00 94.64#iooperation:Device: tps kB_read/s kB_wrtn/s kB_read kB_wrtn sda 0.45 2.23 9.22 3169775 13110027 dm-0 0.97 2.19 9.18 3116095 13047196 dm-1 0.00 0.00 0.01 6798 8592#mpstat:01:01:17 PM CPU %usr %nice %sys %iowait %irq %soft %steal %guest %gnice %idle 01:01:17 PM all 1.43 0.00 3.75 0.02 0.00 0.16 0.00 0.00 0.00 94.64 01:01:17 PM 0 1.41 0.00 3.84 0.02 0.00 0.00 0.00 0.00 0.00 94.73 01:01:17 PM 1 1.46 0.01 3.65 0.02 0.00 0.31 0.00 0.00 0.00 94.55#vmstat:procs -----------memory---------- ---swap-- -----io---- -system-- ------cpu----- r b swpd free buff cache si so bi bo in cs us sy id wa st 0 0 7180 1921548 295152 1064624 0 0 1 5 14 15 1 4 95 0 0
#date:Tue Jul 16 13:01:41 CEST 2019#hostname:10.214.220.161 #SWAP:Swap: 8.0G 7.0M 8.0G#RAM:Mem: 3.9G 766M 1.8G 33M 1.3G 2.7G#Disk:Filesystem Size Used Avail Use% Mounted on /dev/mapper/sopvpyves--vg-root 39G 7.9G 30G 22% /#Load:loadaverage:0.00,#Network:Iface MTU Met RX-OK RX-ERR RX-DRP RX-OVR TX-OK TX-ERR TX-DRP TX-OVR Flg ens160 1500 0 351905728 0 2 0 352906593 0 0 0 BMRU #iostat:avg-cpu: %user %nice %system %iowait %steal %idle 1.43 0.00 3.90 0.02 0.00 94.64#iooperation:Device: tps kB_read/s kB_wrtn/s kB_read kB_wrtn sda 0.45 2.23 9.22 3169775 13110235 dm-0 0.97 2.19 9.18 3116095 13047404 dm-1 0.00 0.00 0.01 6798 8592#mpstat:01:01:41 PM CPU %usr %nice %sys %iowait %irq %soft %steal %guest %gnice %idle 01:01:41 PM all 1.43 0.00 3.75 0.02 0.00 0.16 0.00 0.00 0.00 94.64 01:01:41 PM 0 1.41 0.00 3.84 0.02 0.00 0.00 0.00 0.00 0.00 94.73 01:01:41 PM 1 1.46 0.01 3.65 0.02 0.00 0.31 0.00 0.00 0.00 94.55#vmstat:procs -----------memory---------- ---swap-- -----io---- -system-- ------cpu----- r b swpd free buff cache si so bi bo in cs us sy id wa st 0 0 7180 1893588 295152 1065016 0 0 1 5 14 15 1 4 95 0 0
#date:Tue Jul 16 13:02:17 CEST 2019#hostname:10.214.220.161 #SWAP:Swap: 8.0G 7.0M 8.0G#RAM:Mem: 3.9G 768M 1.8G 33M 1.3G 2.7G#Disk:Filesystem Size Used Avail Use% Mounted on /dev/mapper/sopvpyves--vg-root 39G 7.9G 30G 22% /#Load:loadaverage:0.00,#Network:Iface MTU Met RX-OK RX-ERR RX-DRP RX-OVR TX-OK TX-ERR TX-DRP TX-OVR Flg ens160 1500 0 351909080 0 2 0 352909696 0 0 0 BMRU #iostat:avg-cpu: %user %nice %system %iowait %steal %idle 1.43 0.00 3.90 0.02 0.00 94.64#iooperation:Device: tps kB_read/s kB_wrtn/s kB_read kB_wrtn sda 0.45 2.23 9.22 3169775 13110911 dm-0 0.97 2.19 9.18 3116095 13048080 dm-1 0.00 0.00 0.01 6798 8592#mpstat:01:02:17 PM CPU %usr %nice %sys %iowait %irq %soft %steal %guest %gnice %idle 01:02:17 PM all 1.43 0.00 3.75 0.02 0.00 0.16 0.00 0.00 0.00 94.64 01:02:17 PM 0 1.41 0.00 3.84 0.02 0.00 0.00 0.00 0.00 0.00 94.73 01:02:17 PM 1 1.46 0.01 3.65 0.02 0.00 0.31 0.00 0.00 0.00 94.55#vmstat:procs -----------memory---------- ---swap-- -----io---- -system-- ------cpu----- r b swpd free buff cache si so bi bo in cs us sy id wa st 0 0 7180 1890476 295156 1065260 0 0 1 5 14 15 1 4 95 0 0
#date:Tue Jul 16 13:02:41 CEST 2019#hostname:10.214.220.161 #SWAP:Swap: 8.0G 7.0M 8.0G#RAM:Mem: 3.9G 771M 1.8G 33M 1.3G 2.7G#Disk:Filesystem Size Used Avail Use% Mounted on /dev/mapper/sopvpyves--vg-root 39G 7.9G 30G 22% /#Load:loadaverage:0.00,#Network:Iface MTU Met RX-OK RX-ERR RX-DRP RX-OVR TX-OK TX-ERR TX-DRP TX-OVR Flg ens160 1500 0 351911352 0 2 0 352911801 0 0 0 BMRU #iostat:avg-cpu: %user %nice %system %iowait %steal %idle 1.43 0.00 3.90 0.02 0.00 94.64#iooperation:Device: tps kB_read/s kB_wrtn/s kB_read kB_wrtn sda 0.45 2.23 9.22 3169775 13111223 dm-0 0.97 2.19 9.18 3116095 13048392 dm-1 0.00 0.00 0.01 6798 8592#mpstat:01:02:41 PM CPU %usr %nice %sys %iowait %irq %soft %steal %guest %gnice %idle 01:02:41 PM all 1.43 0.00 3.75 0.02 0.00 0.16 0.00 0.00 0.00 94.64 01:02:41 PM 0 1.41 0.00 3.84 0.02 0.00 0.00 0.00 0.00 0.00 94.73 01:02:41 PM 1 1.46 0.01 3.65 0.02 0.00 0.31 0.00 0.00 0.00 94.55#vmstat:procs -----------memory---------- ---swap-- -----io---- -system-- ------cpu----- r b swpd free buff cache si so bi bo in cs us sy id wa st 1 0 7180 1888492 295156 1065516 0 0 1 5 14 15 1 4 95 0 0
#date:Tue Jul 16 13:03:17 CEST 2019#hostname:10.214.220.161 #SWAP:Swap: 8.0G 7.0M 8.0G#RAM:Mem: 3.9G 739M 1.8G 33M 1.3G 2.8G#Disk:Filesystem Size Used Avail Use% Mounted on /dev/mapper/sopvpyves--vg-root 39G 7.9G 30G 22% /#Load:loadaverage:0.10,#Network:Iface MTU Met RX-OK RX-ERR RX-DRP RX-OVR TX-OK TX-ERR TX-DRP TX-OVR Flg ens160 1500 0 351914705 0 2 0 352914911 0 0 0 BMRU #iostat:avg-cpu: %user %nice %system %iowait %steal %idle 1.43 0.00 3.90 0.02 0.00 94.64#iooperation:Device: tps kB_read/s kB_wrtn/s kB_read kB_wrtn sda 0.45 2.23 9.22 3169775 13111759 dm-0 0.97 2.19 9.18 3116095 13048928 dm-1 0.00 0.00 0.01 6798 8592#mpstat:01:03:17 PM CPU %usr %nice %sys %iowait %irq %soft %steal %guest %gnice %idle 01:03:17 PM all 1.43 0.00 3.74 0.02 0.00 0.16 0.00 0.00 0.00 94.64 01:03:17 PM 0 1.41 0.00 3.84 0.02 0.00 0.00 0.00 0.00 0.00 94.73 01:03:17 PM 1 1.46 0.01 3.65 0.02 0.00 0.31 0.00 0.00 0.00 94.55#vmstat:procs -----------memory---------- ---swap-- -----io---- -system-- ------cpu----- r b swpd free buff cache si so bi bo in cs us sy id wa st 0 0 7180 1921436 295156 1065732 0 0 1 5 14 15 1 4 95 0 0
#date:Tue Jul 16 13:03:41 CEST 2019#hostname:10.214.220.161 #SWAP:Swap: 8.0G 7.0M 8.0G#RAM:Mem: 3.9G 765M 1.8G 33M 1.3G 2.7G#Disk:Filesystem Size Used Avail Use% Mounted on /dev/mapper/sopvpyves--vg-root 39G 7.9G 30G 22% /#Load:loadaverage:0.06,#Network:Iface MTU Met RX-OK RX-ERR RX-DRP RX-OVR TX-OK TX-ERR TX-DRP TX-OVR Flg ens160 1500 0 351917009 0 2 0 352917057 0 0 0 BMRU #iostat:avg-cpu: %user %nice %system %iowait %steal %idle 1.43 0.00 3.90 0.02 0.00 94.64#iooperation:Device: tps kB_read/s kB_wrtn/s kB_read kB_wrtn sda 0.45 2.23 9.22 3169775 13112087 dm-0 0.97 2.19 9.18 3116095 13049256 dm-1 0.00 0.00 0.01 6798 8592#mpstat:01:03:41 PM CPU %usr %nice %sys %iowait %irq %soft %steal %guest %gnice %idle 01:03:41 PM all 1.43 0.00 3.74 0.02 0.00 0.16 0.00 0.00 0.00 94.64 01:03:41 PM 0 1.41 0.00 3.84 0.02 0.00 0.00 0.00 0.00 0.00 94.73 01:03:41 PM 1 1.46 0.01 3.65 0.02 0.00 0.31 0.00 0.00 0.00 94.55#vmstat:procs -----------memory---------- ---swap-- -----io---- -system-- ------cpu----- r b swpd free buff cache si so bi bo in cs us sy id wa st 0 0 7180 1893260 295164 1065964 0 0 1 5 14 15 1 4 95 0 0
#date:Tue Jul 16 13:04:17 CEST 2019#hostname:10.214.220.161 #SWAP:Swap: 8.0G 7.0M 8.0G#RAM:Mem: 3.9G 768M 1.8G 33M 1.3G 2.7G#Disk:Filesystem Size Used Avail Use% Mounted on /dev/mapper/sopvpyves--vg-root 39G 8.0G 30G 22% /#Load:loadaverage:0.03,#Network:Iface MTU Met RX-OK RX-ERR RX-DRP RX-OVR TX-OK TX-ERR TX-DRP TX-OVR Flg ens160 1500 0 351920401 0 2 0 352920197 0 0 0 BMRU #iostat:avg-cpu: %user %nice %system %iowait %steal %idle 1.43 0.00 3.90 0.02 0.00 94.64#iooperation:Device: tps kB_read/s kB_wrtn/s kB_read kB_wrtn sda 0.45 2.23 9.22 3169775 13112467 dm-0 0.97 2.19 9.18 3116095 13049636 dm-1 0.00 0.00 0.01 6798 8592#mpstat:01:04:17 PM CPU %usr %nice %sys %iowait %irq %soft %steal %guest %gnice %idle 01:04:17 PM all 1.43 0.00 3.74 0.02 0.00 0.16 0.00 0.00 0.00 94.64 01:04:17 PM 0 1.41 0.00 3.84 0.02 0.00 0.00 0.00 0.00 0.00 94.73 01:04:17 PM 1 1.46 0.01 3.65 0.02 0.00 0.31 0.00 0.00 0.00 94.55#vmstat:procs -----------memory---------- ---swap-- -----io---- -system-- ------cpu----- r b swpd free buff cache si so bi bo in cs us sy id wa st 0 0 7180 1889620 295164 1066224 0 0 1 5 14 15 1 4 95 0 0
#date:Tue Jul 16 13:04:41 CEST 2019#hostname:10.214.220.161 #SWAP:Swap: 8.0G 7.0M 8.0G#RAM:Mem: 3.9G 744M 1.8G 33M 1.3G 2.7G#Disk:Filesystem Size Used Avail Use% Mounted on /dev/mapper/sopvpyves--vg-root 39G 8.0G 30G 22% /#Load:loadaverage:0.02,#Network:Iface MTU Met RX-OK RX-ERR RX-DRP RX-OVR TX-OK TX-ERR TX-DRP TX-OVR Flg ens160 1500 0 351922754 0 2 0 352922328 0 0 0 BMRU #iostat:avg-cpu: %user %nice %system %iowait %steal %idle 1.43 0.00 3.90 0.02 0.00 94.64#iooperation:Device: tps kB_read/s kB_wrtn/s kB_read kB_wrtn sda 0.45 2.23 9.22 3169775 13112827 dm-0 0.97 2.19 9.18 3116095 13049996 dm-1 0.00 0.00 0.01 6798 8592#mpstat:01:04:42 PM CPU %usr %nice %sys %iowait %irq %soft %steal %guest %gnice %idle 01:04:42 PM all 1.43 0.00 3.74 0.02 0.00 0.16 0.00 0.00 0.00 94.64 01:04:42 PM 0 1.41 0.00 3.84 0.02 0.00 0.00 0.00 0.00 0.00 94.73 01:04:42 PM 1 1.46 0.01 3.65 0.02 0.00 0.31 0.00 0.00 0.00 94.55#vmstat:procs -----------memory---------- ---swap-- -----io---- -system-- ------cpu----- r b swpd free buff cache si so bi bo in cs us sy id wa st 2 0 7180 1914024 295164 1066344 0 0 1 5 14 15 1 4 95 0 0
#date:Tue Jul 16 13:05:17 CEST 2019#hostname:10.214.220.161 #SWAP:Swap: 8.0G 7.0M 8.0G#RAM:Mem: 3.9G 767M 1.8G 33M 1.3G 2.7G#Disk:Filesystem Size Used Avail Use% Mounted on /dev/mapper/sopvpyves--vg-root 39G 8.0G 30G 22% /#Load:loadaverage:0.01,#Network:Iface MTU Met RX-OK RX-ERR RX-DRP RX-OVR TX-OK TX-ERR TX-DRP TX-OVR Flg ens160 1500 0 351926169 0 2 0 352925474 0 0 0 BMRU #iostat:avg-cpu: %user %nice %system %iowait %steal %idle 1.43 0.00 3.90 0.02 0.00 94.64#iooperation:Device: tps kB_read/s kB_wrtn/s kB_read kB_wrtn sda 0.45 2.23 9.22 3169775 13113259 dm-0 0.97 2.19 9.18 3116095 13050428 dm-1 0.00 0.00 0.01 6798 8592#mpstat:01:05:18 PM CPU %usr %nice %sys %iowait %irq %soft %steal %guest %gnice %idle 01:05:18 PM all 1.43 0.00 3.74 0.02 0.00 0.16 0.00 0.00 0.00 94.64 01:05:18 PM 0 1.41 0.00 3.84 0.02 0.00 0.00 0.00 0.00 0.00 94.73 01:05:18 PM 1 1.46 0.01 3.65 0.02 0.00 0.31 0.00 0.00 0.00 94.55#vmstat:procs -----------memory---------- ---swap-- -----io---- -system-- ------cpu----- r b swpd free buff cache si so bi bo in cs us sy id wa st 0 0 7180 1890428 295164 1066676 0 0 1 5 14 15 1 4 95 0 0
#date:Tue Jul 16 13:05:42 CEST 2019#hostname:10.214.220.161 #SWAP:Swap: 8.0G 7.0M 8.0G#RAM:Mem: 3.9G 769M 1.8G 33M 1.3G 2.7G#Disk:Filesystem Size Used Avail Use% Mounted on /dev/mapper/sopvpyves--vg-root 39G 8.0G 30G 22% /#Load:loadaverage:0.06,#Network:Iface MTU Met RX-OK RX-ERR RX-DRP RX-OVR TX-OK TX-ERR TX-DRP TX-OVR Flg ens160 1500 0 351928460 0 2 0 352927606 0 0 0 BMRU #iostat:avg-cpu: %user %nice %system %iowait %steal %idle 1.43 0.00 3.90 0.02 0.00 94.64#iooperation:Device: tps kB_read/s kB_wrtn/s kB_read kB_wrtn sda 0.45 2.23 9.22 3169775 13113659 dm-0 0.97 2.19 9.18 3116095 13050828 dm-1 0.00 0.00 0.01 6798 8592#mpstat:01:05:42 PM CPU %usr %nice %sys %iowait %irq %soft %steal %guest %gnice %idle 01:05:42 PM all 1.43 0.00 3.74 0.02 0.00 0.16 0.00 0.00 0.00 94.64 01:05:42 PM 0 1.41 0.00 3.84 0.02 0.00 0.00 0.00 0.00 0.00 94.73 01:05:42 PM 1 1.46 0.01 3.65 0.02 0.00 0.31 0.00 0.00 0.00 94.55#vmstat:procs -----------memory---------- ---swap-- -----io---- -system-- ------cpu----- r b swpd free buff cache si so bi bo in cs us sy id wa st 0 0 7180 1888444 295164 1066812 0 0 1 5 14 15 1 4 95 0 0
#date:Tue Jul 16 13:06:18 CEST 2019#hostname:10.214.220.161 #SWAP:Swap: 8.0G 7.0M 8.0G#RAM:Mem: 3.9G 736M 1.8G 33M 1.3G 2.8G#Disk:Filesystem Size Used Avail Use% Mounted on /dev/mapper/sopvpyves--vg-root 39G 8.0G 30G 22% /#Load:loadaverage:0.03,#Network:Iface MTU Met RX-OK RX-ERR RX-DRP RX-OVR TX-OK TX-ERR TX-DRP TX-OVR Flg ens160 1500 0 351931998 0 2 0 352930780 0 0 0 BMRU #iostat:avg-cpu: %user %nice %system %iowait %steal %idle 1.43 0.00 3.90 0.02 0.00 94.64#iooperation:Device: tps kB_read/s kB_wrtn/s kB_read kB_wrtn sda 0.45 2.23 9.22 3169775 13114047 dm-0 0.97 2.19 9.18 3116095 13051216 dm-1 0.00 0.00 0.01 6798 8592#mpstat:01:06:18 PM CPU %usr %nice %sys %iowait %irq %soft %steal %guest %gnice %idle 01:06:18 PM all 1.43 0.00 3.74 0.02 0.00 0.16 0.00 0.00 0.00 94.64 01:06:18 PM 0 1.41 0.00 3.84 0.02 0.00 0.00 0.00 0.00 0.00 94.73 01:06:18 PM 1 1.46 0.01 3.65 0.02 0.00 0.31 0.00 0.00 0.00 94.55#vmstat:procs -----------memory---------- ---swap-- -----io---- -system-- ------cpu----- r b swpd free buff cache si so bi bo in cs us sy id wa st 0 0 7180 1921272 295164 1067144 0 0 1 5 14 15 1 4 95 0 0
#date:Tue Jul 16 13:06:42 CEST 2019#hostname:10.214.220.161 #SWAP:Swap: 8.0G 7.0M 8.0G#RAM:Mem: 3.9G 757M 1.8G 33M 1.3G 2.7G#Disk:Filesystem Size Used Avail Use% Mounted on /dev/mapper/sopvpyves--vg-root 39G 8.0G 30G 22% /#Load:loadaverage:0.02,#Network:Iface MTU Met RX-OK RX-ERR RX-DRP RX-OVR TX-OK TX-ERR TX-DRP TX-OVR Flg ens160 1500 0 351934277 0 2 0 352932904 0 0 0 BMRU #iostat:avg-cpu: %user %nice %system %iowait %steal %idle 1.43 0.00 3.90 0.02 0.00 94.64#iooperation:Device: tps kB_read/s kB_wrtn/s kB_read kB_wrtn sda 0.45 2.23 9.22 3169775 13114383 dm-0 0.97 2.19 9.18 3116095 13051552 dm-1 0.00 0.00 0.01 6798 8592#mpstat:01:06:42 PM CPU %usr %nice %sys %iowait %irq %soft %steal %guest %gnice %idle 01:06:42 PM all 1.43 0.00 3.74 0.02 0.00 0.16 0.00 0.00 0.00 94.64 01:06:42 PM 0 1.41 0.00 3.84 0.02 0.00 0.00 0.00 0.00 0.00 94.73 01:06:42 PM 1 1.46 0.01 3.65 0.02 0.00 0.31 0.00 0.00 0.00 94.55#vmstat:procs -----------memory---------- ---swap-- -----io---- -system-- ------cpu----- r b swpd free buff cache si so bi bo in cs us sy id wa st 0 0 7180 1899564 295164 1067236 0 0 1 5 14 15 1 4 95 0 0
#date:Tue Jul 16 13:07:18 CEST 2019#hostname:10.214.220.161 #SWAP:Swap: 8.0G 7.0M 8.0G#RAM:Mem: 3.9G 749M 1.8G 33M 1.3G 2.7G#Disk:Filesystem Size Used Avail Use% Mounted on /dev/mapper/sopvpyves--vg-root 39G 8.0G 30G 22% /#Load:loadaverage:0.01,#Network:Iface MTU Met RX-OK RX-ERR RX-DRP RX-OVR TX-OK TX-ERR TX-DRP TX-OVR Flg ens160 1500 0 351937810 0 2 0 352936110 0 0 0 BMRU #iostat:avg-cpu: %user %nice %system %iowait %steal %idle 1.43 0.00 3.90 0.02 0.00 94.64#iooperation:Device: tps kB_read/s kB_wrtn/s kB_read kB_wrtn sda 0.45 2.23 9.22 3169775 13114803 dm-0 0.97 2.19 9.18 3116095 13051972 dm-1 0.00 0.00 0.01 6798 8592#mpstat:01:07:18 PM CPU %usr %nice %sys %iowait %irq %soft %steal %guest %gnice %idle 01:07:18 PM all 1.43 0.00 3.74 0.02 0.00 0.16 0.00 0.00 0.00 94.64 01:07:18 PM 0 1.41 0.00 3.84 0.02 0.00 0.00 0.00 0.00 0.00 94.73 01:07:18 PM 1 1.46 0.01 3.65 0.02 0.00 0.31 0.00 0.00 0.00 94.55#vmstat:procs -----------memory---------- ---swap-- -----io---- -system-- ------cpu----- r b swpd free buff cache si so bi bo in cs us sy id wa st 0 0 7180 1908444 295164 1067596 0 0 1 5 14 15 1 4 95 0 0
#date:Tue Jul 16 13:07:42 CEST 2019#hostname:10.214.220.161 #SWAP:Swap: 8.0G 7.0M 8.0G#RAM:Mem: 3.9G 767M 1.8G 33M 1.3G 2.7G#Disk:Filesystem Size Used Avail Use% Mounted on /dev/mapper/sopvpyves--vg-root 39G 8.0G 30G 22% /#Load:loadaverage:0.01,#Network:Iface MTU Met RX-OK RX-ERR RX-DRP RX-OVR TX-OK TX-ERR TX-DRP TX-OVR Flg ens160 1500 0 351940147 0 2 0 352938260 0 0 0 BMRU #iostat:avg-cpu: %user %nice %system %iowait %steal %idle 1.43 0.00 3.90 0.02 0.00 94.64#iooperation:Device: tps kB_read/s kB_wrtn/s kB_read kB_wrtn sda 0.45 2.23 9.22 3169775 13115231 dm-0 0.97 2.19 9.18 3116095 13052400 dm-1 0.00 0.00 0.01 6798 8592#mpstat:01:07:42 PM CPU %usr %nice %sys %iowait %irq %soft %steal %guest %gnice %idle 01:07:42 PM all 1.43 0.00 3.74 0.02 0.00 0.16 0.00 0.00 0.00 94.64 01:07:42 PM 0 1.41 0.00 3.84 0.02 0.00 0.00 0.00 0.00 0.00 94.73 01:07:42 PM 1 1.46 0.01 3.65 0.02 0.00 0.31 0.00 0.00 0.00 94.55#vmstat:procs -----------memory---------- ---swap-- -----io---- -system-- ------cpu----- r b swpd free buff cache si so bi bo in cs us sy id wa st 0 0 7180 1890192 295168 1067724 0 0 1 5 14 15 1 4 95 0 0
#date:Tue Jul 16 13:08:18 CEST 2019#hostname:10.214.220.161 #SWAP:Swap: 8.0G 7.0M 8.0G#RAM:Mem: 3.9G 770M 1.8G 33M 1.3G 2.7G#Disk:Filesystem Size Used Avail Use% Mounted on /dev/mapper/sopvpyves--vg-root 39G 8.0G 30G 22% /#Load:loadaverage:0.22,#Network:Iface MTU Met RX-OK RX-ERR RX-DRP RX-OVR TX-OK TX-ERR TX-DRP TX-OVR Flg ens160 1500 0 351943603 0 2 0 352941434 0 0 0 BMRU #iostat:avg-cpu: %user %nice %system %iowait %steal %idle 1.43 0.00 3.90 0.02 0.00 94.64#iooperation:Device: tps kB_read/s kB_wrtn/s kB_read kB_wrtn sda 0.45 2.23 9.22 3169775 13115715 dm-0 0.97 2.19 9.18 3116095 13052884 dm-1 0.00 0.00 0.01 6798 8592#mpstat:01:08:18 PM CPU %usr %nice %sys %iowait %irq %soft %steal %guest %gnice %idle 01:08:18 PM all 1.43 0.00 3.74 0.02 0.00 0.16 0.00 0.00 0.00 94.64 01:08:18 PM 0 1.41 0.00 3.84 0.02 0.00 0.00 0.00 0.00 0.00 94.73 01:08:18 PM 1 1.46 0.01 3.65 0.02 0.00 0.31 0.00 0.00 0.00 94.55#vmstat:procs -----------memory---------- ---swap-- -----io---- -system-- ------cpu----- r b swpd free buff cache si so bi bo in cs us sy id wa st 0 0 7180 1885588 295168 1068044 0 0 1 5 14 15 1 4 95 0 0
#date:Tue Jul 16 13:08:42 CEST 2019#hostname:10.214.220.161 #SWAP:Swap: 8.0G 7.0M 8.0G#RAM:Mem: 3.9G 772M 1.8G 33M 1.3G 2.7G#Disk:Filesystem Size Used Avail Use% Mounted on /dev/mapper/sopvpyves--vg-root 39G 8.0G 30G 22% /#Load:loadaverage:0.16,#Network:Iface MTU Met RX-OK RX-ERR RX-DRP RX-OVR TX-OK TX-ERR TX-DRP TX-OVR Flg ens160 1500 0 351946036 0 2 0 352943639 0 0 0 BMRU #iostat:avg-cpu: %user %nice %system %iowait %steal %idle 1.43 0.00 3.90 0.02 0.00 94.64#iooperation:Device: tps kB_read/s kB_wrtn/s kB_read kB_wrtn sda 0.45 2.23 9.22 3169775 13116055 dm-0 0.97 2.19 9.18 3116095 13053224 dm-1 0.00 0.00 0.01 6798 8592#mpstat:01:08:42 PM CPU %usr %nice %sys %iowait %irq %soft %steal %guest %gnice %idle 01:08:42 PM all 1.43 0.00 3.74 0.02 0.00 0.16 0.00 0.00 0.00 94.64 01:08:42 PM 0 1.41 0.00 3.84 0.02 0.00 0.00 0.00 0.00 0.00 94.73 01:08:42 PM 1 1.46 0.01 3.65 0.02 0.00 0.31 0.00 0.00 0.00 94.55#vmstat:procs -----------memory---------- ---swap-- -----io---- -system-- ------cpu----- r b swpd free buff cache si so bi bo in cs us sy id wa st 0 0 7180 1884244 295168 1068284 0 0 1 5 14 15 1 4 95 0 0
#date:Tue Jul 16 13:09:18 CEST 2019#hostname:10.214.220.161 #SWAP:Swap: 8.0G 7.0M 8.0G#RAM:Mem: 3.9G 734M 1.8G 33M 1.3G 2.8G#Disk:Filesystem Size Used Avail Use% Mounted on /dev/mapper/sopvpyves--vg-root 39G 8.0G 30G 22% /#Load:loadaverage:0.08,#Network:Iface MTU Met RX-OK RX-ERR RX-DRP RX-OVR TX-OK TX-ERR TX-DRP TX-OVR Flg ens160 1500 0 351949544 0 2 0 352946818 0 0 0 BMRU #iostat:avg-cpu: %user %nice %system %iowait %steal %idle 1.43 0.00 3.90 0.02 0.00 94.64#iooperation:Device: tps kB_read/s kB_wrtn/s kB_read kB_wrtn sda 0.45 2.23 9.22 3169775 13116563 dm-0 0.97 2.19 9.18 3116095 13053732 dm-1 0.00 0.00 0.01 6798 8592#mpstat:01:09:18 PM CPU %usr %nice %sys %iowait %irq %soft %steal %guest %gnice %idle 01:09:18 PM all 1.43 0.00 3.74 0.02 0.00 0.16 0.00 0.00 0.00 94.64 01:09:18 PM 0 1.41 0.00 3.84 0.02 0.00 0.00 0.00 0.00 0.00 94.73 01:09:18 PM 1 1.46 0.01 3.65 0.02 0.00 0.31 0.00 0.00 0.00 94.55#vmstat:procs -----------memory---------- ---swap-- -----io---- -system-- ------cpu----- r b swpd free buff cache si so bi bo in cs us sy id wa st 0 0 7180 1922948 295168 1068604 0 0 1 5 14 15 1 4 95 0 0
#date:Tue Jul 16 13:09:42 CEST 2019#hostname:10.214.220.161 #SWAP:Swap: 8.0G 7.0M 8.0G#RAM:Mem: 3.9G 755M 1.8G 33M 1.3G 2.7G#Disk:Filesystem Size Used Avail Use% Mounted on /dev/mapper/sopvpyves--vg-root 39G 8.0G 30G 22% /#Load:loadaverage:0.06,#Network:Iface MTU Met RX-OK RX-ERR RX-DRP RX-OVR TX-OK TX-ERR TX-DRP TX-OVR Flg ens160 1500 0 351951987 0 2 0 352949032 0 0 0 BMRU #iostat:avg-cpu: %user %nice %system %iowait %steal %idle 1.43 0.00 3.90 0.02 0.00 94.64#iooperation:Device: tps kB_read/s kB_wrtn/s kB_read kB_wrtn sda 0.45 2.23 9.22 3169775 13116939 dm-0 0.97 2.19 9.18 3116095 13054108 dm-1 0.00 0.00 0.01 6798 8592#mpstat:01:09:43 PM CPU %usr %nice %sys %iowait %irq %soft %steal %guest %gnice %idle 01:09:43 PM all 1.43 0.00 3.74 0.02 0.00 0.16 0.00 0.00 0.00 94.64 01:09:43 PM 0 1.41 0.00 3.84 0.02 0.00 0.00 0.00 0.00 0.00 94.73 01:09:43 PM 1 1.46 0.01 3.65 0.02 0.00 0.31 0.00 0.00 0.00 94.55#vmstat:procs -----------memory---------- ---swap-- -----io---- -system-- ------cpu----- r b swpd free buff cache si so bi bo in cs us sy id wa st 0 0 7180 1900808 295168 1068872 0 0 1 5 14 15 1 4 95 0 0
#date:Tue Jul 16 13:10:18 CEST 2019#hostname:10.214.220.161 #SWAP:Swap: 8.0G 7.0M 8.0G#RAM:Mem: 3.9G 770M 1.8G 33M 1.3G 2.7G#Disk:Filesystem Size Used Avail Use% Mounted on /dev/mapper/sopvpyves--vg-root 39G 8.0G 30G 22% /#Load:loadaverage:0.03,#Network:Iface MTU Met RX-OK RX-ERR RX-DRP RX-OVR TX-OK TX-ERR TX-DRP TX-OVR Flg ens160 1500 0 351955520 0 2 0 352952252 0 0 0 BMRU #iostat:avg-cpu: %user %nice %system %iowait %steal %idle 1.43 0.00 3.90 0.02 0.00 94.64#iooperation:Device: tps kB_read/s kB_wrtn/s kB_read kB_wrtn sda 0.45 2.23 9.22 3169775 13117487 dm-0 0.97 2.19 9.18 3116095 13054656 dm-1 0.00 0.00 0.01 6798 8592#mpstat:01:10:18 PM CPU %usr %nice %sys %iowait %irq %soft %steal %guest %gnice %idle 01:10:18 PM all 1.43 0.00 3.74 0.02 0.00 0.16 0.00 0.00 0.00 94.64 01:10:18 PM 0 1.41 0.00 3.84 0.02 0.00 0.00 0.00 0.00 0.00 94.73 01:10:18 PM 1 1.46 0.01 3.65 0.02 0.00 0.31 0.00 0.00 0.00 94.55#vmstat:procs -----------memory---------- ---swap-- -----io---- -system-- ------cpu----- r b swpd free buff cache si so bi bo in cs us sy id wa st 0 0 7180 1884776 295168 1069212 0 0 1 5 14 15 1 4 95 0 0
#date:Tue Jul 16 13:10:43 CEST 2019#hostname:10.214.220.161 #SWAP:Swap: 8.0G 7.0M 8.0G#RAM:Mem: 3.9G 733M 1.8G 33M 1.3G 2.8G#Disk:Filesystem Size Used Avail Use% Mounted on /dev/mapper/sopvpyves--vg-root 39G 8.0G 30G 22% /#Load:loadaverage:0.02,#Network:Iface MTU Met RX-OK RX-ERR RX-DRP RX-OVR TX-OK TX-ERR TX-DRP TX-OVR Flg ens160 1500 0 351957939 0 2 0 352954429 0 0 0 BMRU #iostat:avg-cpu: %user %nice %system %iowait %steal %idle 1.43 0.00 3.90 0.02 0.00 94.64#iooperation:Device: tps kB_read/s kB_wrtn/s kB_read kB_wrtn sda 0.45 2.23 9.22 3169775 13117567 dm-0 0.97 2.19 9.18 3116095 13054736 dm-1 0.00 0.00 0.01 6798 8592#mpstat:01:10:43 PM CPU %usr %nice %sys %iowait %irq %soft %steal %guest %gnice %idle 01:10:43 PM all 1.43 0.00 3.74 0.02 0.00 0.16 0.00 0.00 0.00 94.64 01:10:43 PM 0 1.41 0.00 3.84 0.02 0.00 0.00 0.00 0.00 0.00 94.73 01:10:43 PM 1 1.46 0.01 3.65 0.02 0.00 0.31 0.00 0.00 0.00 94.55#vmstat:procs -----------memory---------- ---swap-- -----io---- -system-- ------cpu----- r b swpd free buff cache si so bi bo in cs us sy id wa st 0 0 7180 1922712 295168 1069408 0 0 1 5 14 15 1 4 95 0 0
#date:Tue Jul 16 13:11:18 CEST 2019#hostname:10.214.220.161 #SWAP:Swap: 8.0G 7.0M 8.0G#RAM:Mem: 3.9G 734M 1.8G 33M 1.3G 2.8G#Disk:Filesystem Size Used Avail Use% Mounted on /dev/mapper/sopvpyves--vg-root 39G 8.0G 30G 22% /#Load:loadaverage:0.01,#Network:Iface MTU Met RX-OK RX-ERR RX-DRP RX-OVR TX-OK TX-ERR TX-DRP TX-OVR Flg ens160 1500 0 351961586 0 2 0 352957669 0 0 0 BMRU #iostat:avg-cpu: %user %nice %system %iowait %steal %idle 1.43 0.00 3.90 0.02 0.00 94.64#iooperation:Device: tps kB_read/s kB_wrtn/s kB_read kB_wrtn sda 0.45 2.23 9.22 3169775 13118039 dm-0 0.97 2.19 9.18 3116095 13055208 dm-1 0.00 0.00 0.01 6798 8592#mpstat:01:11:19 PM CPU %usr %nice %sys %iowait %irq %soft %steal %guest %gnice %idle 01:11:19 PM all 1.43 0.00 3.74 0.02 0.00 0.16 0.00 0.00 0.00 94.64 01:11:19 PM 0 1.41 0.00 3.83 0.02 0.00 0.00 0.00 0.00 0.00 94.73 01:11:19 PM 1 1.46 0.01 3.65 0.02 0.00 0.31 0.00 0.00 0.00 94.55#vmstat:procs -----------memory---------- ---swap-- -----io---- -system-- ------cpu----- r b swpd free buff cache si so bi bo in cs us sy id wa st 0 0 7180 1921128 295168 1069588 0 0 1 5 14 15 1 4 95 0 0
#date:Tue Jul 16 13:11:43 CEST 2019#hostname:10.214.220.161 #SWAP:Swap: 8.0G 7.0M 8.0G#RAM:Mem: 3.9G 752M 1.8G 33M 1.3G 2.7G#Disk:Filesystem Size Used Avail Use% Mounted on /dev/mapper/sopvpyves--vg-root 39G 8.0G 30G 22% /#Load:loadaverage:0.00,#Network:Iface MTU Met RX-OK RX-ERR RX-DRP RX-OVR TX-OK TX-ERR TX-DRP TX-OVR Flg ens160 1500 0 351963943 0 2 0 352959848 0 0 0 BMRU #iostat:avg-cpu: %user %nice %system %iowait %steal %idle 1.43 0.00 3.90 0.02 0.00 94.64#iooperation:Device: tps kB_read/s kB_wrtn/s kB_read kB_wrtn sda 0.45 2.23 9.22 3169775 13118423 dm-0 0.97 2.19 9.18 3116095 13055592 dm-1 0.00 0.00 0.01 6798 8592#mpstat:01:11:43 PM CPU %usr %nice %sys %iowait %irq %soft %steal %guest %gnice %idle 01:11:43 PM all 1.43 0.00 3.74 0.02 0.00 0.16 0.00 0.00 0.00 94.64 01:11:43 PM 0 1.41 0.00 3.83 0.02 0.00 0.00 0.00 0.00 0.00 94.73 01:11:43 PM 1 1.46 0.01 3.65 0.02 0.00 0.31 0.00 0.00 0.00 94.55#vmstat:procs -----------memory---------- ---swap-- -----io---- -system-- ------cpu----- r b swpd free buff cache si so bi bo in cs us sy id wa st 0 0 7180 1902928 295168 1069788 0 0 1 5 14 15 1 4 95 0 0
#date:Tue Jul 16 13:12:19 CEST 2019#hostname:10.214.220.161 #SWAP:Swap: 8.0G 7.0M 8.0G#RAM:Mem: 3.9G 771M 1.8G 33M 1.3G 2.7G#Disk:Filesystem Size Used Avail Use% Mounted on /dev/mapper/sopvpyves--vg-root 39G 8.0G 29G 22% /#Load:loadaverage:0.00,#Network:Iface MTU Met RX-OK RX-ERR RX-DRP RX-OVR TX-OK TX-ERR TX-DRP TX-OVR Flg ens160 1500 0 351967521 0 2 0 352963123 0 0 0 BMRU #iostat:avg-cpu: %user %nice %system %iowait %steal %idle 1.43 0.00 3.90 0.02 0.00 94.64#iooperation:Device: tps kB_read/s kB_wrtn/s kB_read kB_wrtn sda 0.45 2.23 9.22 3169775 13118891 dm-0 0.97 2.19 9.18 3116095 13056060 dm-1 0.00 0.00 0.01 6798 8592#mpstat:01:12:19 PM CPU %usr %nice %sys %iowait %irq %soft %steal %guest %gnice %idle 01:12:19 PM all 1.43 0.00 3.74 0.02 0.00 0.16 0.00 0.00 0.00 94.64 01:12:19 PM 0 1.41 0.00 3.83 0.02 0.00 0.00 0.00 0.00 0.00 94.73 01:12:19 PM 1 1.46 0.01 3.65 0.02 0.00 0.31 0.00 0.00 0.00 94.55#vmstat:procs -----------memory---------- ---swap-- -----io---- -system-- ------cpu----- r b swpd free buff cache si so bi bo in cs us sy id wa st 0 0 7180 1882056 295168 1070108 0 0 1 5 14 15 1 4 95 0 0
#date:Tue Jul 16 13:12:43 CEST 2019#hostname:10.214.220.161 #SWAP:Swap: 8.0G 7.0M 8.0G#RAM:Mem: 3.9G 735M 1.8G 33M 1.3G 2.8G#Disk:Filesystem Size Used Avail Use% Mounted on /dev/mapper/sopvpyves--vg-root 39G 8.0G 29G 22% /#Load:loadaverage:0.00,#Network:Iface MTU Met RX-OK RX-ERR RX-DRP RX-OVR TX-OK TX-ERR TX-DRP TX-OVR Flg ens160 1500 0 351969946 0 2 0 352965321 0 0 0 BMRU #iostat:avg-cpu: %user %nice %system %iowait %steal %idle 1.43 0.00 3.90 0.02 0.00 94.64#iooperation:Device: tps kB_read/s kB_wrtn/s kB_read kB_wrtn sda 0.45 2.23 9.22 3169775 13119255 dm-0 0.97 2.19 9.18 3116095 13056424 dm-1 0.00 0.00 0.01 6798 8592#mpstat:01:12:43 PM CPU %usr %nice %sys %iowait %irq %soft %steal %guest %gnice %idle 01:12:43 PM all 1.43 0.00 3.74 0.02 0.00 0.16 0.00 0.00 0.00 94.64 01:12:43 PM 0 1.41 0.00 3.83 0.02 0.00 0.00 0.00 0.00 0.00 94.73 01:12:43 PM 1 1.46 0.01 3.65 0.02 0.00 0.31 0.00 0.00 0.00 94.55#vmstat:procs -----------memory---------- ---swap-- -----io---- -system-- ------cpu----- r b swpd free buff cache si so bi bo in cs us sy id wa st 0 0 7180 1919300 295172 1070172 0 0 1 5 14 15 1 4 95 0 0
#date:Tue Jul 16 13:13:19 CEST 2019#hostname:10.214.220.161 #SWAP:Swap: 8.0G 7.0M 8.0G#RAM:Mem: 3.9G 768M 1.8G 33M 1.3G 2.7G#Disk:Filesystem Size Used Avail Use% Mounted on /dev/mapper/sopvpyves--vg-root 39G 8.0G 29G 22% /#Load:loadaverage:0.05,#Network:Iface MTU Met RX-OK RX-ERR RX-DRP RX-OVR TX-OK TX-ERR TX-DRP TX-OVR Flg ens160 1500 0 351973530 0 2 0 352968574 0 0 0 BMRU #iostat:avg-cpu: %user %nice %system %iowait %steal %idle 1.43 0.00 3.90 0.02 0.00 94.64#iooperation:Device: tps kB_read/s kB_wrtn/s kB_read kB_wrtn sda 0.45 2.23 9.22 3169775 13119643 dm-0 0.97 2.19 9.18 3116095 13056812 dm-1 0.00 0.00 0.01 6798 8592#mpstat:01:13:19 PM CPU %usr %nice %sys %iowait %irq %soft %steal %guest %gnice %idle 01:13:19 PM all 1.43 0.00 3.74 0.02 0.00 0.16 0.00 0.00 0.00 94.64 01:13:19 PM 0 1.41 0.00 3.83 0.02 0.00 0.00 0.00 0.00 0.00 94.73 01:13:19 PM 1 1.46 0.01 3.65 0.02 0.00 0.31 0.00 0.00 0.00 94.55#vmstat:procs -----------memory---------- ---swap-- -----io---- -system-- ------cpu----- r b swpd free buff cache si so bi bo in cs us sy id wa st 0 0 7180 1885296 295176 1070472 0 0 1 5 14 15 1 4 95 0 0
#date:Tue Jul 16 13:13:43 CEST 2019#hostname:10.214.220.161 #SWAP:Swap: 8.0G 7.0M 8.0G#RAM:Mem: 3.9G 732M 1.8G 33M 1.3G 2.8G#Disk:Filesystem Size Used Avail Use% Mounted on /dev/mapper/sopvpyves--vg-root 39G 8.0G 29G 22% /#Load:loadaverage:0.03,#Network:Iface MTU Met RX-OK RX-ERR RX-DRP RX-OVR TX-OK TX-ERR TX-DRP TX-OVR Flg ens160 1500 0 351975941 0 2 0 352970782 0 0 0 BMRU #iostat:avg-cpu: %user %nice %system %iowait %steal %idle 1.43 0.00 3.90 0.02 0.00 94.64#iooperation:Device: tps kB_read/s kB_wrtn/s kB_read kB_wrtn sda 0.45 2.23 9.22 3169775 13119963 dm-0 0.97 2.19 9.18 3116095 13057132 dm-1 0.00 0.00 0.01 6798 8592#mpstat:01:13:43 PM CPU %usr %nice %sys %iowait %irq %soft %steal %guest %gnice %idle 01:13:43 PM all 1.43 0.00 3.74 0.02 0.00 0.16 0.00 0.00 0.00 94.64 01:13:43 PM 0 1.41 0.00 3.83 0.02 0.00 0.00 0.00 0.00 0.00 94.73 01:13:43 PM 1 1.46 0.01 3.65 0.02 0.00 0.31 0.00 0.00 0.00 94.55#vmstat:procs -----------memory---------- ---swap-- -----io---- -system-- ------cpu----- r b swpd free buff cache si so bi bo in cs us sy id wa st 1 0 7180 1922768 295176 1070600 0 0 1 5 14 15 1 4 95 0 0
#date:Tue Jul 16 13:14:19 CEST 2019#hostname:10.214.220.161 #SWAP:Swap: 8.0G 7.0M 8.0G#RAM:Mem: 3.9G 767M 1.8G 33M 1.3G 2.7G#Disk:Filesystem Size Used Avail Use% Mounted on /dev/mapper/sopvpyves--vg-root 39G 8.0G 29G 22% /#Load:loadaverage:0.02,#Network:Iface MTU Met RX-OK RX-ERR RX-DRP RX-OVR TX-OK TX-ERR TX-DRP TX-OVR Flg ens160 1500 0 351979581 0 2 0 352974099 0 0 0 BMRU #iostat:avg-cpu: %user %nice %system %iowait %steal %idle 1.43 0.00 3.90 0.02 0.00 94.64#iooperation:Device: tps kB_read/s kB_wrtn/s kB_read kB_wrtn sda 0.45 2.23 9.22 3169775 13120399 dm-0 0.97 2.19 9.18 3116095 13057568 dm-1 0.00 0.00 0.01 6798 8592#mpstat:01:14:19 PM CPU %usr %nice %sys %iowait %irq %soft %steal %guest %gnice %idle 01:14:19 PM all 1.43 0.00 3.74 0.02 0.00 0.16 0.00 0.00 0.00 94.64 01:14:19 PM 0 1.41 0.00 3.83 0.02 0.00 0.00 0.00 0.00 0.00 94.73 01:14:19 PM 1 1.46 0.01 3.65 0.02 0.00 0.31 0.00 0.00 0.00 94.55#vmstat:procs -----------memory---------- ---swap-- -----io---- -system-- ------cpu----- r b swpd free buff cache si so bi bo in cs us sy id wa st 0 0 7180 1885768 295176 1070896 0 0 1 5 14 15 1 4 95 0 0
#date:Tue Jul 16 13:14:43 CEST 2019#hostname:10.214.220.161 #SWAP:Swap: 8.0G 7.0M 8.0G#RAM:Mem: 3.9G 771M 1.8G 33M 1.3G 2.7G#Disk:Filesystem Size Used Avail Use% Mounted on /dev/mapper/sopvpyves--vg-root 39G 8.0G 29G 22% /#Load:loadaverage:0.01,#Network:Iface MTU Met RX-OK RX-ERR RX-DRP RX-OVR TX-OK TX-ERR TX-DRP TX-OVR Flg ens160 1500 0 351982039 0 2 0 352976357 0 0 0 BMRU #iostat:avg-cpu: %user %nice %system %iowait %steal %idle 1.43 0.00 3.90 0.02 0.00 94.64#iooperation:Device: tps kB_read/s kB_wrtn/s kB_read kB_wrtn sda 0.45 2.23 9.22 3169775 13120487 dm-0 0.97 2.19 9.18 3116095 13057656 dm-1 0.00 0.00 0.01 6798 8592#mpstat:01:14:44 PM CPU %usr %nice %sys %iowait %irq %soft %steal %guest %gnice %idle 01:14:44 PM all 1.43 0.00 3.74 0.02 0.00 0.16 0.00 0.00 0.00 94.64 01:14:44 PM 0 1.41 0.00 3.83 0.02 0.00 0.00 0.00 0.00 0.00 94.73 01:14:44 PM 1 1.46 0.01 3.65 0.02 0.00 0.31 0.00 0.00 0.00 94.55#vmstat:procs -----------memory---------- ---swap-- -----io---- -system-- ------cpu----- r b swpd free buff cache si so bi bo in cs us sy id wa st 0 0 7180 1882180 295176 1071120 0 0 1 5 14 15 1 4 95 0 0
#date:Tue Jul 16 13:15:19 CEST 2019#hostname:10.214.220.161 #SWAP:Swap: 8.0G 7.0M 8.0G#RAM:Mem: 3.9G 750M 1.8G 33M 1.3G 2.7G#Disk:Filesystem Size Used Avail Use% Mounted on /dev/mapper/sopvpyves--vg-root 39G 8.0G 29G 22% /#Load:loadaverage:0.00,#Network:Iface MTU Met RX-OK RX-ERR RX-DRP RX-OVR TX-OK TX-ERR TX-DRP TX-OVR Flg ens160 1500 0 351985635 0 2 0 352979662 0 0 0 BMRU #iostat:avg-cpu: %user %nice %system %iowait %steal %idle 1.43 0.00 3.90 0.02 0.00 94.64#iooperation:Device: tps kB_read/s kB_wrtn/s kB_read kB_wrtn sda 0.45 2.23 9.22 3169775 13121203 dm-0 0.97 2.19 9.18 3116095 13058372 dm-1 0.00 0.00 0.01 6798 8592#mpstat:01:15:19 PM CPU %usr %nice %sys %iowait %irq %soft %steal %guest %gnice %idle 01:15:19 PM all 1.43 0.00 3.74 0.02 0.00 0.16 0.00 0.00 0.00 94.64 01:15:19 PM 0 1.41 0.00 3.83 0.02 0.00 0.00 0.00 0.00 0.00 94.73 01:15:19 PM 1 1.46 0.01 3.65 0.02 0.00 0.31 0.00 0.00 0.00 94.55#vmstat:procs -----------memory---------- ---swap-- -----io---- -system-- ------cpu----- r b swpd free buff cache si so bi bo in cs us sy id wa st 0 0 7180 1903740 295176 1071244 0 0 1 5 14 15 1 4 95 0 0
#date:Tue Jul 16 13:15:44 CEST 2019#hostname:10.214.220.161 #SWAP:Swap: 8.0G 7.0M 8.0G#RAM:Mem: 3.9G 767M 1.8G 33M 1.3G 2.7G#Disk:Filesystem Size Used Avail Use% Mounted on /dev/mapper/sopvpyves--vg-root 39G 8.0G 29G 22% /#Load:loadaverage:0.00,#Network:Iface MTU Met RX-OK RX-ERR RX-DRP RX-OVR TX-OK TX-ERR TX-DRP TX-OVR Flg ens160 1500 0 351988054 0 2 0 352981869 0 0 0 BMRU #iostat:avg-cpu: %user %nice %system %iowait %steal %idle 1.43 0.00 3.90 0.02 0.00 94.64#iooperation:Device: tps kB_read/s kB_wrtn/s kB_read kB_wrtn sda 0.45 2.23 9.22 3169775 13121375 dm-0 0.97 2.19 9.18 3116095 13058544 dm-1 0.00 0.00 0.01 6798 8592#mpstat:01:15:44 PM CPU %usr %nice %sys %iowait %irq %soft %steal %guest %gnice %idle 01:15:44 PM all 1.43 0.00 3.74 0.02 0.00 0.16 0.00 0.00 0.00 94.64 01:15:44 PM 0 1.41 0.00 3.83 0.02 0.00 0.00 0.00 0.00 0.00 94.73 01:15:44 PM 1 1.46 0.01 3.65 0.02 0.00 0.31 0.00 0.00 0.00 94.55#vmstat:procs -----------memory---------- ---swap-- -----io---- -system-- ------cpu----- r b swpd free buff cache si so bi bo in cs us sy id wa st 0 0 7180 1885100 295176 1071728 0 0 1 5 14 15 1 4 95 0 0
#date:Tue Jul 16 13:16:19 CEST 2019#hostname:10.214.220.161 #SWAP:Swap: 8.0G 7.0M 8.0G#RAM:Mem: 3.9G 772M 1.8G 33M 1.3G 2.7G#Disk:Filesystem Size Used Avail Use% Mounted on /dev/mapper/sopvpyves--vg-root 39G 8.0G 29G 22% /#Load:loadaverage:0.00,#Network:Iface MTU Met RX-OK RX-ERR RX-DRP RX-OVR TX-OK TX-ERR TX-DRP TX-OVR Flg ens160 1500 0 351991820 0 2 0 352985225 0 0 0 BMRU #iostat:avg-cpu: %user %nice %system %iowait %steal %idle 1.43 0.00 3.90 0.02 0.00 94.64#iooperation:Device: tps kB_read/s kB_wrtn/s kB_read kB_wrtn sda 0.45 2.23 9.22 3169775 13122015 dm-0 0.97 2.19 9.18 3116095 13059184 dm-1 0.00 0.00 0.01 6798 8592#mpstat:01:16:20 PM CPU %usr %nice %sys %iowait %irq %soft %steal %guest %gnice %idle 01:16:20 PM all 1.43 0.00 3.74 0.02 0.00 0.16 0.00 0.00 0.00 94.64 01:16:20 PM 0 1.41 0.00 3.83 0.02 0.00 0.00 0.00 0.00 0.00 94.73 01:16:20 PM 1 1.46 0.01 3.65 0.02 0.00 0.31 0.00 0.00 0.00 94.55#vmstat:procs -----------memory---------- ---swap-- -----io---- -system-- ------cpu----- r b swpd free buff cache si so bi bo in cs us sy id wa st 0 0 7180 1881020 295176 1071888 0 0 1 5 14 15 1 4 95 0 0
#date:Tue Jul 16 13:16:44 CEST 2019#hostname:10.214.220.161 #SWAP:Swap: 8.0G 7.0M 8.0G#RAM:Mem: 3.9G 774M 1.8G 33M 1.3G 2.7G#Disk:Filesystem Size Used Avail Use% Mounted on /dev/mapper/sopvpyves--vg-root 39G 8.0G 29G 22% /#Load:loadaverage:0.00,#Network:Iface MTU Met RX-OK RX-ERR RX-DRP RX-OVR TX-OK TX-ERR TX-DRP TX-OVR Flg ens160 1500 0 351994199 0 2 0 352987437 0 0 0 BMRU #iostat:avg-cpu: %user %nice %system %iowait %steal %idle 1.43 0.00 3.90 0.02 0.00 94.64#iooperation:Device: tps kB_read/s kB_wrtn/s kB_read kB_wrtn sda 0.45 2.23 9.22 3169775 13122307 dm-0 0.97 2.19 9.18 3116095 13059476 dm-1 0.00 0.00 0.01 6798 8592#mpstat:01:16:44 PM CPU %usr %nice %sys %iowait %irq %soft %steal %guest %gnice %idle 01:16:44 PM all 1.43 0.00 3.74 0.02 0.00 0.16 0.00 0.00 0.00 94.64 01:16:44 PM 0 1.41 0.00 3.83 0.02 0.00 0.00 0.00 0.00 0.00 94.73 01:16:44 PM 1 1.46 0.01 3.65 0.02 0.00 0.31 0.00 0.00 0.00 94.55#vmstat:procs -----------memory---------- ---swap-- -----io---- -system-- ------cpu----- r b swpd free buff cache si so bi bo in cs us sy id wa st 0 0 7180 1878272 295176 1071884 0 0 1 5 14 15 1 4 95 0 0
#date:Tue Jul 16 13:17:20 CEST 2019#hostname:10.214.220.161 #SWAP:Swap: 8.0G 7.0M 8.0G#RAM:Mem: 3.9G 733M 1.8G 33M 1.3G 2.8G#Disk:Filesystem Size Used Avail Use% Mounted on /dev/mapper/sopvpyves--vg-root 39G 8.0G 29G 22% /#Load:loadaverage:0.00,#Network:Iface MTU Met RX-OK RX-ERR RX-DRP RX-OVR TX-OK TX-ERR TX-DRP TX-OVR Flg ens160 1500 0 351997896 0 2 0 352990792 0 0 0 BMRU #iostat:avg-cpu: %user %nice %system %iowait %steal %idle 1.43 0.00 3.90 0.02 0.00 94.64#iooperation:Device: tps kB_read/s kB_wrtn/s kB_read kB_wrtn sda 0.45 2.23 9.22 3169775 13122895 dm-0 0.97 2.19 9.18 3116095 13060064 dm-1 0.00 0.00 0.01 6798 8592#mpstat:01:17:20 PM CPU %usr %nice %sys %iowait %irq %soft %steal %guest %gnice %idle 01:17:20 PM all 1.43 0.00 3.74 0.02 0.00 0.16 0.00 0.00 0.00 94.64 01:17:20 PM 0 1.41 0.00 3.83 0.02 0.00 0.00 0.00 0.00 0.00 94.73 01:17:20 PM 1 1.46 0.01 3.65 0.02 0.00 0.31 0.00 0.00 0.00 94.55#vmstat:procs -----------memory---------- ---swap-- -----io---- -system-- ------cpu----- r b swpd free buff cache si so bi bo in cs us sy id wa st 0 0 7180 1919460 295180 1072228 0 0 1 5 14 15 1 4 95 0 0
#date:Tue Jul 16 13:17:44 CEST 2019#hostname:10.214.220.161 #SWAP:Swap: 8.0G 7.0M 8.0G#RAM:Mem: 3.9G 752M 1.8G 33M 1.3G 2.7G#Disk:Filesystem Size Used Avail Use% Mounted on /dev/mapper/sopvpyves--vg-root 39G 8.0G 29G 22% /#Load:loadaverage:0.08,#Network:Iface MTU Met RX-OK RX-ERR RX-DRP RX-OVR TX-OK TX-ERR TX-DRP TX-OVR Flg ens160 1500 0 352000367 0 2 0 352993032 0 0 0 BMRU #iostat:avg-cpu: %user %nice %system %iowait %steal %idle 1.43 0.00 3.90 0.02 0.00 94.64#iooperation:Device: tps kB_read/s kB_wrtn/s kB_read kB_wrtn sda 0.45 2.23 9.22 3169775 13123127 dm-0 0.97 2.19 9.18 3116095 13060296 dm-1 0.00 0.00 0.01 6798 8592#mpstat:01:17:44 PM CPU %usr %nice %sys %iowait %irq %soft %steal %guest %gnice %idle 01:17:44 PM all 1.43 0.00 3.74 0.02 0.00 0.16 0.00 0.00 0.00 94.64 01:17:44 PM 0 1.41 0.00 3.83 0.02 0.00 0.00 0.00 0.00 0.00 94.73 01:17:44 PM 1 1.46 0.01 3.65 0.02 0.00 0.31 0.00 0.00 0.00 94.55#vmstat:procs -----------memory---------- ---swap-- -----io---- -system-- ------cpu----- r b swpd free buff cache si so bi bo in cs us sy id wa st 0 0 7180 1899208 295180 1072468 0 0 1 5 14 15 1 4 95 0 0
#date:Tue Jul 16 13:18:20 CEST 2019#hostname:10.214.220.161 #SWAP:Swap: 8.0G 7.0M 8.0G#RAM:Mem: 3.9G 772M 1.8G 33M 1.3G 2.7G#Disk:Filesystem Size Used Avail Use% Mounted on /dev/mapper/sopvpyves--vg-root 39G 8.0G 29G 22% /#Load:loadaverage:0.04,#Network:Iface MTU Met RX-OK RX-ERR RX-DRP RX-OVR TX-OK TX-ERR TX-DRP TX-OVR Flg ens160 1500 0 352004111 0 2 0 352996371 0 0 0 BMRU #iostat:avg-cpu: %user %nice %system %iowait %steal %idle 1.43 0.00 3.90 0.02 0.00 94.64#iooperation:Device: tps kB_read/s kB_wrtn/s kB_read kB_wrtn sda 0.45 2.23 9.22 3169775 13123495 dm-0 0.97 2.19 9.18 3116095 13060664 dm-1 0.00 0.00 0.01 6798 8592#mpstat:01:18:20 PM CPU %usr %nice %sys %iowait %irq %soft %steal %guest %gnice %idle 01:18:20 PM all 1.43 0.00 3.74 0.02 0.00 0.16 0.00 0.00 0.00 94.64 01:18:20 PM 0 1.41 0.00 3.83 0.02 0.00 0.00 0.00 0.00 0.00 94.73 01:18:20 PM 1 1.46 0.01 3.65 0.02 0.00 0.31 0.00 0.00 0.00 94.55#vmstat:procs -----------memory---------- ---swap-- -----io---- -system-- ------cpu----- r b swpd free buff cache si so bi bo in cs us sy id wa st 0 0 7180 1879664 295180 1072740 0 0 1 5 14 15 1 4 95 0 0
