#date:Tue Jul 16 12:28:02 CEST 2019#hostname:10.214.220.251 #SWAP:Swap: 2.0G 241M 1.8G#RAM:Mem: 912M 839M 23M 6.4M 49M 20M#Disk:Filesystem Size Used Avail Use% Mounted on /dev/mmcblk0p2 15G 12G 3.1G 79% /#Load:average:11.60,4.86,#Network:Iface MTU RX-OK RX-ERR RX-DRP RX-OVR TX-OK TX-ERR TX-DRP TX-OVR Flg eth0 1500 10366 0 3 0 3304 0 0 0 BMRU #iostat:avg-cpu: %user %nice %system %iowait %steal %idle 5.77 0.38 3.34 23.00 0.00 67.52#iooperation:Device tps kB_read/s kB_wrtn/s kB_read kB_wrtn mmcblk0 102.28 4555.14 652.73 2407800 345028#mpstat:12:29:04 PM CPU %usr %nice %sys %iowait %irq %soft %steal %guest %gnice %idle 12:29:04 PM all 5.74 0.37 3.22 23.25 0.00 0.13 0.00 0.00 0.00 67.29 12:29:04 PM 0 5.79 0.12 3.44 23.13 0.00 0.13 0.00 0.00 0.00 67.39 12:29:04 PM 1 5.16 0.67 3.51 23.74 0.00 0.13 0.00 0.00 0.00 66.79 12:29:04 PM 2 5.21 0.57 2.73 23.06 0.00 0.12 0.00 0.00 0.00 68.31 12:29:04 PM 3 6.80 0.14 3.21 23.07 0.00 0.14 0.00 0.00 0.00 66.66#vmstat:procs -----------memory---------- ---swap-- -----io---- -system-- ------cpu----- r b swpd free buff cache si so bi bo in cs us sy id wa st 0 6 302336 24848 972 50704 6 149 1198 185 2932 474 6 3 67 23 0
#date:Tue Jul 16 12:30:12 CEST 2019#hostname:10.214.220.251 #SWAP:Swap: 2.0G 295M 1.7G#RAM:Mem: 912M 834M 24M 6.4M 52M 23M#Disk:Filesystem Size Used Avail Use% Mounted on /dev/mmcblk0p2 15G 12G 3.1G 79% /#Load:average:10.52,6.24,#Network:Iface MTU RX-OK RX-ERR RX-DRP RX-OVR TX-OK TX-ERR TX-DRP TX-OVR Flg eth0 1500 11900 0 3 0 3656 0 0 0 BMRU #iostat:avg-cpu: %user %nice %system %iowait %steal %idle 4.99 0.32 3.43 29.85 0.00 61.42#iooperation:Device tps kB_read/s kB_wrtn/s kB_read kB_wrtn mmcblk0 135.18 6660.44 625.84 4118216 386964#mpstat:12:30:35 PM CPU %usr %nice %sys %iowait %irq %soft %steal %guest %gnice %idle 12:30:35 PM all 4.95 0.32 3.41 30.31 0.00 0.12 0.00 0.00 0.00 60.90 12:30:35 PM 0 5.00 0.10 3.58 32.66 0.00 0.12 0.00 0.00 0.00 58.53 12:30:35 PM 1 4.46 0.57 3.68 29.54 0.00 0.12 0.00 0.00 0.00 61.64 12:30:35 PM 2 4.49 0.48 2.99 28.97 0.00 0.11 0.00 0.00 0.00 62.95 12:30:35 PM 3 5.83 0.12 3.38 30.08 0.00 0.13 0.00 0.00 0.00 60.47#vmstat:procs -----------memory---------- ---swap-- -----io---- -system-- ------cpu----- r b swpd free buff cache si so bi bo in cs us sy id wa st 1 8 302336 25180 1516 52144 5 127 1748 158 2931 474 5 4 61 31 0
#date:Tue Jul 16 12:31:58 CEST 2019#hostname:10.214.220.251 #SWAP:Swap: 2.0G 294M 1.7G#RAM:Mem: 912M 836M 20M 6.4M 54M 20M#Disk:Filesystem Size Used Avail Use% Mounted on /dev/mmcblk0p2 15G 12G 3.1G 79% /#Load:average:14.33,11.01,#Network:Iface MTU RX-OK RX-ERR RX-DRP RX-OVR TX-OK TX-ERR TX-DRP TX-OVR Flg eth0 1500 18341 0 3 0 4983 0 0 0 BMRU #iostat:avg-cpu: %user %nice %system %iowait %steal %idle 3.46 0.20 3.90 49.68 0.00 42.75#iooperation:Device tps kB_read/s kB_wrtn/s kB_read kB_wrtn mmcblk0 214.68 11535.19 400.59 11201244 388996#mpstat:12:36:25 PM CPU %usr %nice %sys %iowait %irq %soft %steal %guest %gnice %idle 12:36:25 PM all 3.47 0.20 3.79 49.68 0.00 0.10 0.00 0.00 0.00 42.75 12:36:25 PM 0 3.52 0.07 3.84 45.17 0.00 0.11 0.00 0.00 0.00 47.30 12:36:25 PM 1 3.16 0.36 3.98 52.78 0.00 0.10 0.00 0.00 0.00 39.62 12:36:25 PM 2 3.21 0.31 3.50 49.38 0.00 0.10 0.00 0.00 0.00 43.51 12:36:25 PM 3 4.00 0.08 3.86 51.39 0.00 0.11 0.00 0.00 0.00 40.56#vmstat:procs -----------memory---------- ---swap-- -----io---- -system-- ------cpu----- r b swpd free buff cache si so bi bo in cs us sy id wa st 3 4 300800 62484 5484 116192 4 82 2956 102 2925 473 4 4 43 50 0
#date:Tue Jul 16 12:37:25 CEST 2019#hostname:10.214.220.251 #SWAP:Swap: 2.0G 341M 1.7G#RAM:Mem: 912M 826M 24M 6.6M 61M 27M#Disk:Filesystem Size Used Avail Use% Mounted on /dev/mmcblk0p2 15G 12G 3.1G 79% /#Load:average:7.68,9.70,#Network:Iface MTU RX-OK RX-ERR RX-DRP RX-OVR TX-OK TX-ERR TX-DRP TX-OVR Flg eth0 1500 25700 0 3 0 10641 0 0 0 BMRU #iostat:avg-cpu: %user %nice %system %iowait %steal %idle 3.81 0.19 4.00 50.15 0.00 41.86#iooperation:Device tps kB_read/s kB_wrtn/s kB_read kB_wrtn mmcblk0 229.08 11881.72 431.04 12333340 447420#mpstat:12:37:32 PM CPU %usr %nice %sys %iowait %irq %soft %steal %guest %gnice %idle 12:37:32 PM all 3.81 0.19 3.88 50.16 0.00 0.12 0.00 0.00 0.00 41.84 12:37:32 PM 0 3.75 0.06 3.92 45.81 0.00 0.12 0.00 0.00 0.00 46.34 12:37:32 PM 1 3.56 0.34 4.08 53.45 0.00 0.11 0.00 0.00 0.00 38.45 12:37:32 PM 2 3.58 0.29 3.59 49.83 0.00 0.11 0.00 0.00 0.00 42.61 12:37:32 PM 3 4.35 0.07 3.93 51.58 0.00 0.13 0.00 0.00 0.00 39.95#vmstat:procs -----------memory---------- ---swap-- -----io---- -system-- ------cpu----- r b swpd free buff cache si so bi bo in cs us sy id wa st 0 5 349440 25064 1444 60568 4 89 3048 110 2946 496 4 4 42 50 0
#date:Tue Jul 16 12:38:35 CEST 2019#hostname:10.214.220.251 #SWAP:Swap: 2.0G 341M 1.7G#RAM:Mem: 912M 826M 25M 6.6M 60M 28M#Disk:Filesystem Size Used Avail Use% Mounted on /dev/mmcblk0p2 15G 12G 3.1G 79% /#Load:average:6.06,8.70,#Network:Iface MTU RX-OK RX-ERR RX-DRP RX-OVR TX-OK TX-ERR TX-DRP TX-OVR Flg eth0 1500 35154 0 3 0 17996 0 0 0 BMRU #iostat:avg-cpu: %user %nice %system %iowait %steal %idle 3.72 0.18 4.04 50.60 0.00 41.45#iooperation:Device tps kB_read/s kB_wrtn/s kB_read kB_wrtn mmcblk0 240.11 12398.41 403.77 13775996 448628#mpstat:12:38:45 PM CPU %usr %nice %sys %iowait %irq %soft %steal %guest %gnice %idle 12:38:45 PM all 3.72 0.18 3.92 50.62 0.00 0.13 0.00 0.00 0.00 41.43 12:38:45 PM 0 3.65 0.06 3.96 46.53 0.00 0.14 0.00 0.00 0.00 45.67 12:38:45 PM 1 3.49 0.32 4.11 53.67 0.00 0.12 0.00 0.00 0.00 38.29 12:38:45 PM 2 3.51 0.27 3.62 50.22 0.00 0.13 0.00 0.00 0.00 42.24 12:38:45 PM 3 4.23 0.07 3.98 52.05 0.00 0.14 0.00 0.00 0.00 39.53#vmstat:procs -----------memory---------- ---swap-- -----io---- -system-- ------cpu----- r b swpd free buff cache si so bi bo in cs us sy id wa st 2 3 349440 29696 1372 56932 3 83 3182 103 2958 507 4 4 41 51 0
#date:Tue Jul 16 12:39:47 CEST 2019#hostname:10.214.220.251 #SWAP:Swap: 2.0G 341M 1.7G#RAM:Mem: 912M 651M 29M 6.6M 231M 193M#Disk:Filesystem Size Used Avail Use% Mounted on /dev/mmcblk0p2 15G 12G 3.1G 79% /#Load:average:4.03,7.62,#Network:Iface MTU RX-OK RX-ERR RX-DRP RX-OVR TX-OK TX-ERR TX-DRP TX-OVR Flg eth0 1500 44474 0 3 0 26092 0 0 0 BMRU #iostat:avg-cpu: %user %nice %system %iowait %steal %idle 4.87 0.17 4.07 49.47 0.00 41.42#iooperation:Device tps kB_read/s kB_wrtn/s kB_read kB_wrtn mmcblk0 238.65 12796.51 395.06 15038720 464280#mpstat:12:39:49 PM CPU %usr %nice %sys %iowait %irq %soft %steal %guest %gnice %idle 12:39:49 PM all 4.87 0.17 3.92 49.46 0.00 0.15 0.00 0.00 0.00 41.42 12:39:49 PM 0 4.73 0.06 3.97 45.72 0.00 0.15 0.00 0.00 0.00 45.37 12:39:49 PM 1 4.82 0.30 4.10 52.14 0.00 0.14 0.00 0.00 0.00 38.50 12:39:49 PM 2 4.63 0.26 3.66 49.23 0.00 0.15 0.00 0.00 0.00 42.08 12:39:49 PM 3 5.31 0.06 3.96 50.76 0.00 0.16 0.00 0.00 0.00 39.74#vmstat:procs -----------memory---------- ---swap-- -----io---- -system-- ------cpu----- r b swpd free buff cache si so bi bo in cs us sy id wa st 1 1 349184 28520 3032 234240 3 78 3280 101 2971 514 5 4 41 49 0
#date:Tue Jul 16 12:40:49 CEST 2019#hostname:10.214.220.251 #SWAP:Swap: 2.0G 340M 1.7G#RAM:Mem: 912M 677M 28M 6.6M 205M 167M#Disk:Filesystem Size Used Avail Use% Mounted on /dev/mmcblk0p2 15G 12G 3.1G 79% /#Load:average:3.28,6.66,#Network:Iface MTU RX-OK RX-ERR RX-DRP RX-OVR TX-OK TX-ERR TX-DRP TX-OVR Flg eth0 1500 49045 0 3 0 30045 0 0 0 BMRU #iostat:avg-cpu: %user %nice %system %iowait %steal %idle 6.29 0.16 4.06 48.17 0.00 41.32#iooperation:Device tps kB_read/s kB_wrtn/s kB_read kB_wrtn mmcblk0 235.43 13014.68 393.53 16095780 486692#mpstat:12:40:50 PM CPU %usr %nice %sys %iowait %irq %soft %steal %guest %gnice %idle 12:40:50 PM all 6.29 0.16 3.90 48.17 0.00 0.15 0.00 0.00 0.00 41.32 12:40:50 PM 0 6.17 0.05 3.95 44.64 0.00 0.16 0.00 0.00 0.00 45.03 12:40:50 PM 1 5.90 0.29 4.11 50.96 0.00 0.14 0.00 0.00 0.00 38.60 12:40:50 PM 2 6.42 0.24 3.65 47.81 0.00 0.15 0.00 0.00 0.00 41.73 12:40:50 PM 3 6.68 0.06 3.91 49.28 0.00 0.16 0.00 0.00 0.00 39.90#vmstat:procs -----------memory---------- ---swap-- -----io---- -system-- ------cpu----- r b swpd free buff cache si so bi bo in cs us sy id wa st 1 1 348928 31308 452 207476 3 74 3335 101 2978 515 6 4 41 48 0
#date:Tue Jul 16 12:41:52 CEST 2019#hostname:10.214.220.251 #SWAP:Swap: 2.0G 340M 1.7G#RAM:Mem: 912M 757M 28M 6.6M 125M 87M#Disk:Filesystem Size Used Avail Use% Mounted on /dev/mmcblk0p2 15G 12G 3.1G 79% /#Load:average:3.78,6.08,#Network:Iface MTU RX-OK RX-ERR RX-DRP RX-OVR TX-OK TX-ERR TX-DRP TX-OVR Flg eth0 1500 57229 0 3 0 37760 0 0 0 BMRU #iostat:avg-cpu: %user %nice %system %iowait %steal %idle 7.36 0.15 4.04 47.59 0.00 40.86#iooperation:Device tps kB_read/s kB_wrtn/s kB_read kB_wrtn mmcblk0 231.22 13092.55 424.34 17066536 553136#mpstat:12:41:57 PM CPU %usr %nice %sys %iowait %irq %soft %steal %guest %gnice %idle 12:41:57 PM all 7.36 0.15 3.87 47.59 0.00 0.17 0.00 0.00 0.00 40.86 12:41:57 PM 0 7.27 0.05 3.91 44.26 0.00 0.17 0.00 0.00 0.00 44.34 12:41:57 PM 1 6.79 0.27 4.05 50.45 0.00 0.16 0.00 0.00 0.00 38.28 12:41:57 PM 2 7.91 0.23 3.63 47.01 0.00 0.17 0.00 0.00 0.00 41.05 12:41:57 PM 3 7.49 0.06 3.88 48.64 0.00 0.18 0.00 0.00 0.00 39.75#vmstat:procs -----------memory---------- ---swap-- -----io---- -system-- ------cpu----- r b swpd free buff cache si so bi bo in cs us sy id wa st 0 5 348416 29328 4420 124048 3 71 3355 108 2994 530 8 4 41 48 0
#date:Tue Jul 16 12:42:58 CEST 2019#hostname:10.214.220.251 #SWAP:Swap: 2.0G 337M 1.7G#RAM:Mem: 912M 763M 28M 6.6M 120M 81M#Disk:Filesystem Size Used Avail Use% Mounted on /dev/mmcblk0p2 15G 12G 3.1G 79% /#Load:average:3.24,5.51,#Network:Iface MTU RX-OK RX-ERR RX-DRP RX-OVR TX-OK TX-ERR TX-DRP TX-OVR Flg eth0 1500 65196 0 3 0 44414 0 0 0 BMRU #iostat:avg-cpu: %user %nice %system %iowait %steal %idle 8.42 0.15 4.03 46.68 0.00 40.73#iooperation:Device tps kB_read/s kB_wrtn/s kB_read kB_wrtn mmcblk0 230.71 13344.59 416.34 18224836 568596#mpstat:12:42:59 PM CPU %usr %nice %sys %iowait %irq %soft %steal %guest %gnice %idle 12:42:59 PM all 8.42 0.15 3.85 46.68 0.00 0.18 0.00 0.00 0.00 40.73 12:42:59 PM 0 8.28 0.05 3.88 43.48 0.00 0.19 0.00 0.00 0.00 44.13 12:42:59 PM 1 7.98 0.26 4.02 49.31 0.00 0.17 0.00 0.00 0.00 38.26 12:42:59 PM 2 9.02 0.22 3.63 46.25 0.00 0.18 0.00 0.00 0.00 40.70 12:42:59 PM 3 8.40 0.05 3.86 47.68 0.00 0.19 0.00 0.00 0.00 39.82#vmstat:procs -----------memory---------- ---swap-- -----io---- -system-- ------cpu----- r b swpd free buff cache si so bi bo in cs us sy id wa st 1 1 345856 35568 3360 112448 3 67 3419 106 3003 533 9 4 41 47 0
#date:Tue Jul 16 12:44:00 CEST 2019#hostname:10.214.220.251 #SWAP:Swap: 2.0G 337M 1.7G#RAM:Mem: 912M 764M 31M 6.6M 115M 80M#Disk:Filesystem Size Used Avail Use% Mounted on /dev/mmcblk0p2 15G 12G 3.1G 79% /#Load:average:3.82,5.22,#Network:Iface MTU RX-OK RX-ERR RX-DRP RX-OVR TX-OK TX-ERR TX-DRP TX-OVR Flg eth0 1500 75803 0 3 0 53915 0 0 0 BMRU #iostat:avg-cpu: %user %nice %system %iowait %steal %idle 10.63 0.14 4.03 45.64 0.00 39.56#iooperation:Device tps kB_read/s kB_wrtn/s kB_read kB_wrtn mmcblk0 227.34 13364.45 450.86 19089108 643984#mpstat:12:44:02 PM CPU %usr %nice %sys %iowait %irq %soft %steal %guest %gnice %idle 12:44:02 PM all 10.64 0.14 3.84 45.63 0.00 0.20 0.00 0.00 0.00 39.56 12:44:02 PM 0 10.43 0.05 3.88 42.76 0.00 0.20 0.00 0.00 0.00 42.69 12:44:02 PM 1 10.18 0.25 3.99 48.11 0.00 0.19 0.00 0.00 0.00 37.29 12:44:02 PM 2 11.24 0.21 3.64 45.09 0.00 0.20 0.00 0.00 0.00 39.64 12:44:02 PM 3 10.70 0.05 3.84 46.58 0.00 0.21 0.00 0.00 0.00 38.62#vmstat:procs -----------memory---------- ---swap-- -----io---- -system-- ------cpu----- r b swpd free buff cache si so bi bo in cs us sy id wa st 3 1 345856 33720 4056 112560 3 64 3422 115 3012 539 11 4 40 46 0
#date:Tue Jul 16 12:45:03 CEST 2019#hostname:10.214.220.251 #SWAP:Swap: 2.0G 337M 1.7G#RAM:Mem: 912M 771M 30M 6.6M 109M 72M#Disk:Filesystem Size Used Avail Use% Mounted on /dev/mmcblk0p2 15G 12G 3.1G 79% /#Load:average:4.14,5.03,#Network:Iface MTU RX-OK RX-ERR RX-DRP RX-OVR TX-OK TX-ERR TX-DRP TX-OVR Flg eth0 1500 98191 0 3 0 71749 0 0 0 BMRU #iostat:avg-cpu: %user %nice %system %iowait %steal %idle 12.94 0.13 4.05 44.49 0.00 38.39#iooperation:Device tps kB_read/s kB_wrtn/s kB_read kB_wrtn mmcblk0 224.93 13367.31 454.39 19921576 677188#mpstat:12:45:04 PM CPU %usr %nice %sys %iowait %irq %soft %steal %guest %gnice %idle 12:45:04 PM all 12.94 0.13 3.83 44.49 0.00 0.22 0.00 0.00 0.00 38.38 12:45:04 PM 0 12.93 0.04 3.84 41.66 0.00 0.23 0.00 0.00 0.00 41.30 12:45:04 PM 1 12.54 0.24 3.98 46.88 0.00 0.21 0.00 0.00 0.00 36.15 12:45:04 PM 2 13.43 0.20 3.64 43.99 0.00 0.23 0.00 0.00 0.00 38.52 12:45:04 PM 3 12.88 0.05 3.84 45.44 0.00 0.23 0.00 0.00 0.00 37.56#vmstat:procs -----------memory---------- ---swap-- -----io---- -system-- ------cpu----- r b swpd free buff cache si so bi bo in cs us sy id wa st 4 0 345344 29904 3628 108916 3 62 3421 116 3020 535 13 4 38 44 0
#date:Tue Jul 16 12:46:05 CEST 2019#hostname:10.214.220.251 #SWAP:Swap: 2.0G 341M 1.7G#RAM:Mem: 912M 819M 32M 6.6M 59M 35M#Disk:Filesystem Size Used Avail Use% Mounted on /dev/mmcblk0p2 15G 12G 3.1G 79% /#Load:average:5.16,5.10,#Network:Iface MTU RX-OK RX-ERR RX-DRP RX-OVR TX-OK TX-ERR TX-DRP TX-OVR Flg eth0 1500 125113 0 3 0 92706 0 0 0 BMRU #iostat:avg-cpu: %user %nice %system %iowait %steal %idle 14.28 0.13 4.09 44.26 0.00 37.25#iooperation:Device tps kB_read/s kB_wrtn/s kB_read kB_wrtn mmcblk0 228.18 13336.92 473.50 20809996 738816#mpstat:12:46:16 PM CPU %usr %nice %sys %iowait %irq %soft %steal %guest %gnice %idle 12:46:16 PM all 14.30 0.13 3.85 44.32 0.00 0.25 0.00 0.00 0.00 37.16 12:46:16 PM 0 14.24 0.04 3.85 41.56 0.00 0.25 0.00 0.00 0.00 40.06 12:46:16 PM 1 13.93 0.23 3.98 46.61 0.00 0.24 0.00 0.00 0.00 35.01 12:46:16 PM 2 14.78 0.19 3.68 43.94 0.00 0.25 0.00 0.00 0.00 37.16 12:46:16 PM 3 14.24 0.05 3.90 45.18 0.00 0.25 0.00 0.00 0.00 36.39#vmstat:procs -----------memory---------- ---swap-- -----io---- -system-- ------cpu----- r b swpd free buff cache si so bi bo in cs us sy id wa st 3 3 355072 21576 2668 75188 3 61 3415 122 3035 539 14 4 37 44 0
#date:Tue Jul 16 12:47:19 CEST 2019#hostname:10.214.220.251 #SWAP:Swap: 2.0G 375M 1.6G#RAM:Mem: 912M 844M 20M 6.6M 47M 16M#Disk:Filesystem Size Used Avail Use% Mounted on /dev/mmcblk0p2 15G 12G 3.0G 80% /#Load:average:7.89,5.94,#Network:Iface MTU RX-OK RX-ERR RX-DRP RX-OVR TX-OK TX-ERR TX-DRP TX-OVR Flg eth0 1500 170243 0 3 0 124587 0 0 0 BMRU #iostat:avg-cpu: %user %nice %system %iowait %steal %idle 14.28 0.12 4.21 45.44 0.00 35.95#iooperation:Device tps kB_read/s kB_wrtn/s kB_read kB_wrtn mmcblk0 238.05 13497.56 503.48 22238588 829532#mpstat:12:47:43 PM CPU %usr %nice %sys %iowait %irq %soft %steal %guest %gnice %idle 12:47:43 PM all 14.26 0.12 3.93 45.52 0.00 0.29 0.00 0.00 0.00 35.88 12:47:43 PM 0 14.23 0.04 3.93 42.82 0.00 0.29 0.00 0.00 0.00 38.69 12:47:43 PM 1 13.84 0.21 4.04 47.69 0.00 0.29 0.00 0.00 0.00 33.91 12:47:43 PM 2 14.72 0.18 3.77 45.23 0.00 0.29 0.00 0.00 0.00 35.80 12:47:43 PM 3 14.23 0.04 3.98 46.35 0.00 0.28 0.00 0.00 0.00 35.11#vmstat:procs -----------memory---------- ---swap-- -----io---- -system-- ------cpu----- r b swpd free buff cache si so bi bo in cs us sy id wa st 1 6 409856 25468 1008 54736 3 66 3456 130 3054 549 14 4 36 46 0
#date:Tue Jul 16 12:48:51 CEST 2019#hostname:10.214.220.251 #SWAP:Swap: 2.0G 431M 1.6G#RAM:Mem: 912M 819M 33M 1.5M 58M 38M#Disk:Filesystem Size Used Avail Use% Mounted on /dev/mmcblk0p2 15G 12G 3.0G 80% /#Load:average:7.99,6.45,#Network:Iface MTU RX-OK RX-ERR RX-DRP RX-OVR TX-OK TX-ERR TX-DRP TX-OVR Flg eth0 1500 230912 1 3 0 168250 0 0 0 BMRU #iostat:avg-cpu: %user %nice %system %iowait %steal %idle 14.26 0.12 4.37 46.26 0.00 34.99#iooperation:Device tps kB_read/s kB_wrtn/s kB_read kB_wrtn mmcblk0 246.61 13601.00 532.28 23427180 916836#mpstat:12:48:56 PM CPU %usr %nice %sys %iowait %irq %soft %steal %guest %gnice %idle 12:48:56 PM all 14.26 0.12 3.98 46.27 0.00 0.39 0.00 0.00 0.00 34.98 12:48:56 PM 0 14.25 0.04 3.97 43.69 0.00 0.40 0.00 0.00 0.00 37.65 12:48:56 PM 1 13.89 0.21 4.08 48.35 0.00 0.40 0.00 0.00 0.00 33.08 12:48:56 PM 2 14.67 0.17 3.83 46.00 0.00 0.39 0.00 0.00 0.00 34.94 12:48:56 PM 3 14.24 0.04 4.05 47.03 0.00 0.37 0.00 0.00 0.00 34.27#vmstat:procs -----------memory---------- ---swap-- -----io---- -system-- ------cpu----- r b swpd free buff cache si so bi bo in cs us sy id wa st 1 5 443392 25680 1356 66432 6 70 3483 136 3073 557 14 4 35 46 0
#date:Tue Jul 16 12:49:58 CEST 2019#hostname:10.214.220.251 #SWAP:Swap: 2.0G 435M 1.6G#RAM:Mem: 912M 827M 32M 1.5M 52M 33M#Disk:Filesystem Size Used Avail Use% Mounted on /dev/mmcblk0p2 15G 12G 3.0G 80% /#Load:average:7.87,6.72,#Network:Iface MTU RX-OK RX-ERR RX-DRP RX-OVR TX-OK TX-ERR TX-DRP TX-OVR Flg eth0 1500 276199 1 3 0 199155 0 0 0 BMRU #iostat:avg-cpu: %user %nice %system %iowait %steal %idle 14.33 0.11 4.42 46.83 0.00 34.31#iooperation:Device tps kB_read/s kB_wrtn/s kB_read kB_wrtn mmcblk0 255.35 13753.44 530.81 24710676 953704#mpstat:12:50:11 PM CPU %usr %nice %sys %iowait %irq %soft %steal %guest %gnice %idle 12:50:11 PM all 14.35 0.11 4.03 46.92 0.00 0.40 0.00 0.00 0.00 34.20 12:50:11 PM 0 14.40 0.04 4.00 44.50 0.00 0.41 0.00 0.00 0.00 36.66 12:50:11 PM 1 13.99 0.20 4.13 48.80 0.00 0.41 0.00 0.00 0.00 32.47 12:50:11 PM 2 14.65 0.17 3.90 46.69 0.00 0.40 0.00 0.00 0.00 34.19 12:50:11 PM 3 14.33 0.04 4.08 47.68 0.00 0.38 0.00 0.00 0.00 33.49#vmstat:procs -----------memory---------- ---swap-- -----io---- -system-- ------cpu----- r b swpd free buff cache si so bi bo in cs us sy id wa st 1 8 444672 16972 1648 65256 9 70 3525 136 3086 560 14 4 34 47 0
#date:Tue Jul 16 12:51:15 CEST 2019#hostname:10.214.220.251 #SWAP:Swap: 2.0G 457M 1.6G#RAM:Mem: 912M 830M 16M 580K 64M 24M#Disk:Filesystem Size Used Avail Use% Mounted on /dev/mmcblk0p2 15G 12G 3.0G 80% /#Load:average:9.98,7.63,#Network:Iface MTU RX-OK RX-ERR RX-DRP RX-OVR TX-OK TX-ERR TX-DRP TX-OVR Flg eth0 1500 331016 3 3 0 238407 0 0 0 BMRU #iostat:avg-cpu: %user %nice %system %iowait %steal %idle 14.36 0.11 4.55 47.73 0.00 33.25#iooperation:Device tps kB_read/s kB_wrtn/s kB_read kB_wrtn mmcblk0 263.76 13863.49 537.99 25943584 1006772#mpstat:12:51:25 PM CPU %usr %nice %sys %iowait %irq %soft %steal %guest %gnice %idle 12:51:25 PM all 14.37 0.11 4.11 47.76 0.00 0.44 0.00 0.00 0.00 33.22 12:51:25 PM 0 14.38 0.03 4.07 45.35 0.00 0.47 0.00 0.00 0.00 35.69 12:51:25 PM 1 14.06 0.19 4.20 49.59 0.00 0.45 0.00 0.00 0.00 31.51 12:51:25 PM 2 14.70 0.16 3.99 47.70 0.00 0.43 0.00 0.00 0.00 33.02 12:51:25 PM 3 14.35 0.04 4.17 48.39 0.00 0.42 0.00 0.00 0.00 32.64#vmstat:procs -----------memory---------- ---swap-- -----io---- -system-- ------cpu----- r b swpd free buff cache si so bi bo in cs us sy id wa st 0 8 475392 16836 1404 75464 12 73 3552 140 3103 566 14 5 33 48 0
#date:Tue Jul 16 12:52:29 CEST 2019#hostname:10.214.220.251 #SWAP:Swap: 2.0G 489M 1.5G#RAM:Mem: 912M 803M 31M 1.6M 77M 45M#Disk:Filesystem Size Used Avail Use% Mounted on /dev/mmcblk0p2 15G 12G 3.0G 80% /#Load:average:8.90,7.85,#Network:Iface MTU RX-OK RX-ERR RX-DRP RX-OVR TX-OK TX-ERR TX-DRP TX-OVR Flg eth0 1500 392699 4 3 0 280644 0 0 0 BMRU #iostat:avg-cpu: %user %nice %system %iowait %steal %idle 14.56 0.10 4.66 48.22 0.00 32.45#iooperation:Device tps kB_read/s kB_wrtn/s kB_read kB_wrtn mmcblk0 269.04 13906.95 555.03 26939992 1075188#mpstat:12:52:31 PM CPU %usr %nice %sys %iowait %irq %soft %steal %guest %gnice %idle 12:52:31 PM all 14.57 0.10 4.15 48.22 0.00 0.51 0.00 0.00 0.00 32.45 12:52:31 PM 0 14.64 0.03 4.11 46.01 0.00 0.52 0.00 0.00 0.00 34.67 12:52:31 PM 1 14.29 0.18 4.24 49.97 0.00 0.51 0.00 0.00 0.00 30.81 12:52:31 PM 2 14.89 0.16 4.03 48.15 0.00 0.55 0.00 0.00 0.00 32.22 12:52:31 PM 3 14.44 0.04 4.22 48.75 0.00 0.46 0.00 0.00 0.00 32.10#vmstat:procs -----------memory---------- ---swap-- -----io---- -system-- ------cpu----- r b swpd free buff cache si so bi bo in cs us sy id wa st 5 2 500992 27856 728 84488 13 75 3564 142 3116 569 15 5 32 48 0
#date:Tue Jul 16 12:53:32 CEST 2019#hostname:10.214.220.251 #SWAP:Swap: 2.0G 465M 1.5G#RAM:Mem: 912M 832M 27M 1.6M 51M 28M#Disk:Filesystem Size Used Avail Use% Mounted on /dev/mmcblk0p2 15G 12G 3.0G 80% /#Load:average:8.22,7.73,#Network:Iface MTU RX-OK RX-ERR RX-DRP RX-OVR TX-OK TX-ERR TX-DRP TX-OVR Flg eth0 1500 453675 4 3 0 316044 0 0 0 BMRU #iostat:avg-cpu: %user %nice %system %iowait %steal %idle 14.70 0.10 4.72 48.63 0.00 31.85#iooperation:Device tps kB_read/s kB_wrtn/s kB_read kB_wrtn mmcblk0 274.86 14010.59 548.96 28191412 1104584#mpstat:12:53:46 PM CPU %usr %nice %sys %iowait %irq %soft %steal %guest %gnice %idle 12:53:46 PM all 14.70 0.10 4.19 48.65 0.00 0.52 0.00 0.00 0.00 31.84 12:53:46 PM 0 14.76 0.03 4.18 46.47 0.00 0.53 0.00 0.00 0.00 34.03 12:53:46 PM 1 14.43 0.18 4.26 50.25 0.00 0.52 0.00 0.00 0.00 30.37 12:53:46 PM 2 15.04 0.15 4.06 48.69 0.00 0.57 0.00 0.00 0.00 31.48 12:53:46 PM 3 14.57 0.04 4.26 49.19 0.00 0.48 0.00 0.00 0.00 31.48#vmstat:procs -----------memory---------- ---swap-- -----io---- -system-- ------cpu----- r b swpd free buff cache si so bi bo in cs us sy id wa st 1 4 482048 25276 1568 63928 17 74 3589 141 3125 569 15 5 32 49 0
#date:Tue Jul 16 12:54:49 CEST 2019#hostname:10.214.220.251 #SWAP:Swap: 2.0G 469M 1.5G#RAM:Mem: 912M 811M 28M 1.6M 72M 39M#Disk:Filesystem Size Used Avail Use% Mounted on /dev/mmcblk0p2 15G 12G 2.9G 80% /#Load:average:6.29,7.27,#Network:Iface MTU RX-OK RX-ERR RX-DRP RX-OVR TX-OK TX-ERR TX-DRP TX-OVR Flg eth0 1500 481483 4 3 0 339076 0 0 0 BMRU #iostat:avg-cpu: %user %nice %system %iowait %steal %idle 15.81 0.10 4.71 48.18 0.00 31.20#iooperation:Device tps kB_read/s kB_wrtn/s kB_read kB_wrtn mmcblk0 276.39 14021.12 555.50 29140660 1154524#mpstat:12:54:52 PM CPU %usr %nice %sys %iowait %irq %soft %steal %guest %gnice %idle 12:54:52 PM all 15.81 0.10 4.18 48.18 0.00 0.53 0.00 0.00 0.00 31.20 12:54:52 PM 0 15.79 0.03 4.16 45.99 0.00 0.54 0.00 0.00 0.00 33.49 12:54:52 PM 1 15.57 0.17 4.25 49.73 0.00 0.52 0.00 0.00 0.00 29.75 12:54:52 PM 2 16.21 0.14 4.05 48.24 0.00 0.57 0.00 0.00 0.00 30.78 12:54:52 PM 3 15.68 0.04 4.26 48.78 0.00 0.48 0.00 0.00 0.00 30.76#vmstat:procs -----------memory---------- ---swap-- -----io---- -system-- ------cpu----- r b swpd free buff cache si so bi bo in cs us sy id wa st 3 1 480512 28608 1960 72448 16 72 3593 142 3128 566 16 5 31 48 0
#date:Tue Jul 16 12:55:52 CEST 2019#hostname:10.214.220.251 #SWAP:Swap: 2.0G 472M 1.5G#RAM:Mem: 912M 813M 28M 1.6M 69M 38M#Disk:Filesystem Size Used Avail Use% Mounted on /dev/mmcblk0p2 15G 12G 2.9G 81% /#Load:average:5.62,6.89,#Network:Iface MTU RX-OK RX-ERR RX-DRP RX-OVR TX-OK TX-ERR TX-DRP TX-OVR Flg eth0 1500 524498 4 3 0 373835 0 0 0 BMRU #iostat:avg-cpu: %user %nice %system %iowait %steal %idle 17.18 0.09 4.77 47.47 0.00 30.49#iooperation:Device tps kB_read/s kB_wrtn/s kB_read kB_wrtn mmcblk0 277.82 13947.21 567.66 29886212 1216396#mpstat:12:55:56 PM CPU %usr %nice %sys %iowait %irq %soft %steal %guest %gnice %idle 12:55:56 PM all 17.18 0.09 4.22 47.47 0.00 0.55 0.00 0.00 0.00 30.49 12:55:56 PM 0 17.16 0.03 4.18 45.36 0.00 0.56 0.00 0.00 0.00 32.71 12:55:56 PM 1 17.04 0.17 4.28 48.95 0.00 0.55 0.00 0.00 0.00 29.01 12:55:56 PM 2 17.50 0.14 4.10 47.53 0.00 0.60 0.00 0.00 0.00 30.13 12:55:56 PM 3 17.01 0.03 4.32 48.04 0.00 0.50 0.00 0.00 0.00 30.10#vmstat:procs -----------memory---------- ---swap-- -----io---- -system-- ------cpu----- r b swpd free buff cache si so bi bo in cs us sy id wa st 2 2 484096 28184 2420 71800 17 70 3574 145 3138 565 17 5 30 47 0
#date:Tue Jul 16 12:56:58 CEST 2019#hostname:10.214.220.251 #SWAP:Swap: 2.0G 477M 1.5G#RAM:Mem: 912M 827M 27M 1.6M 57M 31M#Disk:Filesystem Size Used Avail Use% Mounted on /dev/mmcblk0p2 15G 12G 2.9G 81% /#Load:average:5.49,6.60,#Network:Iface MTU RX-OK RX-ERR RX-DRP RX-OVR TX-OK TX-ERR TX-DRP TX-OVR Flg eth0 1500 573105 4 3 0 406705 0 0 0 BMRU #iostat:avg-cpu: %user %nice %system %iowait %steal %idle 17.48 0.09 4.78 47.55 0.00 30.10#iooperation:Device tps kB_read/s kB_wrtn/s kB_read kB_wrtn mmcblk0 283.70 13985.20 566.18 30964916 1253600#mpstat:12:57:09 PM CPU %usr %nice %sys %iowait %irq %soft %steal %guest %gnice %idle 12:57:09 PM all 17.47 0.09 4.22 47.58 0.00 0.57 0.00 0.00 0.00 30.08 12:57:09 PM 0 17.44 0.03 4.19 45.50 0.00 0.58 0.00 0.00 0.00 32.27 12:57:09 PM 1 17.34 0.16 4.29 48.95 0.00 0.56 0.00 0.00 0.00 28.70 12:57:09 PM 2 17.74 0.14 4.10 47.58 0.00 0.61 0.00 0.00 0.00 29.83 12:57:09 PM 3 17.34 0.03 4.31 48.30 0.00 0.51 0.00 0.00 0.00 29.50#vmstat:procs -----------memory---------- ---swap-- -----io---- -system-- ------cpu----- r b swpd free buff cache si so bi bo in cs us sy id wa st 2 2 494848 29684 1752 59872 16 69 3584 145 3147 566 18 5 30 48 0
#date:Tue Jul 16 12:58:12 CEST 2019#hostname:10.214.220.251 #SWAP:Swap: 2.0G 483M 1.5G#RAM:Mem: 912M 825M 26M 1.6M 60M 31M#Disk:Filesystem Size Used Avail Use% Mounted on /dev/mmcblk0p2 15G 12G 2.8G 81% /#Load:average:5.93,6.45,#Network:Iface MTU RX-OK RX-ERR RX-DRP RX-OVR TX-OK TX-ERR TX-DRP TX-OVR Flg eth0 1500 640919 4 3 0 451691 0 0 0 BMRU #iostat:avg-cpu: %user %nice %system %iowait %steal %idle 17.57 0.09 4.82 47.87 0.00 29.65#iooperation:Device tps kB_read/s kB_wrtn/s kB_read kB_wrtn mmcblk0 289.01 14123.76 562.23 32338196 1287300#mpstat:12:58:24 PM CPU %usr %nice %sys %iowait %irq %soft %steal %guest %gnice %idle 12:58:24 PM all 17.57 0.09 4.25 47.88 0.00 0.57 0.00 0.00 0.00 29.64 12:58:24 PM 0 17.55 0.03 4.21 45.91 0.00 0.59 0.00 0.00 0.00 31.71 12:58:24 PM 1 17.52 0.15 4.31 49.29 0.00 0.57 0.00 0.00 0.00 28.17 12:58:24 PM 2 17.85 0.13 4.14 47.89 0.00 0.62 0.00 0.00 0.00 29.37 12:58:24 PM 3 17.34 0.03 4.34 48.44 0.00 0.53 0.00 0.00 0.00 29.32#vmstat:procs -----------memory---------- ---swap-- -----io---- -system-- ------cpu----- r b swpd free buff cache si so bi bo in cs us sy id wa st 1 8 494848 19712 1840 69060 16 67 3619 144 3158 566 18 5 30 48 0
#date:Tue Jul 16 12:59:29 CEST 2019#hostname:10.214.220.251 #SWAP:Swap: 2.0G 486M 1.5G#RAM:Mem: 912M 805M 23M 1.6M 83M 43M#Disk:Filesystem Size Used Avail Use% Mounted on /dev/mmcblk0p2 15G 12G 2.8G 81% /#Load:average:5.44,6.20,#Network:Iface MTU RX-OK RX-ERR RX-DRP RX-OVR TX-OK TX-ERR TX-DRP TX-OVR Flg eth0 1500 683887 4 3 0 489261 0 0 0 BMRU #iostat:avg-cpu: %user %nice %system %iowait %steal %idle 18.47 0.08 4.83 47.55 0.00 29.07#iooperation:Device tps kB_read/s kB_wrtn/s kB_read kB_wrtn mmcblk0 290.41 14069.04 569.14 33175496 1342056#mpstat:12:59:32 PM CPU %usr %nice %sys %iowait %irq %soft %steal %guest %gnice %idle 12:59:32 PM all 18.47 0.08 4.24 47.54 0.00 0.59 0.00 0.00 0.00 29.07 12:59:32 PM 0 18.46 0.03 4.20 45.65 0.00 0.60 0.00 0.00 0.00 31.07 12:59:32 PM 1 18.40 0.15 4.30 48.83 0.00 0.58 0.00 0.00 0.00 27.74 12:59:32 PM 2 18.76 0.13 4.13 47.58 0.00 0.64 0.00 0.00 0.00 28.76 12:59:32 PM 3 18.27 0.03 4.33 48.11 0.00 0.55 0.00 0.00 0.00 28.71#vmstat:procs -----------memory---------- ---swap-- -----io---- -system-- ------cpu----- r b swpd free buff cache si so bi bo in cs us sy id wa st 3 1 498176 24936 2508 81784 16 66 3605 146 3166 565 19 5 29 48 0
#date:Tue Jul 16 13:00:33 CEST 2019#hostname:10.214.220.251 #SWAP:Swap: 2.0G 488M 1.5G#RAM:Mem: 912M 836M 16M 1.1M 58M 21M#Disk:Filesystem Size Used Avail Use% Mounted on /dev/mmcblk0p2 15G 12G 2.8G 82% /#Load:average:5.97,6.16,#Network:Iface MTU RX-OK RX-ERR RX-DRP RX-OVR TX-OK TX-ERR TX-DRP TX-OVR Flg eth0 1500 740321 4 3 0 526549 0 0 0 BMRU #iostat:avg-cpu: %user %nice %system %iowait %steal %idle 18.91 0.08 4.87 47.55 0.00 28.60#iooperation:Device tps kB_read/s kB_wrtn/s kB_read kB_wrtn mmcblk0 296.18 14115.58 570.48 34325272 1387248#mpstat:01:00:46 PM CPU %usr %nice %sys %iowait %irq %soft %steal %guest %gnice %idle 01:00:46 PM all 18.90 0.08 4.27 47.57 0.00 0.61 0.00 0.00 0.00 28.57 01:00:46 PM 0 18.87 0.03 4.23 45.74 0.00 0.61 0.00 0.00 0.00 30.52 01:00:46 PM 1 18.75 0.15 4.33 48.76 0.00 0.60 0.00 0.00 0.00 27.41 01:00:46 PM 2 19.17 0.12 4.16 47.68 0.00 0.65 0.00 0.00 0.00 28.22 01:00:46 PM 3 18.79 0.03 4.36 48.12 0.00 0.56 0.00 0.00 0.00 28.13#vmstat:procs -----------memory---------- ---swap-- -----io---- -system-- ------cpu----- r b swpd free buff cache si so bi bo in cs us sy id wa st 1 5 506624 16856 1456 53940 15 65 3617 146 3177 567 19 5 29 48 0
#date:Tue Jul 16 13:01:51 CEST 2019#hostname:10.214.220.251 #SWAP:Swap: 2.0G 496M 1.5G#RAM:Mem: 912M 829M 16M 1.1M 65M 24M#Disk:Filesystem Size Used Avail Use% Mounted on /dev/mmcblk0p2 15G 12G 2.7G 82% /#Load:average:10.37,7.37,#Network:Iface MTU RX-OK RX-ERR RX-DRP RX-OVR TX-OK TX-ERR TX-DRP TX-OVR Flg eth0 1500 795172 4 254 0 546833 0 0 0 BMRU #iostat:avg-cpu: %user %nice %system %iowait %steal %idle 18.51 0.08 4.94 48.35 0.00 28.13#iooperation:Device tps kB_read/s kB_wrtn/s kB_read kB_wrtn mmcblk0 299.89 14245.09 558.39 35692644 1399108#mpstat:01:02:00 PM CPU %usr %nice %sys %iowait %irq %soft %steal %guest %gnice %idle 01:02:00 PM all 18.51 0.08 4.30 48.37 0.00 0.64 0.00 0.00 0.00 28.10 01:02:00 PM 0 18.50 0.03 4.26 46.49 0.00 0.64 0.00 0.00 0.00 30.08 01:02:00 PM 1 18.36 0.14 4.35 49.49 0.00 0.64 0.00 0.00 0.00 27.02 01:02:00 PM 2 18.82 0.12 4.21 48.48 0.00 0.68 0.00 0.00 0.00 27.70 01:02:00 PM 3 18.36 0.03 4.39 49.02 0.00 0.59 0.00 0.00 0.00 27.61#vmstat:procs -----------memory---------- ---swap-- -----io---- -system-- ------cpu----- r b swpd free buff cache si so bi bo in cs us sy id wa st 1 5 508928 17992 1460 64076 15 63 3651 143 3176 565 19 5 28 48 0
#date:Tue Jul 16 13:03:01 CEST 2019#hostname:10.214.220.251 #SWAP:Swap: 2.0G 497M 1.5G#RAM:Mem: 912M 818M 24M 1.0M 69M 34M#Disk:Filesystem Size Used Avail Use% Mounted on /dev/mmcblk0p2 15G 12G 2.7G 82% /#Load:average:7.44,7.17,#Network:Iface MTU RX-OK RX-ERR RX-DRP RX-OVR TX-OK TX-ERR TX-DRP TX-OVR Flg eth0 1500 825770 4 1310 0 568355 0 0 0 BMRU #iostat:avg-cpu: %user %nice %system %iowait %steal %idle 18.93 0.08 4.94 48.33 0.00 27.72#iooperation:Device tps kB_read/s kB_wrtn/s kB_read kB_wrtn mmcblk0 302.84 14275.16 560.42 36783240 1444044#mpstat:01:03:10 PM CPU %usr %nice %sys %iowait %irq %soft %steal %guest %gnice %idle 01:03:10 PM all 18.94 0.08 4.31 48.34 0.00 0.63 0.00 0.00 0.00 27.70 01:03:10 PM 0 18.96 0.03 4.28 46.46 0.00 0.64 0.00 0.00 0.00 29.64 01:03:10 PM 1 18.76 0.14 4.37 49.36 0.00 0.64 0.00 0.00 0.00 26.75 01:03:10 PM 2 19.19 0.12 4.21 48.46 0.00 0.67 0.00 0.00 0.00 27.35 01:03:10 PM 3 18.87 0.03 4.38 49.08 0.00 0.59 0.00 0.00 0.00 27.06#vmstat:procs -----------memory---------- ---swap-- -----io---- -system-- ------cpu----- r b swpd free buff cache si so bi bo in cs us sy id wa st 4 0 509952 29556 1604 67464 15 62 3658 143 3177 564 19 5 28 48 0
#date:Tue Jul 16 13:04:11 CEST 2019#hostname:10.214.220.251 #SWAP:Swap: 2.0G 493M 1.5G#RAM:Mem: 912M 818M 29M 1.0M 64M 36M#Disk:Filesystem Size Used Avail Use% Mounted on /dev/mmcblk0p2 15G 12G 2.7G 82% /#Load:average:5.78,6.75,#Network:Iface MTU RX-OK RX-ERR RX-DRP RX-OVR TX-OK TX-ERR TX-DRP TX-OVR Flg eth0 1500 836811 4 2195 0 575922 0 0 0 BMRU #iostat:avg-cpu: %user %nice %system %iowait %steal %idle 19.98 0.08 4.92 47.84 0.00 27.19#iooperation:Device tps kB_read/s kB_wrtn/s kB_read kB_wrtn mmcblk0 301.08 14197.67 567.39 37493640 1498388#mpstat:01:04:14 PM CPU %usr %nice %sys %iowait %irq %soft %steal %guest %gnice %idle 01:04:14 PM all 19.99 0.08 4.29 47.83 0.00 0.63 0.00 0.00 0.00 27.19 01:04:14 PM 0 19.95 0.02 4.26 46.03 0.00 0.63 0.00 0.00 0.00 29.10 01:04:14 PM 1 19.85 0.13 4.35 48.82 0.00 0.63 0.00 0.00 0.00 26.21 01:04:14 PM 2 20.24 0.11 4.19 47.93 0.00 0.66 0.00 0.00 0.00 26.87 01:04:14 PM 3 19.90 0.03 4.36 48.55 0.00 0.58 0.00 0.00 0.00 26.58#vmstat:procs -----------memory---------- ---swap-- -----io---- -system-- ------cpu----- r b swpd free buff cache si so bi bo in cs us sy id wa st 4 0 507648 26684 1648 70144 15 60 3637 145 3173 560 20 5 27 48 0
#date:Tue Jul 16 13:05:17 CEST 2019#hostname:10.214.220.251 #SWAP:Swap: 2.0G 495M 1.5G#RAM:Mem: 912M 818M 27M 1.0M 66M 36M#Disk:Filesystem Size Used Avail Use% Mounted on /dev/mmcblk0p2 15G 12G 2.6G 83% /#Load:average:5.09,6.32,#Network:Iface MTU RX-OK RX-ERR RX-DRP RX-OVR TX-OK TX-ERR TX-DRP TX-OVR Flg eth0 1500 843851 4 2195 0 579519 0 0 0 BMRU #iostat:avg-cpu: %user %nice %system %iowait %steal %idle 21.27 0.07 4.90 47.13 0.00 26.63#iooperation:Device tps kB_read/s kB_wrtn/s kB_read kB_wrtn mmcblk0 298.76 14122.66 579.54 38222564 1568496#mpstat:01:05:20 PM CPU %usr %nice %sys %iowait %irq %soft %steal %guest %gnice %idle 01:05:20 PM all 21.27 0.07 4.28 47.13 0.00 0.62 0.00 0.00 0.00 26.63 01:05:20 PM 0 21.20 0.02 4.25 45.38 0.00 0.63 0.00 0.00 0.00 28.52 01:05:20 PM 1 21.13 0.13 4.34 48.11 0.00 0.62 0.00 0.00 0.00 25.67 01:05:20 PM 2 21.54 0.11 4.19 47.19 0.00 0.65 0.00 0.00 0.00 26.31 01:05:20 PM 3 21.21 0.03 4.34 47.82 0.00 0.58 0.00 0.00 0.00 26.02#vmstat:procs -----------memory---------- ---swap-- -----io---- -system-- ------cpu----- r b swpd free buff cache si so bi bo in cs us sy id wa st 3 1 509440 30136 1532 68456 15 59 3616 148 3169 555 21 5 27 47 0
#date:Tue Jul 16 13:06:20 CEST 2019#hostname:10.214.220.251 #SWAP:Swap: 2.0G 348M 1.7G#RAM:Mem: 912M 144M 690M 1.0M 77M 707M#Disk:Filesystem Size Used Avail Use% Mounted on /dev/mmcblk0p2 15G 12G 2.7G 82% /#Load:average:3.47,5.71,#Network:Iface MTU RX-OK RX-ERR RX-DRP RX-OVR TX-OK TX-ERR TX-DRP TX-OVR Flg eth0 1500 849265 4 2195 0 583880 0 0 0 BMRU #iostat:avg-cpu: %user %nice %system %iowait %steal %idle 21.54 0.07 4.85 46.50 0.00 27.04#iooperation:Device tps kB_read/s kB_wrtn/s kB_read kB_wrtn mmcblk0 296.53 14002.23 585.57 38751604 1620588#mpstat:01:06:21 PM CPU %usr %nice %sys %iowait %irq %soft %steal %guest %gnice %idle 01:06:21 PM all 21.54 0.07 4.24 46.49 0.00 0.61 0.00 0.00 0.00 27.04 01:06:21 PM 0 21.44 0.02 4.21 44.78 0.00 0.62 0.00 0.00 0.00 28.93 01:06:21 PM 1 21.45 0.13 4.31 47.48 0.00 0.61 0.00 0.00 0.00 26.02 01:06:21 PM 2 21.76 0.11 4.15 46.52 0.00 0.64 0.00 0.00 0.00 26.82 01:06:21 PM 3 21.50 0.03 4.30 47.20 0.00 0.57 0.00 0.00 0.00 26.41#vmstat:procs -----------memory---------- ---swap-- -----io---- -system-- ------cpu----- r b swpd free buff cache si so bi bo in cs us sy id wa st 0 0 356608 698772 4404 81700 15 58 3585 150 3163 550 22 5 27 46 0
#date:Tue Jul 16 13:07:22 CEST 2019#hostname:10.214.220.251 #SWAP:Swap: 2.0G 348M 1.7G#RAM:Mem: 912M 508M 38M 1.0M 364M 341M#Disk:Filesystem Size Used Avail Use% Mounted on /dev/mmcblk0p2 15G 12G 2.6G 82% /#Load:average:1.93,4.81,#Network:Iface MTU RX-OK RX-ERR RX-DRP RX-OVR TX-OK TX-ERR TX-DRP TX-OVR Flg eth0 1500 857004 4 2195 0 587405 0 0 0 BMRU #iostat:avg-cpu: %user %nice %system %iowait %steal %idle 21.33 0.07 4.78 45.62 0.00 28.21#iooperation:Device tps kB_read/s kB_wrtn/s kB_read kB_wrtn mmcblk0 291.19 13810.46 579.66 39071732 1639936#mpstat:01:07:23 PM CPU %usr %nice %sys %iowait %irq %soft %steal %guest %gnice %idle 01:07:23 PM all 21.33 0.07 4.18 45.62 0.00 0.60 0.00 0.00 0.00 28.21 01:07:23 PM 0 21.19 0.02 4.15 43.92 0.00 0.61 0.00 0.00 0.00 30.12 01:07:23 PM 1 21.19 0.13 4.24 46.58 0.00 0.60 0.00 0.00 0.00 27.26 01:07:23 PM 2 21.47 0.11 4.09 45.70 0.00 0.63 0.00 0.00 0.00 28.00 01:07:23 PM 3 21.45 0.03 4.24 46.26 0.00 0.56 0.00 0.00 0.00 27.46#vmstat:procs -----------memory---------- ---swap-- -----io---- -system-- ------cpu----- r b swpd free buff cache si so bi bo in cs us sy id wa st 3 1 356608 35780 6260 369644 15 57 3535 148 3155 543 21 5 28 46 0
#date:Tue Jul 16 13:08:23 CEST 2019#hostname:10.214.220.251 #SWAP:Swap: 2.0G 348M 1.7G#RAM:Mem: 912M 558M 31M 1.0M 321M 291M#Disk:Filesystem Size Used Avail Use% Mounted on /dev/mmcblk0p2 15G 12G 2.5G 83% /#Load:average:3.29,4.63,#Network:Iface MTU RX-OK RX-ERR RX-DRP RX-OVR TX-OK TX-ERR TX-DRP TX-OVR Flg eth0 1500 872094 4 2195 0 594029 0 0 0 BMRU #iostat:avg-cpu: %user %nice %system %iowait %steal %idle 21.86 0.07 4.78 45.20 0.00 28.10#iooperation:Device tps kB_read/s kB_wrtn/s kB_read kB_wrtn mmcblk0 287.20 13725.72 625.08 39717280 1808744#mpstat:01:08:27 PM CPU %usr %nice %sys %iowait %irq %soft %steal %guest %gnice %idle 01:08:27 PM all 21.86 0.07 4.18 45.19 0.00 0.59 0.00 0.00 0.00 28.10 01:08:27 PM 0 21.80 0.02 4.14 43.56 0.00 0.60 0.00 0.00 0.00 29.87 01:08:27 PM 1 21.71 0.12 4.25 46.18 0.00 0.59 0.00 0.00 0.00 27.14 01:08:27 PM 2 21.95 0.10 4.08 45.22 0.00 0.63 0.00 0.00 0.00 28.02 01:08:27 PM 3 21.99 0.03 4.26 45.82 0.00 0.55 0.00 0.00 0.00 27.36#vmstat:procs -----------memory---------- ---swap-- -----io---- -system-- ------cpu----- r b swpd free buff cache si so bi bo in cs us sy id wa st 3 5 356352 32532 1620 323756 14 56 3513 161 3159 550 22 5 28 45 0
#date:Tue Jul 16 13:09:28 CEST 2019#hostname:10.214.220.251 #SWAP:Swap: 2.0G 348M 1.7G#RAM:Mem: 912M 606M 45M 1.0M 260M 243M#Disk:Filesystem Size Used Avail Use% Mounted on /dev/mmcblk0p2 15G 12G 2.5G 83% /#Load:average:4.15,4.64,#Network:Iface MTU RX-OK RX-ERR RX-DRP RX-OVR TX-OK TX-ERR TX-DRP TX-OVR Flg eth0 1500 879997 4 2195 0 597540 0 0 0 BMRU #iostat:avg-cpu: %user %nice %system %iowait %steal %idle 22.22 0.07 4.77 44.94 0.00 28.00#iooperation:Device tps kB_read/s kB_wrtn/s kB_read kB_wrtn mmcblk0 282.83 13575.67 686.52 40121532 2028936#mpstat:01:09:29 PM CPU %usr %nice %sys %iowait %irq %soft %steal %guest %gnice %idle 01:09:29 PM all 22.22 0.07 4.18 44.94 0.00 0.59 0.00 0.00 0.00 28.00 01:09:29 PM 0 22.20 0.02 4.15 43.31 0.00 0.59 0.00 0.00 0.00 29.73 01:09:29 PM 1 21.96 0.12 4.25 45.94 0.00 0.59 0.00 0.00 0.00 27.15 01:09:29 PM 2 22.33 0.10 4.08 44.91 0.00 0.62 0.00 0.00 0.00 27.97 01:09:29 PM 3 22.42 0.02 4.26 45.61 0.00 0.54 0.00 0.00 0.00 27.14#vmstat:procs -----------memory---------- ---swap-- -----io---- -system-- ------cpu----- r b swpd free buff cache si so bi bo in cs us sy id wa st 5 0 356352 39728 1048 271612 14 54 3474 175 3159 553 22 5 28 45 0
#date:Tue Jul 16 13:10:29 CEST 2019#hostname:10.214.220.251 #SWAP:Swap: 2.0G 348M 1.7G#RAM:Mem: 912M 612M 36M 1.0M 263M 236M#Disk:Filesystem Size Used Avail Use% Mounted on /dev/mmcblk0p2 15G 12G 2.5G 83% /#Load:average:4.11,4.53,#Network:Iface MTU RX-OK RX-ERR RX-DRP RX-OVR TX-OK TX-ERR TX-DRP TX-OVR Flg eth0 1500 882767 4 2195 0 598860 0 0 0 BMRU #iostat:avg-cpu: %user %nice %system %iowait %steal %idle 23.33 0.07 4.73 44.24 0.00 27.63#iooperation:Device tps kB_read/s kB_wrtn/s kB_read kB_wrtn mmcblk0 278.10 13370.43 734.38 40325632 2214916#mpstat:01:10:30 PM CPU %usr %nice %sys %iowait %irq %soft %steal %guest %gnice %idle 01:10:30 PM all 23.33 0.07 4.15 44.24 0.00 0.58 0.00 0.00 0.00 27.63 01:10:30 PM 0 23.32 0.02 4.12 42.60 0.00 0.58 0.00 0.00 0.00 29.35 01:10:30 PM 1 23.14 0.12 4.22 45.23 0.00 0.58 0.00 0.00 0.00 26.72 01:10:30 PM 2 23.39 0.10 4.05 44.23 0.00 0.61 0.00 0.00 0.00 27.62 01:10:30 PM 3 23.47 0.02 4.22 44.90 0.00 0.54 0.00 0.00 0.00 26.84#vmstat:procs -----------memory---------- ---swap-- -----io---- -system-- ------cpu----- r b swpd free buff cache si so bi bo in cs us sy id wa st 4 1 356352 34596 1580 270056 14 53 3421 188 3156 550 23 5 28 44 0
#date:Tue Jul 16 13:11:31 CEST 2019#hostname:10.214.220.251 #SWAP:Swap: 2.0G 348M 1.7G#RAM:Mem: 912M 612M 30M 1.0M 268M 236M#Disk:Filesystem Size Used Avail Use% Mounted on /dev/mmcblk0p2 15G 12G 2.4G 84% /#Load:average:4.44,4.52,#Network:Iface MTU RX-OK RX-ERR RX-DRP RX-OVR TX-OK TX-ERR TX-DRP TX-OVR Flg eth0 1500 884069 4 2195 0 599394 0 0 0 BMRU #iostat:avg-cpu: %user %nice %system %iowait %steal %idle 24.85 0.06 4.67 43.34 0.00 27.07#iooperation:Device tps kB_read/s kB_wrtn/s kB_read kB_wrtn mmcblk0 272.73 13104.29 761.61 40335652 2344264#mpstat:01:11:32 PM CPU %usr %nice %sys %iowait %irq %soft %steal %guest %gnice %idle 01:11:32 PM all 24.85 0.06 4.10 43.34 0.00 0.57 0.00 0.00 0.00 27.07 01:11:32 PM 0 24.84 0.02 4.08 41.73 0.00 0.57 0.00 0.00 0.00 28.75 01:11:32 PM 1 24.66 0.11 4.17 44.31 0.00 0.57 0.00 0.00 0.00 26.17 01:11:32 PM 2 24.91 0.10 4.01 43.33 0.00 0.60 0.00 0.00 0.00 27.06 01:11:32 PM 3 25.00 0.02 4.16 43.99 0.00 0.53 0.00 0.00 0.00 26.30#vmstat:procs -----------memory---------- ---swap-- -----io---- -system-- ------cpu----- r b swpd free buff cache si so bi bo in cs us sy id wa st 4 0 356352 33484 5436 266836 13 52 3351 194 3149 542 25 5 27 43 0
#date:Tue Jul 16 13:12:32 CEST 2019#hostname:10.214.220.251 #SWAP:Swap: 2.0G 348M 1.7G#RAM:Mem: 912M 612M 45M 1.0M 253M 235M#Disk:Filesystem Size Used Avail Use% Mounted on /dev/mmcblk0p2 15G 13G 2.3G 85% /#Load:average:4.24,4.45,#Network:Iface MTU RX-OK RX-ERR RX-DRP RX-OVR TX-OK TX-ERR TX-DRP TX-OVR Flg eth0 1500 885215 4 2195 0 599901 0 0 0 BMRU #iostat:avg-cpu: %user %nice %system %iowait %steal %idle 26.28 0.06 4.61 42.50 0.00 26.54#iooperation:Device tps kB_read/s kB_wrtn/s kB_read kB_wrtn mmcblk0 267.61 12852.36 780.13 40338556 2448532#mpstat:01:12:32 PM CPU %usr %nice %sys %iowait %irq %soft %steal %guest %gnice %idle 01:12:32 PM all 26.29 0.06 4.05 42.50 0.00 0.56 0.00 0.00 0.00 26.54 01:12:32 PM 0 26.27 0.02 4.03 40.93 0.00 0.56 0.00 0.00 0.00 28.19 01:12:32 PM 1 26.09 0.11 4.12 43.46 0.00 0.56 0.00 0.00 0.00 25.66 01:12:32 PM 2 26.35 0.10 3.94 42.49 0.00 0.59 0.00 0.00 0.00 26.53 01:12:32 PM 3 26.43 0.02 4.11 43.14 0.00 0.52 0.00 0.00 0.00 25.78#vmstat:procs -----------memory---------- ---swap-- -----io---- -system-- ------cpu----- r b swpd free buff cache si so bi bo in cs us sy id wa st 4 0 356352 45324 6976 252880 13 51 3286 199 3143 535 26 5 27 43 0
#date:Tue Jul 16 13:13:32 CEST 2019#hostname:10.214.220.251 #SWAP:Swap: 2.0G 348M 1.7G#RAM:Mem: 912M 613M 30M 1.0M 267M 235M#Disk:Filesystem Size Used Avail Use% Mounted on /dev/mmcblk0p2 15G 13G 2.2G 86% /#Load:average:4.36,4.45,#Network:Iface MTU RX-OK RX-ERR RX-DRP RX-OVR TX-OK TX-ERR TX-DRP TX-OVR Flg eth0 1500 886431 4 2195 0 600416 0 0 0 BMRU #iostat:avg-cpu: %user %nice %system %iowait %steal %idle 27.63 0.06 4.55 41.72 0.00 26.04#iooperation:Device tps kB_read/s kB_wrtn/s kB_read kB_wrtn mmcblk0 262.68 12609.75 804.25 40342368 2573040#mpstat:01:13:33 PM CPU %usr %nice %sys %iowait %irq %soft %steal %guest %gnice %idle 01:13:33 PM all 27.63 0.06 4.00 41.72 0.00 0.55 0.00 0.00 0.00 26.04 01:13:33 PM 0 27.61 0.02 3.98 40.18 0.00 0.56 0.00 0.00 0.00 27.65 01:13:33 PM 1 27.44 0.11 4.07 42.66 0.00 0.55 0.00 0.00 0.00 25.17 01:13:33 PM 2 27.70 0.09 3.89 41.71 0.00 0.58 0.00 0.00 0.00 26.03 01:13:33 PM 3 27.77 0.02 4.06 42.34 0.00 0.51 0.00 0.00 0.00 25.30#vmstat:procs -----------memory---------- ---swap-- -----io---- -system-- ------cpu----- r b swpd free buff cache si so bi bo in cs us sy id wa st 6 0 356352 39428 7144 258540 13 50 3222 205 3137 527 28 5 26 42 0
#date:Tue Jul 16 13:14:33 CEST 2019#hostname:10.214.220.251 #SWAP:Swap: 2.0G 347M 1.7G#RAM:Mem: 912M 615M 44M 1.0M 252M 233M#Disk:Filesystem Size Used Avail Use% Mounted on /dev/mmcblk0p2 15G 13G 2.0G 87% /#Load:average:4.23,4.39,#Network:Iface MTU RX-OK RX-ERR RX-DRP RX-OVR TX-OK TX-ERR TX-DRP TX-OVR Flg eth0 1500 890493 4 2195 0 602956 0 0 0 BMRU #iostat:avg-cpu: %user %nice %system %iowait %steal %idle 28.95 0.06 4.50 40.94 0.00 25.55#iooperation:Device tps kB_read/s kB_wrtn/s kB_read kB_wrtn mmcblk0 257.96 12375.20 828.54 40349944 2701504#mpstat:01:14:34 PM CPU %usr %nice %sys %iowait %irq %soft %steal %guest %gnice %idle 01:14:34 PM all 28.95 0.06 3.95 40.94 0.00 0.54 0.00 0.00 0.00 25.55 01:14:34 PM 0 28.93 0.02 3.94 39.43 0.00 0.55 0.00 0.00 0.00 27.14 01:14:34 PM 1 28.77 0.11 4.02 41.86 0.00 0.55 0.00 0.00 0.00 24.70 01:14:34 PM 2 29.01 0.09 3.85 40.93 0.00 0.57 0.00 0.00 0.00 25.54 01:14:34 PM 3 29.09 0.02 4.01 41.56 0.00 0.50 0.00 0.00 0.00 24.82#vmstat:procs -----------memory---------- ---swap-- -----io---- -system-- ------cpu----- r b swpd free buff cache si so bi bo in cs us sy id wa st 4 0 355840 42212 7424 254392 13 49 3161 211 3132 520 29 4 26 41 0
#date:Tue Jul 16 13:15:34 CEST 2019#hostname:10.214.220.251 #SWAP:Swap: 2.0G 347M 1.7G#RAM:Mem: 912M 615M 30M 1.0M 266M 233M#Disk:Filesystem Size Used Avail Use% Mounted on /dev/mmcblk0p2 15G 13G 1.9G 87% /#Load:average:4.46,4.44,#Network:Iface MTU RX-OK RX-ERR RX-DRP RX-OVR TX-OK TX-ERR TX-DRP TX-OVR Flg eth0 1500 892589 4 2195 0 605417 0 0 0 BMRU #iostat:avg-cpu: %user %nice %system %iowait %steal %idle 30.14 0.06 4.44 40.23 0.00 25.13#iooperation:Device tps kB_read/s kB_wrtn/s kB_read kB_wrtn mmcblk0 253.42 12150.75 842.15 40354344 2796892#mpstat:01:15:35 PM CPU %usr %nice %sys %iowait %irq %soft %steal %guest %gnice %idle 01:15:35 PM all 30.14 0.06 3.91 40.23 0.00 0.53 0.00 0.00 0.00 25.13 01:15:35 PM 0 30.13 0.02 3.89 38.77 0.00 0.54 0.00 0.00 0.00 26.66 01:15:35 PM 1 29.95 0.11 3.98 41.11 0.00 0.54 0.00 0.00 0.00 24.31 01:15:35 PM 2 30.21 0.09 3.80 40.20 0.00 0.56 0.00 0.00 0.00 25.13 01:15:35 PM 3 30.29 0.02 3.95 40.84 0.00 0.50 0.00 0.00 0.00 24.40#vmstat:procs -----------memory---------- ---swap-- -----io---- -system-- ------cpu----- r b swpd free buff cache si so bi bo in cs us sy id wa st 4 0 355840 40860 7704 254996 12 48 3103 215 3126 513 30 4 25 40 0
#date:Tue Jul 16 13:16:35 CEST 2019#hostname:10.214.220.251 #SWAP:Swap: 2.0G 347M 1.7G#RAM:Mem: 912M 614M 29M 1.0M 267M 234M#Disk:Filesystem Size Used Avail Use% Mounted on /dev/mmcblk0p2 15G 13G 1.8G 88% /#Load:average:4.44,4.42,#Network:Iface MTU RX-OK RX-ERR RX-DRP RX-OVR TX-OK TX-ERR TX-DRP TX-OVR Flg eth0 1500 893735 4 2195 0 605833 0 0 0 BMRU #iostat:avg-cpu: %user %nice %system %iowait %steal %idle 31.33 0.06 4.39 39.53 0.00 24.70#iooperation:Device tps kB_read/s kB_wrtn/s kB_read kB_wrtn mmcblk0 249.04 11935.89 862.62 40364072 2917164#mpstat:01:16:35 PM CPU %usr %nice %sys %iowait %irq %soft %steal %guest %gnice %idle 01:16:35 PM all 31.33 0.06 3.86 39.52 0.00 0.53 0.00 0.00 0.00 24.70 01:16:35 PM 0 31.32 0.02 3.84 38.08 0.00 0.53 0.00 0.00 0.00 26.21 01:16:35 PM 1 31.14 0.10 3.94 40.39 0.00 0.53 0.00 0.00 0.00 23.90 01:16:35 PM 2 31.40 0.09 3.76 39.49 0.00 0.55 0.00 0.00 0.00 24.71 01:16:35 PM 3 31.47 0.02 3.91 40.14 0.00 0.49 0.00 0.00 0.00 23.97#vmstat:procs -----------memory---------- ---swap-- -----io---- -system-- ------cpu----- r b swpd free buff cache si so bi bo in cs us sy id wa st 4 0 355840 38940 7540 257584 12 47 3047 220 3120 507 31 4 25 40 0
#date:Tue Jul 16 13:17:35 CEST 2019#hostname:10.214.220.251 #SWAP:Swap: 2.0G 347M 1.7G#RAM:Mem: 912M 555M 36M 1.0M 319M 292M#Disk:Filesystem Size Used Avail Use% Mounted on /dev/mmcblk0p2 15G 13G 1.7G 89% /#Load:average:4.61,4.46,#Network:Iface MTU RX-OK RX-ERR RX-DRP RX-OVR TX-OK TX-ERR TX-DRP TX-OVR Flg eth0 1500 894676 4 2195 0 606110 0 0 0 BMRU #iostat:avg-cpu: %user %nice %system %iowait %steal %idle 32.24 0.06 4.33 38.92 0.00 24.45#iooperation:Device tps kB_read/s kB_wrtn/s kB_read kB_wrtn mmcblk0 244.79 11726.72 876.05 40366652 3015592#mpstat:01:17:36 PM CPU %usr %nice %sys %iowait %irq %soft %steal %guest %gnice %idle 01:17:36 PM all 32.24 0.06 3.82 38.92 0.00 0.52 0.00 0.00 0.00 24.45 01:17:36 PM 0 32.22 0.02 3.80 37.68 0.00 0.53 0.00 0.00 0.00 25.75 01:17:36 PM 1 32.06 0.10 3.88 39.69 0.00 0.52 0.00 0.00 0.00 23.74 01:17:36 PM 2 32.31 0.09 3.71 38.83 0.00 0.55 0.00 0.00 0.00 24.51 01:17:36 PM 3 32.37 0.02 3.87 39.48 0.00 0.48 0.00 0.00 0.00 23.78#vmstat:procs -----------memory---------- ---swap-- -----io---- -system-- ------cpu----- r b swpd free buff cache si so bi bo in cs us sy id wa st 4 1 355840 36388 5764 321840 12 47 2993 223 3115 500 32 4 24 39 0
#date:Tue Jul 16 13:18:36 CEST 2019#hostname:10.214.220.251 #SWAP:Swap: 2.0G 347M 1.7G#RAM:Mem: 912M 556M 38M 1.0M 317M 291M#Disk:Filesystem Size Used Avail Use% Mounted on /dev/mmcblk0p2 15G 13G 1.6G 89% /#Load:average:4.47,4.43,#Network:Iface MTU RX-OK RX-ERR RX-DRP RX-OVR TX-OK TX-ERR TX-DRP TX-OVR Flg eth0 1500 895766 4 2195 0 606379 0 0 0 BMRU #iostat:avg-cpu: %user %nice %system %iowait %steal %idle 33.43 0.06 4.28 38.22 0.00 24.02#iooperation:Device tps kB_read/s kB_wrtn/s kB_read kB_wrtn mmcblk0 240.43 11511.60 891.92 40369216 3127824#mpstat:01:18:41 PM CPU %usr %nice %sys %iowait %irq %soft %steal %guest %gnice %idle 01:18:41 PM all 33.45 0.06 3.77 38.20 0.00 0.51 0.00 0.00 0.00 24.01 01:18:41 PM 0 33.44 0.02 3.75 36.98 0.00 0.52 0.00 0.00 0.00 25.30 01:18:41 PM 1 33.27 0.10 3.84 38.95 0.00 0.51 0.00 0.00 0.00 23.32 01:18:41 PM 2 33.52 0.09 3.67 38.13 0.00 0.54 0.00 0.00 0.00 24.06 01:18:41 PM 3 33.58 0.02 3.82 38.75 0.00 0.47 0.00 0.00 0.00 23.35#vmstat:procs -----------memory---------- ---swap-- -----io---- -system-- ------cpu----- r b swpd free buff cache si so bi bo in cs us sy id wa st 4 1 355840 41084 2580 320304 12 46 2936 228 3109 494 34 4 24 38 0
#date:Tue Jul 16 13:19:42 CEST 2019#hostname:10.214.220.251 #SWAP:Swap: 2.0G 347M 1.7G#RAM:Mem: 912M 572M 37M 1.0M 301M 275M#Disk:Filesystem Size Used Avail Use% Mounted on /dev/mmcblk0p2 15G 9.9G 4.6G 69% /#Load:average:4.26,4.41,#Network:Iface MTU RX-OK RX-ERR RX-DRP RX-OVR TX-OK TX-ERR TX-DRP TX-OVR Flg eth0 1500 896793 4 2195 0 606626 0 0 0 BMRU #iostat:avg-cpu: %user %nice %system %iowait %steal %idle 34.46 0.06 4.23 37.59 0.00 23.67#iooperation:Device tps kB_read/s kB_wrtn/s kB_read kB_wrtn mmcblk0 236.57 11332.70 904.40 40438940 3227220#mpstat:01:19:42 PM CPU %usr %nice %sys %iowait %irq %soft %steal %guest %gnice %idle 01:19:42 PM all 34.46 0.06 3.73 37.59 0.00 0.50 0.00 0.00 0.00 23.67 01:19:42 PM 0 34.41 0.02 3.71 36.39 0.00 0.51 0.00 0.00 0.00 24.97 01:19:42 PM 1 34.38 0.10 3.80 38.28 0.00 0.51 0.00 0.00 0.00 22.93 01:19:42 PM 2 34.48 0.08 3.63 37.55 0.00 0.53 0.00 0.00 0.00 23.72 01:19:42 PM 3 34.55 0.02 3.77 38.14 0.00 0.47 0.00 0.00 0.00 23.05#vmstat:procs -----------memory---------- ---swap-- -----io---- -system-- ------cpu----- r b swpd free buff cache si so bi bo in cs us sy id wa st 1 1 355840 37076 2192 307116 11 45 2890 232 40 488 35 4 24 38 0
#date:Tue Jul 16 13:20:43 CEST 2019#hostname:10.214.220.251 #SWAP:Swap: 2.0G 347M 1.7G#RAM:Mem: 912M 573M 38M 1.0M 299M 276M#Disk:Filesystem Size Used Avail Use% Mounted on /dev/mmcblk0p2 15G 10G 4.5G 70% /#Load:4.57,4.45,4.93#Network:Iface MTU RX-OK RX-ERR RX-DRP RX-OVR TX-OK TX-ERR TX-DRP TX-OVR Flg eth0 1500 899077 4 2195 0 607514 0 0 0 BMRU #iostat:avg-cpu: %user %nice %system %iowait %steal %idle 35.15 0.05 4.21 37.27 0.00 23.32#iooperation:Device tps kB_read/s kB_wrtn/s kB_read kB_wrtn mmcblk0 234.21 11313.16 918.91 41094380 3337896#mpstat:01:20:46 PM CPU %usr %nice %sys %iowait %irq %soft %steal %guest %gnice %idle 01:20:46 PM all 35.15 0.05 3.71 37.27 0.00 0.50 0.00 0.00 0.00 23.32 01:20:46 PM 0 35.08 0.02 3.69 36.12 0.00 0.50 0.00 0.00 0.00 24.59 01:20:46 PM 1 35.09 0.10 3.78 37.94 0.00 0.50 0.00 0.00 0.00 22.59 01:20:46 PM 2 35.21 0.08 3.62 37.18 0.00 0.52 0.00 0.00 0.00 23.39 01:20:46 PM 3 35.23 0.02 3.75 37.84 0.00 0.46 0.00 0.00 0.00 22.70#vmstat:procs -----------memory---------- ---swap-- -----io---- -system-- ------cpu----- r b swpd free buff cache si so bi bo in cs us sy id wa st 5 0 355840 32024 2584 311392 11 44 2885 234 92 485 35 4 23 37 0
#date:Tue Jul 16 13:21:47 CEST 2019#hostname:10.214.220.251 #SWAP:Swap: 2.0G 347M 1.7G#RAM:Mem: 912M 573M 35M 1.0M 302M 276M#Disk:Filesystem Size Used Avail Use% Mounted on /dev/mmcblk0p2 15G 11G 4.4G 70% /#Load:4.50,4.45,4.90#Network:Iface MTU RX-OK RX-ERR RX-DRP RX-OVR TX-OK TX-ERR TX-DRP TX-OVR Flg eth0 1500 901062 4 2195 0 608812 0 0 0 BMRU #iostat:avg-cpu: %user %nice %system %iowait %steal %idle 35.87 0.05 4.19 36.92 0.00 22.97#iooperation:Device tps kB_read/s kB_wrtn/s kB_read kB_wrtn mmcblk0 232.35 11323.32 929.35 41838180 3433824#mpstat:01:21:48 PM CPU %usr %nice %sys %iowait %irq %soft %steal %guest %gnice %idle 01:21:48 PM all 35.87 0.05 3.69 36.91 0.00 0.50 0.00 0.00 0.00 22.97 01:21:48 PM 0 35.81 0.02 3.67 35.76 0.00 0.50 0.00 0.00 0.00 24.23 01:21:48 PM 1 35.80 0.10 3.76 37.59 0.00 0.50 0.00 0.00 0.00 22.25 01:21:48 PM 2 35.95 0.08 3.60 36.82 0.00 0.52 0.00 0.00 0.00 23.03 01:21:48 PM 3 35.93 0.02 3.73 37.48 0.00 0.46 0.00 0.00 0.00 22.37#vmstat:procs -----------memory---------- ---swap-- -----io---- -system-- ------cpu----- r b swpd free buff cache si so bi bo in cs us sy id wa st 5 0 355840 32324 720 312464 11 43 2887 237 140 483 36 4 23 37 0
#date:Tue Jul 16 13:22:49 CEST 2019#hostname:10.214.220.251 #SWAP:Swap: 2.0G 347M 1.7G#RAM:Mem: 912M 583M 37M 1.0M 291M 266M#Disk:Filesystem Size Used Avail Use% Mounted on /dev/mmcblk0p2 15G 11G 4.3G 71% /#Load:4.40,4.44,4.87#Network:Iface MTU RX-OK RX-ERR RX-DRP RX-OVR TX-OK TX-ERR TX-DRP TX-OVR Flg eth0 1500 902108 4 2195 0 609171 0 0 0 BMRU #iostat:avg-cpu: %user %nice %system %iowait %steal %idle 36.55 0.05 4.17 36.59 0.00 22.64#iooperation:Device tps kB_read/s kB_wrtn/s kB_read kB_wrtn mmcblk0 230.64 11333.41 935.63 42573516 3514672#mpstat:01:22:50 PM CPU %usr %nice %sys %iowait %irq %soft %steal %guest %gnice %idle 01:22:50 PM all 36.55 0.05 3.68 36.59 0.00 0.49 0.00 0.00 0.00 22.64 01:22:50 PM 0 36.47 0.02 3.66 35.49 0.00 0.50 0.00 0.00 0.00 23.87 01:22:50 PM 1 36.49 0.09 3.74 37.24 0.00 0.49 0.00 0.00 0.00 21.94 01:22:50 PM 2 36.64 0.08 3.59 36.48 0.00 0.52 0.00 0.00 0.00 22.69 01:22:50 PM 3 36.59 0.02 3.72 37.15 0.00 0.46 0.00 0.00 0.00 22.06#vmstat:procs -----------memory---------- ---swap-- -----io---- -system-- ------cpu----- r b swpd free buff cache si so bi bo in cs us sy id wa st 4 0 355840 38636 940 296164 11 43 2889 238 186 480 37 4 23 37 0
#date:Tue Jul 16 13:23:50 CEST 2019#hostname:10.214.220.251 #SWAP:Swap: 2.0G 347M 1.7G#RAM:Mem: 912M 583M 34M 1.0M 293M 266M#Disk:Filesystem Size Used Avail Use% Mounted on /dev/mmcblk0p2 15G 11G 4.2G 72% /#Load:4.18,4.37,4.82#Network:Iface MTU RX-OK RX-ERR RX-DRP RX-OVR TX-OK TX-ERR TX-DRP TX-OVR Flg eth0 1500 903052 4 2195 0 609411 0 0 0 BMRU #iostat:avg-cpu: %user %nice %system %iowait %steal %idle 37.20 0.05 4.15 36.28 0.00 22.31#iooperation:Device tps kB_read/s kB_wrtn/s kB_read kB_wrtn mmcblk0 228.86 11333.64 945.86 43270696 3611216#mpstat:01:23:52 PM CPU %usr %nice %sys %iowait %irq %soft %steal %guest %gnice %idle 01:23:52 PM all 37.20 0.05 3.67 36.28 0.00 0.49 0.00 0.00 0.00 22.31 01:23:52 PM 0 37.12 0.02 3.65 35.21 0.00 0.49 0.00 0.00 0.00 23.51 01:23:52 PM 1 37.17 0.09 3.72 36.91 0.00 0.49 0.00 0.00 0.00 21.61 01:23:52 PM 2 37.28 0.08 3.58 36.18 0.00 0.51 0.00 0.00 0.00 22.37 01:23:52 PM 3 37.24 0.02 3.71 36.83 0.00 0.45 0.00 0.00 0.00 21.75#vmstat:procs -----------memory---------- ---swap-- -----io---- -system-- ------cpu----- r b swpd free buff cache si so bi bo in cs us sy id wa st 3 1 355840 36204 608 298284 11 42 2889 241 230 478 37 4 22 36 0
#date:Tue Jul 16 13:24:52 CEST 2019#hostname:10.214.220.251 #SWAP:Swap: 2.0G 347M 1.7G#RAM:Mem: 912M 584M 36M 1.0M 291M 265M#Disk:Filesystem Size Used Avail Use% Mounted on /dev/mmcblk0p2 15G 11G 4.1G 72% /#Load:4.43,4.42,4.80#Network:Iface MTU RX-OK RX-ERR RX-DRP RX-OVR TX-OK TX-ERR TX-DRP TX-OVR Flg eth0 1500 904042 4 2195 0 609660 0 0 0 BMRU #iostat:avg-cpu: %user %nice %system %iowait %steal %idle 37.86 0.05 4.14 35.96 0.00 21.99#iooperation:Device tps kB_read/s kB_wrtn/s kB_read kB_wrtn mmcblk0 227.22 11345.20 957.08 44011792 3712824#mpstat:01:24:53 PM CPU %usr %nice %sys %iowait %irq %soft %steal %guest %gnice %idle 01:24:53 PM all 37.87 0.05 3.65 35.96 0.00 0.48 0.00 0.00 0.00 21.99 01:24:53 PM 0 37.77 0.02 3.64 34.91 0.00 0.49 0.00 0.00 0.00 23.17 01:24:53 PM 1 37.83 0.09 3.71 36.59 0.00 0.49 0.00 0.00 0.00 21.30 01:24:53 PM 2 37.94 0.08 3.56 35.86 0.00 0.51 0.00 0.00 0.00 22.05 01:24:53 PM 3 37.92 0.02 3.70 36.48 0.00 0.45 0.00 0.00 0.00 21.43#vmstat:procs -----------memory---------- ---swap-- -----io---- -system-- ------cpu----- r b swpd free buff cache si so bi bo in cs us sy id wa st 3 2 355840 33092 1264 300460 11 41 2891 243 273 475 38 4 22 36 0
#date:Tue Jul 16 13:25:53 CEST 2019#hostname:10.214.220.251 #SWAP:Swap: 2.0G 347M 1.7G#RAM:Mem: 912M 585M 36M 1.0M 289M 264M#Disk:Filesystem Size Used Avail Use% Mounted on /dev/mmcblk0p2 15G 11G 4.0G 73% /#Load:4.35,4.39,4.77#Network:Iface MTU RX-OK RX-ERR RX-DRP RX-OVR TX-OK TX-ERR TX-DRP TX-OVR Flg eth0 1500 909926 4 2195 0 613214 0 0 0 BMRU #iostat:avg-cpu: %user %nice %system %iowait %steal %idle 38.50 0.05 4.13 35.65 0.00 21.68#iooperation:Device tps kB_read/s kB_wrtn/s kB_read kB_wrtn mmcblk0 225.71 11364.27 963.97 44791928 3799464#mpstat:01:25:55 PM CPU %usr %nice %sys %iowait %irq %soft %steal %guest %gnice %idle 01:25:55 PM all 38.50 0.05 3.65 35.65 0.00 0.48 0.00 0.00 0.00 21.68 01:25:55 PM 0 38.42 0.02 3.63 34.61 0.00 0.49 0.00 0.00 0.00 22.84 01:25:55 PM 1 38.45 0.09 3.70 36.29 0.00 0.48 0.00 0.00 0.00 20.99 01:25:55 PM 2 38.57 0.08 3.56 35.54 0.00 0.50 0.00 0.00 0.00 21.74 01:25:55 PM 3 38.57 0.02 3.69 36.15 0.00 0.45 0.00 0.00 0.00 21.13#vmstat:procs -----------memory---------- ---swap-- -----io---- -system-- ------cpu----- r b swpd free buff cache si so bi bo in cs us sy id wa st 4 0 355840 34392 2336 297664 10 41 2895 246 316 473 39 4 22 36 0
#date:Tue Jul 16 13:26:56 CEST 2019#hostname:10.214.220.251 #SWAP:Swap: 2.0G 346M 1.7G#RAM:Mem: 912M 590M 39M 1.0M 282M 259M#Disk:Filesystem Size Used Avail Use% Mounted on /dev/mmcblk0p2 15G 11G 3.9G 73% /#Load:4.26,4.35,4.73#Network:Iface MTU RX-OK RX-ERR RX-DRP RX-OVR TX-OK TX-ERR TX-DRP TX-OVR Flg eth0 1500 921328 4 2195 0 620577 0 0 0 BMRU #iostat:avg-cpu: %user %nice %system %iowait %steal %idle 39.12 0.05 4.11 35.34 0.00 21.38#iooperation:Device tps kB_read/s kB_wrtn/s kB_read kB_wrtn mmcblk0 224.21 11380.18 971.44 45558596 3889004#mpstat:01:26:57 PM CPU %usr %nice %sys %iowait %irq %soft %steal %guest %gnice %idle 01:26:57 PM all 39.12 0.05 3.63 35.34 0.00 0.48 0.00 0.00 0.00 21.38 01:26:57 PM 0 39.03 0.02 3.62 34.32 0.00 0.49 0.00 0.00 0.00 22.53 01:26:57 PM 1 39.06 0.09 3.68 35.98 0.00 0.49 0.00 0.00 0.00 20.70 01:26:57 PM 2 39.20 0.07 3.55 35.24 0.00 0.50 0.00 0.00 0.00 21.44 01:26:57 PM 3 39.19 0.02 3.68 35.83 0.00 0.45 0.00 0.00 0.00 20.84#vmstat:procs -----------memory---------- ---swap-- -----io---- -system-- ------cpu----- r b swpd free buff cache si so bi bo in cs us sy id wa st 4 0 354816 32336 300 296536 10 40 2899 247 358 472 39 4 21 35 0
#date:Tue Jul 16 13:27:58 CEST 2019#hostname:10.214.220.251 #SWAP:Swap: 2.0G 346M 1.7G#RAM:Mem: 912M 570M 31M 1.0M 310M 279M#Disk:Filesystem Size Used Avail Use% Mounted on /dev/mmcblk0p2 15G 11G 3.9G 74% /#Load:4.19,4.32,4.69#Network:Iface MTU RX-OK RX-ERR RX-DRP RX-OVR TX-OK TX-ERR TX-DRP TX-OVR Flg eth0 1500 926234 4 2195 0 625854 0 0 0 BMRU #iostat:avg-cpu: %user %nice %system %iowait %steal %idle 39.71 0.05 4.10 35.05 0.00 21.09#iooperation:Device tps kB_read/s kB_wrtn/s kB_read kB_wrtn mmcblk0 222.69 11389.29 981.91 46306116 3992192#mpstat:01:27:59 PM CPU %usr %nice %sys %iowait %irq %soft %steal %guest %gnice %idle 01:27:59 PM all 39.71 0.05 3.62 35.05 0.00 0.48 0.00 0.00 0.00 21.09 01:27:59 PM 0 39.64 0.02 3.60 34.04 0.00 0.49 0.00 0.00 0.00 22.22 01:27:59 PM 1 39.62 0.09 3.68 35.69 0.00 0.48 0.00 0.00 0.00 20.44 01:27:59 PM 2 39.79 0.07 3.54 34.95 0.00 0.50 0.00 0.00 0.00 21.15 01:27:59 PM 3 39.79 0.02 3.67 35.51 0.00 0.45 0.00 0.00 0.00 20.56#vmstat:procs -----------memory---------- ---swap-- -----io---- -system-- ------cpu----- r b swpd free buff cache si so bi bo in cs us sy id wa st 4 0 354816 32512 988 316000 10 39 2901 250 398 469 40 4 21 35 0
#date:Tue Jul 16 13:29:00 CEST 2019#hostname:10.214.220.251 #SWAP:Swap: 2.0G 346M 1.7G#RAM:Mem: 912M 575M 30M 1.0M 306M 274M#Disk:Filesystem Size Used Avail Use% Mounted on /dev/mmcblk0p2 15G 11G 3.8G 75% /#Load:4.21,4.29,4.66#Network:Iface MTU RX-OK RX-ERR RX-DRP RX-OVR TX-OK TX-ERR TX-DRP TX-OVR Flg eth0 1500 927268 4 2195 0 626099 0 0 0 BMRU #iostat:avg-cpu: %user %nice %system %iowait %steal %idle 40.30 0.05 4.09 34.76 0.00 20.80#iooperation:Device tps kB_read/s kB_wrtn/s kB_read kB_wrtn mmcblk0 221.32 11406.72 989.60 47085348 4084924#mpstat:01:29:01 PM CPU %usr %nice %sys %iowait %irq %soft %steal %guest %gnice %idle 01:29:01 PM all 40.30 0.05 3.61 34.76 0.00 0.48 0.00 0.00 0.00 20.80 01:29:01 PM 0 40.22 0.02 3.59 33.77 0.00 0.48 0.00 0.00 0.00 21.92 01:29:01 PM 1 40.20 0.09 3.67 35.40 0.00 0.48 0.00 0.00 0.00 20.16 01:29:01 PM 2 40.39 0.07 3.53 34.65 0.00 0.50 0.00 0.00 0.00 20.86 01:29:01 PM 3 40.38 0.02 3.66 35.22 0.00 0.44 0.00 0.00 0.00 20.27#vmstat:procs -----------memory---------- ---swap-- -----io---- -system-- ------cpu----- r b swpd free buff cache si so bi bo in cs us sy id wa st 3 1 354816 34792 884 308436 10 39 2905 252 436 468 40 4 21 35 0
#date:Tue Jul 16 13:30:02 CEST 2019#hostname:10.214.220.251 #SWAP:Swap: 2.0G 346M 1.7G#RAM:Mem: 912M 575M 32M 1.0M 304M 274M#Disk:Filesystem Size Used Avail Use% Mounted on /dev/mmcblk0p2 15G 11G 3.7G 75% /#Load:4.30,4.29,4.63#Network:Iface MTU RX-OK RX-ERR RX-DRP RX-OVR TX-OK TX-ERR TX-DRP TX-OVR Flg eth0 1500 928647 4 2195 0 626394 0 0 0 BMRU #iostat:avg-cpu: %user %nice %system %iowait %steal %idle 40.86 0.05 4.08 34.48 0.00 20.54#iooperation:Device tps kB_read/s kB_wrtn/s kB_read kB_wrtn mmcblk0 220.04 11428.62 995.98 47877448 4172412#mpstat:01:30:03 PM CPU %usr %nice %sys %iowait %irq %soft %steal %guest %gnice %idle 01:30:03 PM all 40.86 0.05 3.61 34.48 0.00 0.47 0.00 0.00 0.00 20.54 01:30:03 PM 0 40.79 0.02 3.59 33.50 0.00 0.48 0.00 0.00 0.00 21.64 01:30:03 PM 1 40.76 0.08 3.66 35.11 0.00 0.48 0.00 0.00 0.00 19.91 01:30:03 PM 2 40.98 0.07 3.51 34.35 0.00 0.49 0.00 0.00 0.00 20.60 01:30:03 PM 3 40.90 0.02 3.66 34.97 0.00 0.44 0.00 0.00 0.00 20.01#vmstat:procs -----------memory---------- ---swap-- -----io---- -system-- ------cpu----- r b swpd free buff cache si so bi bo in cs us sy id wa st 3 1 354816 33708 1360 309212 10 38 2910 253 473 466 41 4 21 34 0
#date:Tue Jul 16 13:31:03 CEST 2019#hostname:10.214.220.251 #SWAP:Swap: 2.0G 346M 1.7G#RAM:Mem: 912M 575M 35M 1.0M 300M 273M#Disk:Filesystem Size Used Avail Use% Mounted on /dev/mmcblk0p2 15G 11G 3.6G 76% /#Load:4.40,4.32,4.62#Network:Iface MTU RX-OK RX-ERR RX-DRP RX-OVR TX-OK TX-ERR TX-DRP TX-OVR Flg eth0 1500 930201 4 2195 0 626680 0 0 0 BMRU #iostat:avg-cpu: %user %nice %system %iowait %steal %idle 41.40 0.05 4.07 34.21 0.00 20.28#iooperation:Device tps kB_read/s kB_wrtn/s kB_read kB_wrtn mmcblk0 218.70 11438.72 1000.44 48621888 4252528#mpstat:01:31:04 PM CPU %usr %nice %sys %iowait %irq %soft %steal %guest %gnice %idle 01:31:04 PM all 41.40 0.05 3.60 34.21 0.00 0.47 0.00 0.00 0.00 20.28 01:31:04 PM 0 41.33 0.02 3.58 33.24 0.00 0.48 0.00 0.00 0.00 21.36 01:31:04 PM 1 41.32 0.08 3.65 34.82 0.00 0.47 0.00 0.00 0.00 19.65 01:31:04 PM 2 41.53 0.07 3.51 34.07 0.00 0.49 0.00 0.00 0.00 20.33 01:31:04 PM 3 41.42 0.02 3.66 34.71 0.00 0.44 0.00 0.00 0.00 19.77#vmstat:procs -----------memory---------- ---swap-- -----io---- -system-- ------cpu----- r b swpd free buff cache si so bi bo in cs us sy id wa st 6 1 354816 40872 684 303324 10 38 2912 255 509 464 41 4 20 34 0
#date:Tue Jul 16 13:32:05 CEST 2019#hostname:10.214.220.251 #SWAP:Swap: 2.0G 346M 1.7G#RAM:Mem: 912M 573M 39M 1.0M 298M 275M#Disk:Filesystem Size Used Avail Use% Mounted on /dev/mmcblk0p2 15G 11G 3.5G 76% /#Load:4.36,4.32,4.60#Network:Iface MTU RX-OK RX-ERR RX-DRP RX-OVR TX-OK TX-ERR TX-DRP TX-OVR Flg eth0 1500 931332 4 2195 0 626913 0 0 0 BMRU #iostat:avg-cpu: %user %nice %system %iowait %steal %idle 41.77 0.05 4.05 33.99 0.00 20.14#iooperation:Device tps kB_read/s kB_wrtn/s kB_read kB_wrtn mmcblk0 217.53 11461.48 1008.68 49427768 4349960#mpstat:01:32:06 PM CPU %usr %nice %sys %iowait %irq %soft %steal %guest %gnice %idle 01:32:06 PM all 41.77 0.05 3.59 33.99 0.00 0.46 0.00 0.00 0.00 20.14 01:32:06 PM 0 41.71 0.02 3.57 33.06 0.00 0.47 0.00 0.00 0.00 21.18 01:32:06 PM 1 41.69 0.08 3.64 34.61 0.00 0.47 0.00 0.00 0.00 19.51 01:32:06 PM 2 41.91 0.07 3.50 33.83 0.00 0.48 0.00 0.00 0.00 20.21 01:32:06 PM 3 41.78 0.02 3.64 34.46 0.00 0.43 0.00 0.00 0.00 19.66#vmstat:procs -----------memory---------- ---swap-- -----io---- -system-- ------cpu----- r b swpd free buff cache si so bi bo in cs us sy id wa st 0 1 354816 31948 752 312564 10 37 2918 256 544 463 42 4 20 34 0
#date:Tue Jul 16 13:33:06 CEST 2019#hostname:10.214.220.251 #SWAP:Swap: 2.0G 346M 1.7G#RAM:Mem: 912M 574M 32M 1.0M 305M 275M#Disk:Filesystem Size Used Avail Use% Mounted on /dev/mmcblk0p2 15G 11G 3.5G 76% /#Load:2.29,3.71,4.37#Network:Iface MTU RX-OK RX-ERR RX-DRP RX-OVR TX-OK TX-ERR TX-DRP TX-OVR Flg eth0 1500 932398 4 2195 0 627171 0 0 0 BMRU #iostat:avg-cpu: %user %nice %system %iowait %steal %idle 41.20 0.05 4.04 33.89 0.00 20.83#iooperation:Device tps kB_read/s kB_wrtn/s kB_read kB_wrtn mmcblk0 217.53 11582.85 994.66 50662688 4350604#mpstat:01:33:08 PM CPU %usr %nice %sys %iowait %irq %soft %steal %guest %gnice %idle 01:33:08 PM all 41.20 0.05 3.58 33.89 0.00 0.46 0.00 0.00 0.00 20.83 01:33:08 PM 0 41.14 0.01 3.55 32.98 0.00 0.47 0.00 0.00 0.00 21.84 01:33:08 PM 1 41.12 0.08 3.63 34.46 0.00 0.46 0.00 0.00 0.00 20.24 01:33:08 PM 2 41.33 0.07 3.49 33.76 0.00 0.48 0.00 0.00 0.00 20.88 01:33:08 PM 3 41.21 0.02 3.63 34.34 0.00 0.43 0.00 0.00 0.00 20.37#vmstat:procs -----------memory---------- ---swap-- -----io---- -system-- ------cpu----- r b swpd free buff cache si so bi bo in cs us sy id wa st 0 2 354816 36716 1120 307620 9 37 2949 253 576 463 41 4 21 34 0
#date:Tue Jul 16 13:34:08 CEST 2019#hostname:10.214.220.251 #SWAP:Swap: 2.0G 346M 1.7G#RAM:Mem: 912M 573M 37M 1.0M 301M 275M#Disk:Filesystem Size Used Avail Use% Mounted on /dev/mmcblk0p2 15G 11G 3.5G 76% /#Load:1.63,3.26,4.17#Network:Iface MTU RX-OK RX-ERR RX-DRP RX-OVR TX-OK TX-ERR TX-DRP TX-OVR Flg eth0 1500 933679 4 2195 0 627395 0 0 0 BMRU #iostat:avg-cpu: %user %nice %system %iowait %steal %idle 40.64 0.04 4.02 33.77 0.00 21.52#iooperation:Device tps kB_read/s kB_wrtn/s kB_read kB_wrtn mmcblk0 217.54 11700.47 980.97 51895700 4350952#mpstat:01:34:09 PM CPU %usr %nice %sys %iowait %irq %soft %steal %guest %gnice %idle 01:34:09 PM all 40.64 0.04 3.57 33.77 0.00 0.45 0.00 0.00 0.00 21.52 01:34:09 PM 0 40.58 0.01 3.54 32.81 0.00 0.46 0.00 0.00 0.00 22.59 01:34:09 PM 1 40.56 0.08 3.62 34.37 0.00 0.46 0.00 0.00 0.00 20.91 01:34:09 PM 2 40.77 0.07 3.48 33.67 0.00 0.47 0.00 0.00 0.00 21.54 01:34:09 PM 3 40.65 0.02 3.63 34.25 0.00 0.42 0.00 0.00 0.00 21.04#vmstat:procs -----------memory---------- ---swap-- -----io---- -system-- ------cpu----- r b swpd free buff cache si so bi bo in cs us sy id wa st 0 1 354816 39088 872 305900 9 36 2979 249 607 464 41 4 22 34 0
#date:Tue Jul 16 13:35:09 CEST 2019#hostname:10.214.220.251 #SWAP:Swap: 2.0G 346M 1.7G#RAM:Mem: 912M 570M 35M 1.0M 306M 279M#Disk:Filesystem Size Used Avail Use% Mounted on /dev/mmcblk0p2 15G 11G 3.5G 76% /#Load:1.44,2.93,4.00#Network:Iface MTU RX-OK RX-ERR RX-DRP RX-OVR TX-OK TX-ERR TX-DRP TX-OVR Flg eth0 1500 934927 4 2195 0 627740 0 0 0 BMRU #iostat:avg-cpu: %user %nice %system %iowait %steal %idle 40.10 0.04 4.01 33.69 0.00 22.16#iooperation:Device tps kB_read/s kB_wrtn/s kB_read kB_wrtn mmcblk0 217.67 11814.45 967.79 53126296 4351860#mpstat:01:35:10 PM CPU %usr %nice %sys %iowait %irq %soft %steal %guest %gnice %idle 01:35:10 PM all 40.10 0.04 3.56 33.69 0.00 0.45 0.00 0.00 0.00 22.16 01:35:10 PM 0 40.04 0.01 3.53 32.73 0.00 0.45 0.00 0.00 0.00 23.23 01:35:10 PM 1 40.02 0.08 3.61 34.28 0.00 0.45 0.00 0.00 0.00 21.56 01:35:10 PM 2 40.23 0.07 3.48 33.60 0.00 0.47 0.00 0.00 0.00 22.16 01:35:10 PM 3 40.10 0.02 3.62 34.15 0.00 0.42 0.00 0.00 0.00 21.69#vmstat:procs -----------memory---------- ---swap-- -----io---- -system-- ------cpu----- r b swpd free buff cache si so bi bo in cs us sy id wa st 0 1 354816 39612 1424 307708 9 36 3008 246 638 465 40 4 22 34 0
#date:Tue Jul 16 13:36:11 CEST 2019#hostname:10.214.220.251 #SWAP:Swap: 2.0G 346M 1.7G#RAM:Mem: 912M 569M 39M 1.0M 302M 279M#Disk:Filesystem Size Used Avail Use% Mounted on /dev/mmcblk0p2 15G 11G 3.5G 76% /#Load:1.38,2.65,3.84#Network:Iface MTU RX-OK RX-ERR RX-DRP RX-OVR TX-OK TX-ERR TX-DRP TX-OVR Flg eth0 1500 936284 4 2195 0 628151 0 0 0 BMRU #iostat:avg-cpu: %user %nice %system %iowait %steal %idle 39.57 0.04 4.00 33.59 0.00 22.81#iooperation:Device tps kB_read/s kB_wrtn/s kB_read kB_wrtn mmcblk0 217.55 11927.14 954.85 54367372 4352484#mpstat:01:36:12 PM CPU %usr %nice %sys %iowait %irq %soft %steal %guest %gnice %idle 01:36:12 PM all 39.57 0.04 3.55 33.59 0.00 0.44 0.00 0.00 0.00 22.81 01:36:12 PM 0 39.51 0.01 3.53 32.67 0.00 0.45 0.00 0.00 0.00 23.84 01:36:12 PM 1 39.49 0.08 3.59 34.19 0.00 0.45 0.00 0.00 0.00 22.20 01:36:12 PM 2 39.69 0.07 3.48 33.48 0.00 0.46 0.00 0.00 0.00 22.83 01:36:12 PM 3 39.57 0.02 3.62 34.03 0.00 0.41 0.00 0.00 0.00 22.36#vmstat:procs -----------memory---------- ---swap-- -----io---- -system-- ------cpu----- r b swpd free buff cache si so bi bo in cs us sy id wa st 0 1 354816 39632 688 308940 9 35 3037 243 668 465 40 4 23 34 0
#date:Tue Jul 16 13:37:12 CEST 2019#hostname:10.214.220.251 #SWAP:Swap: 2.0G 346M 1.7G#RAM:Mem: 912M 556M 33M 1.0M 322M 293M#Disk:Filesystem Size Used Avail Use% Mounted on /dev/mmcblk0p2 15G 11G 3.5G 76% /#Load:1.47,2.41,3.67#Network:Iface MTU RX-OK RX-ERR RX-DRP RX-OVR TX-OK TX-ERR TX-DRP TX-OVR Flg eth0 1500 937944 4 2195 0 628806 0 0 0 BMRU #iostat:avg-cpu: %user %nice %system %iowait %steal %idle 39.05 0.04 3.98 33.51 0.00 23.42#iooperation:Device tps kB_read/s kB_wrtn/s kB_read kB_wrtn mmcblk0 217.67 12035.48 942.28 55601640 4353156#mpstat:01:37:13 PM CPU %usr %nice %sys %iowait %irq %soft %steal %guest %gnice %idle 01:37:13 PM all 39.05 0.04 3.54 33.51 0.00 0.44 0.00 0.00 0.00 23.42 01:37:13 PM 0 38.99 0.01 3.52 32.58 0.00 0.44 0.00 0.00 0.00 24.44 01:37:13 PM 1 38.98 0.08 3.58 34.11 0.00 0.44 0.00 0.00 0.00 22.82 01:37:13 PM 2 39.18 0.06 3.47 33.38 0.00 0.46 0.00 0.00 0.00 23.46 01:37:13 PM 3 39.06 0.02 3.61 33.96 0.00 0.41 0.00 0.00 0.00 22.96#vmstat:procs -----------memory---------- ---swap-- -----io---- -system-- ------cpu----- r b swpd free buff cache si so bi bo in cs us sy id wa st 1 1 354816 34084 576 328716 9 35 3065 240 697 466 39 4 23 34 0
#date:Tue Jul 16 13:38:14 CEST 2019#hostname:10.214.220.251 #SWAP:Swap: 2.0G 346M 1.7G#RAM:Mem: 912M 556M 30M 1.0M 324M 293M#Disk:Filesystem Size Used Avail Use% Mounted on /dev/mmcblk0p2 15G 11G 3.5G 76% /#Load:1.53,2.25,3.54#Network:Iface MTU RX-OK RX-ERR RX-DRP RX-OVR TX-OK TX-ERR TX-DRP TX-OVR Flg eth0 1500 939519 4 2195 0 629538 0 0 0 BMRU #iostat:avg-cpu: %user %nice %system %iowait %steal %idle 38.55 0.04 3.97 33.41 0.00 24.03#iooperation:Device tps kB_read/s kB_wrtn/s kB_read kB_wrtn mmcblk0 217.61 12141.76 930.06 56839328 4353888#mpstat:01:38:15 PM CPU %usr %nice %sys %iowait %irq %soft %steal %guest %gnice %idle 01:38:15 PM all 38.55 0.04 3.54 33.41 0.00 0.43 0.00 0.00 0.00 24.03 01:38:15 PM 0 38.49 0.01 3.52 32.53 0.00 0.44 0.00 0.00 0.00 25.01 01:38:15 PM 1 38.48 0.08 3.58 34.01 0.00 0.44 0.00 0.00 0.00 23.42 01:38:15 PM 2 38.67 0.06 3.46 33.23 0.00 0.45 0.00 0.00 0.00 24.13 01:38:15 PM 3 38.56 0.02 3.60 33.87 0.00 0.40 0.00 0.00 0.00 23.55#vmstat:procs -----------memory---------- ---swap-- -----io---- -system-- ------cpu----- r b swpd free buff cache si so bi bo in cs us sy id wa st 0 1 354816 32608 1344 329228 9 34 3093 237 725 467 39 4 24 33 0
#date:Tue Jul 16 13:39:15 CEST 2019#hostname:10.214.220.251 #SWAP:Swap: 2.0G 346M 1.7G#RAM:Mem: 912M 556M 34M 1.0M 321M 293M#Disk:Filesystem Size Used Avail Use% Mounted on /dev/mmcblk0p2 15G 11G 3.5G 76% /#Load:1.38,2.08,3.39#Network:Iface MTU RX-OK RX-ERR RX-DRP RX-OVR TX-OK TX-ERR TX-DRP TX-OVR Flg eth0 1500 941053 4 2195 0 630261 0 0 0 BMRU #iostat:avg-cpu: %user %nice %system %iowait %steal %idle 38.06 0.04 3.96 33.32 0.00 24.62#iooperation:Device tps kB_read/s kB_wrtn/s kB_read kB_wrtn mmcblk0 217.43 12246.05 918.12 58081288 4354520#mpstat:01:39:16 PM CPU %usr %nice %sys %iowait %irq %soft %steal %guest %gnice %idle 01:39:16 PM all 38.06 0.04 3.53 33.32 0.00 0.43 0.00 0.00 0.00 24.62 01:39:16 PM 0 38.00 0.01 3.51 32.48 0.00 0.43 0.00 0.00 0.00 25.55 01:39:16 PM 1 37.99 0.07 3.57 33.85 0.00 0.43 0.00 0.00 0.00 24.08 01:39:16 PM 2 38.18 0.06 3.45 33.12 0.00 0.45 0.00 0.00 0.00 24.73 01:39:16 PM 3 38.07 0.02 3.59 33.81 0.00 0.40 0.00 0.00 0.00 24.12#vmstat:procs -----------memory---------- ---swap-- -----io---- -system-- ------cpu----- r b swpd free buff cache si so bi bo in cs us sy id wa st 0 1 354816 36508 484 326664 9 34 3119 234 753 467 38 4 25 33 0
#date:Tue Jul 16 13:40:17 CEST 2019#hostname:10.214.220.251 #SWAP:Swap: 2.0G 346M 1.7G#RAM:Mem: 912M 375M 34M 1.0M 501M 473M#Disk:Filesystem Size Used Avail Use% Mounted on /dev/mmcblk0p2 15G 11G 3.5G 76% /#Load:1.35,1.92,3.25#Network:Iface MTU RX-OK RX-ERR RX-DRP RX-OVR TX-OK TX-ERR TX-DRP TX-OVR Flg eth0 1500 942089 4 2195 0 630528 0 0 0 BMRU #iostat:avg-cpu: %user %nice %system %iowait %steal %idle 37.58 0.04 3.94 33.21 0.00 25.22#iooperation:Device tps kB_read/s kB_wrtn/s kB_read kB_wrtn mmcblk0 217.56 12344.51 906.48 59306372 4354992#mpstat:01:40:18 PM CPU %usr %nice %sys %iowait %irq %soft %steal %guest %gnice %idle 01:40:18 PM all 37.58 0.04 3.52 33.21 0.00 0.42 0.00 0.00 0.00 25.22 01:40:18 PM 0 37.53 0.01 3.51 32.36 0.00 0.43 0.00 0.00 0.00 26.16 01:40:18 PM 1 37.51 0.07 3.55 33.78 0.00 0.43 0.00 0.00 0.00 24.66 01:40:18 PM 2 37.70 0.06 3.44 33.04 0.00 0.44 0.00 0.00 0.00 25.32 01:40:18 PM 3 37.59 0.02 3.58 33.68 0.00 0.39 0.00 0.00 0.00 24.75#vmstat:procs -----------memory---------- ---swap-- -----io---- -system-- ------cpu----- r b swpd free buff cache si so bi bo in cs us sy id wa st 0 1 354816 36724 504 511224 9 33 3145 231 779 468 38 4 25 33 0
#date:Tue Jul 16 13:41:18 CEST 2019#hostname:10.214.220.251 #SWAP:Swap: 2.0G 346M 1.7G#RAM:Mem: 912M 375M 30M 1.0M 505M 473M#Disk:Filesystem Size Used Avail Use% Mounted on /dev/mmcblk0p2 15G 11G 3.5G 76% /#Load:1.13,1.75,3.10#Network:Iface MTU RX-OK RX-ERR RX-DRP RX-OVR TX-OK TX-ERR TX-DRP TX-OVR Flg eth0 1500 943041 4 2195 0 630748 0 0 0 BMRU #iostat:avg-cpu: %user %nice %system %iowait %steal %idle 37.12 0.04 3.93 33.11 0.00 25.80#iooperation:Device tps kB_read/s kB_wrtn/s kB_read kB_wrtn mmcblk0 217.91 12439.22 895.16 60526020 4355632#mpstat:01:41:19 PM CPU %usr %nice %sys %iowait %irq %soft %steal %guest %gnice %idle 01:41:19 PM all 37.12 0.04 3.51 33.11 0.00 0.42 0.00 0.00 0.00 25.80 01:41:19 PM 0 37.07 0.01 3.50 32.25 0.00 0.42 0.00 0.00 0.00 26.74 01:41:19 PM 1 37.05 0.07 3.54 33.68 0.00 0.42 0.00 0.00 0.00 25.23 01:41:19 PM 2 37.24 0.06 3.44 32.91 0.00 0.44 0.00 0.00 0.00 25.91 01:41:19 PM 3 37.12 0.02 3.57 33.60 0.00 0.39 0.00 0.00 0.00 25.30#vmstat:procs -----------memory---------- ---swap-- -----io---- -system-- ------cpu----- r b swpd free buff cache si so bi bo in cs us sy id wa st 0 1 354816 35996 564 511976 9 33 3169 228 806 469 37 4 26 33 0
#date:Tue Jul 16 13:42:20 CEST 2019#hostname:10.214.220.251 #SWAP:Swap: 2.0G 346M 1.7G#RAM:Mem: 912M 369M 33M 1.0M 509M 480M#Disk:Filesystem Size Used Avail Use% Mounted on /dev/mmcblk0p2 15G 11G 3.5G 76% /#Load:1.05,1.61,2.97#Network:Iface MTU RX-OK RX-ERR RX-DRP RX-OVR TX-OK TX-ERR TX-DRP TX-OVR Flg eth0 1500 944208 4 2195 0 630982 0 0 0 BMRU #iostat:avg-cpu: %user %nice %system %iowait %steal %idle 36.66 0.04 3.92 33.01 0.00 26.37#iooperation:Device tps kB_read/s kB_wrtn/s kB_read kB_wrtn mmcblk0 218.29 12530.98 884.08 61743252 4356088#mpstat:01:42:21 PM CPU %usr %nice %sys %iowait %irq %soft %steal %guest %gnice %idle 01:42:21 PM all 36.66 0.04 3.51 33.01 0.00 0.41 0.00 0.00 0.00 26.37 01:42:21 PM 0 36.61 0.01 3.49 32.18 0.00 0.42 0.00 0.00 0.00 27.28 01:42:21 PM 1 36.59 0.07 3.53 33.56 0.00 0.42 0.00 0.00 0.00 25.82 01:42:21 PM 2 36.78 0.06 3.44 32.81 0.00 0.43 0.00 0.00 0.00 26.47 01:42:21 PM 3 36.67 0.01 3.56 33.48 0.00 0.38 0.00 0.00 0.00 25.89#vmstat:procs -----------memory---------- ---swap-- -----io---- -system-- ------cpu----- r b swpd free buff cache si so bi bo in cs us sy id wa st 0 1 354816 33272 732 520676 8 33 3193 225 831 470 37 4 26 33 0
#date:Tue Jul 16 13:43:21 CEST 2019#hostname:10.214.220.251 #SWAP:Swap: 2.0G 346M 1.7G#RAM:Mem: 912M 369M 34M 1.0M 507M 479M#Disk:Filesystem Size Used Avail Use% Mounted on /dev/mmcblk0p2 15G 11G 3.5G 76% /#Load:1.07,1.51,2.85#Network:Iface MTU RX-OK RX-ERR RX-DRP RX-OVR TX-OK TX-ERR TX-DRP TX-OVR Flg eth0 1500 945349 4 2195 0 631264 0 0 0 BMRU #iostat:avg-cpu: %user %nice %system %iowait %steal %idle 36.22 0.04 3.91 32.91 0.00 26.91#iooperation:Device tps kB_read/s kB_wrtn/s kB_read kB_wrtn mmcblk0 218.66 12620.52 873.28 62960112 4356532#mpstat:01:43:22 PM CPU %usr %nice %sys %iowait %irq %soft %steal %guest %gnice %idle 01:43:22 PM all 36.22 0.04 3.50 32.91 0.00 0.41 0.00 0.00 0.00 26.91 01:43:22 PM 0 36.17 0.01 3.49 32.09 0.00 0.42 0.00 0.00 0.00 27.81 01:43:22 PM 1 36.15 0.07 3.52 33.45 0.00 0.41 0.00 0.00 0.00 26.38 01:43:22 PM 2 36.34 0.06 3.43 32.74 0.00 0.43 0.00 0.00 0.00 27.00 01:43:22 PM 3 36.23 0.01 3.56 33.36 0.00 0.38 0.00 0.00 0.00 26.46#vmstat:procs -----------memory---------- ---swap-- -----io---- -system-- ------cpu----- r b swpd free buff cache si so bi bo in cs us sy id wa st 1 1 354816 34580 1104 518136 8 32 3216 222 856 471 36 4 27 33 0
#date:Tue Jul 16 13:44:23 CEST 2019#hostname:10.214.220.251 #SWAP:Swap: 2.0G 346M 1.7G#RAM:Mem: 912M 369M 35M 1.0M 507M 480M#Disk:Filesystem Size Used Avail Use% Mounted on /dev/mmcblk0p2 15G 11G 3.5G 76% /#Load:1.31,1.47,2.74#Network:Iface MTU RX-OK RX-ERR RX-DRP RX-OVR TX-OK TX-ERR TX-DRP TX-OVR Flg eth0 1500 946437 4 2195 0 631500 0 0 0 BMRU #iostat:avg-cpu: %user %nice %system %iowait %steal %idle 35.79 0.04 3.90 32.82 0.00 27.45#iooperation:Device tps kB_read/s kB_wrtn/s kB_read kB_wrtn mmcblk0 219.09 12707.45 862.82 64175396 4357412#mpstat:01:44:24 PM CPU %usr %nice %sys %iowait %irq %soft %steal %guest %gnice %idle 01:44:24 PM all 35.79 0.04 3.49 32.82 0.00 0.40 0.00 0.00 0.00 27.45 01:44:24 PM 0 35.74 0.01 3.48 32.00 0.00 0.41 0.00 0.00 0.00 28.35 01:44:24 PM 1 35.72 0.07 3.52 33.38 0.00 0.41 0.00 0.00 0.00 26.90 01:44:24 PM 2 35.90 0.06 3.43 32.65 0.00 0.42 0.00 0.00 0.00 27.54 01:44:24 PM 3 35.80 0.01 3.55 33.25 0.00 0.38 0.00 0.00 0.00 27.01#vmstat:procs -----------memory---------- ---swap-- -----io---- -system-- ------cpu----- r b swpd free buff cache si so bi bo in cs us sy id wa st 0 1 354816 38584 408 516236 8 32 3238 220 881 472 36 4 27 33 0
#date:Tue Jul 16 13:45:24 CEST 2019#hostname:10.214.220.251 #SWAP:Swap: 2.0G 346M 1.7G#RAM:Mem: 912M 366M 36M 1.0M 508M 483M#Disk:Filesystem Size Used Avail Use% Mounted on /dev/mmcblk0p2 15G 11G 3.5G 76% /#Load:1.11,1.39,2.63#Network:Iface MTU RX-OK RX-ERR RX-DRP RX-OVR TX-OK TX-ERR TX-DRP TX-OVR Flg eth0 1500 947472 4 2195 0 631749 0 0 0 BMRU #iostat:avg-cpu: %user %nice %system %iowait %steal %idle 35.37 0.04 3.89 32.73 0.00 27.97#iooperation:Device tps kB_read/s kB_wrtn/s kB_read kB_wrtn mmcblk0 219.46 12792.22 852.60 65388344 4358104#mpstat:01:45:25 PM CPU %usr %nice %sys %iowait %irq %soft %steal %guest %gnice %idle 01:45:25 PM all 35.37 0.04 3.49 32.73 0.00 0.40 0.00 0.00 0.00 27.97 01:45:25 PM 0 35.32 0.01 3.48 31.92 0.00 0.41 0.00 0.00 0.00 28.86 01:45:25 PM 1 35.30 0.07 3.51 33.27 0.00 0.40 0.00 0.00 0.00 27.45 01:45:25 PM 2 35.48 0.06 3.43 32.54 0.00 0.42 0.00 0.00 0.00 28.08 01:45:25 PM 3 35.37 0.01 3.54 33.19 0.00 0.37 0.00 0.00 0.00 27.50#vmstat:procs -----------memory---------- ---swap-- -----io---- -system-- ------cpu----- r b swpd free buff cache si so bi bo in cs us sy id wa st 0 1 354816 34892 760 521956 8 31 3260 217 905 473 35 4 28 33 0
#date:Tue Jul 16 13:46:25 CEST 2019#hostname:10.214.220.251 #SWAP:Swap: 2.0G 346M 1.7G#RAM:Mem: 912M 366M 30M 1.0M 515M 483M#Disk:Filesystem Size Used Avail Use% Mounted on /dev/mmcblk0p2 15G 11G 3.5G 76% /#Load:1.26,1.37,2.55#Network:Iface MTU RX-OK RX-ERR RX-DRP RX-OVR TX-OK TX-ERR TX-DRP TX-OVR Flg eth0 1500 948535 4 2195 0 631976 0 0 0 BMRU #iostat:avg-cpu: %user %nice %system %iowait %steal %idle 34.96 0.04 3.88 32.64 0.00 28.48#iooperation:Device tps kB_read/s kB_wrtn/s kB_read kB_wrtn mmcblk0 219.83 12874.95 842.61 66601096 4358740#mpstat:01:46:27 PM CPU %usr %nice %sys %iowait %irq %soft %steal %guest %gnice %idle 01:46:27 PM all 34.96 0.04 3.48 32.64 0.00 0.40 0.00 0.00 0.00 28.48 01:46:27 PM 0 34.91 0.01 3.47 31.88 0.00 0.40 0.00 0.00 0.00 29.32 01:46:27 PM 1 34.90 0.07 3.51 33.14 0.00 0.40 0.00 0.00 0.00 27.99 01:46:27 PM 2 35.07 0.06 3.42 32.43 0.00 0.41 0.00 0.00 0.00 28.61 01:46:27 PM 3 34.96 0.01 3.54 33.10 0.00 0.37 0.00 0.00 0.00 28.01#vmstat:procs -----------memory---------- ---swap-- -----io---- -system-- ------cpu----- r b swpd free buff cache si so bi bo in cs us sy id wa st 0 1 354816 35548 600 522176 8 31 3281 214 928 474 35 4 28 33 0
#date:Tue Jul 16 13:47:27 CEST 2019#hostname:10.214.220.251 #SWAP:Swap: 2.0G 346M 1.7G#RAM:Mem: 912M 371M 34M 1.0M 505M 478M#Disk:Filesystem Size Used Avail Use% Mounted on /dev/mmcblk0p2 15G 11G 3.5G 76% /#Load:1.38,1.38,2.46#Network:Iface MTU RX-OK RX-ERR RX-DRP RX-OVR TX-OK TX-ERR TX-DRP TX-OVR Flg eth0 1500 952205 4 2195 0 634452 0 0 0 BMRU #iostat:avg-cpu: %user %nice %system %iowait %steal %idle 34.56 0.04 3.87 32.54 0.00 28.98#iooperation:Device tps kB_read/s kB_wrtn/s kB_read kB_wrtn mmcblk0 220.21 12955.52 832.83 67814524 4359356#mpstat:01:47:28 PM CPU %usr %nice %sys %iowait %irq %soft %steal %guest %gnice %idle 01:47:28 PM all 34.56 0.04 3.48 32.54 0.00 0.39 0.00 0.00 0.00 28.98 01:47:28 PM 0 34.52 0.01 3.47 31.78 0.00 0.40 0.00 0.00 0.00 29.83 01:47:28 PM 1 34.50 0.07 3.50 33.07 0.00 0.40 0.00 0.00 0.00 28.47 01:47:28 PM 2 34.67 0.06 3.42 32.35 0.00 0.41 0.00 0.00 0.00 29.10 01:47:28 PM 3 34.56 0.01 3.53 32.98 0.00 0.37 0.00 0.00 0.00 28.54#vmstat:procs -----------memory---------- ---swap-- -----io---- -system-- ------cpu----- r b swpd free buff cache si so bi bo in cs us sy id wa st 0 1 354816 36308 592 515768 8 31 3302 212 952 475 35 4 29 33 0
#date:Tue Jul 16 13:48:28 CEST 2019#hostname:10.214.220.251 #SWAP:Swap: 2.0G 346M 1.7G#RAM:Mem: 912M 375M 35M 1.0M 501M 474M#Disk:Filesystem Size Used Avail Use% Mounted on /dev/mmcblk0p2 15G 11G 3.5G 76% /#Load:1.25,1.34,2.38#Network:Iface MTU RX-OK RX-ERR RX-DRP RX-OVR TX-OK TX-ERR TX-DRP TX-OVR Flg eth0 1500 956197 4 2195 0 637495 0 0 0 BMRU #iostat:avg-cpu: %user %nice %system %iowait %steal %idle 34.17 0.04 3.87 32.46 0.00 29.46#iooperation:Device tps kB_read/s kB_wrtn/s kB_read kB_wrtn mmcblk0 220.57 13034.47 823.23 69030708 4359844#mpstat:01:48:30 PM CPU %usr %nice %sys %iowait %irq %soft %steal %guest %gnice %idle 01:48:30 PM all 34.17 0.04 3.48 32.46 0.00 0.39 0.00 0.00 0.00 29.46 01:48:30 PM 0 34.13 0.01 3.47 31.69 0.00 0.40 0.00 0.00 0.00 30.31 01:48:30 PM 1 34.11 0.07 3.50 32.97 0.00 0.39 0.00 0.00 0.00 28.96 01:48:30 PM 2 34.28 0.06 3.42 32.27 0.00 0.41 0.00 0.00 0.00 29.57 01:48:30 PM 3 34.17 0.01 3.52 32.92 0.00 0.37 0.00 0.00 0.00 29.01#vmstat:procs -----------memory---------- ---swap-- -----io---- -system-- ------cpu----- r b swpd free buff cache si so bi bo in cs us sy id wa st 0 1 354816 33076 1072 514856 8 30 3323 210 975 477 34 4 29 32 0
#date:Tue Jul 16 13:49:30 CEST 2019#hostname:10.214.220.251 #SWAP:Swap: 2.0G 346M 1.7G#RAM:Mem: 912M 374M 37M 1.0M 500M 475M#Disk:Filesystem Size Used Avail Use% Mounted on /dev/mmcblk0p2 15G 11G 3.5G 76% /#Load:1.64,1.43,2.35#Network:Iface MTU RX-OK RX-ERR RX-DRP RX-OVR TX-OK TX-ERR TX-DRP TX-OVR Flg eth0 1500 977166 4 2195 0 657982 0 0 0 BMRU #iostat:avg-cpu: %user %nice %system %iowait %steal %idle 33.79 0.04 3.86 32.37 0.00 29.94#iooperation:Device tps kB_read/s kB_wrtn/s kB_read kB_wrtn mmcblk0 220.91 13111.51 813.91 70244672 4360500#mpstat:01:49:31 PM CPU %usr %nice %sys %iowait %irq %soft %steal %guest %gnice %idle 01:49:31 PM all 33.79 0.04 3.47 32.37 0.00 0.39 0.00 0.00 0.00 29.94 01:49:31 PM 0 33.74 0.01 3.46 31.61 0.00 0.40 0.00 0.00 0.00 30.77 01:49:31 PM 1 33.73 0.07 3.50 32.87 0.00 0.39 0.00 0.00 0.00 29.45 01:49:31 PM 2 33.89 0.06 3.41 32.17 0.00 0.41 0.00 0.00 0.00 30.06 01:49:31 PM 3 33.79 0.01 3.51 32.85 0.00 0.36 0.00 0.00 0.00 29.47#vmstat:procs -----------memory---------- ---swap-- -----io---- -system-- ------cpu----- r b swpd free buff cache si so bi bo in cs us sy id wa st 0 1 354816 34592 568 514764 8 30 3343 207 999 478 34 4 30 32 0
#date:Tue Jul 16 13:50:31 CEST 2019#hostname:10.214.220.251 #SWAP:Swap: 2.0G 346M 1.7G#RAM:Mem: 912M 412M 34M 1.0M 465M 437M#Disk:Filesystem Size Used Avail Use% Mounted on /dev/mmcblk0p2 15G 11G 3.5G 76% /#Load:1.50,1.41,2.28#Network:Iface MTU RX-OK RX-ERR RX-DRP RX-OVR TX-OK TX-ERR TX-DRP TX-OVR Flg eth0 1500 982452 4 2195 0 662409 0 0 0 BMRU #iostat:avg-cpu: %user %nice %system %iowait %steal %idle 33.43 0.04 3.86 32.31 0.00 30.36#iooperation:Device tps kB_read/s kB_wrtn/s kB_read kB_wrtn mmcblk0 221.23 13187.55 804.77 71465844 4361220#mpstat:01:50:33 PM CPU %usr %nice %sys %iowait %irq %soft %steal %guest %gnice %idle 01:50:33 PM all 33.43 0.04 3.47 32.31 0.00 0.39 0.00 0.00 0.00 30.37 01:50:33 PM 0 33.38 0.01 3.46 31.55 0.00 0.40 0.00 0.00 0.00 31.19 01:50:33 PM 1 33.37 0.07 3.50 32.82 0.00 0.39 0.00 0.00 0.00 29.85 01:50:33 PM 2 33.53 0.06 3.41 32.12 0.00 0.41 0.00 0.00 0.00 30.47 01:50:33 PM 3 33.43 0.01 3.52 32.74 0.00 0.36 0.00 0.00 0.00 29.94#vmstat:procs -----------memory---------- ---swap-- -----io---- -system-- ------cpu----- r b swpd free buff cache si so bi bo in cs us sy id wa st 0 1 354816 35140 2316 473588 8 30 3363 205 1021 480 33 4 30 32 0
#date:Tue Jul 16 13:51:33 CEST 2019#hostname:10.214.220.251 #SWAP:Swap: 2.0G 346M 1.7G#RAM:Mem: 912M 545M 29M 1.0M 336M 303M#Disk:Filesystem Size Used Avail Use% Mounted on /dev/mmcblk0p2 15G 11G 3.5G 76% /#Load:1.34,1.38,2.21#Network:Iface MTU RX-OK RX-ERR RX-DRP RX-OVR TX-OK TX-ERR TX-DRP TX-OVR Flg eth0 1500 991220 4 2195 0 669849 0 0 0 BMRU #iostat:avg-cpu: %user %nice %system %iowait %steal %idle 33.09 0.04 3.86 32.25 0.00 30.76#iooperation:Device tps kB_read/s kB_wrtn/s kB_read kB_wrtn mmcblk0 221.34 13262.39 795.98 72688524 4362604#mpstat:01:51:34 PM CPU %usr %nice %sys %iowait %irq %soft %steal %guest %gnice %idle 01:51:34 PM all 33.09 0.04 3.47 32.25 0.00 0.39 0.00 0.00 0.00 30.76 01:51:34 PM 0 33.05 0.01 3.46 31.50 0.00 0.39 0.00 0.00 0.00 31.58 01:51:34 PM 1 33.03 0.06 3.49 32.75 0.00 0.39 0.00 0.00 0.00 30.27 01:51:34 PM 2 33.20 0.05 3.41 32.07 0.00 0.41 0.00 0.00 0.00 30.86 01:51:34 PM 3 33.08 0.01 3.52 32.69 0.00 0.36 0.00 0.00 0.00 30.33#vmstat:procs -----------memory---------- ---swap-- -----io---- -system-- ------cpu----- r b swpd free buff cache si so bi bo in cs us sy id wa st 0 1 354816 41436 672 332256 8 29 3382 203 1043 481 33 4 31 32 0
#date:Tue Jul 16 13:52:35 CEST 2019#hostname:10.214.220.251 #SWAP:Swap: 2.0G 346M 1.7G#RAM:Mem: 912M 580M 34M 1.0M 296M 268M#Disk:Filesystem Size Used Avail Use% Mounted on /dev/mmcblk0p2 15G 11G 3.5G 76% /#Load:1.72,1.44,2.17#Network:Iface MTU RX-OK RX-ERR RX-DRP RX-OVR TX-OK TX-ERR TX-DRP TX-OVR Flg eth0 1500 1002754 4 2195 0 680303 0 0 0 BMRU #iostat:avg-cpu: %user %nice %system %iowait %steal %idle 32.77 0.04 3.86 32.19 0.00 31.15#iooperation:Device tps kB_read/s kB_wrtn/s kB_read kB_wrtn mmcblk0 221.21 13336.98 787.37 73916628 4363796#mpstat:01:52:36 PM CPU %usr %nice %sys %iowait %irq %soft %steal %guest %gnice %idle 01:52:36 PM all 32.77 0.04 3.47 32.19 0.00 0.39 0.00 0.00 0.00 31.15 01:52:36 PM 0 32.73 0.01 3.46 31.46 0.00 0.40 0.00 0.00 0.00 31.95 01:52:36 PM 1 32.71 0.06 3.49 32.66 0.00 0.39 0.00 0.00 0.00 30.69 01:52:36 PM 2 32.87 0.05 3.42 32.01 0.00 0.41 0.00 0.00 0.00 31.25 01:52:36 PM 3 32.76 0.01 3.51 32.62 0.00 0.36 0.00 0.00 0.00 30.73#vmstat:procs -----------memory---------- ---swap-- -----io---- -system-- ------cpu----- r b swpd free buff cache si so bi bo in cs us sy id wa st 1 1 354816 36644 316 301992 7 29 3401 201 1066 483 33 4 31 32 0
#date:Tue Jul 16 13:53:36 CEST 2019#hostname:10.214.220.251 #SWAP:Swap: 2.0G 346M 1.7G#RAM:Mem: 912M 597M 34M 1.0M 280M 251M#Disk:Filesystem Size Used Avail Use% Mounted on /dev/mmcblk0p2 15G 11G 3.5G 76% /#Load:2.01,1.55,2.16#Network:Iface MTU RX-OK RX-ERR RX-DRP RX-OVR TX-OK TX-ERR TX-DRP TX-OVR Flg eth0 1500 1014384 4 2195 0 691484 0 0 0 BMRU #iostat:avg-cpu: %user %nice %system %iowait %steal %idle 32.45 0.04 3.86 32.15 0.00 31.50#iooperation:Device tps kB_read/s kB_wrtn/s kB_read kB_wrtn mmcblk0 221.03 13411.81 778.99 75157368 4365336#mpstat:01:53:37 PM CPU %usr %nice %sys %iowait %irq %soft %steal %guest %gnice %idle 01:53:37 PM all 32.45 0.04 3.47 32.15 0.00 0.39 0.00 0.00 0.00 31.50 01:53:37 PM 0 32.41 0.01 3.46 31.43 0.00 0.40 0.00 0.00 0.00 32.29 01:53:37 PM 1 32.39 0.06 3.49 32.63 0.00 0.39 0.00 0.00 0.00 31.04 01:53:37 PM 2 32.57 0.05 3.42 31.97 0.00 0.41 0.00 0.00 0.00 31.58 01:53:37 PM 3 32.44 0.01 3.51 32.56 0.00 0.36 0.00 0.00 0.00 31.11#vmstat:procs -----------memory---------- ---swap-- -----io---- -system-- ------cpu----- r b swpd free buff cache si so bi bo in cs us sy id wa st 0 1 354816 38184 548 282888 7 29 3421 198 1088 485 32 4 32 32 0
#date:Tue Jul 16 13:54:38 CEST 2019#hostname:10.214.220.251 #SWAP:Swap: 2.0G 346M 1.7G#RAM:Mem: 912M 597M 36M 1.0M 278M 251M#Disk:Filesystem Size Used Avail Use% Mounted on /dev/mmcblk0p2 15G 11G 3.5G 76% /#Load:1.98,1.62,2.15#Network:Iface MTU RX-OK RX-ERR RX-DRP RX-OVR TX-OK TX-ERR TX-DRP TX-OVR Flg eth0 1500 1025696 4 2195 0 702950 0 0 0 BMRU #iostat:avg-cpu: %user %nice %system %iowait %steal %idle 32.14 0.03 3.86 32.11 0.00 31.85#iooperation:Device tps kB_read/s kB_wrtn/s kB_read kB_wrtn mmcblk0 220.83 13485.17 770.71 76399580 4366408#mpstat:01:54:39 PM CPU %usr %nice %sys %iowait %irq %soft %steal %guest %gnice %idle 01:54:39 PM all 32.14 0.03 3.47 32.11 0.00 0.39 0.00 0.00 0.00 31.85 01:54:39 PM 0 32.10 0.01 3.46 31.40 0.00 0.40 0.00 0.00 0.00 32.64 01:54:39 PM 1 32.07 0.06 3.50 32.58 0.00 0.39 0.00 0.00 0.00 31.40 01:54:39 PM 2 32.26 0.05 3.41 31.94 0.00 0.41 0.00 0.00 0.00 31.92 01:54:39 PM 3 32.13 0.01 3.51 32.52 0.00 0.37 0.00 0.00 0.00 31.45#vmstat:procs -----------memory---------- ---swap-- -----io---- -system-- ------cpu----- r b swpd free buff cache si so bi bo in cs us sy id wa st 0 2 354816 32736 544 288364 7 28 3440 196 1109 487 32 4 32 32 0
#date:Tue Jul 16 13:55:39 CEST 2019#hostname:10.214.220.251 #SWAP:Swap: 2.0G 346M 1.7G#RAM:Mem: 912M 597M 33M 1.0M 281M 251M#Disk:Filesystem Size Used Avail Use% Mounted on /dev/mmcblk0p2 15G 11G 3.5G 76% /#Load:1.41,1.52,2.08#Network:Iface MTU RX-OK RX-ERR RX-DRP RX-OVR TX-OK TX-ERR TX-DRP TX-OVR Flg eth0 1500 1038058 4 2195 0 714870 0 0 0 BMRU #iostat:avg-cpu: %user %nice %system %iowait %steal %idle 31.83 0.03 3.87 32.07 0.00 32.20#iooperation:Device tps kB_read/s kB_wrtn/s kB_read kB_wrtn mmcblk0 220.61 13557.60 762.54 77656152 4367752#mpstat:01:55:41 PM CPU %usr %nice %sys %iowait %irq %soft %steal %guest %gnice %idle 01:55:41 PM all 31.83 0.03 3.47 32.07 0.00 0.39 0.00 0.00 0.00 32.20 01:55:41 PM 0 31.78 0.01 3.46 31.37 0.00 0.40 0.00 0.00 0.00 32.98 01:55:41 PM 1 31.78 0.06 3.49 32.53 0.00 0.40 0.00 0.00 0.00 31.74 01:55:41 PM 2 31.95 0.05 3.42 31.91 0.00 0.41 0.00 0.00 0.00 32.26 01:55:41 PM 3 31.82 0.01 3.52 32.45 0.00 0.37 0.00 0.00 0.00 31.82#vmstat:procs -----------memory---------- ---swap-- -----io---- -system-- ------cpu----- r b swpd free buff cache si so bi bo in cs us sy id wa st 2 1 354816 38140 2292 280736 7 28 3459 194 1131 489 32 4 32 32 0
#date:Tue Jul 16 13:56:42 CEST 2019#hostname:10.214.220.251 #SWAP:Swap: 2.0G 346M 1.7G#RAM:Mem: 912M 599M 35M 1.0M 276M 249M#Disk:Filesystem Size Used Avail Use% Mounted on /dev/mmcblk0p2 15G 11G 3.5G 76% /#Load:1.62,1.58,2.06#Network:Iface MTU RX-OK RX-ERR RX-DRP RX-OVR TX-OK TX-ERR TX-DRP TX-OVR Flg eth0 1500 1049245 4 2195 0 725533 0 0 0 BMRU #iostat:avg-cpu: %user %nice %system %iowait %steal %idle 31.54 0.03 3.87 32.02 0.00 32.54#iooperation:Device tps kB_read/s kB_wrtn/s kB_read kB_wrtn mmcblk0 220.42 13626.29 754.70 78889664 4369324#mpstat:01:56:43 PM CPU %usr %nice %sys %iowait %irq %soft %steal %guest %gnice %idle 01:56:43 PM all 31.54 0.03 3.47 32.02 0.00 0.39 0.00 0.00 0.00 32.54 01:56:43 PM 0 31.49 0.01 3.46 31.32 0.00 0.40 0.00 0.00 0.00 33.32 01:56:43 PM 1 31.47 0.06 3.49 32.49 0.00 0.40 0.00 0.00 0.00 32.09 01:56:43 PM 2 31.66 0.05 3.42 31.85 0.00 0.41 0.00 0.00 0.00 32.61 01:56:43 PM 3 31.53 0.01 3.52 32.41 0.00 0.37 0.00 0.00 0.00 32.15#vmstat:procs -----------memory---------- ---swap-- -----io---- -system-- ------cpu----- r b swpd free buff cache si so bi bo in cs us sy id wa st 0 1 354816 29748 1248 287180 7 28 3476 192 1151 490 32 4 33 32 0
#date:Tue Jul 16 13:57:43 CEST 2019#hostname:10.214.220.251 #SWAP:Swap: 2.0G 346M 1.7G#RAM:Mem: 912M 604M 36M 1.0M 271M 243M#Disk:Filesystem Size Used Avail Use% Mounted on /dev/mmcblk0p2 15G 11G 3.5G 76% /#Load:1.63,1.58,2.03#Network:Iface MTU RX-OK RX-ERR RX-DRP RX-OVR TX-OK TX-ERR TX-DRP TX-OVR Flg eth0 1500 1061357 4 2195 0 737432 0 0 0 BMRU #iostat:avg-cpu: %user %nice %system %iowait %steal %idle 31.25 0.03 3.87 31.98 0.00 32.87#iooperation:Device tps kB_read/s kB_wrtn/s kB_read kB_wrtn mmcblk0 220.24 13694.45 746.94 80126352 4370380#mpstat:01:57:45 PM CPU %usr %nice %sys %iowait %irq %soft %steal %guest %gnice %idle 01:57:45 PM all 31.25 0.03 3.47 31.98 0.00 0.40 0.00 0.00 0.00 32.87 01:57:45 PM 0 31.21 0.01 3.46 31.31 0.00 0.40 0.00 0.00 0.00 33.61 01:57:45 PM 1 31.19 0.06 3.49 32.44 0.00 0.40 0.00 0.00 0.00 32.42 01:57:45 PM 2 31.37 0.05 3.42 31.81 0.00 0.41 0.00 0.00 0.00 32.93 01:57:45 PM 3 31.23 0.01 3.52 32.36 0.00 0.37 0.00 0.00 0.00 32.51#vmstat:procs -----------memory---------- ---swap-- -----io---- -system-- ------cpu----- r b swpd free buff cache si so bi bo in cs us sy id wa st 0 1 354816 34804 968 277872 7 27 3494 190 1171 492 31 4 33 32 0
#date:Tue Jul 16 13:58:45 CEST 2019#hostname:10.214.220.251 #SWAP:Swap: 2.0G 346M 1.7G#RAM:Mem: 912M 609M 35M 1.0M 267M 238M#Disk:Filesystem Size Used Avail Use% Mounted on /dev/mmcblk0p2 15G 11G 3.5G 76% /#Load:2.01,1.70,2.04#Network:Iface MTU RX-OK RX-ERR RX-DRP RX-OVR TX-OK TX-ERR TX-DRP TX-OVR Flg eth0 1500 1072522 4 2195 0 748119 0 0 0 BMRU #iostat:avg-cpu: %user %nice %system %iowait %steal %idle 30.96 0.03 3.87 31.95 0.00 33.19#iooperation:Device tps kB_read/s kB_wrtn/s kB_read kB_wrtn mmcblk0 220.07 13761.69 739.30 81368876 4371244#mpstat:01:58:46 PM CPU %usr %nice %sys %iowait %irq %soft %steal %guest %gnice %idle 01:58:46 PM all 30.96 0.03 3.47 31.95 0.00 0.40 0.00 0.00 0.00 33.19 01:58:46 PM 0 30.93 0.01 3.45 31.27 0.00 0.40 0.00 0.00 0.00 33.94 01:58:46 PM 1 30.90 0.06 3.49 32.41 0.00 0.40 0.00 0.00 0.00 32.74 01:58:46 PM 2 31.08 0.05 3.42 31.78 0.00 0.41 0.00 0.00 0.00 33.26 01:58:46 PM 3 30.94 0.01 3.52 32.34 0.00 0.37 0.00 0.00 0.00 32.82#vmstat:procs -----------memory---------- ---swap-- -----io---- -system-- ------cpu----- r b swpd free buff cache si so bi bo in cs us sy id wa st 1 1 354816 37440 572 270156 7 27 3511 188 1191 493 31 4 33 32 0
#date:Tue Jul 16 13:59:47 CEST 2019#hostname:10.214.220.251 #SWAP:Swap: 2.0G 346M 1.7G#RAM:Mem: 912M 611M 31M 1.0M 269M 236M#Disk:Filesystem Size Used Avail Use% Mounted on /dev/mmcblk0p2 15G 11G 3.5G 76% /#Load:1.73,1.68,2.01#Network:Iface MTU RX-OK RX-ERR RX-DRP RX-OVR TX-OK TX-ERR TX-DRP TX-OVR Flg eth0 1500 1086437 4 2195 0 760698 0 0 0 BMRU #iostat:avg-cpu: %user %nice %system %iowait %steal %idle 30.68 0.03 3.87 31.90 0.00 33.52#iooperation:Device tps kB_read/s kB_wrtn/s kB_read kB_wrtn mmcblk0 219.86 13827.08 731.85 82609220 4372372#mpstat:01:59:48 PM CPU %usr %nice %sys %iowait %irq %soft %steal %guest %gnice %idle 01:59:48 PM all 30.68 0.03 3.47 31.90 0.00 0.40 0.00 0.00 0.00 33.52 01:59:48 PM 0 30.63 0.01 3.45 31.24 0.00 0.40 0.00 0.00 0.00 34.26 01:59:48 PM 1 30.61 0.06 3.49 32.34 0.00 0.40 0.00 0.00 0.00 33.09 01:59:48 PM 2 30.82 0.05 3.41 31.73 0.00 0.42 0.00 0.00 0.00 33.58 01:59:48 PM 3 30.67 0.01 3.52 32.28 0.00 0.37 0.00 0.00 0.00 33.14#vmstat:procs -----------memory---------- ---swap-- -----io---- -system-- ------cpu----- r b swpd free buff cache si so bi bo in cs us sy id wa st 3 2 354816 35088 572 270656 7 27 3528 187 1210 495 31 4 34 32 0
#date:Tue Jul 16 14:00:48 CEST 2019#hostname:10.214.220.251 #SWAP:Swap: 2.0G 346M 1.7G#RAM:Mem: 912M 622M 32M 1.0M 257M 226M#Disk:Filesystem Size Used Avail Use% Mounted on /dev/mmcblk0p2 15G 11G 3.5G 76% /#Load:1.72,1.70,1.99#Network:Iface MTU RX-OK RX-ERR RX-DRP RX-OVR TX-OK TX-ERR TX-DRP TX-OVR Flg eth0 1500 1099132 4 2195 0 772831 0 0 0 BMRU #iostat:avg-cpu: %user %nice %system %iowait %steal %idle 30.41 0.03 3.87 31.86 0.00 33.83#iooperation:Device tps kB_read/s kB_wrtn/s kB_read kB_wrtn mmcblk0 219.68 13890.89 724.56 83848196 4373564#mpstat:02:00:50 PM CPU %usr %nice %sys %iowait %irq %soft %steal %guest %gnice %idle 02:00:50 PM all 30.41 0.03 3.47 31.86 0.00 0.40 0.00 0.00 0.00 33.83 02:00:50 PM 0 30.36 0.01 3.46 31.22 0.00 0.41 0.00 0.00 0.00 34.54 02:00:50 PM 1 30.34 0.06 3.49 32.30 0.00 0.40 0.00 0.00 0.00 33.41 02:00:50 PM 2 30.55 0.05 3.41 31.66 0.00 0.42 0.00 0.00 0.00 33.91 02:00:50 PM 3 30.40 0.01 3.52 32.24 0.00 0.38 0.00 0.00 0.00 33.46#vmstat:procs -----------memory---------- ---swap-- -----io---- -system-- ------cpu----- r b swpd free buff cache si so bi bo in cs us sy id wa st 0 2 354816 32460 560 262824 7 27 3545 185 1230 496 30 4 34 32 0
#date:Tue Jul 16 14:01:50 CEST 2019#hostname:10.214.220.251 #SWAP:Swap: 2.0G 346M 1.7G#RAM:Mem: 912M 628M 33M 1.0M 249M 219M#Disk:Filesystem Size Used Avail Use% Mounted on /dev/mmcblk0p2 15G 11G 3.5G 76% /#Load:1.97,1.76,1.99#Network:Iface MTU RX-OK RX-ERR RX-DRP RX-OVR TX-OK TX-ERR TX-DRP TX-OVR Flg eth0 1500 1112609 4 2195 0 785358 0 0 0 BMRU #iostat:avg-cpu: %user %nice %system %iowait %steal %idle 30.14 0.03 3.87 31.82 0.00 34.14#iooperation:Device tps kB_read/s kB_wrtn/s kB_read kB_wrtn mmcblk0 219.47 13953.45 717.43 85085508 4374752#mpstat:02:01:51 PM CPU %usr %nice %sys %iowait %irq %soft %steal %guest %gnice %idle 02:01:51 PM all 30.14 0.03 3.47 31.82 0.00 0.40 0.00 0.00 0.00 34.14 02:01:51 PM 0 30.09 0.01 3.45 31.20 0.00 0.41 0.00 0.00 0.00 34.84 02:01:51 PM 1 30.07 0.06 3.49 32.25 0.00 0.40 0.00 0.00 0.00 33.73 02:01:51 PM 2 30.27 0.05 3.42 31.59 0.00 0.42 0.00 0.00 0.00 34.25 02:01:51 PM 3 30.12 0.01 3.52 32.22 0.00 0.38 0.00 0.00 0.00 33.75#vmstat:procs -----------memory---------- ---swap-- -----io---- -system-- ------cpu----- r b swpd free buff cache si so bi bo in cs us sy id wa st 0 1 354816 38984 1280 249504 7 26 3561 183 1248 498 30 4 34 32 0
#date:Tue Jul 16 14:02:52 CEST 2019#hostname:10.214.220.251 #SWAP:Swap: 2.0G 346M 1.7G#RAM:Mem: 912M 629M 35M 1.0M 247M 219M#Disk:Filesystem Size Used Avail Use% Mounted on /dev/mmcblk0p2 15G 11G 3.5G 76% /#Load:1.68,1.72,1.97#Network:Iface MTU RX-OK RX-ERR RX-DRP RX-OVR TX-OK TX-ERR TX-DRP TX-OVR Flg eth0 1500 1124227 4 2195 0 796505 0 0 0 BMRU #iostat:avg-cpu: %user %nice %system %iowait %steal %idle 29.87 0.03 3.87 31.79 0.00 34.43#iooperation:Device tps kB_read/s kB_wrtn/s kB_read kB_wrtn mmcblk0 219.36 14014.20 710.51 86315396 4376132#mpstat:02:02:53 PM CPU %usr %nice %sys %iowait %irq %soft %steal %guest %gnice %idle 02:02:53 PM all 29.87 0.03 3.47 31.79 0.00 0.40 0.00 0.00 0.00 34.43 02:02:53 PM 0 29.83 0.01 3.45 31.17 0.00 0.41 0.00 0.00 0.00 35.13 02:02:53 PM 1 29.80 0.06 3.49 32.24 0.00 0.40 0.00 0.00 0.00 34.01 02:02:53 PM 2 30.00 0.05 3.42 31.57 0.00 0.42 0.00 0.00 0.00 34.55 02:02:53 PM 3 29.85 0.01 3.52 32.19 0.00 0.38 0.00 0.00 0.00 34.05#vmstat:procs -----------memory---------- ---swap-- -----io---- -system-- ------cpu----- r b swpd free buff cache si so bi bo in cs us sy id wa st 1 2 354816 32924 1496 254984 7 26 3577 181 1266 499 30 4 34 32 0
