#date:Mon Jul 15 14:42:00 CEST 2019#hostname:10.214.220.161 #SWAP:Swap: 8.0G 8.8M 8.0G#RAM:Mem: 3.9G 692M 1.2G 33M 2.0G 2.8G#Disk:Filesystem Size Used Avail Use% Mounted on /dev/mapper/sopvpyves--vg-root 39G 11G 27G 29% /#Load:loadaverage:0.05,#Network:Iface MTU Met RX-OK RX-ERR RX-DRP RX-OVR TX-OK TX-ERR TX-DRP TX-OVR Flg ens160 1500 0 350614201 0 2 0 352539599 0 0 0 BMRU #iostat:avg-cpu: %user %nice %system %iowait %steal %idle 1.51 0.00 4.13 0.02 0.00 94.34#iooperation:Device: tps kB_read/s kB_wrtn/s kB_read kB_wrtn sda 0.45 2.30 9.28 3083927 12454359 dm-0 0.97 2.26 9.24 3031187 12391528 dm-1 0.00 0.00 0.01 5898 8592#mpstat:02:42:01 PM CPU %usr %nice %sys %iowait %irq %soft %steal %guest %gnice %idle 02:42:01 PM all 1.51 0.00 3.96 0.02 0.00 0.17 0.00 0.00 0.00 94.34 02:42:01 PM 0 1.49 0.00 4.06 0.02 0.00 0.00 0.00 0.00 0.00 94.43 02:42:01 PM 1 1.53 0.01 3.87 0.02 0.00 0.33 0.00 0.00 0.00 94.24#vmstat:procs -----------memory---------- ---swap-- -----io---- -system-- ------cpu----- r b swpd free buff cache si so bi bo in cs us sy id wa st 0 0 8972 1272104 291036 1766268 0 0 1 5 10 11 2 4 94 0 0
#date:Mon Jul 15 14:43:01 CEST 2019#hostname:10.214.220.161 #SWAP:Swap: 8.0G 8.8M 8.0G#RAM:Mem: 3.9G 687M 1.2G 33M 2.0G 2.8G#Disk:Filesystem Size Used Avail Use% Mounted on /dev/mapper/sopvpyves--vg-root 39G 11G 27G 29% /#Load:loadaverage:0.02,#Network:Iface MTU Met RX-OK RX-ERR RX-DRP RX-OVR TX-OK TX-ERR TX-DRP TX-OVR Flg ens160 1500 0 350614855 0 2 0 352539614 0 0 0 BMRU #iostat:avg-cpu: %user %nice %system %iowait %steal %idle 1.51 0.00 4.13 0.02 0.00 94.34#iooperation:Device: tps kB_read/s kB_wrtn/s kB_read kB_wrtn sda 0.45 2.30 9.28 3083927 12454643 dm-0 0.97 2.26 9.24 3031187 12391812 dm-1 0.00 0.00 0.01 5898 8592#mpstat:02:43:01 PM CPU %usr %nice %sys %iowait %irq %soft %steal %guest %gnice %idle 02:43:01 PM all 1.51 0.00 3.96 0.02 0.00 0.17 0.00 0.00 0.00 94.34 02:43:01 PM 0 1.49 0.00 4.06 0.02 0.00 0.00 0.00 0.00 0.00 94.43 02:43:01 PM 1 1.53 0.01 3.87 0.02 0.00 0.33 0.00 0.00 0.00 94.24#vmstat:procs -----------memory---------- ---swap-- -----io---- -system-- ------cpu----- r b swpd free buff cache si so bi bo in cs us sy id wa st 0 0 8972 1277224 291040 1766236 0 0 1 5 10 11 2 4 94 0 0
#date:Mon Jul 15 14:44:01 CEST 2019#hostname:10.214.220.161 #SWAP:Swap: 8.0G 8.8M 8.0G#RAM:Mem: 3.9G 687M 1.2G 33M 2.0G 2.8G#Disk:Filesystem Size Used Avail Use% Mounted on /dev/mapper/sopvpyves--vg-root 39G 11G 27G 29% /#Load:loadaverage:0.00,#Network:Iface MTU Met RX-OK RX-ERR RX-DRP RX-OVR TX-OK TX-ERR TX-DRP TX-OVR Flg ens160 1500 0 350615456 0 2 0 352539614 0 0 0 BMRU #iostat:avg-cpu: %user %nice %system %iowait %steal %idle 1.51 0.00 4.13 0.02 0.00 94.34#iooperation:Device: tps kB_read/s kB_wrtn/s kB_read kB_wrtn sda 0.45 2.30 9.28 3083927 12454775 dm-0 0.97 2.26 9.24 3031187 12391944 dm-1 0.00 0.00 0.01 5898 8592#mpstat:02:44:01 PM CPU %usr %nice %sys %iowait %irq %soft %steal %guest %gnice %idle 02:44:01 PM all 1.51 0.00 3.96 0.02 0.00 0.17 0.00 0.00 0.00 94.34 02:44:01 PM 0 1.49 0.00 4.06 0.02 0.00 0.00 0.00 0.00 0.00 94.43 02:44:01 PM 1 1.53 0.01 3.87 0.02 0.00 0.33 0.00 0.00 0.00 94.24#vmstat:procs -----------memory---------- ---swap-- -----io---- -system-- ------cpu----- r b swpd free buff cache si so bi bo in cs us sy id wa st 0 0 8972 1277624 291040 1766200 0 0 1 5 10 11 2 4 94 0 0
#date:Mon Jul 15 14:45:01 CEST 2019#hostname:10.214.220.161 #SWAP:Swap: 8.0G 8.8M 8.0G#RAM:Mem: 3.9G 687M 1.2G 33M 2.0G 2.8G#Disk:Filesystem Size Used Avail Use% Mounted on /dev/mapper/sopvpyves--vg-root 39G 11G 27G 29% /#Load:loadaverage:0.00,#Network:Iface MTU Met RX-OK RX-ERR RX-DRP RX-OVR TX-OK TX-ERR TX-DRP TX-OVR Flg ens160 1500 0 350616109 0 2 0 352539616 0 0 0 BMRU #iostat:avg-cpu: %user %nice %system %iowait %steal %idle 1.51 0.00 4.13 0.02 0.00 94.34#iooperation:Device: tps kB_read/s kB_wrtn/s kB_read kB_wrtn sda 0.45 2.30 9.28 3083927 12454923 dm-0 0.97 2.26 9.24 3031187 12392092 dm-1 0.00 0.00 0.01 5898 8592#mpstat:02:45:01 PM CPU %usr %nice %sys %iowait %irq %soft %steal %guest %gnice %idle 02:45:01 PM all 1.51 0.00 3.96 0.02 0.00 0.17 0.00 0.00 0.00 94.34 02:45:01 PM 0 1.49 0.00 4.06 0.02 0.00 0.00 0.00 0.00 0.00 94.43 02:45:01 PM 1 1.53 0.01 3.87 0.02 0.00 0.33 0.00 0.00 0.00 94.24#vmstat:procs -----------memory---------- ---swap-- -----io---- -system-- ------cpu----- r b swpd free buff cache si so bi bo in cs us sy id wa st 0 0 8972 1277380 291040 1766232 0 0 1 5 10 11 2 4 94 0 0
#date:Mon Jul 15 14:46:01 CEST 2019#hostname:10.214.220.161 #SWAP:Swap: 8.0G 8.8M 8.0G#RAM:Mem: 3.9G 687M 1.2G 33M 2.0G 2.8G#Disk:Filesystem Size Used Avail Use% Mounted on /dev/mapper/sopvpyves--vg-root 39G 11G 27G 29% /#Load:loadaverage:0.00,#Network:Iface MTU Met RX-OK RX-ERR RX-DRP RX-OVR TX-OK TX-ERR TX-DRP TX-OVR Flg ens160 1500 0 350616819 0 2 0 352539618 0 0 0 BMRU #iostat:avg-cpu: %user %nice %system %iowait %steal %idle 1.51 0.00 4.13 0.02 0.00 94.34#iooperation:Device: tps kB_read/s kB_wrtn/s kB_read kB_wrtn sda 0.45 2.30 9.28 3083927 12455051 dm-0 0.97 2.26 9.23 3031187 12392220 dm-1 0.00 0.00 0.01 5898 8592#mpstat:02:46:01 PM CPU %usr %nice %sys %iowait %irq %soft %steal %guest %gnice %idle 02:46:01 PM all 1.51 0.00 3.96 0.02 0.00 0.17 0.00 0.00 0.00 94.34 02:46:01 PM 0 1.49 0.00 4.06 0.02 0.00 0.00 0.00 0.00 0.00 94.43 02:46:01 PM 1 1.53 0.01 3.87 0.02 0.00 0.33 0.00 0.00 0.00 94.24#vmstat:procs -----------memory---------- ---swap-- -----io---- -system-- ------cpu----- r b swpd free buff cache si so bi bo in cs us sy id wa st 0 0 8972 1277700 291040 1766236 0 0 1 5 10 11 2 4 94 0 0
#date:Mon Jul 15 14:47:01 CEST 2019#hostname:10.214.220.161 #SWAP:Swap: 8.0G 8.8M 8.0G#RAM:Mem: 3.9G 687M 1.2G 33M 2.0G 2.8G#Disk:Filesystem Size Used Avail Use% Mounted on /dev/mapper/sopvpyves--vg-root 39G 11G 27G 29% /#Load:loadaverage:0.00,#Network:Iface MTU Met RX-OK RX-ERR RX-DRP RX-OVR TX-OK TX-ERR TX-DRP TX-OVR Flg ens160 1500 0 350617448 0 2 0 352539621 0 0 0 BMRU #iostat:avg-cpu: %user %nice %system %iowait %steal %idle 1.51 0.00 4.13 0.02 0.00 94.34#iooperation:Device: tps kB_read/s kB_wrtn/s kB_read kB_wrtn sda 0.45 2.30 9.28 3083927 12455187 dm-0 0.97 2.26 9.23 3031187 12392356 dm-1 0.00 0.00 0.01 5898 8592#mpstat:02:47:02 PM CPU %usr %nice %sys %iowait %irq %soft %steal %guest %gnice %idle 02:47:02 PM all 1.51 0.00 3.96 0.02 0.00 0.17 0.00 0.00 0.00 94.34 02:47:02 PM 0 1.49 0.00 4.06 0.02 0.00 0.00 0.00 0.00 0.00 94.43 02:47:02 PM 1 1.53 0.01 3.87 0.02 0.00 0.33 0.00 0.00 0.00 94.24#vmstat:procs -----------memory---------- ---swap-- -----io---- -system-- ------cpu----- r b swpd free buff cache si so bi bo in cs us sy id wa st 0 0 8972 1277236 291040 1766224 0 0 1 5 10 11 2 4 94 0 0
#date:Mon Jul 15 14:48:02 CEST 2019#hostname:10.214.220.161 #SWAP:Swap: 8.0G 8.8M 8.0G#RAM:Mem: 3.9G 687M 1.2G 33M 2.0G 2.8G#Disk:Filesystem Size Used Avail Use% Mounted on /dev/mapper/sopvpyves--vg-root 39G 11G 27G 29% /#Load:loadaverage:0.00,#Network:Iface MTU Met RX-OK RX-ERR RX-DRP RX-OVR TX-OK TX-ERR TX-DRP TX-OVR Flg ens160 1500 0 350618021 0 2 0 352539621 0 0 0 BMRU #iostat:avg-cpu: %user %nice %system %iowait %steal %idle 1.51 0.00 4.13 0.02 0.00 94.34#iooperation:Device: tps kB_read/s kB_wrtn/s kB_read kB_wrtn sda 0.45 2.30 9.28 3083927 12455315 dm-0 0.97 2.26 9.23 3031187 12392484 dm-1 0.00 0.00 0.01 5898 8592#mpstat:02:48:02 PM CPU %usr %nice %sys %iowait %irq %soft %steal %guest %gnice %idle 02:48:02 PM all 1.51 0.00 3.96 0.02 0.00 0.17 0.00 0.00 0.00 94.34 02:48:02 PM 0 1.49 0.00 4.06 0.02 0.00 0.00 0.00 0.00 0.00 94.43 02:48:02 PM 1 1.53 0.01 3.87 0.02 0.00 0.33 0.00 0.00 0.00 94.25#vmstat:procs -----------memory---------- ---swap-- -----io---- -system-- ------cpu----- r b swpd free buff cache si so bi bo in cs us sy id wa st 0 0 8972 1278212 291040 1766272 0 0 1 5 10 11 2 4 94 0 0
#date:Mon Jul 15 14:49:02 CEST 2019#hostname:10.214.220.161 #SWAP:Swap: 8.0G 8.8M 8.0G#RAM:Mem: 3.9G 687M 1.2G 33M 2.0G 2.8G#Disk:Filesystem Size Used Avail Use% Mounted on /dev/mapper/sopvpyves--vg-root 39G 11G 27G 29% /#Load:loadaverage:0.00,#Network:Iface MTU Met RX-OK RX-ERR RX-DRP RX-OVR TX-OK TX-ERR TX-DRP TX-OVR Flg ens160 1500 0 350618654 0 2 0 352539621 0 0 0 BMRU #iostat:avg-cpu: %user %nice %system %iowait %steal %idle 1.51 0.00 4.13 0.02 0.00 94.34#iooperation:Device: tps kB_read/s kB_wrtn/s kB_read kB_wrtn sda 0.45 2.30 9.28 3083927 12455483 dm-0 0.97 2.26 9.23 3031187 12392652 dm-1 0.00 0.00 0.01 5898 8592#mpstat:02:49:02 PM CPU %usr %nice %sys %iowait %irq %soft %steal %guest %gnice %idle 02:49:02 PM all 1.51 0.00 3.96 0.02 0.00 0.17 0.00 0.00 0.00 94.34 02:49:02 PM 0 1.49 0.00 4.06 0.02 0.00 0.00 0.00 0.00 0.00 94.43 02:49:02 PM 1 1.53 0.01 3.87 0.02 0.00 0.33 0.00 0.00 0.00 94.25#vmstat:procs -----------memory---------- ---swap-- -----io---- -system-- ------cpu----- r b swpd free buff cache si so bi bo in cs us sy id wa st 0 0 8972 1277368 291040 1766268 0 0 1 5 10 11 2 4 94 0 0
#date:Mon Jul 15 14:50:02 CEST 2019#hostname:10.214.220.161 #SWAP:Swap: 8.0G 8.8M 8.0G#RAM:Mem: 3.9G 687M 1.2G 33M 2.0G 2.8G#Disk:Filesystem Size Used Avail Use% Mounted on /dev/mapper/sopvpyves--vg-root 39G 11G 27G 29% /#Load:loadaverage:0.00,#Network:Iface MTU Met RX-OK RX-ERR RX-DRP RX-OVR TX-OK TX-ERR TX-DRP TX-OVR Flg ens160 1500 0 350619298 0 2 0 352539621 0 0 0 BMRU #iostat:avg-cpu: %user %nice %system %iowait %steal %idle 1.51 0.00 4.13 0.02 0.00 94.34#iooperation:Device: tps kB_read/s kB_wrtn/s kB_read kB_wrtn sda 0.45 2.30 9.28 3083927 12455619 dm-0 0.97 2.26 9.23 3031187 12392788 dm-1 0.00 0.00 0.01 5898 8592#mpstat:02:50:02 PM CPU %usr %nice %sys %iowait %irq %soft %steal %guest %gnice %idle 02:50:02 PM all 1.51 0.00 3.96 0.02 0.00 0.17 0.00 0.00 0.00 94.34 02:50:02 PM 0 1.49 0.00 4.06 0.02 0.00 0.00 0.00 0.00 0.00 94.43 02:50:02 PM 1 1.53 0.01 3.87 0.02 0.00 0.33 0.00 0.00 0.00 94.25#vmstat:procs -----------memory---------- ---swap-- -----io---- -system-- ------cpu----- r b swpd free buff cache si so bi bo in cs us sy id wa st 0 0 8972 1277708 291040 1766240 0 0 1 5 10 11 2 4 94 0 0
#date:Mon Jul 15 14:51:02 CEST 2019#hostname:10.214.220.161 #SWAP:Swap: 8.0G 8.8M 8.0G#RAM:Mem: 3.9G 686M 1.2G 33M 2.0G 2.8G#Disk:Filesystem Size Used Avail Use% Mounted on /dev/mapper/sopvpyves--vg-root 39G 11G 27G 29% /#Load:loadaverage:0.00,#Network:Iface MTU Met RX-OK RX-ERR RX-DRP RX-OVR TX-OK TX-ERR TX-DRP TX-OVR Flg ens160 1500 0 350619988 0 2 0 352539622 0 0 0 BMRU #iostat:avg-cpu: %user %nice %system %iowait %steal %idle 1.51 0.00 4.13 0.02 0.00 94.34#iooperation:Device: tps kB_read/s kB_wrtn/s kB_read kB_wrtn sda 0.45 2.30 9.28 3083927 12455707 dm-0 0.97 2.26 9.23 3031187 12392876 dm-1 0.00 0.00 0.01 5898 8592#mpstat:02:51:02 PM CPU %usr %nice %sys %iowait %irq %soft %steal %guest %gnice %idle 02:51:02 PM all 1.51 0.00 3.96 0.02 0.00 0.17 0.00 0.00 0.00 94.34 02:51:02 PM 0 1.49 0.00 4.06 0.02 0.00 0.00 0.00 0.00 0.00 94.43 02:51:02 PM 1 1.53 0.01 3.87 0.02 0.00 0.33 0.00 0.00 0.00 94.25#vmstat:procs -----------memory---------- ---swap-- -----io---- -system-- ------cpu----- r b swpd free buff cache si so bi bo in cs us sy id wa st 0 0 8972 1277536 291044 1766240 0 0 1 5 10 11 2 4 94 0 0
#date:Mon Jul 15 14:52:02 CEST 2019#hostname:10.214.220.161 #SWAP:Swap: 8.0G 8.8M 8.0G#RAM:Mem: 3.9G 687M 1.2G 33M 2.0G 2.8G#Disk:Filesystem Size Used Avail Use% Mounted on /dev/mapper/sopvpyves--vg-root 39G 11G 27G 29% /#Load:loadaverage:0.00,#Network:Iface MTU Met RX-OK RX-ERR RX-DRP RX-OVR TX-OK TX-ERR TX-DRP TX-OVR Flg ens160 1500 0 350620600 0 2 0 352539623 0 0 0 BMRU #iostat:avg-cpu: %user %nice %system %iowait %steal %idle 1.51 0.00 4.13 0.02 0.00 94.34#iooperation:Device: tps kB_read/s kB_wrtn/s kB_read kB_wrtn sda 0.45 2.30 9.28 3083927 12455799 dm-0 0.97 2.26 9.23 3031187 12392968 dm-1 0.00 0.00 0.01 5898 8592#mpstat:02:52:03 PM CPU %usr %nice %sys %iowait %irq %soft %steal %guest %gnice %idle 02:52:03 PM all 1.51 0.00 3.96 0.02 0.00 0.17 0.00 0.00 0.00 94.34 02:52:03 PM 0 1.49 0.00 4.06 0.02 0.00 0.00 0.00 0.00 0.00 94.43 02:52:03 PM 1 1.53 0.01 3.87 0.02 0.00 0.33 0.00 0.00 0.00 94.25#vmstat:procs -----------memory---------- ---swap-- -----io---- -system-- ------cpu----- r b swpd free buff cache si so bi bo in cs us sy id wa st 0 0 8972 1277300 291044 1766276 0 0 1 5 10 11 2 4 94 0 0
#date:Mon Jul 15 14:53:03 CEST 2019#hostname:10.214.220.161 #SWAP:Swap: 8.0G 8.8M 8.0G#RAM:Mem: 3.9G 687M 1.2G 33M 2.0G 2.8G#Disk:Filesystem Size Used Avail Use% Mounted on /dev/mapper/sopvpyves--vg-root 39G 11G 27G 29% /#Load:loadaverage:0.00,#Network:Iface MTU Met RX-OK RX-ERR RX-DRP RX-OVR TX-OK TX-ERR TX-DRP TX-OVR Flg ens160 1500 0 350621169 0 2 0 352539623 0 0 0 BMRU #iostat:avg-cpu: %user %nice %system %iowait %steal %idle 1.51 0.00 4.13 0.02 0.00 94.34#iooperation:Device: tps kB_read/s kB_wrtn/s kB_read kB_wrtn sda 0.45 2.30 9.28 3083927 12455879 dm-0 0.97 2.26 9.23 3031187 12393048 dm-1 0.00 0.00 0.01 5898 8592#mpstat:02:53:03 PM CPU %usr %nice %sys %iowait %irq %soft %steal %guest %gnice %idle 02:53:03 PM all 1.51 0.00 3.96 0.02 0.00 0.17 0.00 0.00 0.00 94.34 02:53:03 PM 0 1.49 0.00 4.06 0.02 0.00 0.00 0.00 0.00 0.00 94.43 02:53:03 PM 1 1.53 0.01 3.87 0.02 0.00 0.33 0.00 0.00 0.00 94.25#vmstat:procs -----------memory---------- ---swap-- -----io---- -system-- ------cpu----- r b swpd free buff cache si so bi bo in cs us sy id wa st 0 0 8972 1277236 291044 1766236 0 0 1 5 10 11 2 4 94 0 0
#date:Mon Jul 15 14:54:03 CEST 2019#hostname:10.214.220.161 #SWAP:Swap: 8.0G 8.8M 8.0G#RAM:Mem: 3.9G 687M 1.2G 33M 2.0G 2.8G#Disk:Filesystem Size Used Avail Use% Mounted on /dev/mapper/sopvpyves--vg-root 39G 11G 27G 29% /#Load:loadaverage:0.00,#Network:Iface MTU Met RX-OK RX-ERR RX-DRP RX-OVR TX-OK TX-ERR TX-DRP TX-OVR Flg ens160 1500 0 350621794 0 2 0 352539623 0 0 0 BMRU #iostat:avg-cpu: %user %nice %system %iowait %steal %idle 1.51 0.00 4.13 0.02 0.00 94.34#iooperation:Device: tps kB_read/s kB_wrtn/s kB_read kB_wrtn sda 0.45 2.30 9.28 3083927 12456023 dm-0 0.97 2.26 9.23 3031187 12393192 dm-1 0.00 0.00 0.01 5898 8592#mpstat:02:54:03 PM CPU %usr %nice %sys %iowait %irq %soft %steal %guest %gnice %idle 02:54:03 PM all 1.51 0.00 3.96 0.02 0.00 0.17 0.00 0.00 0.00 94.34 02:54:03 PM 0 1.49 0.00 4.06 0.02 0.00 0.00 0.00 0.00 0.00 94.43 02:54:03 PM 1 1.53 0.01 3.87 0.02 0.00 0.33 0.00 0.00 0.00 94.25#vmstat:procs -----------memory---------- ---swap-- -----io---- -system-- ------cpu----- r b swpd free buff cache si so bi bo in cs us sy id wa st 0 0 8972 1277524 291044 1766252 0 0 1 5 10 11 2 4 94 0 0
#date:Mon Jul 15 14:55:03 CEST 2019#hostname:10.214.220.161 #SWAP:Swap: 8.0G 8.8M 8.0G#RAM:Mem: 3.9G 686M 1.2G 33M 2.0G 2.8G#Disk:Filesystem Size Used Avail Use% Mounted on /dev/mapper/sopvpyves--vg-root 39G 11G 27G 29% /#Load:loadaverage:0.00,#Network:Iface MTU Met RX-OK RX-ERR RX-DRP RX-OVR TX-OK TX-ERR TX-DRP TX-OVR Flg ens160 1500 0 350622444 0 2 0 352539624 0 0 0 BMRU #iostat:avg-cpu: %user %nice %system %iowait %steal %idle 1.51 0.00 4.13 0.02 0.00 94.34#iooperation:Device: tps kB_read/s kB_wrtn/s kB_read kB_wrtn sda 0.45 2.30 9.28 3083927 12456151 dm-0 0.97 2.26 9.23 3031187 12393320 dm-1 0.00 0.00 0.01 5898 8592#mpstat:02:55:03 PM CPU %usr %nice %sys %iowait %irq %soft %steal %guest %gnice %idle 02:55:03 PM all 1.51 0.00 3.96 0.02 0.00 0.17 0.00 0.00 0.00 94.34 02:55:03 PM 0 1.49 0.00 4.06 0.02 0.00 0.00 0.00 0.00 0.00 94.43 02:55:03 PM 1 1.53 0.01 3.87 0.02 0.00 0.33 0.00 0.00 0.00 94.25#vmstat:procs -----------memory---------- ---swap-- -----io---- -system-- ------cpu----- r b swpd free buff cache si so bi bo in cs us sy id wa st 0 0 8972 1277956 291048 1766148 0 0 1 5 10 11 2 4 94 0 0
#date:Mon Jul 15 14:56:03 CEST 2019#hostname:10.214.220.161 #SWAP:Swap: 8.0G 8.8M 8.0G#RAM:Mem: 3.9G 686M 1.2G 33M 2.0G 2.8G#Disk:Filesystem Size Used Avail Use% Mounted on /dev/mapper/sopvpyves--vg-root 39G 11G 27G 29% /#Load:loadaverage:0.00,#Network:Iface MTU Met RX-OK RX-ERR RX-DRP RX-OVR TX-OK TX-ERR TX-DRP TX-OVR Flg ens160 1500 0 350623101 0 2 0 352539625 0 0 0 BMRU #iostat:avg-cpu: %user %nice %system %iowait %steal %idle 1.51 0.00 4.13 0.02 0.00 94.34#iooperation:Device: tps kB_read/s kB_wrtn/s kB_read kB_wrtn sda 0.45 2.30 9.28 3083927 12456335 dm-0 0.97 2.26 9.23 3031187 12393504 dm-1 0.00 0.00 0.01 5898 8592#mpstat:02:56:03 PM CPU %usr %nice %sys %iowait %irq %soft %steal %guest %gnice %idle 02:56:03 PM all 1.51 0.00 3.96 0.02 0.00 0.17 0.00 0.00 0.00 94.34 02:56:03 PM 0 1.49 0.00 4.06 0.02 0.00 0.00 0.00 0.00 0.00 94.43 02:56:03 PM 1 1.53 0.01 3.87 0.02 0.00 0.33 0.00 0.00 0.00 94.25#vmstat:procs -----------memory---------- ---swap-- -----io---- -system-- ------cpu----- r b swpd free buff cache si so bi bo in cs us sy id wa st 0 0 8972 1278008 291048 1766196 0 0 1 5 10 11 2 4 94 0 0
#date:Mon Jul 15 14:57:03 CEST 2019#hostname:10.214.220.161 #SWAP:Swap: 8.0G 8.8M 8.0G#RAM:Mem: 3.9G 686M 1.2G 33M 2.0G 2.8G#Disk:Filesystem Size Used Avail Use% Mounted on /dev/mapper/sopvpyves--vg-root 39G 11G 27G 29% /#Load:loadaverage:0.00,#Network:Iface MTU Met RX-OK RX-ERR RX-DRP RX-OVR TX-OK TX-ERR TX-DRP TX-OVR Flg ens160 1500 0 350623737 0 2 0 352539626 0 0 0 BMRU #iostat:avg-cpu: %user %nice %system %iowait %steal %idle 1.51 0.00 4.13 0.02 0.00 94.34#iooperation:Device: tps kB_read/s kB_wrtn/s kB_read kB_wrtn sda 0.45 2.30 9.28 3083927 12456463 dm-0 0.97 2.26 9.23 3031187 12393632 dm-1 0.00 0.00 0.01 5898 8592#mpstat:02:57:04 PM CPU %usr %nice %sys %iowait %irq %soft %steal %guest %gnice %idle 02:57:04 PM all 1.51 0.00 3.96 0.02 0.00 0.17 0.00 0.00 0.00 94.34 02:57:04 PM 0 1.49 0.00 4.06 0.02 0.00 0.00 0.00 0.00 0.00 94.43 02:57:04 PM 1 1.53 0.01 3.87 0.02 0.00 0.33 0.00 0.00 0.00 94.25#vmstat:procs -----------memory---------- ---swap-- -----io---- -system-- ------cpu----- r b swpd free buff cache si so bi bo in cs us sy id wa st 0 0 8972 1277700 291052 1766192 0 0 1 5 10 11 2 4 94 0 0
#date:Mon Jul 15 14:58:04 CEST 2019#hostname:10.214.220.161 #SWAP:Swap: 8.0G 8.8M 8.0G#RAM:Mem: 3.9G 686M 1.2G 33M 2.0G 2.8G#Disk:Filesystem Size Used Avail Use% Mounted on /dev/mapper/sopvpyves--vg-root 39G 11G 27G 29% /#Load:loadaverage:0.00,#Network:Iface MTU Met RX-OK RX-ERR RX-DRP RX-OVR TX-OK TX-ERR TX-DRP TX-OVR Flg ens160 1500 0 350624294 0 2 0 352539626 0 0 0 BMRU #iostat:avg-cpu: %user %nice %system %iowait %steal %idle 1.51 0.00 4.13 0.02 0.00 94.34#iooperation:Device: tps kB_read/s kB_wrtn/s kB_read kB_wrtn sda 0.45 2.30 9.28 3083927 12456567 dm-0 0.97 2.26 9.23 3031187 12393736 dm-1 0.00 0.00 0.01 5898 8592#mpstat:02:58:04 PM CPU %usr %nice %sys %iowait %irq %soft %steal %guest %gnice %idle 02:58:04 PM all 1.51 0.00 3.96 0.02 0.00 0.17 0.00 0.00 0.00 94.34 02:58:04 PM 0 1.49 0.00 4.06 0.02 0.00 0.00 0.00 0.00 0.00 94.43 02:58:04 PM 1 1.53 0.01 3.87 0.02 0.00 0.33 0.00 0.00 0.00 94.25#vmstat:procs -----------memory---------- ---swap-- -----io---- -system-- ------cpu----- r b swpd free buff cache si so bi bo in cs us sy id wa st 0 0 8972 1277668 291052 1766160 0 0 1 5 10 11 2 4 94 0 0
#date:Mon Jul 15 14:59:04 CEST 2019#hostname:10.214.220.161 #SWAP:Swap: 8.0G 8.8M 8.0G#RAM:Mem: 3.9G 686M 1.2G 33M 2.0G 2.8G#Disk:Filesystem Size Used Avail Use% Mounted on /dev/mapper/sopvpyves--vg-root 39G 11G 27G 29% /#Load:loadaverage:0.00,#Network:Iface MTU Met RX-OK RX-ERR RX-DRP RX-OVR TX-OK TX-ERR TX-DRP TX-OVR Flg ens160 1500 0 350624943 0 2 0 352539626 0 0 0 BMRU #iostat:avg-cpu: %user %nice %system %iowait %steal %idle 1.51 0.00 4.13 0.02 0.00 94.34#iooperation:Device: tps kB_read/s kB_wrtn/s kB_read kB_wrtn sda 0.45 2.30 9.28 3083927 12456687 dm-0 0.97 2.26 9.23 3031187 12393856 dm-1 0.00 0.00 0.01 5898 8592#mpstat:02:59:04 PM CPU %usr %nice %sys %iowait %irq %soft %steal %guest %gnice %idle 02:59:04 PM all 1.51 0.00 3.96 0.02 0.00 0.17 0.00 0.00 0.00 94.34 02:59:04 PM 0 1.49 0.00 4.06 0.02 0.00 0.00 0.00 0.00 0.00 94.43 02:59:04 PM 1 1.53 0.01 3.87 0.02 0.00 0.33 0.00 0.00 0.00 94.25#vmstat:procs -----------memory---------- ---swap-- -----io---- -system-- ------cpu----- r b swpd free buff cache si so bi bo in cs us sy id wa st 0 0 8972 1277924 291052 1766164 0 0 1 5 10 11 2 4 94 0 0
#date:Mon Jul 15 15:00:04 CEST 2019#hostname:10.214.220.161 #SWAP:Swap: 8.0G 8.8M 8.0G#RAM:Mem: 3.9G 713M 1.2G 33M 2.0G 2.8G#Disk:Filesystem Size Used Avail Use% Mounted on /dev/mapper/sopvpyves--vg-root 39G 11G 27G 29% /#Load:loadaverage:0.08,#Network:Iface MTU Met RX-OK RX-ERR RX-DRP RX-OVR TX-OK TX-ERR TX-DRP TX-OVR Flg ens160 1500 0 350625557 0 2 0 352539630 0 0 0 BMRU #iostat:avg-cpu: %user %nice %system %iowait %steal %idle 1.51 0.00 4.13 0.02 0.00 94.34#iooperation:Device: tps kB_read/s kB_wrtn/s kB_read kB_wrtn sda 0.45 2.30 9.28 3083927 12456815 dm-0 0.97 2.26 9.23 3031187 12393984 dm-1 0.00 0.00 0.01 5898 8592#mpstat:03:00:04 PM CPU %usr %nice %sys %iowait %irq %soft %steal %guest %gnice %idle 03:00:04 PM all 1.51 0.00 3.96 0.02 0.00 0.17 0.00 0.00 0.00 94.34 03:00:04 PM 0 1.49 0.00 4.06 0.02 0.00 0.00 0.00 0.00 0.00 94.43 03:00:04 PM 1 1.53 0.01 3.86 0.02 0.00 0.33 0.00 0.00 0.00 94.25#vmstat:procs -----------memory---------- ---swap-- -----io---- -system-- ------cpu----- r b swpd free buff cache si so bi bo in cs us sy id wa st 0 0 8972 1250404 291052 1766164 0 0 1 5 10 11 2 4 94 0 0
#date:Mon Jul 15 15:01:04 CEST 2019#hostname:10.214.220.161 #SWAP:Swap: 8.0G 8.8M 8.0G#RAM:Mem: 3.9G 687M 1.2G 33M 2.0G 2.8G#Disk:Filesystem Size Used Avail Use% Mounted on /dev/mapper/sopvpyves--vg-root 39G 11G 27G 29% /#Load:loadaverage:0.03,#Network:Iface MTU Met RX-OK RX-ERR RX-DRP RX-OVR TX-OK TX-ERR TX-DRP TX-OVR Flg ens160 1500 0 350626242 0 2 0 352539645 0 0 0 BMRU #iostat:avg-cpu: %user %nice %system %iowait %steal %idle 1.51 0.00 4.13 0.02 0.00 94.34#iooperation:Device: tps kB_read/s kB_wrtn/s kB_read kB_wrtn sda 0.45 2.30 9.28 3084007 12461119 dm-0 0.97 2.26 9.23 3031207 12398288 dm-1 0.00 0.00 0.01 5918 8592#mpstat:03:01:04 PM CPU %usr %nice %sys %iowait %irq %soft %steal %guest %gnice %idle 03:01:04 PM all 1.51 0.00 3.96 0.02 0.00 0.17 0.00 0.00 0.00 94.34 03:01:04 PM 0 1.49 0.00 4.06 0.02 0.00 0.00 0.00 0.00 0.00 94.43 03:01:04 PM 1 1.53 0.01 3.86 0.02 0.00 0.33 0.00 0.00 0.00 94.25#vmstat:procs -----------memory---------- ---swap-- -----io---- -system-- ------cpu----- r b swpd free buff cache si so bi bo in cs us sy id wa st 0 0 8972 1276964 291052 1766476 0 0 1 5 10 11 2 4 94 0 0
#date:Mon Jul 15 15:02:04 CEST 2019#hostname:10.214.220.161 #SWAP:Swap: 8.0G 8.8M 8.0G#RAM:Mem: 3.9G 687M 1.2G 33M 2.0G 2.8G#Disk:Filesystem Size Used Avail Use% Mounted on /dev/mapper/sopvpyves--vg-root 39G 11G 27G 29% /#Load:loadaverage:0.01,#Network:Iface MTU Met RX-OK RX-ERR RX-DRP RX-OVR TX-OK TX-ERR TX-DRP TX-OVR Flg ens160 1500 0 350626861 0 2 0 352539646 0 0 0 BMRU #iostat:avg-cpu: %user %nice %system %iowait %steal %idle 1.51 0.00 4.13 0.02 0.00 94.34#iooperation:Device: tps kB_read/s kB_wrtn/s kB_read kB_wrtn sda 0.45 2.30 9.28 3084007 12461315 dm-0 0.97 2.26 9.23 3031207 12398484 dm-1 0.00 0.00 0.01 5918 8592#mpstat:03:02:05 PM CPU %usr %nice %sys %iowait %irq %soft %steal %guest %gnice %idle 03:02:05 PM all 1.51 0.00 3.96 0.02 0.00 0.17 0.00 0.00 0.00 94.34 03:02:05 PM 0 1.49 0.00 4.06 0.02 0.00 0.00 0.00 0.00 0.00 94.44 03:02:05 PM 1 1.53 0.01 3.86 0.02 0.00 0.33 0.00 0.00 0.00 94.25#vmstat:procs -----------memory---------- ---swap-- -----io---- -system-- ------cpu----- r b swpd free buff cache si so bi bo in cs us sy id wa st 0 0 8972 1277036 291052 1766512 0 0 1 5 10 11 2 4 94 0 0
#date:Mon Jul 15 15:03:05 CEST 2019#hostname:10.214.220.161 #SWAP:Swap: 8.0G 8.8M 8.0G#RAM:Mem: 3.9G 687M 1.2G 33M 2.0G 2.8G#Disk:Filesystem Size Used Avail Use% Mounted on /dev/mapper/sopvpyves--vg-root 39G 11G 27G 29% /#Load:loadaverage:0.00,#Network:Iface MTU Met RX-OK RX-ERR RX-DRP RX-OVR TX-OK TX-ERR TX-DRP TX-OVR Flg ens160 1500 0 350627437 0 2 0 352539649 0 0 0 BMRU #iostat:avg-cpu: %user %nice %system %iowait %steal %idle 1.51 0.00 4.13 0.02 0.00 94.34#iooperation:Device: tps kB_read/s kB_wrtn/s kB_read kB_wrtn sda 0.45 2.30 9.28 3084007 12461395 dm-0 0.97 2.26 9.23 3031207 12398564 dm-1 0.00 0.00 0.01 5918 8592#mpstat:03:03:05 PM CPU %usr %nice %sys %iowait %irq %soft %steal %guest %gnice %idle 03:03:05 PM all 1.51 0.00 3.96 0.02 0.00 0.17 0.00 0.00 0.00 94.34 03:03:05 PM 0 1.49 0.00 4.06 0.02 0.00 0.00 0.00 0.00 0.00 94.44 03:03:05 PM 1 1.53 0.01 3.86 0.02 0.00 0.33 0.00 0.00 0.00 94.25#vmstat:procs -----------memory---------- ---swap-- -----io---- -system-- ------cpu----- r b swpd free buff cache si so bi bo in cs us sy id wa st 0 0 8972 1277640 291052 1766520 0 0 1 5 10 11 2 4 94 0 0
#date:Mon Jul 15 15:04:05 CEST 2019#hostname:10.214.220.161 #SWAP:Swap: 8.0G 8.8M 8.0G#RAM:Mem: 3.9G 687M 1.2G 33M 2.0G 2.8G#Disk:Filesystem Size Used Avail Use% Mounted on /dev/mapper/sopvpyves--vg-root 39G 11G 27G 29% /#Load:loadaverage:0.00,#Network:Iface MTU Met RX-OK RX-ERR RX-DRP RX-OVR TX-OK TX-ERR TX-DRP TX-OVR Flg ens160 1500 0 350628025 0 2 0 352539665 0 0 0 BMRU #iostat:avg-cpu: %user %nice %system %iowait %steal %idle 1.51 0.00 4.13 0.02 0.00 94.34#iooperation:Device: tps kB_read/s kB_wrtn/s kB_read kB_wrtn sda 0.45 2.30 9.28 3084007 12461691 dm-0 0.97 2.26 9.23 3031207 12398860 dm-1 0.00 0.00 0.01 5918 8592#mpstat:03:04:05 PM CPU %usr %nice %sys %iowait %irq %soft %steal %guest %gnice %idle 03:04:05 PM all 1.51 0.00 3.96 0.02 0.00 0.17 0.00 0.00 0.00 94.34 03:04:05 PM 0 1.49 0.00 4.06 0.02 0.00 0.00 0.00 0.00 0.00 94.44 03:04:05 PM 1 1.53 0.01 3.86 0.02 0.00 0.33 0.00 0.00 0.00 94.25#vmstat:procs -----------memory---------- ---swap-- -----io---- -system-- ------cpu----- r b swpd free buff cache si so bi bo in cs us sy id wa st 0 0 8972 1276576 291056 1766480 0 0 1 5 10 11 2 4 94 0 0
#date:Mon Jul 15 15:05:05 CEST 2019#hostname:10.214.220.161 #SWAP:Swap: 8.0G 8.8M 8.0G#RAM:Mem: 3.9G 687M 1.2G 33M 2.0G 2.8G#Disk:Filesystem Size Used Avail Use% Mounted on /dev/mapper/sopvpyves--vg-root 39G 11G 27G 29% /#Load:loadaverage:0.00,#Network:Iface MTU Met RX-OK RX-ERR RX-DRP RX-OVR TX-OK TX-ERR TX-DRP TX-OVR Flg ens160 1500 0 350628617 0 2 0 352539665 0 0 0 BMRU #iostat:avg-cpu: %user %nice %system %iowait %steal %idle 1.51 0.00 4.13 0.02 0.00 94.34#iooperation:Device: tps kB_read/s kB_wrtn/s kB_read kB_wrtn sda 0.45 2.30 9.28 3084007 12461895 dm-0 0.97 2.26 9.23 3031207 12399064 dm-1 0.00 0.00 0.01 5918 8592#mpstat:03:05:05 PM CPU %usr %nice %sys %iowait %irq %soft %steal %guest %gnice %idle 03:05:05 PM all 1.51 0.00 3.96 0.02 0.00 0.17 0.00 0.00 0.00 94.34 03:05:05 PM 0 1.49 0.00 4.06 0.02 0.00 0.00 0.00 0.00 0.00 94.44 03:05:05 PM 1 1.53 0.01 3.86 0.02 0.00 0.33 0.00 0.00 0.00 94.25#vmstat:procs -----------memory---------- ---swap-- -----io---- -system-- ------cpu----- r b swpd free buff cache si so bi bo in cs us sy id wa st 0 0 8972 1276512 291056 1766440 0 0 1 5 10 11 2 4 94 0 0
#date:Mon Jul 15 15:06:05 CEST 2019#hostname:10.214.220.161 #SWAP:Swap: 8.0G 8.8M 8.0G#RAM:Mem: 3.9G 687M 1.2G 33M 2.0G 2.8G#Disk:Filesystem Size Used Avail Use% Mounted on /dev/mapper/sopvpyves--vg-root 39G 11G 27G 29% /#Load:loadaverage:0.00,#Network:Iface MTU Met RX-OK RX-ERR RX-DRP RX-OVR TX-OK TX-ERR TX-DRP TX-OVR Flg ens160 1500 0 350629280 0 2 0 352539667 0 0 0 BMRU #iostat:avg-cpu: %user %nice %system %iowait %steal %idle 1.51 0.00 4.13 0.02 0.00 94.34#iooperation:Device: tps kB_read/s kB_wrtn/s kB_read kB_wrtn sda 0.45 2.30 9.28 3084007 12461995 dm-0 0.97 2.26 9.23 3031207 12399164 dm-1 0.00 0.00 0.01 5918 8592#mpstat:03:06:05 PM CPU %usr %nice %sys %iowait %irq %soft %steal %guest %gnice %idle 03:06:05 PM all 1.51 0.00 3.96 0.02 0.00 0.17 0.00 0.00 0.00 94.34 03:06:05 PM 0 1.49 0.00 4.06 0.02 0.00 0.00 0.00 0.00 0.00 94.44 03:06:05 PM 1 1.53 0.01 3.86 0.02 0.00 0.33 0.00 0.00 0.00 94.25#vmstat:procs -----------memory---------- ---swap-- -----io---- -system-- ------cpu----- r b swpd free buff cache si so bi bo in cs us sy id wa st 0 0 8972 1276416 291056 1766484 0 0 1 5 10 11 2 4 94 0 0
#date:Mon Jul 15 15:07:05 CEST 2019#hostname:10.214.220.161 #SWAP:Swap: 8.0G 8.8M 8.0G#RAM:Mem: 3.9G 687M 1.2G 33M 2.0G 2.8G#Disk:Filesystem Size Used Avail Use% Mounted on /dev/mapper/sopvpyves--vg-root 39G 11G 27G 29% /#Load:loadaverage:0.00,#Network:Iface MTU Met RX-OK RX-ERR RX-DRP RX-OVR TX-OK TX-ERR TX-DRP TX-OVR Flg ens160 1500 0 350630013 0 2 0 352539668 0 0 0 BMRU #iostat:avg-cpu: %user %nice %system %iowait %steal %idle 1.51 0.00 4.13 0.02 0.00 94.34#iooperation:Device: tps kB_read/s kB_wrtn/s kB_read kB_wrtn sda 0.45 2.30 9.28 3084007 12462071 dm-0 0.97 2.26 9.23 3031207 12399240 dm-1 0.00 0.00 0.01 5918 8592#mpstat:03:07:06 PM CPU %usr %nice %sys %iowait %irq %soft %steal %guest %gnice %idle 03:07:06 PM all 1.51 0.00 3.96 0.02 0.00 0.17 0.00 0.00 0.00 94.34 03:07:06 PM 0 1.49 0.00 4.06 0.02 0.00 0.00 0.00 0.00 0.00 94.44 03:07:06 PM 1 1.53 0.01 3.86 0.02 0.00 0.33 0.00 0.00 0.00 94.25#vmstat:procs -----------memory---------- ---swap-- -----io---- -system-- ------cpu----- r b swpd free buff cache si so bi bo in cs us sy id wa st 0 0 8972 1276576 291056 1766480 0 0 1 5 10 11 2 4 94 0 0
#date:Mon Jul 15 15:08:06 CEST 2019#hostname:10.214.220.161 #SWAP:Swap: 8.0G 8.8M 8.0G#RAM:Mem: 3.9G 687M 1.2G 33M 2.0G 2.8G#Disk:Filesystem Size Used Avail Use% Mounted on /dev/mapper/sopvpyves--vg-root 39G 11G 27G 29% /#Load:loadaverage:0.00,#Network:Iface MTU Met RX-OK RX-ERR RX-DRP RX-OVR TX-OK TX-ERR TX-DRP TX-OVR Flg ens160 1500 0 350630730 0 2 0 352539668 0 0 0 BMRU #iostat:avg-cpu: %user %nice %system %iowait %steal %idle 1.51 0.00 4.13 0.02 0.00 94.34#iooperation:Device: tps kB_read/s kB_wrtn/s kB_read kB_wrtn sda 0.45 2.30 9.28 3084007 12462207 dm-0 0.97 2.26 9.23 3031207 12399376 dm-1 0.00 0.00 0.01 5918 8592#mpstat:03:08:06 PM CPU %usr %nice %sys %iowait %irq %soft %steal %guest %gnice %idle 03:08:06 PM all 1.51 0.00 3.96 0.02 0.00 0.17 0.00 0.00 0.00 94.34 03:08:06 PM 0 1.49 0.00 4.06 0.02 0.00 0.00 0.00 0.00 0.00 94.44 03:08:06 PM 1 1.53 0.01 3.86 0.02 0.00 0.33 0.00 0.00 0.00 94.25#vmstat:procs -----------memory---------- ---swap-- -----io---- -system-- ------cpu----- r b swpd free buff cache si so bi bo in cs us sy id wa st 0 0 8972 1276464 291056 1766492 0 0 1 5 10 11 2 4 94 0 0
#date:Mon Jul 15 15:09:06 CEST 2019#hostname:10.214.220.161 #SWAP:Swap: 8.0G 8.8M 8.0G#RAM:Mem: 3.9G 687M 1.2G 33M 2.0G 2.8G#Disk:Filesystem Size Used Avail Use% Mounted on /dev/mapper/sopvpyves--vg-root 39G 11G 27G 29% /#Load:loadaverage:0.00,#Network:Iface MTU Met RX-OK RX-ERR RX-DRP RX-OVR TX-OK TX-ERR TX-DRP TX-OVR Flg ens160 1500 0 350631502 0 2 0 352539668 0 0 0 BMRU #iostat:avg-cpu: %user %nice %system %iowait %steal %idle 1.51 0.00 4.13 0.02 0.00 94.34#iooperation:Device: tps kB_read/s kB_wrtn/s kB_read kB_wrtn sda 0.45 2.30 9.28 3084007 12462563 dm-0 0.97 2.26 9.23 3031207 12399732 dm-1 0.00 0.00 0.01 5918 8592#mpstat:03:09:06 PM CPU %usr %nice %sys %iowait %irq %soft %steal %guest %gnice %idle 03:09:06 PM all 1.51 0.00 3.96 0.02 0.00 0.17 0.00 0.00 0.00 94.34 03:09:06 PM 0 1.49 0.00 4.06 0.02 0.00 0.00 0.00 0.00 0.00 94.44 03:09:06 PM 1 1.53 0.01 3.86 0.02 0.00 0.33 0.00 0.00 0.00 94.25#vmstat:procs -----------memory---------- ---swap-- -----io---- -system-- ------cpu----- r b swpd free buff cache si so bi bo in cs us sy id wa st 0 0 8972 1276136 291056 1766648 0 0 1 5 10 11 2 4 94 0 0
#date:Mon Jul 15 15:10:06 CEST 2019#hostname:10.214.220.161 #SWAP:Swap: 8.0G 8.8M 8.0G#RAM:Mem: 3.9G 688M 1.2G 33M 2.0G 2.8G#Disk:Filesystem Size Used Avail Use% Mounted on /dev/mapper/sopvpyves--vg-root 39G 11G 27G 29% /#Load:loadaverage:0.00,#Network:Iface MTU Met RX-OK RX-ERR RX-DRP RX-OVR TX-OK TX-ERR TX-DRP TX-OVR Flg ens160 1500 0 350632250 0 2 0 352539670 0 0 0 BMRU #iostat:avg-cpu: %user %nice %system %iowait %steal %idle 1.51 0.00 4.13 0.02 0.00 94.34#iooperation:Device: tps kB_read/s kB_wrtn/s kB_read kB_wrtn sda 0.45 2.30 9.28 3084007 12462839 dm-0 0.97 2.26 9.23 3031207 12400008 dm-1 0.00 0.00 0.01 5918 8592#mpstat:03:10:06 PM CPU %usr %nice %sys %iowait %irq %soft %steal %guest %gnice %idle 03:10:06 PM all 1.51 0.00 3.96 0.02 0.00 0.17 0.00 0.00 0.00 94.34 03:10:06 PM 0 1.49 0.00 4.06 0.02 0.00 0.00 0.00 0.00 0.00 94.44 03:10:06 PM 1 1.53 0.01 3.86 0.02 0.00 0.33 0.00 0.00 0.00 94.25#vmstat:procs -----------memory---------- ---swap-- -----io---- -system-- ------cpu----- r b swpd free buff cache si so bi bo in cs us sy id wa st 0 0 8972 1275884 291056 1766672 0 0 1 5 10 11 2 4 94 0 0
#date:Mon Jul 15 15:11:06 CEST 2019#hostname:10.214.220.161 #SWAP:Swap: 8.0G 8.8M 8.0G#RAM:Mem: 3.9G 687M 1.2G 33M 2.0G 2.8G#Disk:Filesystem Size Used Avail Use% Mounted on /dev/mapper/sopvpyves--vg-root 39G 11G 27G 29% /#Load:loadaverage:0.00,#Network:Iface MTU Met RX-OK RX-ERR RX-DRP RX-OVR TX-OK TX-ERR TX-DRP TX-OVR Flg ens160 1500 0 350633228 0 2 0 352539675 0 0 0 BMRU #iostat:avg-cpu: %user %nice %system %iowait %steal %idle 1.51 0.00 4.13 0.02 0.00 94.34#iooperation:Device: tps kB_read/s kB_wrtn/s kB_read kB_wrtn sda 0.45 2.30 9.28 3084007 12462943 dm-0 0.97 2.26 9.23 3031207 12400112 dm-1 0.00 0.00 0.01 5918 8592#mpstat:03:11:06 PM CPU %usr %nice %sys %iowait %irq %soft %steal %guest %gnice %idle 03:11:06 PM all 1.51 0.00 3.96 0.02 0.00 0.17 0.00 0.00 0.00 94.34 03:11:06 PM 0 1.49 0.00 4.06 0.02 0.00 0.00 0.00 0.00 0.00 94.44 03:11:06 PM 1 1.53 0.01 3.86 0.02 0.00 0.33 0.00 0.00 0.00 94.25#vmstat:procs -----------memory---------- ---swap-- -----io---- -system-- ------cpu----- r b swpd free buff cache si so bi bo in cs us sy id wa st 0 0 8972 1276360 291056 1766672 0 0 1 5 10 11 2 4 94 0 0
#date:Mon Jul 15 15:12:06 CEST 2019#hostname:10.214.220.161 #SWAP:Swap: 8.0G 8.8M 8.0G#RAM:Mem: 3.9G 687M 1.2G 33M 2.0G 2.8G#Disk:Filesystem Size Used Avail Use% Mounted on /dev/mapper/sopvpyves--vg-root 39G 11G 27G 29% /#Load:loadaverage:0.00,#Network:Iface MTU Met RX-OK RX-ERR RX-DRP RX-OVR TX-OK TX-ERR TX-DRP TX-OVR Flg ens160 1500 0 350634004 0 2 0 352539675 0 0 0 BMRU #iostat:avg-cpu: %user %nice %system %iowait %steal %idle 1.51 0.00 4.13 0.02 0.00 94.34#iooperation:Device: tps kB_read/s kB_wrtn/s kB_read kB_wrtn sda 0.45 2.30 9.28 3084007 12463039 dm-0 0.97 2.26 9.23 3031207 12400208 dm-1 0.00 0.00 0.01 5918 8592#mpstat:03:12:06 PM CPU %usr %nice %sys %iowait %irq %soft %steal %guest %gnice %idle 03:12:06 PM all 1.51 0.00 3.96 0.02 0.00 0.17 0.00 0.00 0.00 94.34 03:12:06 PM 0 1.49 0.00 4.06 0.02 0.00 0.00 0.00 0.00 0.00 94.44 03:12:06 PM 1 1.53 0.01 3.86 0.02 0.00 0.33 0.00 0.00 0.00 94.25#vmstat:procs -----------memory---------- ---swap-- -----io---- -system-- ------cpu----- r b swpd free buff cache si so bi bo in cs us sy id wa st 0 0 8972 1277388 291056 1766664 0 0 1 5 10 11 2 4 94 0 0
#date:Mon Jul 15 15:13:06 CEST 2019#hostname:10.214.220.161 #SWAP:Swap: 8.0G 8.8M 8.0G#RAM:Mem: 3.9G 688M 1.2G 33M 2.0G 2.8G#Disk:Filesystem Size Used Avail Use% Mounted on /dev/mapper/sopvpyves--vg-root 39G 11G 27G 29% /#Load:loadaverage:0.00,#Network:Iface MTU Met RX-OK RX-ERR RX-DRP RX-OVR TX-OK TX-ERR TX-DRP TX-OVR Flg ens160 1500 0 350634716 0 2 0 352539675 0 0 0 BMRU #iostat:avg-cpu: %user %nice %system %iowait %steal %idle 1.51 0.00 4.13 0.02 0.00 94.34#iooperation:Device: tps kB_read/s kB_wrtn/s kB_read kB_wrtn sda 0.45 2.30 9.28 3084007 12463127 dm-0 0.97 2.26 9.23 3031207 12400296 dm-1 0.00 0.00 0.01 5918 8592#mpstat:03:13:07 PM CPU %usr %nice %sys %iowait %irq %soft %steal %guest %gnice %idle 03:13:07 PM all 1.51 0.00 3.96 0.02 0.00 0.17 0.00 0.00 0.00 94.34 03:13:07 PM 0 1.49 0.00 4.06 0.02 0.00 0.00 0.00 0.00 0.00 94.44 03:13:07 PM 1 1.53 0.01 3.86 0.02 0.00 0.33 0.00 0.00 0.00 94.25#vmstat:procs -----------memory---------- ---swap-- -----io---- -system-- ------cpu----- r b swpd free buff cache si so bi bo in cs us sy id wa st 0 0 8972 1275696 291056 1766668 0 0 1 5 10 11 2 4 94 0 0
#date:Mon Jul 15 15:14:07 CEST 2019#hostname:10.214.220.161 #SWAP:Swap: 8.0G 8.8M 8.0G#RAM:Mem: 3.9G 688M 1.2G 33M 2.0G 2.8G#Disk:Filesystem Size Used Avail Use% Mounted on /dev/mapper/sopvpyves--vg-root 39G 11G 27G 29% /#Load:loadaverage:0.00,#Network:Iface MTU Met RX-OK RX-ERR RX-DRP RX-OVR TX-OK TX-ERR TX-DRP TX-OVR Flg ens160 1500 0 350635388 0 2 0 352539675 0 0 0 BMRU #iostat:avg-cpu: %user %nice %system %iowait %steal %idle 1.51 0.00 4.13 0.02 0.00 94.34#iooperation:Device: tps kB_read/s kB_wrtn/s kB_read kB_wrtn sda 0.45 2.30 9.28 3084007 12463267 dm-0 0.97 2.26 9.23 3031207 12400436 dm-1 0.00 0.00 0.01 5918 8592#mpstat:03:14:07 PM CPU %usr %nice %sys %iowait %irq %soft %steal %guest %gnice %idle 03:14:07 PM all 1.51 0.00 3.96 0.02 0.00 0.17 0.00 0.00 0.00 94.34 03:14:07 PM 0 1.49 0.00 4.06 0.02 0.00 0.00 0.00 0.00 0.00 94.44 03:14:07 PM 1 1.53 0.01 3.86 0.02 0.00 0.33 0.00 0.00 0.00 94.25#vmstat:procs -----------memory---------- ---swap-- -----io---- -system-- ------cpu----- r b swpd free buff cache si so bi bo in cs us sy id wa st 0 0 8972 1275788 291056 1766656 0 0 1 5 10 11 2 4 94 0 0
#date:Mon Jul 15 15:15:07 CEST 2019#hostname:10.214.220.161 #SWAP:Swap: 8.0G 8.8M 8.0G#RAM:Mem: 3.9G 688M 1.2G 33M 2.0G 2.8G#Disk:Filesystem Size Used Avail Use% Mounted on /dev/mapper/sopvpyves--vg-root 39G 11G 27G 29% /#Load:loadaverage:0.00,#Network:Iface MTU Met RX-OK RX-ERR RX-DRP RX-OVR TX-OK TX-ERR TX-DRP TX-OVR Flg ens160 1500 0 350636116 0 2 0 352539675 0 0 0 BMRU #iostat:avg-cpu: %user %nice %system %iowait %steal %idle 1.51 0.00 4.13 0.02 0.00 94.35#iooperation:Device: tps kB_read/s kB_wrtn/s kB_read kB_wrtn sda 0.45 2.30 9.28 3084007 12463439 dm-0 0.97 2.26 9.23 3031207 12400608 dm-1 0.00 0.00 0.01 5918 8592#mpstat:03:15:07 PM CPU %usr %nice %sys %iowait %irq %soft %steal %guest %gnice %idle 03:15:07 PM all 1.51 0.00 3.96 0.02 0.00 0.17 0.00 0.00 0.00 94.35 03:15:07 PM 0 1.49 0.00 4.06 0.02 0.00 0.00 0.00 0.00 0.00 94.44 03:15:07 PM 1 1.53 0.01 3.86 0.02 0.00 0.33 0.00 0.00 0.00 94.25#vmstat:procs -----------memory---------- ---swap-- -----io---- -system-- ------cpu----- r b swpd free buff cache si so bi bo in cs us sy id wa st 0 0 8972 1276940 291056 1766688 0 0 1 5 10 11 2 4 94 0 0
#date:Mon Jul 15 15:16:07 CEST 2019#hostname:10.214.220.161 #SWAP:Swap: 8.0G 8.8M 8.0G#RAM:Mem: 3.9G 688M 1.2G 33M 2.0G 2.8G#Disk:Filesystem Size Used Avail Use% Mounted on /dev/mapper/sopvpyves--vg-root 39G 11G 27G 29% /#Load:loadaverage:0.00,#Network:Iface MTU Met RX-OK RX-ERR RX-DRP RX-OVR TX-OK TX-ERR TX-DRP TX-OVR Flg ens160 1500 0 350636908 0 2 0 352539677 0 0 0 BMRU #iostat:avg-cpu: %user %nice %system %iowait %steal %idle 1.51 0.00 4.13 0.02 0.00 94.35#iooperation:Device: tps kB_read/s kB_wrtn/s kB_read kB_wrtn sda 0.45 2.30 9.28 3084007 12463575 dm-0 0.97 2.26 9.23 3031207 12400744 dm-1 0.00 0.00 0.01 5918 8592#mpstat:03:16:07 PM CPU %usr %nice %sys %iowait %irq %soft %steal %guest %gnice %idle 03:16:07 PM all 1.51 0.00 3.96 0.02 0.00 0.17 0.00 0.00 0.00 94.35 03:16:07 PM 0 1.48 0.00 4.05 0.02 0.00 0.00 0.00 0.00 0.00 94.44 03:16:07 PM 1 1.53 0.01 3.86 0.02 0.00 0.33 0.00 0.00 0.00 94.25#vmstat:procs -----------memory---------- ---swap-- -----io---- -system-- ------cpu----- r b swpd free buff cache si so bi bo in cs us sy id wa st 0 0 8972 1275572 291060 1766644 0 0 1 5 10 11 2 4 94 0 0
#date:Mon Jul 15 15:17:07 CEST 2019#hostname:10.214.220.161 #SWAP:Swap: 8.0G 8.8M 8.0G#RAM:Mem: 3.9G 688M 1.2G 33M 2.0G 2.8G#Disk:Filesystem Size Used Avail Use% Mounted on /dev/mapper/sopvpyves--vg-root 39G 11G 27G 29% /#Load:loadaverage:0.00,#Network:Iface MTU Met RX-OK RX-ERR RX-DRP RX-OVR TX-OK TX-ERR TX-DRP TX-OVR Flg ens160 1500 0 350637576 0 2 0 352539677 0 0 0 BMRU #iostat:avg-cpu: %user %nice %system %iowait %steal %idle 1.51 0.00 4.12 0.02 0.00 94.35#iooperation:Device: tps kB_read/s kB_wrtn/s kB_read kB_wrtn sda 0.45 2.30 9.28 3084007 12463739 dm-0 0.97 2.26 9.23 3031207 12400908 dm-1 0.00 0.00 0.01 5918 8592#mpstat:03:17:07 PM CPU %usr %nice %sys %iowait %irq %soft %steal %guest %gnice %idle 03:17:07 PM all 1.51 0.00 3.96 0.02 0.00 0.17 0.00 0.00 0.00 94.35 03:17:07 PM 0 1.48 0.00 4.05 0.02 0.00 0.00 0.00 0.00 0.00 94.44 03:17:07 PM 1 1.53 0.01 3.86 0.02 0.00 0.33 0.00 0.00 0.00 94.25#vmstat:procs -----------memory---------- ---swap-- -----io---- -system-- ------cpu----- r b swpd free buff cache si so bi bo in cs us sy id wa st 0 0 8972 1275220 291060 1766652 0 0 1 5 11 11 2 4 94 0 0
#date:Mon Jul 15 15:18:07 CEST 2019#hostname:10.214.220.161 #SWAP:Swap: 8.0G 8.8M 8.0G#RAM:Mem: 3.9G 688M 1.2G 33M 2.0G 2.8G#Disk:Filesystem Size Used Avail Use% Mounted on /dev/mapper/sopvpyves--vg-root 39G 11G 27G 29% /#Load:loadaverage:0.00,#Network:Iface MTU Met RX-OK RX-ERR RX-DRP RX-OVR TX-OK TX-ERR TX-DRP TX-OVR Flg ens160 1500 0 350638256 0 2 0 352539677 0 0 0 BMRU #iostat:avg-cpu: %user %nice %system %iowait %steal %idle 1.51 0.00 4.12 0.02 0.00 94.35#iooperation:Device: tps kB_read/s kB_wrtn/s kB_read kB_wrtn sda 0.45 2.29 9.27 3084007 12463887 dm-0 0.97 2.26 9.23 3031207 12401056 dm-1 0.00 0.00 0.01 5918 8592#mpstat:03:18:08 PM CPU %usr %nice %sys %iowait %irq %soft %steal %guest %gnice %idle 03:18:08 PM all 1.51 0.00 3.96 0.02 0.00 0.17 0.00 0.00 0.00 94.35 03:18:08 PM 0 1.48 0.00 4.05 0.02 0.00 0.00 0.00 0.00 0.00 94.44 03:18:08 PM 1 1.53 0.01 3.86 0.02 0.00 0.33 0.00 0.00 0.00 94.25#vmstat:procs -----------memory---------- ---swap-- -----io---- -system-- ------cpu----- r b swpd free buff cache si so bi bo in cs us sy id wa st 0 0 8972 1276696 291060 1766656 0 0 1 5 11 11 2 4 94 0 0
#date:Mon Jul 15 15:19:08 CEST 2019#hostname:10.214.220.161 #SWAP:Swap: 8.0G 8.8M 8.0G#RAM:Mem: 3.9G 688M 1.2G 33M 2.0G 2.8G#Disk:Filesystem Size Used Avail Use% Mounted on /dev/mapper/sopvpyves--vg-root 39G 11G 27G 29% /#Load:loadaverage:0.00,#Network:Iface MTU Met RX-OK RX-ERR RX-DRP RX-OVR TX-OK TX-ERR TX-DRP TX-OVR Flg ens160 1500 0 350639045 0 2 0 352539678 0 0 0 BMRU #iostat:avg-cpu: %user %nice %system %iowait %steal %idle 1.51 0.00 4.12 0.02 0.00 94.35#iooperation:Device: tps kB_read/s kB_wrtn/s kB_read kB_wrtn sda 0.45 2.29 9.27 3084007 12464127 dm-0 0.97 2.26 9.23 3031207 12401296 dm-1 0.00 0.00 0.01 5918 8592#mpstat:03:19:08 PM CPU %usr %nice %sys %iowait %irq %soft %steal %guest %gnice %idle 03:19:08 PM all 1.51 0.00 3.96 0.02 0.00 0.17 0.00 0.00 0.00 94.35 03:19:08 PM 0 1.48 0.00 4.05 0.02 0.00 0.00 0.00 0.00 0.00 94.44 03:19:08 PM 1 1.53 0.01 3.86 0.02 0.00 0.33 0.00 0.00 0.00 94.25#vmstat:procs -----------memory---------- ---swap-- -----io---- -system-- ------cpu----- r b swpd free buff cache si so bi bo in cs us sy id wa st 0 0 8972 1277144 291068 1766692 0 0 1 5 11 11 2 4 94 0 0
#date:Mon Jul 15 15:20:08 CEST 2019#hostname:10.214.220.161 #SWAP:Swap: 8.0G 8.8M 8.0G#RAM:Mem: 3.9G 688M 1.2G 33M 2.0G 2.8G#Disk:Filesystem Size Used Avail Use% Mounted on /dev/mapper/sopvpyves--vg-root 39G 11G 27G 29% /#Load:loadaverage:0.00,#Network:Iface MTU Met RX-OK RX-ERR RX-DRP RX-OVR TX-OK TX-ERR TX-DRP TX-OVR Flg ens160 1500 0 350639856 0 2 0 352539680 0 0 0 BMRU #iostat:avg-cpu: %user %nice %system %iowait %steal %idle 1.51 0.00 4.12 0.02 0.00 94.35#iooperation:Device: tps kB_read/s kB_wrtn/s kB_read kB_wrtn sda 0.45 2.29 9.27 3084007 12464235 dm-0 0.97 2.26 9.23 3031207 12401404 dm-1 0.00 0.00 0.01 5918 8592#mpstat:03:20:08 PM CPU %usr %nice %sys %iowait %irq %soft %steal %guest %gnice %idle 03:20:08 PM all 1.51 0.00 3.96 0.02 0.00 0.17 0.00 0.00 0.00 94.35 03:20:08 PM 0 1.48 0.00 4.05 0.02 0.00 0.00 0.00 0.00 0.00 94.44 03:20:08 PM 1 1.53 0.01 3.86 0.02 0.00 0.33 0.00 0.00 0.00 94.25#vmstat:procs -----------memory---------- ---swap-- -----io---- -system-- ------cpu----- r b swpd free buff cache si so bi bo in cs us sy id wa st 0 0 8972 1275736 291068 1766652 0 0 1 5 11 11 2 4 94 0 0
#date:Mon Jul 15 15:21:08 CEST 2019#hostname:10.214.220.161 #SWAP:Swap: 8.0G 8.8M 8.0G#RAM:Mem: 3.9G 688M 1.2G 33M 2.0G 2.8G#Disk:Filesystem Size Used Avail Use% Mounted on /dev/mapper/sopvpyves--vg-root 39G 11G 27G 29% /#Load:loadaverage:0.00,#Network:Iface MTU Met RX-OK RX-ERR RX-DRP RX-OVR TX-OK TX-ERR TX-DRP TX-OVR Flg ens160 1500 0 350640648 0 2 0 352539685 0 0 0 BMRU #iostat:avg-cpu: %user %nice %system %iowait %steal %idle 1.51 0.00 4.12 0.02 0.00 94.35#iooperation:Device: tps kB_read/s kB_wrtn/s kB_read kB_wrtn sda 0.45 2.29 9.27 3084007 12464335 dm-0 0.97 2.26 9.23 3031207 12401504 dm-1 0.00 0.00 0.01 5918 8592#mpstat:03:21:08 PM CPU %usr %nice %sys %iowait %irq %soft %steal %guest %gnice %idle 03:21:08 PM all 1.51 0.00 3.96 0.02 0.00 0.17 0.00 0.00 0.00 94.35 03:21:08 PM 0 1.48 0.00 4.05 0.02 0.00 0.00 0.00 0.00 0.00 94.44 03:21:08 PM 1 1.53 0.01 3.86 0.02 0.00 0.33 0.00 0.00 0.00 94.25#vmstat:procs -----------memory---------- ---swap-- -----io---- -system-- ------cpu----- r b swpd free buff cache si so bi bo in cs us sy id wa st 0 0 8972 1275540 291068 1766656 0 0 1 5 11 11 2 4 94 0 0
#date:Mon Jul 15 15:22:08 CEST 2019#hostname:10.214.220.161 #SWAP:Swap: 8.0G 8.8M 8.0G#RAM:Mem: 3.9G 688M 1.2G 33M 2.0G 2.8G#Disk:Filesystem Size Used Avail Use% Mounted on /dev/mapper/sopvpyves--vg-root 39G 11G 27G 29% /#Load:loadaverage:0.00,#Network:Iface MTU Met RX-OK RX-ERR RX-DRP RX-OVR TX-OK TX-ERR TX-DRP TX-OVR Flg ens160 1500 0 350641231 0 2 0 352539687 0 0 0 BMRU #iostat:avg-cpu: %user %nice %system %iowait %steal %idle 1.51 0.00 4.12 0.02 0.00 94.35#iooperation:Device: tps kB_read/s kB_wrtn/s kB_read kB_wrtn sda 0.45 2.29 9.27 3084007 12464447 dm-0 0.97 2.26 9.23 3031207 12401616 dm-1 0.00 0.00 0.01 5918 8592#mpstat:03:22:08 PM CPU %usr %nice %sys %iowait %irq %soft %steal %guest %gnice %idle 03:22:08 PM all 1.51 0.00 3.96 0.02 0.00 0.17 0.00 0.00 0.00 94.35 03:22:08 PM 0 1.48 0.00 4.05 0.02 0.00 0.00 0.00 0.00 0.00 94.44 03:22:08 PM 1 1.53 0.01 3.86 0.02 0.00 0.33 0.00 0.00 0.00 94.25#vmstat:procs -----------memory---------- ---swap-- -----io---- -system-- ------cpu----- r b swpd free buff cache si so bi bo in cs us sy id wa st 0 0 8972 1275360 291068 1766664 0 0 1 5 11 11 2 4 94 0 0
#date:Mon Jul 15 15:23:08 CEST 2019#hostname:10.214.220.161 #SWAP:Swap: 8.0G 8.8M 8.0G#RAM:Mem: 3.9G 688M 1.2G 33M 2.0G 2.8G#Disk:Filesystem Size Used Avail Use% Mounted on /dev/mapper/sopvpyves--vg-root 39G 11G 27G 29% /#Load:loadaverage:0.00,#Network:Iface MTU Met RX-OK RX-ERR RX-DRP RX-OVR TX-OK TX-ERR TX-DRP TX-OVR Flg ens160 1500 0 350641832 0 2 0 352539687 0 0 0 BMRU #iostat:avg-cpu: %user %nice %system %iowait %steal %idle 1.51 0.00 4.12 0.02 0.00 94.35#iooperation:Device: tps kB_read/s kB_wrtn/s kB_read kB_wrtn sda 0.45 2.29 9.27 3084007 12464563 dm-0 0.97 2.26 9.23 3031207 12401732 dm-1 0.00 0.00 0.01 5918 8592#mpstat:03:23:09 PM CPU %usr %nice %sys %iowait %irq %soft %steal %guest %gnice %idle 03:23:09 PM all 1.51 0.00 3.96 0.02 0.00 0.17 0.00 0.00 0.00 94.35 03:23:09 PM 0 1.48 0.00 4.05 0.02 0.00 0.00 0.00 0.00 0.00 94.44 03:23:09 PM 1 1.53 0.01 3.86 0.02 0.00 0.33 0.00 0.00 0.00 94.25#vmstat:procs -----------memory---------- ---swap-- -----io---- -system-- ------cpu----- r b swpd free buff cache si so bi bo in cs us sy id wa st 0 0 8972 1276368 291068 1766732 0 0 1 5 11 11 2 4 94 0 0
#date:Mon Jul 15 15:24:09 CEST 2019#hostname:10.214.220.161 #SWAP:Swap: 8.0G 8.8M 8.0G#RAM:Mem: 3.9G 687M 1.2G 33M 2.0G 2.8G#Disk:Filesystem Size Used Avail Use% Mounted on /dev/mapper/sopvpyves--vg-root 39G 11G 27G 29% /#Load:loadaverage:0.00,#Network:Iface MTU Met RX-OK RX-ERR RX-DRP RX-OVR TX-OK TX-ERR TX-DRP TX-OVR Flg ens160 1500 0 350642504 0 2 0 352539687 0 0 0 BMRU #iostat:avg-cpu: %user %nice %system %iowait %steal %idle 1.51 0.00 4.12 0.02 0.00 94.35#iooperation:Device: tps kB_read/s kB_wrtn/s kB_read kB_wrtn sda 0.45 2.29 9.27 3084007 12464711 dm-0 0.97 2.26 9.23 3031207 12401880 dm-1 0.00 0.00 0.01 5918 8592#mpstat:03:24:09 PM CPU %usr %nice %sys %iowait %irq %soft %steal %guest %gnice %idle 03:24:09 PM all 1.51 0.00 3.96 0.02 0.00 0.17 0.00 0.00 0.00 94.35 03:24:09 PM 0 1.48 0.00 4.05 0.02 0.00 0.00 0.00 0.00 0.00 94.44 03:24:09 PM 1 1.53 0.01 3.86 0.02 0.00 0.33 0.00 0.00 0.00 94.25#vmstat:procs -----------memory---------- ---swap-- -----io---- -system-- ------cpu----- r b swpd free buff cache si so bi bo in cs us sy id wa st 0 0 8972 1276512 291068 1766652 0 0 1 5 11 11 2 4 94 0 0
#date:Mon Jul 15 15:25:09 CEST 2019#hostname:10.214.220.161 #SWAP:Swap: 8.0G 8.8M 8.0G#RAM:Mem: 3.9G 687M 1.2G 33M 2.0G 2.8G#Disk:Filesystem Size Used Avail Use% Mounted on /dev/mapper/sopvpyves--vg-root 39G 11G 27G 29% /#Load:loadaverage:0.00,#Network:Iface MTU Met RX-OK RX-ERR RX-DRP RX-OVR TX-OK TX-ERR TX-DRP TX-OVR Flg ens160 1500 0 350643231 0 2 0 352539687 0 0 0 BMRU #iostat:avg-cpu: %user %nice %system %iowait %steal %idle 1.51 0.00 4.12 0.02 0.00 94.35#iooperation:Device: tps kB_read/s kB_wrtn/s kB_read kB_wrtn sda 0.45 2.29 9.27 3084007 12464911 dm-0 0.97 2.25 9.23 3031207 12402080 dm-1 0.00 0.00 0.01 5918 8592#mpstat:03:25:09 PM CPU %usr %nice %sys %iowait %irq %soft %steal %guest %gnice %idle 03:25:09 PM all 1.51 0.00 3.96 0.02 0.00 0.17 0.00 0.00 0.00 94.35 03:25:09 PM 0 1.48 0.00 4.05 0.02 0.00 0.00 0.00 0.00 0.00 94.44 03:25:09 PM 1 1.53 0.01 3.86 0.02 0.00 0.33 0.00 0.00 0.00 94.25#vmstat:procs -----------memory---------- ---swap-- -----io---- -system-- ------cpu----- r b swpd free buff cache si so bi bo in cs us sy id wa st 0 0 8972 1276440 291068 1766624 0 0 1 5 11 11 2 4 94 0 0
#date:Mon Jul 15 15:26:09 CEST 2019#hostname:10.214.220.161 #SWAP:Swap: 8.0G 8.8M 8.0G#RAM:Mem: 3.9G 687M 1.2G 33M 2.0G 2.8G#Disk:Filesystem Size Used Avail Use% Mounted on /dev/mapper/sopvpyves--vg-root 39G 11G 27G 29% /#Load:loadaverage:0.00,#Network:Iface MTU Met RX-OK RX-ERR RX-DRP RX-OVR TX-OK TX-ERR TX-DRP TX-OVR Flg ens160 1500 0 350643933 0 2 0 352539689 0 0 0 BMRU #iostat:avg-cpu: %user %nice %system %iowait %steal %idle 1.51 0.00 4.12 0.02 0.00 94.35#iooperation:Device: tps kB_read/s kB_wrtn/s kB_read kB_wrtn sda 0.45 2.29 9.27 3084007 12465019 dm-0 0.97 2.25 9.23 3031207 12402188 dm-1 0.00 0.00 0.01 5918 8592#mpstat:03:26:09 PM CPU %usr %nice %sys %iowait %irq %soft %steal %guest %gnice %idle 03:26:09 PM all 1.51 0.00 3.96 0.02 0.00 0.17 0.00 0.00 0.00 94.35 03:26:09 PM 0 1.48 0.00 4.05 0.02 0.00 0.00 0.00 0.00 0.00 94.44 03:26:09 PM 1 1.53 0.01 3.86 0.02 0.00 0.33 0.00 0.00 0.00 94.25#vmstat:procs -----------memory---------- ---swap-- -----io---- -system-- ------cpu----- r b swpd free buff cache si so bi bo in cs us sy id wa st 0 0 8972 1276528 291068 1766628 0 0 1 5 11 11 2 4 94 0 0
#date:Mon Jul 15 15:27:09 CEST 2019#hostname:10.214.220.161 #SWAP:Swap: 8.0G 8.8M 8.0G#RAM:Mem: 3.9G 687M 1.2G 33M 2.0G 2.8G#Disk:Filesystem Size Used Avail Use% Mounted on /dev/mapper/sopvpyves--vg-root 39G 11G 27G 29% /#Load:loadaverage:0.00,#Network:Iface MTU Met RX-OK RX-ERR RX-DRP RX-OVR TX-OK TX-ERR TX-DRP TX-OVR Flg ens160 1500 0 350644570 0 2 0 352539689 0 0 0 BMRU #iostat:avg-cpu: %user %nice %system %iowait %steal %idle 1.51 0.00 4.12 0.02 0.00 94.35#iooperation:Device: tps kB_read/s kB_wrtn/s kB_read kB_wrtn sda 0.45 2.29 9.27 3084007 12465135 dm-0 0.97 2.25 9.23 3031207 12402304 dm-1 0.00 0.00 0.01 5918 8592#mpstat:03:27:09 PM CPU %usr %nice %sys %iowait %irq %soft %steal %guest %gnice %idle 03:27:09 PM all 1.51 0.00 3.96 0.02 0.00 0.17 0.00 0.00 0.00 94.35 03:27:09 PM 0 1.48 0.00 4.05 0.02 0.00 0.00 0.00 0.00 0.00 94.44 03:27:09 PM 1 1.53 0.01 3.86 0.02 0.00 0.33 0.00 0.00 0.00 94.25#vmstat:procs -----------memory---------- ---swap-- -----io---- -system-- ------cpu----- r b swpd free buff cache si so bi bo in cs us sy id wa st 0 0 8972 1276728 291068 1766628 0 0 1 5 11 11 2 4 94 0 0
#date:Mon Jul 15 15:28:09 CEST 2019#hostname:10.214.220.161 #SWAP:Swap: 8.0G 8.8M 8.0G#RAM:Mem: 3.9G 687M 1.2G 33M 2.0G 2.8G#Disk:Filesystem Size Used Avail Use% Mounted on /dev/mapper/sopvpyves--vg-root 39G 11G 27G 29% /#Load:loadaverage:0.00,#Network:Iface MTU Met RX-OK RX-ERR RX-DRP RX-OVR TX-OK TX-ERR TX-DRP TX-OVR Flg ens160 1500 0 350645168 0 2 0 352539689 0 0 0 BMRU #iostat:avg-cpu: %user %nice %system %iowait %steal %idle 1.51 0.00 4.12 0.02 0.00 94.35#iooperation:Device: tps kB_read/s kB_wrtn/s kB_read kB_wrtn sda 0.45 2.29 9.27 3084007 12465227 dm-0 0.97 2.25 9.22 3031207 12402396 dm-1 0.00 0.00 0.01 5918 8592#mpstat:03:28:10 PM CPU %usr %nice %sys %iowait %irq %soft %steal %guest %gnice %idle 03:28:10 PM all 1.51 0.00 3.96 0.02 0.00 0.17 0.00 0.00 0.00 94.35 03:28:10 PM 0 1.48 0.00 4.05 0.02 0.00 0.00 0.00 0.00 0.00 94.44 03:28:10 PM 1 1.53 0.01 3.86 0.02 0.00 0.33 0.00 0.00 0.00 94.26#vmstat:procs -----------memory---------- ---swap-- -----io---- -system-- ------cpu----- r b swpd free buff cache si so bi bo in cs us sy id wa st 0 0 8972 1275996 291068 1766672 0 0 1 5 11 11 2 4 94 0 0
#date:Mon Jul 15 15:29:10 CEST 2019#hostname:10.214.220.161 #SWAP:Swap: 8.0G 8.8M 8.0G#RAM:Mem: 3.9G 688M 1.2G 33M 2.0G 2.8G#Disk:Filesystem Size Used Avail Use% Mounted on /dev/mapper/sopvpyves--vg-root 39G 11G 27G 29% /#Load:loadaverage:0.00,#Network:Iface MTU Met RX-OK RX-ERR RX-DRP RX-OVR TX-OK TX-ERR TX-DRP TX-OVR Flg ens160 1500 0 350645842 0 2 0 352539689 0 0 0 BMRU #iostat:avg-cpu: %user %nice %system %iowait %steal %idle 1.51 0.00 4.12 0.02 0.00 94.35#iooperation:Device: tps kB_read/s kB_wrtn/s kB_read kB_wrtn sda 0.45 2.29 9.27 3084007 12465415 dm-0 0.97 2.25 9.22 3031207 12402584 dm-1 0.00 0.00 0.01 5918 8592#mpstat:03:29:10 PM CPU %usr %nice %sys %iowait %irq %soft %steal %guest %gnice %idle 03:29:10 PM all 1.51 0.00 3.96 0.02 0.00 0.17 0.00 0.00 0.00 94.35 03:29:10 PM 0 1.48 0.00 4.05 0.02 0.00 0.00 0.00 0.00 0.00 94.44 03:29:10 PM 1 1.53 0.01 3.86 0.02 0.00 0.33 0.00 0.00 0.00 94.26#vmstat:procs -----------memory---------- ---swap-- -----io---- -system-- ------cpu----- r b swpd free buff cache si so bi bo in cs us sy id wa st 0 0 8972 1276000 291068 1766676 0 0 1 5 11 11 2 4 94 0 0
#date:Mon Jul 15 15:30:10 CEST 2019#hostname:10.214.220.161 #SWAP:Swap: 8.0G 8.8M 8.0G#RAM:Mem: 3.9G 688M 1.2G 33M 2.0G 2.8G#Disk:Filesystem Size Used Avail Use% Mounted on /dev/mapper/sopvpyves--vg-root 39G 11G 27G 29% /#Load:loadaverage:0.00,#Network:Iface MTU Met RX-OK RX-ERR RX-DRP RX-OVR TX-OK TX-ERR TX-DRP TX-OVR Flg ens160 1500 0 350646692 0 2 0 352539689 0 0 0 BMRU #iostat:avg-cpu: %user %nice %system %iowait %steal %idle 1.51 0.00 4.12 0.02 0.00 94.35#iooperation:Device: tps kB_read/s kB_wrtn/s kB_read kB_wrtn sda 0.45 2.29 9.27 3084007 12465531 dm-0 0.97 2.25 9.22 3031207 12402700 dm-1 0.00 0.00 0.01 5918 8592#mpstat:03:30:10 PM CPU %usr %nice %sys %iowait %irq %soft %steal %guest %gnice %idle 03:30:10 PM all 1.51 0.00 3.96 0.02 0.00 0.17 0.00 0.00 0.00 94.35 03:30:10 PM 0 1.48 0.00 4.05 0.02 0.00 0.00 0.00 0.00 0.00 94.44 03:30:10 PM 1 1.53 0.01 3.86 0.02 0.00 0.33 0.00 0.00 0.00 94.26#vmstat:procs -----------memory---------- ---swap-- -----io---- -system-- ------cpu----- r b swpd free buff cache si so bi bo in cs us sy id wa st 0 0 8972 1275800 291068 1766700 0 0 1 5 11 11 2 4 94 0 0
#date:Mon Jul 15 15:31:10 CEST 2019#hostname:10.214.220.161 #SWAP:Swap: 8.0G 8.8M 8.0G#RAM:Mem: 3.9G 687M 1.2G 33M 2.0G 2.8G#Disk:Filesystem Size Used Avail Use% Mounted on /dev/mapper/sopvpyves--vg-root 39G 11G 27G 29% /#Load:loadaverage:0.00,#Network:Iface MTU Met RX-OK RX-ERR RX-DRP RX-OVR TX-OK TX-ERR TX-DRP TX-OVR Flg ens160 1500 0 350647704 0 2 0 352539697 0 0 0 BMRU #iostat:avg-cpu: %user %nice %system %iowait %steal %idle 1.51 0.00 4.12 0.02 0.00 94.35#iooperation:Device: tps kB_read/s kB_wrtn/s kB_read kB_wrtn sda 0.45 2.29 9.27 3084007 12465619 dm-0 0.97 2.25 9.22 3031207 12402788 dm-1 0.00 0.00 0.01 5918 8592#mpstat:03:31:10 PM CPU %usr %nice %sys %iowait %irq %soft %steal %guest %gnice %idle 03:31:10 PM all 1.51 0.00 3.96 0.02 0.00 0.17 0.00 0.00 0.00 94.35 03:31:10 PM 0 1.48 0.00 4.05 0.02 0.00 0.00 0.00 0.00 0.00 94.44 03:31:10 PM 1 1.53 0.01 3.86 0.02 0.00 0.33 0.00 0.00 0.00 94.26#vmstat:procs -----------memory---------- ---swap-- -----io---- -system-- ------cpu----- r b swpd free buff cache si so bi bo in cs us sy id wa st 0 0 8972 1276204 291068 1766672 0 0 1 5 11 11 2 4 94 0 0
#date:Mon Jul 15 15:32:10 CEST 2019#hostname:10.214.220.161 #SWAP:Swap: 8.0G 8.8M 8.0G#RAM:Mem: 3.9G 687M 1.2G 33M 2.0G 2.8G#Disk:Filesystem Size Used Avail Use% Mounted on /dev/mapper/sopvpyves--vg-root 39G 11G 27G 29% /#Load:loadaverage:0.06,#Network:Iface MTU Met RX-OK RX-ERR RX-DRP RX-OVR TX-OK TX-ERR TX-DRP TX-OVR Flg ens160 1500 0 350648403 0 2 0 352539697 0 0 0 BMRU #iostat:avg-cpu: %user %nice %system %iowait %steal %idle 1.51 0.00 4.12 0.02 0.00 94.35#iooperation:Device: tps kB_read/s kB_wrtn/s kB_read kB_wrtn sda 0.45 2.29 9.27 3084007 12465747 dm-0 0.97 2.25 9.22 3031207 12402916 dm-1 0.00 0.00 0.01 5918 8592#mpstat:03:32:10 PM CPU %usr %nice %sys %iowait %irq %soft %steal %guest %gnice %idle 03:32:10 PM all 1.51 0.00 3.96 0.02 0.00 0.17 0.00 0.00 0.00 94.35 03:32:10 PM 0 1.48 0.00 4.05 0.02 0.00 0.00 0.00 0.00 0.00 94.44 03:32:10 PM 1 1.53 0.01 3.86 0.02 0.00 0.33 0.00 0.00 0.00 94.26#vmstat:procs -----------memory---------- ---swap-- -----io---- -system-- ------cpu----- r b swpd free buff cache si so bi bo in cs us sy id wa st 0 0 8972 1276056 291068 1766608 0 0 1 5 11 11 2 4 94 0 0
#date:Mon Jul 15 15:33:10 CEST 2019#hostname:10.214.220.161 #SWAP:Swap: 8.0G 8.8M 8.0G#RAM:Mem: 3.9G 687M 1.2G 33M 2.0G 2.8G#Disk:Filesystem Size Used Avail Use% Mounted on /dev/mapper/sopvpyves--vg-root 39G 11G 27G 29% /#Load:loadaverage:0.02,#Network:Iface MTU Met RX-OK RX-ERR RX-DRP RX-OVR TX-OK TX-ERR TX-DRP TX-OVR Flg ens160 1500 0 350649154 0 2 0 352539697 0 0 0 BMRU #iostat:avg-cpu: %user %nice %system %iowait %steal %idle 1.51 0.00 4.12 0.02 0.00 94.35#iooperation:Device: tps kB_read/s kB_wrtn/s kB_read kB_wrtn sda 0.45 2.29 9.27 3084007 12465847 dm-0 0.97 2.25 9.22 3031207 12403016 dm-1 0.00 0.00 0.01 5918 8592#mpstat:03:33:11 PM CPU %usr %nice %sys %iowait %irq %soft %steal %guest %gnice %idle 03:33:11 PM all 1.51 0.00 3.96 0.02 0.00 0.17 0.00 0.00 0.00 94.35 03:33:11 PM 0 1.48 0.00 4.05 0.02 0.00 0.00 0.00 0.00 0.00 94.44 03:33:11 PM 1 1.53 0.01 3.86 0.02 0.00 0.33 0.00 0.00 0.00 94.26#vmstat:procs -----------memory---------- ---swap-- -----io---- -system-- ------cpu----- r b swpd free buff cache si so bi bo in cs us sy id wa st 0 0 8972 1276052 291068 1766652 0 0 1 5 11 11 2 4 94 0 0
#date:Mon Jul 15 15:34:11 CEST 2019#hostname:10.214.220.161 #SWAP:Swap: 8.0G 8.8M 8.0G#RAM:Mem: 3.9G 687M 1.2G 33M 2.0G 2.8G#Disk:Filesystem Size Used Avail Use% Mounted on /dev/mapper/sopvpyves--vg-root 39G 11G 27G 29% /#Load:loadaverage:0.00,#Network:Iface MTU Met RX-OK RX-ERR RX-DRP RX-OVR TX-OK TX-ERR TX-DRP TX-OVR Flg ens160 1500 0 350649824 0 2 0 352539697 0 0 0 BMRU #iostat:avg-cpu: %user %nice %system %iowait %steal %idle 1.51 0.00 4.12 0.02 0.00 94.35#iooperation:Device: tps kB_read/s kB_wrtn/s kB_read kB_wrtn sda 0.45 2.29 9.27 3084007 12466079 dm-0 0.97 2.25 9.22 3031207 12403248 dm-1 0.00 0.00 0.01 5918 8592#mpstat:03:34:11 PM CPU %usr %nice %sys %iowait %irq %soft %steal %guest %gnice %idle 03:34:11 PM all 1.51 0.00 3.96 0.02 0.00 0.17 0.00 0.00 0.00 94.35 03:34:11 PM 0 1.48 0.00 4.05 0.02 0.00 0.00 0.00 0.00 0.00 94.44 03:34:11 PM 1 1.53 0.01 3.86 0.02 0.00 0.33 0.00 0.00 0.00 94.26#vmstat:procs -----------memory---------- ---swap-- -----io---- -system-- ------cpu----- r b swpd free buff cache si so bi bo in cs us sy id wa st 0 0 8972 1275936 291072 1766644 0 0 1 5 11 11 2 4 94 0 0
#date:Mon Jul 15 15:35:11 CEST 2019#hostname:10.214.220.161 #SWAP:Swap: 8.0G 8.8M 8.0G#RAM:Mem: 3.9G 687M 1.2G 33M 2.0G 2.8G#Disk:Filesystem Size Used Avail Use% Mounted on /dev/mapper/sopvpyves--vg-root 39G 11G 27G 29% /#Load:loadaverage:0.00,#Network:Iface MTU Met RX-OK RX-ERR RX-DRP RX-OVR TX-OK TX-ERR TX-DRP TX-OVR Flg ens160 1500 0 350650532 0 2 0 352539697 0 0 0 BMRU #iostat:avg-cpu: %user %nice %system %iowait %steal %idle 1.51 0.00 4.12 0.02 0.00 94.35#iooperation:Device: tps kB_read/s kB_wrtn/s kB_read kB_wrtn sda 0.45 2.29 9.27 3084007 12466267 dm-0 0.97 2.25 9.22 3031207 12403436 dm-1 0.00 0.00 0.01 5918 8592#mpstat:03:35:11 PM CPU %usr %nice %sys %iowait %irq %soft %steal %guest %gnice %idle 03:35:11 PM all 1.51 0.00 3.96 0.02 0.00 0.17 0.00 0.00 0.00 94.35 03:35:11 PM 0 1.48 0.00 4.05 0.02 0.00 0.00 0.00 0.00 0.00 94.44 03:35:11 PM 1 1.53 0.01 3.86 0.02 0.00 0.33 0.00 0.00 0.00 94.26#vmstat:procs -----------memory---------- ---swap-- -----io---- -system-- ------cpu----- r b swpd free buff cache si so bi bo in cs us sy id wa st 0 0 8972 1276104 291072 1766600 0 0 1 5 11 11 2 4 94 0 0
#date:Mon Jul 15 15:36:11 CEST 2019#hostname:10.214.220.161 #SWAP:Swap: 8.0G 8.8M 8.0G#RAM:Mem: 3.9G 688M 1.2G 33M 2.0G 2.8G#Disk:Filesystem Size Used Avail Use% Mounted on /dev/mapper/sopvpyves--vg-root 39G 11G 27G 29% /#Load:loadaverage:0.00,#Network:Iface MTU Met RX-OK RX-ERR RX-DRP RX-OVR TX-OK TX-ERR TX-DRP TX-OVR Flg ens160 1500 0 350651287 0 2 0 352539699 0 0 0 BMRU #iostat:avg-cpu: %user %nice %system %iowait %steal %idle 1.51 0.00 4.12 0.02 0.00 94.35#iooperation:Device: tps kB_read/s kB_wrtn/s kB_read kB_wrtn sda 0.45 2.29 9.27 3084007 12466447 dm-0 0.97 2.25 9.22 3031207 12403616 dm-1 0.00 0.00 0.01 5918 8592#mpstat:03:36:11 PM CPU %usr %nice %sys %iowait %irq %soft %steal %guest %gnice %idle 03:36:11 PM all 1.51 0.00 3.96 0.02 0.00 0.17 0.00 0.00 0.00 94.35 03:36:11 PM 0 1.48 0.00 4.05 0.02 0.00 0.00 0.00 0.00 0.00 94.44 03:36:11 PM 1 1.53 0.01 3.86 0.02 0.00 0.33 0.00 0.00 0.00 94.26#vmstat:procs -----------memory---------- ---swap-- -----io---- -system-- ------cpu----- r b swpd free buff cache si so bi bo in cs us sy id wa st 0 0 8972 1275992 291076 1766600 0 0 1 5 11 11 2 4 94 0 0
#date:Mon Jul 15 15:37:11 CEST 2019#hostname:10.214.220.161 #SWAP:Swap: 8.0G 8.8M 8.0G#RAM:Mem: 3.9G 688M 1.2G 33M 2.0G 2.8G#Disk:Filesystem Size Used Avail Use% Mounted on /dev/mapper/sopvpyves--vg-root 39G 11G 27G 29% /#Load:loadaverage:0.00,#Network:Iface MTU Met RX-OK RX-ERR RX-DRP RX-OVR TX-OK TX-ERR TX-DRP TX-OVR Flg ens160 1500 0 350651931 0 2 0 352539699 0 0 0 BMRU #iostat:avg-cpu: %user %nice %system %iowait %steal %idle 1.51 0.00 4.12 0.02 0.00 94.35#iooperation:Device: tps kB_read/s kB_wrtn/s kB_read kB_wrtn sda 0.45 2.29 9.27 3084007 12466527 dm-0 0.97 2.25 9.22 3031207 12403696 dm-1 0.00 0.00 0.01 5918 8592#mpstat:03:37:11 PM CPU %usr %nice %sys %iowait %irq %soft %steal %guest %gnice %idle 03:37:11 PM all 1.51 0.00 3.96 0.02 0.00 0.17 0.00 0.00 0.00 94.35 03:37:11 PM 0 1.48 0.00 4.05 0.02 0.00 0.00 0.00 0.00 0.00 94.44 03:37:11 PM 1 1.53 0.01 3.86 0.02 0.00 0.33 0.00 0.00 0.00 94.26#vmstat:procs -----------memory---------- ---swap-- -----io---- -system-- ------cpu----- r b swpd free buff cache si so bi bo in cs us sy id wa st 0 0 8972 1275868 291076 1766628 0 0 1 5 11 11 2 4 94 0 0
#date:Mon Jul 15 15:38:11 CEST 2019#hostname:10.214.220.161 #SWAP:Swap: 8.0G 8.8M 8.0G#RAM:Mem: 3.9G 688M 1.2G 33M 2.0G 2.8G#Disk:Filesystem Size Used Avail Use% Mounted on /dev/mapper/sopvpyves--vg-root 39G 11G 27G 29% /#Load:loadaverage:0.08,#Network:Iface MTU Met RX-OK RX-ERR RX-DRP RX-OVR TX-OK TX-ERR TX-DRP TX-OVR Flg ens160 1500 0 350657069 0 2 0 352542479 0 0 0 BMRU #iostat:avg-cpu: %user %nice %system %iowait %steal %idle 1.51 0.00 4.12 0.02 0.00 94.35#iooperation:Device: tps kB_read/s kB_wrtn/s kB_read kB_wrtn sda 0.45 2.29 9.27 3084011 12466655 dm-0 0.97 2.25 9.22 3031211 12403824 dm-1 0.00 0.00 0.01 5918 8592#mpstat:03:38:12 PM CPU %usr %nice %sys %iowait %irq %soft %steal %guest %gnice %idle 03:38:12 PM all 1.51 0.00 3.95 0.02 0.00 0.17 0.00 0.00 0.00 94.35 03:38:12 PM 0 1.48 0.00 4.05 0.02 0.00 0.00 0.00 0.00 0.00 94.44 03:38:12 PM 1 1.53 0.01 3.86 0.02 0.00 0.33 0.00 0.00 0.00 94.26#vmstat:procs -----------memory---------- ---swap-- -----io---- -system-- ------cpu----- r b swpd free buff cache si so bi bo in cs us sy id wa st 0 0 8972 1275288 291076 1766652 0 0 1 5 11 11 2 4 94 0 0
#date:Mon Jul 15 15:39:12 CEST 2019#hostname:10.214.220.161 #SWAP:Swap: 8.0G 8.8M 8.0G#RAM:Mem: 3.9G 692M 1.2G 33M 2.0G 2.8G#Disk:Filesystem Size Used Avail Use% Mounted on /dev/mapper/sopvpyves--vg-root 39G 11G 27G 29% /#Load:loadaverage:0.03,#Network:Iface MTU Met RX-OK RX-ERR RX-DRP RX-OVR TX-OK TX-ERR TX-DRP TX-OVR Flg ens160 1500 0 350657848 0 2 0 352542572 0 0 0 BMRU #iostat:avg-cpu: %user %nice %system %iowait %steal %idle 1.51 0.00 4.12 0.02 0.00 94.35#iooperation:Device: tps kB_read/s kB_wrtn/s kB_read kB_wrtn sda 0.45 2.29 9.27 3084011 12466895 dm-0 0.97 2.25 9.22 3031211 12404064 dm-1 0.00 0.00 0.01 5918 8592#mpstat:03:39:12 PM CPU %usr %nice %sys %iowait %irq %soft %steal %guest %gnice %idle 03:39:12 PM all 1.51 0.00 3.95 0.02 0.00 0.17 0.00 0.00 0.00 94.35 03:39:12 PM 0 1.48 0.00 4.05 0.02 0.00 0.00 0.00 0.00 0.00 94.44 03:39:12 PM 1 1.53 0.01 3.86 0.02 0.00 0.33 0.00 0.00 0.00 94.26#vmstat:procs -----------memory---------- ---swap-- -----io---- -system-- ------cpu----- r b swpd free buff cache si so bi bo in cs us sy id wa st 0 0 8972 1270624 291076 1766948 0 0 1 5 11 11 2 4 94 0 0
#date:Mon Jul 15 15:40:12 CEST 2019#hostname:10.214.220.161 #SWAP:Swap: 8.0G 8.8M 8.0G#RAM:Mem: 3.9G 777M 1.1G 33M 2.0G 2.7G#Disk:Filesystem Size Used Avail Use% Mounted on /dev/mapper/sopvpyves--vg-root 39G 11G 27G 29% /#Load:loadaverage:0.05,#Network:Iface MTU Met RX-OK RX-ERR RX-DRP RX-OVR TX-OK TX-ERR TX-DRP TX-OVR Flg ens160 1500 0 350660450 0 2 0 352544916 0 0 0 BMRU #iostat:avg-cpu: %user %nice %system %iowait %steal %idle 1.51 0.00 4.12 0.02 0.00 94.35#iooperation:Device: tps kB_read/s kB_wrtn/s kB_read kB_wrtn sda 0.45 2.30 9.27 3092627 12470551 dm-0 0.97 2.26 9.22 3039827 12407720 dm-1 0.00 0.00 0.01 5918 8592#mpstat:03:40:12 PM CPU %usr %nice %sys %iowait %irq %soft %steal %guest %gnice %idle 03:40:12 PM all 1.51 0.00 3.95 0.02 0.00 0.17 0.00 0.00 0.00 94.35 03:40:12 PM 0 1.48 0.00 4.05 0.02 0.00 0.00 0.00 0.00 0.00 94.44 03:40:12 PM 1 1.53 0.01 3.86 0.02 0.00 0.33 0.00 0.00 0.00 94.26#vmstat:procs -----------memory---------- ---swap-- -----io---- -system-- ------cpu----- r b swpd free buff cache si so bi bo in cs us sy id wa st 0 0 8972 1174032 291212 1776552 0 0 1 5 11 11 2 4 94 0 0
#date:Mon Jul 15 15:41:12 CEST 2019#hostname:10.214.220.161 #SWAP:Swap: 8.0G 8.8M 8.0G#RAM:Mem: 3.9G 774M 1.1G 33M 2.0G 2.7G#Disk:Filesystem Size Used Avail Use% Mounted on /dev/mapper/sopvpyves--vg-root 39G 11G 27G 29% /#Load:loadaverage:0.02,#Network:Iface MTU Met RX-OK RX-ERR RX-DRP RX-OVR TX-OK TX-ERR TX-DRP TX-OVR Flg ens160 1500 0 350664232 0 2 0 352548644 0 0 0 BMRU #iostat:avg-cpu: %user %nice %system %iowait %steal %idle 1.51 0.00 4.12 0.02 0.00 94.35#iooperation:Device: tps kB_read/s kB_wrtn/s kB_read kB_wrtn sda 0.45 2.30 9.27 3092627 12471091 dm-0 0.97 2.26 9.22 3039827 12408260 dm-1 0.00 0.00 0.01 5918 8592#mpstat:03:41:12 PM CPU %usr %nice %sys %iowait %irq %soft %steal %guest %gnice %idle 03:41:12 PM all 1.51 0.00 3.95 0.02 0.00 0.17 0.00 0.00 0.00 94.35 03:41:12 PM 0 1.48 0.00 4.05 0.02 0.00 0.00 0.00 0.00 0.00 94.44 03:41:12 PM 1 1.53 0.01 3.86 0.02 0.00 0.33 0.00 0.00 0.00 94.26#vmstat:procs -----------memory---------- ---swap-- -----io---- -system-- ------cpu----- r b swpd free buff cache si so bi bo in cs us sy id wa st 0 0 8972 1174644 291212 1778700 0 0 1 5 11 11 2 4 94 0 0
#date:Mon Jul 15 15:42:12 CEST 2019#hostname:10.214.220.161 #SWAP:Swap: 8.0G 8.8M 8.0G#RAM:Mem: 3.9G 782M 1.1G 33M 2.0G 2.7G#Disk:Filesystem Size Used Avail Use% Mounted on /dev/mapper/sopvpyves--vg-root 39G 11G 27G 29% /#Load:loadaverage:0.00,#Network:Iface MTU Met RX-OK RX-ERR RX-DRP RX-OVR TX-OK TX-ERR TX-DRP TX-OVR Flg ens160 1500 0 350669094 0 2 0 352553203 0 0 0 BMRU #iostat:avg-cpu: %user %nice %system %iowait %steal %idle 1.51 0.00 4.12 0.02 0.00 94.35#iooperation:Device: tps kB_read/s kB_wrtn/s kB_read kB_wrtn sda 0.45 2.30 9.27 3092627 12471823 dm-0 0.97 2.26 9.22 3039827 12408992 dm-1 0.00 0.00 0.01 5918 8592#mpstat:03:42:12 PM CPU %usr %nice %sys %iowait %irq %soft %steal %guest %gnice %idle 03:42:12 PM all 1.51 0.00 3.95 0.02 0.00 0.17 0.00 0.00 0.00 94.35 03:42:12 PM 0 1.48 0.00 4.05 0.02 0.00 0.00 0.00 0.00 0.00 94.44 03:42:12 PM 1 1.53 0.01 3.86 0.02 0.00 0.33 0.00 0.00 0.00 94.26#vmstat:procs -----------memory---------- ---swap-- -----io---- -system-- ------cpu----- r b swpd free buff cache si so bi bo in cs us sy id wa st 0 0 8972 1165576 291216 1780028 0 0 1 5 11 11 2 4 94 0 0
#date:Mon Jul 15 15:43:12 CEST 2019#hostname:10.214.220.161 #SWAP:Swap: 8.0G 8.8M 8.0G#RAM:Mem: 3.9G 784M 1.1G 33M 2.0G 2.7G#Disk:Filesystem Size Used Avail Use% Mounted on /dev/mapper/sopvpyves--vg-root 39G 11G 27G 29% /#Load:loadaverage:0.41,#Network:Iface MTU Met RX-OK RX-ERR RX-DRP RX-OVR TX-OK TX-ERR TX-DRP TX-OVR Flg ens160 1500 0 350674313 0 2 0 352557896 0 0 0 BMRU #iostat:avg-cpu: %user %nice %system %iowait %steal %idle 1.51 0.00 4.12 0.02 0.00 94.35#iooperation:Device: tps kB_read/s kB_wrtn/s kB_read kB_wrtn sda 0.45 2.30 9.27 3092627 12472511 dm-0 0.97 2.26 9.22 3039827 12409680 dm-1 0.00 0.00 0.01 5918 8592#mpstat:03:43:12 PM CPU %usr %nice %sys %iowait %irq %soft %steal %guest %gnice %idle 03:43:12 PM all 1.51 0.00 3.95 0.02 0.00 0.17 0.00 0.00 0.00 94.35 03:43:12 PM 0 1.48 0.00 4.05 0.02 0.00 0.00 0.00 0.00 0.00 94.44 03:43:12 PM 1 1.53 0.01 3.86 0.02 0.00 0.33 0.00 0.00 0.00 94.26#vmstat:procs -----------memory---------- ---swap-- -----io---- -system-- ------cpu----- r b swpd free buff cache si so bi bo in cs us sy id wa st 0 0 8972 1162728 291220 1780488 0 0 1 5 11 11 2 4 94 0 0
#date:Mon Jul 15 15:44:12 CEST 2019#hostname:10.214.220.161 #SWAP:Swap: 8.0G 8.8M 8.0G#RAM:Mem: 3.9G 785M 1.1G 33M 2.0G 2.7G#Disk:Filesystem Size Used Avail Use% Mounted on /dev/mapper/sopvpyves--vg-root 39G 11G 27G 29% /#Load:loadaverage:0.15,#Network:Iface MTU Met RX-OK RX-ERR RX-DRP RX-OVR TX-OK TX-ERR TX-DRP TX-OVR Flg ens160 1500 0 350679459 0 2 0 352562563 0 0 0 BMRU #iostat:avg-cpu: %user %nice %system %iowait %steal %idle 1.51 0.00 4.12 0.02 0.00 94.35#iooperation:Device: tps kB_read/s kB_wrtn/s kB_read kB_wrtn sda 0.45 2.30 9.27 3092627 12473299 dm-0 0.97 2.26 9.22 3039827 12410468 dm-1 0.00 0.00 0.01 5918 8592#mpstat:03:44:13 PM CPU %usr %nice %sys %iowait %irq %soft %steal %guest %gnice %idle 03:44:13 PM all 1.51 0.00 3.95 0.02 0.00 0.17 0.00 0.00 0.00 94.35 03:44:13 PM 0 1.48 0.00 4.05 0.02 0.00 0.00 0.00 0.00 0.00 94.44 03:44:13 PM 1 1.53 0.01 3.86 0.02 0.00 0.33 0.00 0.00 0.00 94.26#vmstat:procs -----------memory---------- ---swap-- -----io---- -system-- ------cpu----- r b swpd free buff cache si so bi bo in cs us sy id wa st 0 0 8972 1162388 291224 1780920 0 0 1 5 11 11 2 4 94 0 0
#date:Mon Jul 15 15:45:13 CEST 2019#hostname:10.214.220.161 #SWAP:Swap: 8.0G 8.8M 8.0G#RAM:Mem: 3.9G 776M 1.1G 33M 2.0G 2.7G#Disk:Filesystem Size Used Avail Use% Mounted on /dev/mapper/sopvpyves--vg-root 39G 11G 27G 29% /#Load:loadaverage:0.05,#Network:Iface MTU Met RX-OK RX-ERR RX-DRP RX-OVR TX-OK TX-ERR TX-DRP TX-OVR Flg ens160 1500 0 350684679 0 2 0 352567348 0 0 0 BMRU #iostat:avg-cpu: %user %nice %system %iowait %steal %idle 1.51 0.00 4.12 0.02 0.00 94.35#iooperation:Device: tps kB_read/s kB_wrtn/s kB_read kB_wrtn sda 0.45 2.30 9.27 3092627 12474051 dm-0 0.97 2.26 9.22 3039827 12411220 dm-1 0.00 0.00 0.01 5918 8592#mpstat:03:45:13 PM CPU %usr %nice %sys %iowait %irq %soft %steal %guest %gnice %idle 03:45:13 PM all 1.51 0.00 3.95 0.02 0.00 0.17 0.00 0.00 0.00 94.35 03:45:13 PM 0 1.48 0.00 4.05 0.02 0.00 0.00 0.00 0.00 0.00 94.45 03:45:13 PM 1 1.53 0.01 3.86 0.02 0.00 0.33 0.00 0.00 0.00 94.26#vmstat:procs -----------memory---------- ---swap-- -----io---- -system-- ------cpu----- r b swpd free buff cache si so bi bo in cs us sy id wa st 0 0 8972 1169652 291228 1781364 0 0 1 5 11 11 2 4 94 0 0
#date:Mon Jul 15 15:46:13 CEST 2019#hostname:10.214.220.161 #SWAP:Swap: 8.0G 8.8M 8.0G#RAM:Mem: 3.9G 750M 1.1G 33M 2.0G 2.7G#Disk:Filesystem Size Used Avail Use% Mounted on /dev/mapper/sopvpyves--vg-root 39G 11G 27G 29% /#Load:loadaverage:0.02,#Network:Iface MTU Met RX-OK RX-ERR RX-DRP RX-OVR TX-OK TX-ERR TX-DRP TX-OVR Flg ens160 1500 0 350689993 0 2 0 352572114 0 0 0 BMRU #iostat:avg-cpu: %user %nice %system %iowait %steal %idle 1.51 0.00 4.12 0.02 0.00 94.35#iooperation:Device: tps kB_read/s kB_wrtn/s kB_read kB_wrtn sda 0.45 2.30 9.27 3092627 12474803 dm-0 0.97 2.26 9.22 3039827 12411972 dm-1 0.00 0.00 0.01 5918 8592#mpstat:03:46:13 PM CPU %usr %nice %sys %iowait %irq %soft %steal %guest %gnice %idle 03:46:13 PM all 1.51 0.00 3.95 0.02 0.00 0.17 0.00 0.00 0.00 94.35 03:46:13 PM 0 1.48 0.00 4.05 0.02 0.00 0.00 0.00 0.00 0.00 94.45 03:46:13 PM 1 1.53 0.01 3.86 0.02 0.00 0.33 0.00 0.00 0.00 94.26#vmstat:procs -----------memory---------- ---swap-- -----io---- -system-- ------cpu----- r b swpd free buff cache si so bi bo in cs us sy id wa st 0 0 8972 1196548 291236 1781804 0 0 1 5 11 11 2 4 94 0 0
#date:Mon Jul 15 15:47:13 CEST 2019#hostname:10.214.220.161 #SWAP:Swap: 8.0G 8.8M 8.0G#RAM:Mem: 3.9G 762M 1.1G 33M 2.0G 2.7G#Disk:Filesystem Size Used Avail Use% Mounted on /dev/mapper/sopvpyves--vg-root 39G 11G 27G 29% /#Load:loadaverage:0.00,#Network:Iface MTU Met RX-OK RX-ERR RX-DRP RX-OVR TX-OK TX-ERR TX-DRP TX-OVR Flg ens160 1500 0 350695333 0 2 0 352576980 0 0 0 BMRU #iostat:avg-cpu: %user %nice %system %iowait %steal %idle 1.51 0.00 4.12 0.02 0.00 94.35#iooperation:Device: tps kB_read/s kB_wrtn/s kB_read kB_wrtn sda 0.45 2.30 9.27 3092627 12475571 dm-0 0.97 2.26 9.22 3039827 12412740 dm-1 0.00 0.00 0.01 5918 8592#mpstat:03:47:13 PM CPU %usr %nice %sys %iowait %irq %soft %steal %guest %gnice %idle 03:47:13 PM all 1.51 0.00 3.95 0.02 0.00 0.17 0.00 0.00 0.00 94.35 03:47:13 PM 0 1.48 0.00 4.05 0.02 0.00 0.00 0.00 0.00 0.00 94.45 03:47:13 PM 1 1.53 0.01 3.86 0.02 0.00 0.33 0.00 0.00 0.00 94.26#vmstat:procs -----------memory---------- ---swap-- -----io---- -system-- ------cpu----- r b swpd free buff cache si so bi bo in cs us sy id wa st 0 0 8972 1183536 291244 1782348 0 0 1 5 11 11 2 4 94 0 0
#date:Mon Jul 15 15:48:13 CEST 2019#hostname:10.214.220.161 #SWAP:Swap: 8.0G 8.8M 8.0G#RAM:Mem: 3.9G 752M 1.1G 33M 2.0G 2.7G#Disk:Filesystem Size Used Avail Use% Mounted on /dev/mapper/sopvpyves--vg-root 39G 11G 27G 29% /#Load:loadaverage:0.00,#Network:Iface MTU Met RX-OK RX-ERR RX-DRP RX-OVR TX-OK TX-ERR TX-DRP TX-OVR Flg ens160 1500 0 350700502 0 2 0 352581727 0 0 0 BMRU #iostat:avg-cpu: %user %nice %system %iowait %steal %idle 1.51 0.00 4.12 0.02 0.00 94.35#iooperation:Device: tps kB_read/s kB_wrtn/s kB_read kB_wrtn sda 0.45 2.30 9.27 3092627 12476327 dm-0 0.97 2.26 9.22 3039827 12413496 dm-1 0.00 0.00 0.01 5918 8592#mpstat:03:48:13 PM CPU %usr %nice %sys %iowait %irq %soft %steal %guest %gnice %idle 03:48:13 PM all 1.51 0.00 3.95 0.02 0.00 0.17 0.00 0.00 0.00 94.35 03:48:13 PM 0 1.48 0.00 4.05 0.02 0.00 0.00 0.00 0.00 0.00 94.45 03:48:13 PM 1 1.53 0.01 3.86 0.02 0.00 0.33 0.00 0.00 0.00 94.26#vmstat:procs -----------memory---------- ---swap-- -----io---- -system-- ------cpu----- r b swpd free buff cache si so bi bo in cs us sy id wa st 0 0 8972 1193792 291248 1782836 0 0 1 5 11 11 2 4 94 0 0
#date:Mon Jul 15 15:49:13 CEST 2019#hostname:10.214.220.161 #SWAP:Swap: 8.0G 8.8M 8.0G#RAM:Mem: 3.9G 785M 1.1G 33M 2.0G 2.7G#Disk:Filesystem Size Used Avail Use% Mounted on /dev/mapper/sopvpyves--vg-root 39G 11G 27G 29% /#Load:loadaverage:0.00,#Network:Iface MTU Met RX-OK RX-ERR RX-DRP RX-OVR TX-OK TX-ERR TX-DRP TX-OVR Flg ens160 1500 0 350705884 0 2 0 352586653 0 0 0 BMRU #iostat:avg-cpu: %user %nice %system %iowait %steal %idle 1.51 0.00 4.12 0.02 0.00 94.35#iooperation:Device: tps kB_read/s kB_wrtn/s kB_read kB_wrtn sda 0.45 2.30 9.27 3092627 12476991 dm-0 0.97 2.26 9.23 3039827 12414160 dm-1 0.00 0.00 0.01 5918 8592#mpstat:03:49:14 PM CPU %usr %nice %sys %iowait %irq %soft %steal %guest %gnice %idle 03:49:14 PM all 1.51 0.00 3.95 0.02 0.00 0.17 0.00 0.00 0.00 94.35 03:49:14 PM 0 1.48 0.00 4.05 0.02 0.00 0.00 0.00 0.00 0.00 94.45 03:49:14 PM 1 1.53 0.01 3.86 0.02 0.00 0.33 0.00 0.00 0.00 94.26#vmstat:procs -----------memory---------- ---swap-- -----io---- -system-- ------cpu----- r b swpd free buff cache si so bi bo in cs us sy id wa st 0 0 8972 1159484 291248 1783232 0 0 1 5 11 11 2 4 94 0 0
#date:Mon Jul 15 15:50:14 CEST 2019#hostname:10.214.220.161 #SWAP:Swap: 8.0G 8.8M 8.0G#RAM:Mem: 3.9G 779M 1.1G 33M 2.0G 2.7G#Disk:Filesystem Size Used Avail Use% Mounted on /dev/mapper/sopvpyves--vg-root 39G 11G 27G 29% /#Load:loadaverage:0.17,#Network:Iface MTU Met RX-OK RX-ERR RX-DRP RX-OVR TX-OK TX-ERR TX-DRP TX-OVR Flg ens160 1500 0 350711325 0 2 0 352591609 0 0 0 BMRU #iostat:avg-cpu: %user %nice %system %iowait %steal %idle 1.51 0.00 4.12 0.02 0.00 94.35#iooperation:Device: tps kB_read/s kB_wrtn/s kB_read kB_wrtn sda 0.45 2.30 9.27 3092627 12477875 dm-0 0.97 2.26 9.23 3039827 12415044 dm-1 0.00 0.00 0.01 5918 8592#mpstat:03:50:14 PM CPU %usr %nice %sys %iowait %irq %soft %steal %guest %gnice %idle 03:50:14 PM all 1.51 0.00 3.95 0.02 0.00 0.17 0.00 0.00 0.00 94.35 03:50:14 PM 0 1.48 0.00 4.05 0.02 0.00 0.00 0.00 0.00 0.00 94.45 03:50:14 PM 1 1.53 0.01 3.86 0.02 0.00 0.33 0.00 0.00 0.00 94.26#vmstat:procs -----------memory---------- ---swap-- -----io---- -system-- ------cpu----- r b swpd free buff cache si so bi bo in cs us sy id wa st 0 0 8972 1164944 291252 1783672 0 0 1 5 11 11 2 4 94 0 0
#date:Mon Jul 15 15:51:14 CEST 2019#hostname:10.214.220.161 #SWAP:Swap: 8.0G 8.8M 8.0G#RAM:Mem: 3.9G 749M 1.1G 33M 2.0G 2.7G#Disk:Filesystem Size Used Avail Use% Mounted on /dev/mapper/sopvpyves--vg-root 39G 11G 27G 29% /#Load:loadaverage:0.14,#Network:Iface MTU Met RX-OK RX-ERR RX-DRP RX-OVR TX-OK TX-ERR TX-DRP TX-OVR Flg ens160 1500 0 350716789 0 2 0 352596539 0 0 0 BMRU #iostat:avg-cpu: %user %nice %system %iowait %steal %idle 1.51 0.00 4.12 0.02 0.00 94.35#iooperation:Device: tps kB_read/s kB_wrtn/s kB_read kB_wrtn sda 0.45 2.30 9.27 3092627 12478687 dm-0 0.97 2.26 9.23 3039827 12415856 dm-1 0.00 0.00 0.01 5918 8592#mpstat:03:51:14 PM CPU %usr %nice %sys %iowait %irq %soft %steal %guest %gnice %idle 03:51:14 PM all 1.51 0.00 3.95 0.02 0.00 0.17 0.00 0.00 0.00 94.35 03:51:14 PM 0 1.48 0.00 4.05 0.02 0.00 0.00 0.00 0.00 0.00 94.45 03:51:14 PM 1 1.53 0.01 3.86 0.02 0.00 0.33 0.00 0.00 0.00 94.26#vmstat:procs -----------memory---------- ---swap-- -----io---- -system-- ------cpu----- r b swpd free buff cache si so bi bo in cs us sy id wa st 0 0 8972 1195360 291252 1784236 0 0 1 5 11 11 2 4 94 0 0
#date:Mon Jul 15 15:52:14 CEST 2019#hostname:10.214.220.161 #SWAP:Swap: 8.0G 8.8M 8.0G#RAM:Mem: 3.9G 785M 1.1G 33M 2.0G 2.7G#Disk:Filesystem Size Used Avail Use% Mounted on /dev/mapper/sopvpyves--vg-root 39G 11G 27G 29% /#Load:loadaverage:0.08,#Network:Iface MTU Met RX-OK RX-ERR RX-DRP RX-OVR TX-OK TX-ERR TX-DRP TX-OVR Flg ens160 1500 0 350722207 0 2 0 352601521 0 0 0 BMRU #iostat:avg-cpu: %user %nice %system %iowait %steal %idle 1.51 0.00 4.12 0.02 0.00 94.35#iooperation:Device: tps kB_read/s kB_wrtn/s kB_read kB_wrtn sda 0.45 2.30 9.27 3092627 12479371 dm-0 0.97 2.26 9.23 3039827 12416540 dm-1 0.00 0.00 0.01 5918 8592#mpstat:03:52:14 PM CPU %usr %nice %sys %iowait %irq %soft %steal %guest %gnice %idle 03:52:14 PM all 1.51 0.00 3.95 0.02 0.00 0.17 0.00 0.00 0.00 94.35 03:52:14 PM 0 1.48 0.00 4.05 0.02 0.00 0.00 0.00 0.00 0.00 94.45 03:52:14 PM 1 1.53 0.01 3.86 0.02 0.00 0.33 0.00 0.00 0.00 94.26#vmstat:procs -----------memory---------- ---swap-- -----io---- -system-- ------cpu----- r b swpd free buff cache si so bi bo in cs us sy id wa st 0 0 8972 1157556 291256 1784640 0 0 1 5 11 11 2 4 94 0 0
#date:Mon Jul 15 15:53:14 CEST 2019#hostname:10.214.220.161 #SWAP:Swap: 8.0G 8.8M 8.0G#RAM:Mem: 3.9G 783M 1.1G 33M 2.0G 2.7G#Disk:Filesystem Size Used Avail Use% Mounted on /dev/mapper/sopvpyves--vg-root 39G 11G 27G 29% /#Load:loadaverage:0.03,#Network:Iface MTU Met RX-OK RX-ERR RX-DRP RX-OVR TX-OK TX-ERR TX-DRP TX-OVR Flg ens160 1500 0 350727612 0 2 0 352606463 0 0 0 BMRU #iostat:avg-cpu: %user %nice %system %iowait %steal %idle 1.51 0.00 4.12 0.02 0.00 94.35#iooperation:Device: tps kB_read/s kB_wrtn/s kB_read kB_wrtn sda 0.45 2.30 9.27 3092627 12480103 dm-0 0.97 2.26 9.23 3039827 12417272 dm-1 0.00 0.00 0.01 5918 8592#mpstat:03:53:14 PM CPU %usr %nice %sys %iowait %irq %soft %steal %guest %gnice %idle 03:53:14 PM all 1.51 0.00 3.95 0.02 0.00 0.17 0.00 0.00 0.00 94.35 03:53:14 PM 0 1.48 0.00 4.05 0.02 0.00 0.00 0.00 0.00 0.00 94.45 03:53:14 PM 1 1.53 0.01 3.86 0.02 0.00 0.33 0.00 0.00 0.00 94.26#vmstat:procs -----------memory---------- ---swap-- -----io---- -system-- ------cpu----- r b swpd free buff cache si so bi bo in cs us sy id wa st 0 0 8972 1159312 291264 1785208 0 0 1 5 11 11 2 4 94 0 0
#date:Mon Jul 15 15:54:14 CEST 2019#hostname:10.214.220.161 #SWAP:Swap: 8.0G 8.8M 8.0G#RAM:Mem: 3.9G 788M 1.1G 33M 2.0G 2.7G#Disk:Filesystem Size Used Avail Use% Mounted on /dev/mapper/sopvpyves--vg-root 39G 11G 27G 29% /#Load:loadaverage:0.01,#Network:Iface MTU Met RX-OK RX-ERR RX-DRP RX-OVR TX-OK TX-ERR TX-DRP TX-OVR Flg ens160 1500 0 350733193 0 2 0 352611569 0 0 0 BMRU #iostat:avg-cpu: %user %nice %system %iowait %steal %idle 1.51 0.00 4.12 0.02 0.00 94.35#iooperation:Device: tps kB_read/s kB_wrtn/s kB_read kB_wrtn sda 0.45 2.30 9.27 3092627 12480767 dm-0 0.97 2.26 9.23 3039827 12417936 dm-1 0.00 0.00 0.01 5918 8592#mpstat:03:54:15 PM CPU %usr %nice %sys %iowait %irq %soft %steal %guest %gnice %idle 03:54:15 PM all 1.51 0.00 3.95 0.02 0.00 0.17 0.00 0.00 0.00 94.35 03:54:15 PM 0 1.48 0.00 4.05 0.02 0.00 0.00 0.00 0.00 0.00 94.45 03:54:15 PM 1 1.53 0.01 3.86 0.02 0.00 0.33 0.00 0.00 0.00 94.26#vmstat:procs -----------memory---------- ---swap-- -----io---- -system-- ------cpu----- r b swpd free buff cache si so bi bo in cs us sy id wa st 0 0 8972 1153796 291268 1785660 0 0 1 5 11 11 2 4 94 0 0
#date:Mon Jul 15 15:55:15 CEST 2019#hostname:10.214.220.161 #SWAP:Swap: 8.0G 8.8M 8.0G#RAM:Mem: 3.9G 790M 1.1G 33M 2.0G 2.7G#Disk:Filesystem Size Used Avail Use% Mounted on /dev/mapper/sopvpyves--vg-root 39G 11G 27G 29% /#Load:loadaverage:0.00,#Network:Iface MTU Met RX-OK RX-ERR RX-DRP RX-OVR TX-OK TX-ERR TX-DRP TX-OVR Flg ens160 1500 0 350738776 0 2 0 352616601 0 0 0 BMRU #iostat:avg-cpu: %user %nice %system %iowait %steal %idle 1.51 0.00 4.12 0.02 0.00 94.35#iooperation:Device: tps kB_read/s kB_wrtn/s kB_read kB_wrtn sda 0.45 2.30 9.27 3092627 12481531 dm-0 0.97 2.26 9.23 3039827 12418700 dm-1 0.00 0.00 0.01 5918 8592#mpstat:03:55:15 PM CPU %usr %nice %sys %iowait %irq %soft %steal %guest %gnice %idle 03:55:15 PM all 1.51 0.00 3.95 0.02 0.00 0.17 0.00 0.00 0.00 94.35 03:55:15 PM 0 1.48 0.00 4.05 0.02 0.00 0.00 0.00 0.00 0.00 94.45 03:55:15 PM 1 1.53 0.01 3.86 0.02 0.00 0.33 0.00 0.00 0.00 94.26#vmstat:procs -----------memory---------- ---swap-- -----io---- -system-- ------cpu----- r b swpd free buff cache si so bi bo in cs us sy id wa st 0 0 8972 1151584 291272 1786200 0 0 1 5 11 11 2 4 94 0 0
#date:Mon Jul 15 15:56:15 CEST 2019#hostname:10.214.220.161 #SWAP:Swap: 8.0G 8.8M 8.0G#RAM:Mem: 3.9G 753M 1.1G 33M 2.0G 2.7G#Disk:Filesystem Size Used Avail Use% Mounted on /dev/mapper/sopvpyves--vg-root 39G 11G 27G 29% /#Load:loadaverage:0.00,#Network:Iface MTU Met RX-OK RX-ERR RX-DRP RX-OVR TX-OK TX-ERR TX-DRP TX-OVR Flg ens160 1500 0 350744185 0 2 0 352621458 0 0 0 BMRU #iostat:avg-cpu: %user %nice %system %iowait %steal %idle 1.51 0.00 4.12 0.02 0.00 94.35#iooperation:Device: tps kB_read/s kB_wrtn/s kB_read kB_wrtn sda 0.45 2.30 9.27 3092627 12482255 dm-0 0.97 2.26 9.23 3039827 12419424 dm-1 0.00 0.00 0.01 5918 8592#mpstat:03:56:15 PM CPU %usr %nice %sys %iowait %irq %soft %steal %guest %gnice %idle 03:56:15 PM all 1.51 0.00 3.95 0.02 0.00 0.17 0.00 0.00 0.00 94.35 03:56:15 PM 0 1.48 0.00 4.05 0.02 0.00 0.00 0.00 0.00 0.00 94.45 03:56:15 PM 1 1.53 0.01 3.86 0.02 0.00 0.33 0.00 0.00 0.00 94.26#vmstat:procs -----------memory---------- ---swap-- -----io---- -system-- ------cpu----- r b swpd free buff cache si so bi bo in cs us sy id wa st 0 0 8972 1188280 291280 1786704 0 0 1 5 11 11 2 4 94 0 0
#date:Mon Jul 15 15:57:15 CEST 2019#hostname:10.214.220.161 #SWAP:Swap: 8.0G 8.8M 8.0G#RAM:Mem: 3.9G 789M 1.1G 33M 2.0G 2.7G#Disk:Filesystem Size Used Avail Use% Mounted on /dev/mapper/sopvpyves--vg-root 39G 11G 27G 29% /#Load:loadaverage:0.00,#Network:Iface MTU Met RX-OK RX-ERR RX-DRP RX-OVR TX-OK TX-ERR TX-DRP TX-OVR Flg ens160 1500 0 350749326 0 2 0 352626159 0 0 0 BMRU #iostat:avg-cpu: %user %nice %system %iowait %steal %idle 1.51 0.00 4.12 0.02 0.00 94.35#iooperation:Device: tps kB_read/s kB_wrtn/s kB_read kB_wrtn sda 0.45 2.30 9.27 3092627 12482983 dm-0 0.98 2.26 9.23 3039827 12420152 dm-1 0.00 0.00 0.01 5918 8592#mpstat:03:57:15 PM CPU %usr %nice %sys %iowait %irq %soft %steal %guest %gnice %idle 03:57:15 PM all 1.51 0.00 3.95 0.02 0.00 0.17 0.00 0.00 0.00 94.35 03:57:15 PM 0 1.48 0.00 4.05 0.02 0.00 0.00 0.00 0.00 0.00 94.45 03:57:15 PM 1 1.53 0.01 3.86 0.02 0.00 0.33 0.00 0.00 0.00 94.26#vmstat:procs -----------memory---------- ---swap-- -----io---- -system-- ------cpu----- r b swpd free buff cache si so bi bo in cs us sy id wa st 0 0 8972 1151508 291288 1787132 0 0 1 5 11 11 2 4 94 0 0
#date:Mon Jul 15 15:58:15 CEST 2019#hostname:10.214.220.161 #SWAP:Swap: 8.0G 8.8M 8.0G#RAM:Mem: 3.9G 781M 1.1G 33M 2.0G 2.7G#Disk:Filesystem Size Used Avail Use% Mounted on /dev/mapper/sopvpyves--vg-root 39G 11G 27G 29% /#Load:loadaverage:0.00,#Network:Iface MTU Met RX-OK RX-ERR RX-DRP RX-OVR TX-OK TX-ERR TX-DRP TX-OVR Flg ens160 1500 0 350754522 0 2 0 352630882 0 0 0 BMRU #iostat:avg-cpu: %user %nice %system %iowait %steal %idle 1.51 0.00 4.12 0.02 0.00 94.35#iooperation:Device: tps kB_read/s kB_wrtn/s kB_read kB_wrtn sda 0.45 2.30 9.27 3092627 12483679 dm-0 0.98 2.26 9.23 3039827 12420848 dm-1 0.00 0.00 0.01 5918 8592#mpstat:03:58:15 PM CPU %usr %nice %sys %iowait %irq %soft %steal %guest %gnice %idle 03:58:15 PM all 1.51 0.00 3.95 0.02 0.00 0.17 0.00 0.00 0.00 94.35 03:58:15 PM 0 1.48 0.00 4.05 0.02 0.00 0.00 0.00 0.00 0.00 94.45 03:58:15 PM 1 1.53 0.01 3.86 0.02 0.00 0.33 0.00 0.00 0.00 94.26#vmstat:procs -----------memory---------- ---swap-- -----io---- -system-- ------cpu----- r b swpd free buff cache si so bi bo in cs us sy id wa st 0 0 8972 1159564 291288 1787480 0 0 1 5 11 11 2 4 94 0 0
#date:Mon Jul 15 15:59:15 CEST 2019#hostname:10.214.220.161 #SWAP:Swap: 8.0G 8.8M 8.0G#RAM:Mem: 3.9G 788M 1.1G 33M 2.0G 2.7G#Disk:Filesystem Size Used Avail Use% Mounted on /dev/mapper/sopvpyves--vg-root 39G 11G 27G 29% /#Load:loadaverage:0.00,#Network:Iface MTU Met RX-OK RX-ERR RX-DRP RX-OVR TX-OK TX-ERR TX-DRP TX-OVR Flg ens160 1500 0 350759841 0 2 0 352635712 0 0 0 BMRU #iostat:avg-cpu: %user %nice %system %iowait %steal %idle 1.51 0.00 4.12 0.02 0.00 94.35#iooperation:Device: tps kB_read/s kB_wrtn/s kB_read kB_wrtn sda 0.45 2.30 9.27 3092627 12484499 dm-0 0.98 2.26 9.23 3039827 12421668 dm-1 0.00 0.00 0.01 5918 8592#mpstat:03:59:16 PM CPU %usr %nice %sys %iowait %irq %soft %steal %guest %gnice %idle 03:59:16 PM all 1.51 0.00 3.95 0.02 0.00 0.17 0.00 0.00 0.00 94.35 03:59:16 PM 0 1.48 0.00 4.05 0.02 0.00 0.00 0.00 0.00 0.00 94.45 03:59:16 PM 1 1.53 0.01 3.86 0.02 0.00 0.33 0.00 0.00 0.00 94.26#vmstat:procs -----------memory---------- ---swap-- -----io---- -system-- ------cpu----- r b swpd free buff cache si so bi bo in cs us sy id wa st 0 0 8972 1151684 291288 1788024 0 0 1 5 11 11 2 4 94 0 0
#date:Mon Jul 15 16:00:16 CEST 2019#hostname:10.214.220.161 #SWAP:Swap: 8.0G 8.8M 8.0G#RAM:Mem: 3.9G 791M 1.1G 33M 2.0G 2.7G#Disk:Filesystem Size Used Avail Use% Mounted on /dev/mapper/sopvpyves--vg-root 39G 11G 27G 29% /#Load:loadaverage:0.00,#Network:Iface MTU Met RX-OK RX-ERR RX-DRP RX-OVR TX-OK TX-ERR TX-DRP TX-OVR Flg ens160 1500 0 350765167 0 2 0 352640559 0 0 0 BMRU #iostat:avg-cpu: %user %nice %system %iowait %steal %idle 1.51 0.00 4.12 0.02 0.00 94.35#iooperation:Device: tps kB_read/s kB_wrtn/s kB_read kB_wrtn sda 0.45 2.30 9.27 3092627 12485267 dm-0 0.98 2.26 9.23 3039827 12422436 dm-1 0.00 0.00 0.01 5918 8592#mpstat:04:00:16 PM CPU %usr %nice %sys %iowait %irq %soft %steal %guest %gnice %idle 04:00:16 PM all 1.51 0.00 3.95 0.02 0.00 0.17 0.00 0.00 0.00 94.35 04:00:16 PM 0 1.48 0.00 4.05 0.02 0.00 0.00 0.00 0.00 0.00 94.45 04:00:16 PM 1 1.53 0.01 3.85 0.02 0.00 0.33 0.00 0.00 0.00 94.26#vmstat:procs -----------memory---------- ---swap-- -----io---- -system-- ------cpu----- r b swpd free buff cache si so bi bo in cs us sy id wa st 0 0 8972 1148276 291292 1788376 0 0 1 5 11 11 2 4 94 0 0
#date:Mon Jul 15 16:01:16 CEST 2019#hostname:10.214.220.161 #SWAP:Swap: 8.0G 8.8M 8.0G#RAM:Mem: 3.9G 782M 1.1G 33M 2.0G 2.7G#Disk:Filesystem Size Used Avail Use% Mounted on /dev/mapper/sopvpyves--vg-root 39G 11G 27G 29% /#Load:loadaverage:0.00,#Network:Iface MTU Met RX-OK RX-ERR RX-DRP RX-OVR TX-OK TX-ERR TX-DRP TX-OVR Flg ens160 1500 0 350770513 0 2 0 352645377 0 0 0 BMRU #iostat:avg-cpu: %user %nice %system %iowait %steal %idle 1.51 0.00 4.12 0.02 0.00 94.35#iooperation:Device: tps kB_read/s kB_wrtn/s kB_read kB_wrtn sda 0.45 2.30 9.27 3092627 12486123 dm-0 0.98 2.26 9.23 3039827 12423292 dm-1 0.00 0.00 0.01 5918 8592#mpstat:04:01:16 PM CPU %usr %nice %sys %iowait %irq %soft %steal %guest %gnice %idle 04:01:16 PM all 1.51 0.00 3.95 0.02 0.00 0.17 0.00 0.00 0.00 94.35 04:01:16 PM 0 1.48 0.00 4.05 0.02 0.00 0.00 0.00 0.00 0.00 94.45 04:01:16 PM 1 1.53 0.01 3.85 0.02 0.00 0.33 0.00 0.00 0.00 94.26#vmstat:procs -----------memory---------- ---swap-- -----io---- -system-- ------cpu----- r b swpd free buff cache si so bi bo in cs us sy id wa st 0 0 8972 1156804 291292 1789132 0 0 1 5 11 11 2 4 94 0 0
#date:Mon Jul 15 16:02:16 CEST 2019#hostname:10.214.220.161 #SWAP:Swap: 8.0G 8.8M 8.0G#RAM:Mem: 3.9G 787M 1.1G 33M 2.0G 2.7G#Disk:Filesystem Size Used Avail Use% Mounted on /dev/mapper/sopvpyves--vg-root 39G 11G 27G 29% /#Load:loadaverage:0.00,#Network:Iface MTU Met RX-OK RX-ERR RX-DRP RX-OVR TX-OK TX-ERR TX-DRP TX-OVR Flg ens160 1500 0 350775746 0 2 0 352650153 0 0 0 BMRU #iostat:avg-cpu: %user %nice %system %iowait %steal %idle 1.51 0.00 4.12 0.02 0.00 94.35#iooperation:Device: tps kB_read/s kB_wrtn/s kB_read kB_wrtn sda 0.45 2.30 9.27 3092627 12486843 dm-0 0.98 2.26 9.23 3039827 12424012 dm-1 0.00 0.00 0.01 5918 8592#mpstat:04:02:16 PM CPU %usr %nice %sys %iowait %irq %soft %steal %guest %gnice %idle 04:02:16 PM all 1.51 0.00 3.95 0.02 0.00 0.17 0.00 0.00 0.00 94.35 04:02:16 PM 0 1.48 0.00 4.05 0.02 0.00 0.00 0.00 0.00 0.00 94.45 04:02:16 PM 1 1.53 0.01 3.85 0.02 0.00 0.33 0.00 0.00 0.00 94.26#vmstat:procs -----------memory---------- ---swap-- -----io---- -system-- ------cpu----- r b swpd free buff cache si so bi bo in cs us sy id wa st 0 0 8972 1151036 291300 1789556 0 0 1 5 11 11 2 4 94 0 0
#date:Mon Jul 15 16:03:16 CEST 2019#hostname:10.214.220.161 #SWAP:Swap: 8.0G 8.8M 8.0G#RAM:Mem: 3.9G 755M 1.1G 33M 2.0G 2.7G#Disk:Filesystem Size Used Avail Use% Mounted on /dev/mapper/sopvpyves--vg-root 39G 11G 27G 29% /#Load:loadaverage:0.00,#Network:Iface MTU Met RX-OK RX-ERR RX-DRP RX-OVR TX-OK TX-ERR TX-DRP TX-OVR Flg ens160 1500 0 350781074 0 2 0 352654963 0 0 0 BMRU #iostat:avg-cpu: %user %nice %system %iowait %steal %idle 1.51 0.00 4.12 0.02 0.00 94.35#iooperation:Device: tps kB_read/s kB_wrtn/s kB_read kB_wrtn sda 0.45 2.30 9.27 3092627 12487515 dm-0 0.98 2.26 9.23 3039827 12424684 dm-1 0.00 0.00 0.01 5918 8592#mpstat:04:03:16 PM CPU %usr %nice %sys %iowait %irq %soft %steal %guest %gnice %idle 04:03:16 PM all 1.51 0.00 3.95 0.02 0.00 0.17 0.00 0.00 0.00 94.35 04:03:16 PM 0 1.48 0.00 4.05 0.02 0.00 0.00 0.00 0.00 0.00 94.45 04:03:16 PM 1 1.53 0.01 3.85 0.02 0.00 0.33 0.00 0.00 0.00 94.26#vmstat:procs -----------memory---------- ---swap-- -----io---- -system-- ------cpu----- r b swpd free buff cache si so bi bo in cs us sy id wa st 0 0 8972 1183520 291300 1790000 0 0 1 5 11 11 2 4 94 0 0
#date:Mon Jul 15 16:04:16 CEST 2019#hostname:10.214.220.161 #SWAP:Swap: 8.0G 8.8M 8.0G#RAM:Mem: 3.9G 786M 1.1G 33M 2.0G 2.7G#Disk:Filesystem Size Used Avail Use% Mounted on /dev/mapper/sopvpyves--vg-root 39G 11G 27G 29% /#Load:loadaverage:0.00,#Network:Iface MTU Met RX-OK RX-ERR RX-DRP RX-OVR TX-OK TX-ERR TX-DRP TX-OVR Flg ens160 1500 0 350786488 0 2 0 352659937 0 0 0 BMRU #iostat:avg-cpu: %user %nice %system %iowait %steal %idle 1.51 0.00 4.12 0.02 0.00 94.36#iooperation:Device: tps kB_read/s kB_wrtn/s kB_read kB_wrtn sda 0.45 2.30 9.27 3092627 12488535 dm-0 0.98 2.26 9.23 3039827 12425704 dm-1 0.00 0.00 0.01 5918 8592#mpstat:04:04:17 PM CPU %usr %nice %sys %iowait %irq %soft %steal %guest %gnice %idle 04:04:17 PM all 1.51 0.00 3.95 0.02 0.00 0.17 0.00 0.00 0.00 94.36 04:04:17 PM 0 1.48 0.00 4.05 0.02 0.00 0.00 0.00 0.00 0.00 94.45 04:04:17 PM 1 1.53 0.01 3.85 0.02 0.00 0.33 0.00 0.00 0.00 94.26#vmstat:procs -----------memory---------- ---swap-- -----io---- -system-- ------cpu----- r b swpd free buff cache si so bi bo in cs us sy id wa st 0 0 8972 1150876 291300 1790420 0 0 1 5 11 11 2 4 94 0 0
#date:Mon Jul 15 16:05:17 CEST 2019#hostname:10.214.220.161 #SWAP:Swap: 8.0G 8.8M 8.0G#RAM:Mem: 3.9G 790M 1.1G 33M 2.0G 2.7G#Disk:Filesystem Size Used Avail Use% Mounted on /dev/mapper/sopvpyves--vg-root 39G 11G 27G 29% /#Load:loadaverage:0.00,#Network:Iface MTU Met RX-OK RX-ERR RX-DRP RX-OVR TX-OK TX-ERR TX-DRP TX-OVR Flg ens160 1500 0 350791939 0 2 0 352664866 0 0 0 BMRU #iostat:avg-cpu: %user %nice %system %iowait %steal %idle 1.51 0.00 4.12 0.02 0.00 94.36#iooperation:Device: tps kB_read/s kB_wrtn/s kB_read kB_wrtn sda 0.45 2.30 9.27 3092627 12489215 dm-0 0.98 2.26 9.23 3039827 12426384 dm-1 0.00 0.00 0.01 5918 8592#mpstat:04:05:17 PM CPU %usr %nice %sys %iowait %irq %soft %steal %guest %gnice %idle 04:05:17 PM all 1.51 0.00 3.95 0.02 0.00 0.17 0.00 0.00 0.00 94.36 04:05:17 PM 0 1.48 0.00 4.05 0.02 0.00 0.00 0.00 0.00 0.00 94.45 04:05:17 PM 1 1.53 0.01 3.85 0.02 0.00 0.33 0.00 0.00 0.00 94.26#vmstat:procs -----------memory---------- ---swap-- -----io---- -system-- ------cpu----- r b swpd free buff cache si so bi bo in cs us sy id wa st 0 0 8972 1146904 291308 1790872 0 0 1 5 11 11 2 4 94 0 0
#date:Mon Jul 15 16:06:17 CEST 2019#hostname:10.214.220.161 #SWAP:Swap: 8.0G 8.8M 8.0G#RAM:Mem: 3.9G 771M 1.1G 33M 2.0G 2.7G#Disk:Filesystem Size Used Avail Use% Mounted on /dev/mapper/sopvpyves--vg-root 39G 11G 27G 29% /#Load:loadaverage:0.00,#Network:Iface MTU Met RX-OK RX-ERR RX-DRP RX-OVR TX-OK TX-ERR TX-DRP TX-OVR Flg ens160 1500 0 350797586 0 2 0 352669859 0 0 0 BMRU #iostat:avg-cpu: %user %nice %system %iowait %steal %idle 1.51 0.00 4.12 0.02 0.00 94.36#iooperation:Device: tps kB_read/s kB_wrtn/s kB_read kB_wrtn sda 0.45 2.30 9.27 3092627 12490015 dm-0 0.98 2.26 9.23 3039827 12427184 dm-1 0.00 0.00 0.01 5918 8592#mpstat:04:06:17 PM CPU %usr %nice %sys %iowait %irq %soft %steal %guest %gnice %idle 04:06:17 PM all 1.51 0.00 3.95 0.02 0.00 0.17 0.00 0.00 0.00 94.36 04:06:17 PM 0 1.48 0.00 4.05 0.02 0.00 0.00 0.00 0.00 0.00 94.45 04:06:17 PM 1 1.53 0.01 3.85 0.02 0.00 0.33 0.00 0.00 0.00 94.26#vmstat:procs -----------memory---------- ---swap-- -----io---- -system-- ------cpu----- r b swpd free buff cache si so bi bo in cs us sy id wa st 0 0 8972 1164968 291324 1791444 0 0 1 5 11 11 2 4 94 0 0
#date:Mon Jul 15 16:07:17 CEST 2019#hostname:10.214.220.161 #SWAP:Swap: 8.0G 8.8M 8.0G#RAM:Mem: 3.9G 755M 1.1G 33M 2.0G 2.7G#Disk:Filesystem Size Used Avail Use% Mounted on /dev/mapper/sopvpyves--vg-root 39G 11G 27G 29% /#Load:loadaverage:0.00,#Network:Iface MTU Met RX-OK RX-ERR RX-DRP RX-OVR TX-OK TX-ERR TX-DRP TX-OVR Flg ens160 1500 0 350803087 0 2 0 352674790 0 0 0 BMRU #iostat:avg-cpu: %user %nice %system %iowait %steal %idle 1.51 0.00 4.12 0.02 0.00 94.36#iooperation:Device: tps kB_read/s kB_wrtn/s kB_read kB_wrtn sda 0.45 2.30 9.27 3092627 12490747 dm-0 0.98 2.26 9.23 3039827 12427916 dm-1 0.00 0.00 0.01 5918 8592#mpstat:04:07:17 PM CPU %usr %nice %sys %iowait %irq %soft %steal %guest %gnice %idle 04:07:17 PM all 1.51 0.00 3.95 0.02 0.00 0.17 0.00 0.00 0.00 94.36 04:07:17 PM 0 1.48 0.00 4.05 0.02 0.00 0.00 0.00 0.00 0.00 94.45 04:07:17 PM 1 1.53 0.01 3.85 0.02 0.00 0.33 0.00 0.00 0.00 94.26#vmstat:procs -----------memory---------- ---swap-- -----io---- -system-- ------cpu----- r b swpd free buff cache si so bi bo in cs us sy id wa st 0 0 8972 1180840 291328 1791892 0 0 1 5 11 11 2 4 94 0 0
#date:Mon Jul 15 16:08:17 CEST 2019#hostname:10.214.220.161 #SWAP:Swap: 8.0G 8.8M 8.0G#RAM:Mem: 3.9G 776M 1.1G 33M 2.0G 2.7G#Disk:Filesystem Size Used Avail Use% Mounted on /dev/mapper/sopvpyves--vg-root 39G 11G 27G 29% /#Load:loadaverage:0.00,#Network:Iface MTU Met RX-OK RX-ERR RX-DRP RX-OVR TX-OK TX-ERR TX-DRP TX-OVR Flg ens160 1500 0 350808678 0 2 0 352679772 0 0 0 BMRU #iostat:avg-cpu: %user %nice %system %iowait %steal %idle 1.51 0.00 4.12 0.02 0.00 94.36#iooperation:Device: tps kB_read/s kB_wrtn/s kB_read kB_wrtn sda 0.45 2.30 9.27 3092627 12491575 dm-0 0.98 2.26 9.23 3039827 12428744 dm-1 0.00 0.00 0.01 5918 8592#mpstat:04:08:17 PM CPU %usr %nice %sys %iowait %irq %soft %steal %guest %gnice %idle 04:08:17 PM all 1.51 0.00 3.95 0.02 0.00 0.17 0.00 0.00 0.00 94.36 04:08:17 PM 0 1.48 0.00 4.05 0.02 0.00 0.00 0.00 0.00 0.00 94.45 04:08:17 PM 1 1.53 0.01 3.85 0.02 0.00 0.33 0.00 0.00 0.00 94.26#vmstat:procs -----------memory---------- ---swap-- -----io---- -system-- ------cpu----- r b swpd free buff cache si so bi bo in cs us sy id wa st 0 0 8972 1158928 291332 1792456 0 0 1 5 11 11 2 4 94 0 0
#date:Mon Jul 15 16:09:17 CEST 2019#hostname:10.214.220.161 #SWAP:Swap: 8.0G 8.8M 8.0G#RAM:Mem: 3.9G 781M 1.1G 33M 2.0G 2.7G#Disk:Filesystem Size Used Avail Use% Mounted on /dev/mapper/sopvpyves--vg-root 39G 11G 27G 29% /#Load:loadaverage:0.00,#Network:Iface MTU Met RX-OK RX-ERR RX-DRP RX-OVR TX-OK TX-ERR TX-DRP TX-OVR Flg ens160 1500 0 350814428 0 2 0 352684836 0 0 0 BMRU #iostat:avg-cpu: %user %nice %system %iowait %steal %idle 1.51 0.00 4.12 0.02 0.00 94.36#iooperation:Device: tps kB_read/s kB_wrtn/s kB_read kB_wrtn sda 0.45 2.30 9.27 3092627 12492363 dm-0 0.98 2.26 9.23 3039827 12429532 dm-1 0.00 0.00 0.01 5918 8592#mpstat:04:09:17 PM CPU %usr %nice %sys %iowait %irq %soft %steal %guest %gnice %idle 04:09:17 PM all 1.51 0.00 3.95 0.02 0.00 0.17 0.00 0.00 0.00 94.36 04:09:17 PM 0 1.48 0.00 4.05 0.02 0.00 0.00 0.00 0.00 0.00 94.45 04:09:17 PM 1 1.53 0.01 3.85 0.02 0.00 0.33 0.00 0.00 0.00 94.26#vmstat:procs -----------memory---------- ---swap-- -----io---- -system-- ------cpu----- r b swpd free buff cache si so bi bo in cs us sy id wa st 0 0 8972 1153332 291336 1792976 0 0 1 5 11 11 2 4 94 0 0
#date:Mon Jul 15 16:10:17 CEST 2019#hostname:10.214.220.161 #SWAP:Swap: 8.0G 8.8M 8.0G#RAM:Mem: 3.9G 787M 1.1G 33M 2.0G 2.7G#Disk:Filesystem Size Used Avail Use% Mounted on /dev/mapper/sopvpyves--vg-root 39G 11G 27G 29% /#Load:loadaverage:0.00,#Network:Iface MTU Met RX-OK RX-ERR RX-DRP RX-OVR TX-OK TX-ERR TX-DRP TX-OVR Flg ens160 1500 0 350820131 0 2 0 352689934 0 0 0 BMRU #iostat:avg-cpu: %user %nice %system %iowait %steal %idle 1.51 0.00 4.12 0.02 0.00 94.36#iooperation:Device: tps kB_read/s kB_wrtn/s kB_read kB_wrtn sda 0.45 2.30 9.28 3092627 12493155 dm-0 0.98 2.26 9.23 3039827 12430324 dm-1 0.00 0.00 0.01 5918 8592#mpstat:04:10:18 PM CPU %usr %nice %sys %iowait %irq %soft %steal %guest %gnice %idle 04:10:18 PM all 1.51 0.00 3.95 0.02 0.00 0.17 0.00 0.00 0.00 94.36 04:10:18 PM 0 1.48 0.00 4.05 0.02 0.00 0.00 0.00 0.00 0.00 94.45 04:10:18 PM 1 1.53 0.01 3.85 0.02 0.00 0.33 0.00 0.00 0.00 94.26#vmstat:procs -----------memory---------- ---swap-- -----io---- -system-- ------cpu----- r b swpd free buff cache si so bi bo in cs us sy id wa st 0 0 8972 1146852 291340 1793356 0 0 1 5 11 11 2 4 94 0 0
