#date:Mon Jul 15 14:36:52 CEST 2019#hostname:10.214.220.100 #SWAP:Swap: 8.0G 33M 8.0G#RAM:Mem: 3.9G 1.1G 175M 22M 2.6G 2.5G#Disk:Filesystem Size Used Avail Use% Mounted on /dev/mapper/sopvpyves--vg-root 39G 7.2G 30G 20% /#Load:loadaverage:2.14,#Network:Iface MTU Met RX-OK RX-ERR RX-DRP RX-OVR TX-OK TX-ERR TX-DRP TX-OVR Flg ens160 1500 0 371162829 0 3 0 335687226 0 0 0 BMRU #iostat:avg-cpu: %user %nice %system %iowait %steal %idle 70.63 0.00 0.50 0.02 0.00 28.85#iooperation:Device: tps kB_read/s kB_wrtn/s kB_read kB_wrtn sda 0.71 5.66 9.98 7586493 13389380 dm-0 1.27 5.61 9.92 7530507 13300260 dm-1 0.01 0.00 0.03 6334 34884#mpstat:02:36:52 PM CPU %usr %nice %sys %iowait %irq %soft %steal %guest %gnice %idle 02:36:52 PM all 70.63 0.00 0.25 0.02 0.00 0.25 0.00 0.00 0.00 28.85 02:36:52 PM 0 70.85 0.00 0.24 0.02 0.00 0.00 0.00 0.00 0.00 28.88 02:36:52 PM 1 70.40 0.00 0.26 0.02 0.00 0.49 0.00 0.00 0.00 28.82#vmstat:procs -----------memory---------- ---swap-- -----io---- -system-- ------cpu----- r b swpd free buff cache si so bi bo in cs us sy id wa st 2 0 34748 180488 192188 2558572 0 0 3 5 9 2 71 0 29 0 0
#date:Mon Jul 15 14:37:52 CEST 2019#hostname:10.214.220.100 #SWAP:Swap: 8.0G 33M 8.0G#RAM:Mem: 3.9G 1.1G 179M 22M 2.6G 2.5G#Disk:Filesystem Size Used Avail Use% Mounted on /dev/mapper/sopvpyves--vg-root 39G 7.2G 30G 20% /#Load:loadaverage:2.05,#Network:Iface MTU Met RX-OK RX-ERR RX-DRP RX-OVR TX-OK TX-ERR TX-DRP TX-OVR Flg ens160 1500 0 371164877 0 3 0 335688209 0 0 0 BMRU #iostat:avg-cpu: %user %nice %system %iowait %steal %idle 70.63 0.00 0.50 0.02 0.00 28.85#iooperation:Device: tps kB_read/s kB_wrtn/s kB_read kB_wrtn sda 0.71 5.66 9.98 7586509 13390016 dm-0 1.27 5.61 9.92 7530523 13300896 dm-1 0.01 0.00 0.03 6334 34884#mpstat:02:37:53 PM CPU %usr %nice %sys %iowait %irq %soft %steal %guest %gnice %idle 02:37:53 PM all 70.63 0.00 0.25 0.02 0.00 0.25 0.00 0.00 0.00 28.85 02:37:53 PM 0 70.85 0.00 0.24 0.02 0.00 0.00 0.00 0.00 0.00 28.88 02:37:53 PM 1 70.40 0.00 0.26 0.02 0.00 0.49 0.00 0.00 0.00 28.82#vmstat:procs -----------memory---------- ---swap-- -----io---- -system-- ------cpu----- r b swpd free buff cache si so bi bo in cs us sy id wa st 2 0 34748 184252 192192 2558684 0 0 3 5 9 2 71 0 29 0 0
#date:Mon Jul 15 14:38:53 CEST 2019#hostname:10.214.220.100 #SWAP:Swap: 8.0G 33M 8.0G#RAM:Mem: 3.9G 1.1G 182M 22M 2.6G 2.5G#Disk:Filesystem Size Used Avail Use% Mounted on /dev/mapper/sopvpyves--vg-root 39G 7.2G 30G 20% /#Load:loadaverage:2.02,#Network:Iface MTU Met RX-OK RX-ERR RX-DRP RX-OVR TX-OK TX-ERR TX-DRP TX-OVR Flg ens160 1500 0 371166820 0 3 0 335689224 0 0 0 BMRU #iostat:avg-cpu: %user %nice %system %iowait %steal %idle 70.63 0.00 0.50 0.02 0.00 28.85#iooperation:Device: tps kB_read/s kB_wrtn/s kB_read kB_wrtn sda 0.71 5.66 9.98 7586509 13390496 dm-0 1.27 5.61 9.92 7530523 13301376 dm-1 0.01 0.00 0.03 6334 34884#mpstat:02:38:53 PM CPU %usr %nice %sys %iowait %irq %soft %steal %guest %gnice %idle 02:38:53 PM all 70.63 0.00 0.25 0.02 0.00 0.25 0.00 0.00 0.00 28.85 02:38:53 PM 0 70.85 0.00 0.24 0.02 0.00 0.00 0.00 0.00 0.00 28.87 02:38:53 PM 1 70.40 0.00 0.26 0.02 0.00 0.49 0.00 0.00 0.00 28.82#vmstat:procs -----------memory---------- ---swap-- -----io---- -system-- ------cpu----- r b swpd free buff cache si so bi bo in cs us sy id wa st 2 0 34748 187748 192216 2558764 0 0 3 5 9 2 71 0 29 0 0
#date:Mon Jul 15 14:39:53 CEST 2019#hostname:10.214.220.100 #SWAP:Swap: 8.0G 33M 8.0G#RAM:Mem: 3.9G 1.1G 182M 22M 2.6G 2.5G#Disk:Filesystem Size Used Avail Use% Mounted on /dev/mapper/sopvpyves--vg-root 39G 7.2G 30G 20% /#Load:loadaverage:2.00,#Network:Iface MTU Met RX-OK RX-ERR RX-DRP RX-OVR TX-OK TX-ERR TX-DRP TX-OVR Flg ens160 1500 0 371168779 0 3 0 335690139 0 0 0 BMRU #iostat:avg-cpu: %user %nice %system %iowait %steal %idle 70.63 0.00 0.50 0.02 0.00 28.85#iooperation:Device: tps kB_read/s kB_wrtn/s kB_read kB_wrtn sda 0.71 5.66 9.98 7586509 13391052 dm-0 1.27 5.61 9.92 7530523 13301932 dm-1 0.01 0.00 0.03 6334 34884#mpstat:02:39:54 PM CPU %usr %nice %sys %iowait %irq %soft %steal %guest %gnice %idle 02:39:54 PM all 70.63 0.00 0.25 0.02 0.00 0.25 0.00 0.00 0.00 28.85 02:39:54 PM 0 70.85 0.00 0.24 0.02 0.00 0.00 0.00 0.00 0.00 28.87 02:39:54 PM 1 70.41 0.00 0.26 0.02 0.00 0.49 0.00 0.00 0.00 28.82#vmstat:procs -----------memory---------- ---swap-- -----io---- -system-- ------cpu----- r b swpd free buff cache si so bi bo in cs us sy id wa st 2 0 34748 186880 192232 2558900 0 0 3 5 9 2 71 0 29 0 0
#date:Mon Jul 15 14:40:54 CEST 2019#hostname:10.214.220.100 #SWAP:Swap: 8.0G 33M 8.0G#RAM:Mem: 3.9G 1.1G 183M 22M 2.6G 2.5G#Disk:Filesystem Size Used Avail Use% Mounted on /dev/mapper/sopvpyves--vg-root 39G 7.2G 30G 20% /#Load:loadaverage:2.03,#Network:Iface MTU Met RX-OK RX-ERR RX-DRP RX-OVR TX-OK TX-ERR TX-DRP TX-OVR Flg ens160 1500 0 371170795 0 3 0 335691069 0 0 0 BMRU #iostat:avg-cpu: %user %nice %system %iowait %steal %idle 70.63 0.00 0.50 0.02 0.00 28.85#iooperation:Device: tps kB_read/s kB_wrtn/s kB_read kB_wrtn sda 0.71 5.66 9.98 7586509 13391440 dm-0 1.27 5.61 9.92 7530523 13302320 dm-1 0.01 0.00 0.03 6334 34884#mpstat:02:40:54 PM CPU %usr %nice %sys %iowait %irq %soft %steal %guest %gnice %idle 02:40:54 PM all 70.63 0.00 0.25 0.02 0.00 0.25 0.00 0.00 0.00 28.85 02:40:54 PM 0 70.85 0.00 0.24 0.02 0.00 0.00 0.00 0.00 0.00 28.87 02:40:54 PM 1 70.41 0.00 0.26 0.02 0.00 0.49 0.00 0.00 0.00 28.82#vmstat:procs -----------memory---------- ---swap-- -----io---- -system-- ------cpu----- r b swpd free buff cache si so bi bo in cs us sy id wa st 2 0 34748 187508 192248 2558984 0 0 3 5 9 2 71 0 29 0 0
#date:Mon Jul 15 14:41:54 CEST 2019#hostname:10.214.220.100 #SWAP:Swap: 8.0G 33M 8.0G#RAM:Mem: 3.9G 1.0G 183M 22M 2.6G 2.5G#Disk:Filesystem Size Used Avail Use% Mounted on /dev/mapper/sopvpyves--vg-root 39G 7.2G 30G 20% /#Load:loadaverage:2.01,#Network:Iface MTU Met RX-OK RX-ERR RX-DRP RX-OVR TX-OK TX-ERR TX-DRP TX-OVR Flg ens160 1500 0 371172789 0 3 0 335691928 0 0 0 BMRU #iostat:avg-cpu: %user %nice %system %iowait %steal %idle 70.63 0.00 0.50 0.02 0.00 28.84#iooperation:Device: tps kB_read/s kB_wrtn/s kB_read kB_wrtn sda 0.71 5.66 9.98 7586509 13391980 dm-0 1.27 5.61 9.92 7530523 13302860 dm-1 0.01 0.00 0.03 6334 34884#mpstat:02:41:54 PM CPU %usr %nice %sys %iowait %irq %soft %steal %guest %gnice %idle 02:41:54 PM all 70.63 0.00 0.25 0.02 0.00 0.25 0.00 0.00 0.00 28.84 02:41:54 PM 0 70.86 0.00 0.24 0.02 0.00 0.00 0.00 0.00 0.00 28.87 02:41:54 PM 1 70.41 0.00 0.26 0.02 0.00 0.49 0.00 0.00 0.00 28.82#vmstat:procs -----------memory---------- ---swap-- -----io---- -system-- ------cpu----- r b swpd free buff cache si so bi bo in cs us sy id wa st 2 0 34748 187736 192256 2559012 0 0 3 5 9 2 71 0 29 0 0
#date:Mon Jul 15 14:42:54 CEST 2019#hostname:10.214.220.100 #SWAP:Swap: 8.0G 33M 8.0G#RAM:Mem: 3.9G 1.1G 182M 22M 2.6G 2.5G#Disk:Filesystem Size Used Avail Use% Mounted on /dev/mapper/sopvpyves--vg-root 39G 7.2G 30G 20% /#Load:loadaverage:2.11,#Network:Iface MTU Met RX-OK RX-ERR RX-DRP RX-OVR TX-OK TX-ERR TX-DRP TX-OVR Flg ens160 1500 0 371174775 0 3 0 335692840 0 0 0 BMRU #iostat:avg-cpu: %user %nice %system %iowait %steal %idle 70.63 0.00 0.50 0.02 0.00 28.84#iooperation:Device: tps kB_read/s kB_wrtn/s kB_read kB_wrtn sda 0.71 5.65 9.98 7586509 13392408 dm-0 1.27 5.61 9.92 7530523 13303288 dm-1 0.01 0.00 0.03 6334 34884#mpstat:02:42:55 PM CPU %usr %nice %sys %iowait %irq %soft %steal %guest %gnice %idle 02:42:55 PM all 70.63 0.00 0.25 0.02 0.00 0.25 0.00 0.00 0.00 28.84 02:42:55 PM 0 70.86 0.00 0.24 0.02 0.00 0.00 0.00 0.00 0.00 28.87 02:42:55 PM 1 70.41 0.00 0.26 0.02 0.00 0.49 0.00 0.00 0.00 28.82#vmstat:procs -----------memory---------- ---swap-- -----io---- -system-- ------cpu----- r b swpd free buff cache si so bi bo in cs us sy id wa st 2 0 34748 186972 192276 2559100 0 0 3 5 9 2 71 0 29 0 0
#date:Mon Jul 15 14:43:55 CEST 2019#hostname:10.214.220.100 #SWAP:Swap: 8.0G 33M 8.0G#RAM:Mem: 3.9G 1.1G 182M 22M 2.6G 2.5G#Disk:Filesystem Size Used Avail Use% Mounted on /dev/mapper/sopvpyves--vg-root 39G 7.2G 30G 20% /#Load:loadaverage:2.04,#Network:Iface MTU Met RX-OK RX-ERR RX-DRP RX-OVR TX-OK TX-ERR TX-DRP TX-OVR Flg ens160 1500 0 371176691 0 3 0 335693707 0 0 0 BMRU #iostat:avg-cpu: %user %nice %system %iowait %steal %idle 70.63 0.00 0.50 0.02 0.00 28.84#iooperation:Device: tps kB_read/s kB_wrtn/s kB_read kB_wrtn sda 0.71 5.65 9.98 7586509 13392852 dm-0 1.27 5.61 9.92 7530523 13303732 dm-1 0.01 0.00 0.03 6334 34884#mpstat:02:43:55 PM CPU %usr %nice %sys %iowait %irq %soft %steal %guest %gnice %idle 02:43:55 PM all 70.63 0.00 0.25 0.02 0.00 0.25 0.00 0.00 0.00 28.84 02:43:55 PM 0 70.86 0.00 0.24 0.02 0.00 0.00 0.00 0.00 0.00 28.87 02:43:55 PM 1 70.41 0.00 0.26 0.02 0.00 0.49 0.00 0.00 0.00 28.81#vmstat:procs -----------memory---------- ---swap-- -----io---- -system-- ------cpu----- r b swpd free buff cache si so bi bo in cs us sy id wa st 2 0 34748 185588 192292 2559152 0 0 3 5 10 2 71 0 29 0 0
#date:Mon Jul 15 14:44:55 CEST 2019#hostname:10.214.220.100 #SWAP:Swap: 8.0G 33M 8.0G#RAM:Mem: 3.9G 1.1G 182M 22M 2.6G 2.5G#Disk:Filesystem Size Used Avail Use% Mounted on /dev/mapper/sopvpyves--vg-root 39G 7.2G 30G 20% /#Load:loadaverage:2.14,#Network:Iface MTU Met RX-OK RX-ERR RX-DRP RX-OVR TX-OK TX-ERR TX-DRP TX-OVR Flg ens160 1500 0 371178638 0 3 0 335694568 0 0 0 BMRU #iostat:avg-cpu: %user %nice %system %iowait %steal %idle 70.64 0.00 0.50 0.02 0.00 28.84#iooperation:Device: tps kB_read/s kB_wrtn/s kB_read kB_wrtn sda 0.71 5.65 9.98 7586509 13393256 dm-0 1.27 5.61 9.92 7530523 13304136 dm-1 0.01 0.00 0.03 6334 34884#mpstat:02:44:55 PM CPU %usr %nice %sys %iowait %irq %soft %steal %guest %gnice %idle 02:44:55 PM all 70.64 0.00 0.25 0.02 0.00 0.25 0.00 0.00 0.00 28.84 02:44:55 PM 0 70.86 0.00 0.24 0.02 0.00 0.00 0.00 0.00 0.00 28.87 02:44:55 PM 1 70.41 0.00 0.26 0.02 0.00 0.49 0.00 0.00 0.00 28.81#vmstat:procs -----------memory---------- ---swap-- -----io---- -system-- ------cpu----- r b swpd free buff cache si so bi bo in cs us sy id wa st 2 0 34748 187056 192312 2559300 0 0 3 5 10 2 71 0 29 0 0
#date:Mon Jul 15 14:45:55 CEST 2019#hostname:10.214.220.100 #SWAP:Swap: 8.0G 33M 8.0G#RAM:Mem: 3.9G 1.1G 180M 22M 2.6G 2.5G#Disk:Filesystem Size Used Avail Use% Mounted on /dev/mapper/sopvpyves--vg-root 39G 7.2G 30G 20% /#Load:loadaverage:2.08,#Network:Iface MTU Met RX-OK RX-ERR RX-DRP RX-OVR TX-OK TX-ERR TX-DRP TX-OVR Flg ens160 1500 0 371180644 0 3 0 335695652 0 0 0 BMRU #iostat:avg-cpu: %user %nice %system %iowait %steal %idle 70.64 0.00 0.50 0.02 0.00 28.84#iooperation:Device: tps kB_read/s kB_wrtn/s kB_read kB_wrtn sda 0.71 5.65 9.98 7586509 13393632 dm-0 1.27 5.61 9.92 7530523 13304512 dm-1 0.01 0.00 0.03 6334 34884#mpstat:02:45:56 PM CPU %usr %nice %sys %iowait %irq %soft %steal %guest %gnice %idle 02:45:56 PM all 70.64 0.00 0.25 0.02 0.00 0.25 0.00 0.00 0.00 28.84 02:45:56 PM 0 70.86 0.00 0.24 0.02 0.00 0.00 0.00 0.00 0.00 28.87 02:45:56 PM 1 70.41 0.00 0.26 0.02 0.00 0.49 0.00 0.00 0.00 28.81#vmstat:procs -----------memory---------- ---swap-- -----io---- -system-- ------cpu----- r b swpd free buff cache si so bi bo in cs us sy id wa st 2 0 34748 183820 192328 2559356 0 0 3 5 10 2 71 0 29 0 0
#date:Mon Jul 15 14:46:56 CEST 2019#hostname:10.214.220.100 #SWAP:Swap: 8.0G 33M 8.0G#RAM:Mem: 3.9G 1.1G 179M 22M 2.6G 2.5G#Disk:Filesystem Size Used Avail Use% Mounted on /dev/mapper/sopvpyves--vg-root 39G 7.2G 30G 20% /#Load:loadaverage:2.08,#Network:Iface MTU Met RX-OK RX-ERR RX-DRP RX-OVR TX-OK TX-ERR TX-DRP TX-OVR Flg ens160 1500 0 371182648 0 3 0 335696568 0 0 0 BMRU #iostat:avg-cpu: %user %nice %system %iowait %steal %idle 70.64 0.00 0.50 0.02 0.00 28.84#iooperation:Device: tps kB_read/s kB_wrtn/s kB_read kB_wrtn sda 0.71 5.65 9.98 7586509 13394400 dm-0 1.27 5.61 9.92 7530523 13305280 dm-1 0.01 0.00 0.03 6334 34884#mpstat:02:46:56 PM CPU %usr %nice %sys %iowait %irq %soft %steal %guest %gnice %idle 02:46:56 PM all 70.64 0.00 0.25 0.02 0.00 0.25 0.00 0.00 0.00 28.84 02:46:56 PM 0 70.86 0.00 0.24 0.02 0.00 0.00 0.00 0.00 0.00 28.86 02:46:56 PM 1 70.41 0.00 0.26 0.02 0.00 0.49 0.00 0.00 0.00 28.81#vmstat:procs -----------memory---------- ---swap-- -----io---- -system-- ------cpu----- r b swpd free buff cache si so bi bo in cs us sy id wa st 2 0 34748 184036 192344 2559528 0 0 3 5 10 2 71 0 29 0 0
#date:Mon Jul 15 14:47:56 CEST 2019#hostname:10.214.220.100 #SWAP:Swap: 8.0G 33M 8.0G#RAM:Mem: 3.9G 1.1G 179M 22M 2.6G 2.5G#Disk:Filesystem Size Used Avail Use% Mounted on /dev/mapper/sopvpyves--vg-root 39G 7.2G 30G 20% /#Load:loadaverage:2.02,#Network:Iface MTU Met RX-OK RX-ERR RX-DRP RX-OVR TX-OK TX-ERR TX-DRP TX-OVR Flg ens160 1500 0 371184637 0 3 0 335697503 0 0 0 BMRU #iostat:avg-cpu: %user %nice %system %iowait %steal %idle 70.64 0.00 0.50 0.02 0.00 28.84#iooperation:Device: tps kB_read/s kB_wrtn/s kB_read kB_wrtn sda 0.71 5.65 9.98 7586509 13394828 dm-0 1.27 5.61 9.92 7530523 13305708 dm-1 0.01 0.00 0.03 6334 34884#mpstat:02:47:57 PM CPU %usr %nice %sys %iowait %irq %soft %steal %guest %gnice %idle 02:47:57 PM all 70.64 0.00 0.25 0.02 0.00 0.25 0.00 0.00 0.00 28.84 02:47:57 PM 0 70.86 0.00 0.24 0.02 0.00 0.00 0.00 0.00 0.00 28.86 02:47:57 PM 1 70.42 0.00 0.26 0.02 0.00 0.49 0.00 0.00 0.00 28.81#vmstat:procs -----------memory---------- ---swap-- -----io---- -system-- ------cpu----- r b swpd free buff cache si so bi bo in cs us sy id wa st 2 0 34748 183600 192360 2559604 0 0 3 5 10 2 71 0 29 0 0
#date:Mon Jul 15 14:48:57 CEST 2019#hostname:10.214.220.100 #SWAP:Swap: 8.0G 33M 8.0G#RAM:Mem: 3.9G 1.1G 178M 22M 2.6G 2.5G#Disk:Filesystem Size Used Avail Use% Mounted on /dev/mapper/sopvpyves--vg-root 39G 7.2G 30G 20% /#Load:loadaverage:2.01,#Network:Iface MTU Met RX-OK RX-ERR RX-DRP RX-OVR TX-OK TX-ERR TX-DRP TX-OVR Flg ens160 1500 0 371186542 0 3 0 335698369 0 0 0 BMRU #iostat:avg-cpu: %user %nice %system %iowait %steal %idle 70.64 0.00 0.50 0.02 0.00 28.84#iooperation:Device: tps kB_read/s kB_wrtn/s kB_read kB_wrtn sda 0.71 5.65 9.98 7586509 13395232 dm-0 1.27 5.61 9.92 7530523 13306112 dm-1 0.01 0.00 0.03 6334 34884#mpstat:02:48:57 PM CPU %usr %nice %sys %iowait %irq %soft %steal %guest %gnice %idle 02:48:57 PM all 70.64 0.00 0.25 0.02 0.00 0.25 0.00 0.00 0.00 28.84 02:48:57 PM 0 70.87 0.00 0.24 0.02 0.00 0.00 0.00 0.00 0.00 28.86 02:48:57 PM 1 70.42 0.00 0.26 0.02 0.00 0.49 0.00 0.00 0.00 28.81#vmstat:procs -----------memory---------- ---swap-- -----io---- -system-- ------cpu----- r b swpd free buff cache si so bi bo in cs us sy id wa st 2 0 34748 183632 192376 2559640 0 0 3 5 10 2 71 0 29 0 0
#date:Mon Jul 15 14:49:57 CEST 2019#hostname:10.214.220.100 #SWAP:Swap: 8.0G 33M 8.0G#RAM:Mem: 3.9G 1.1G 179M 22M 2.6G 2.5G#Disk:Filesystem Size Used Avail Use% Mounted on /dev/mapper/sopvpyves--vg-root 39G 7.2G 30G 20% /#Load:loadaverage:2.00,#Network:Iface MTU Met RX-OK RX-ERR RX-DRP RX-OVR TX-OK TX-ERR TX-DRP TX-OVR Flg ens160 1500 0 371188558 0 3 0 335699476 0 0 0 BMRU #iostat:avg-cpu: %user %nice %system %iowait %steal %idle 70.64 0.00 0.50 0.02 0.00 28.83#iooperation:Device: tps kB_read/s kB_wrtn/s kB_read kB_wrtn sda 0.71 5.65 9.98 7586509 13395656 dm-0 1.27 5.61 9.92 7530523 13306536 dm-1 0.01 0.00 0.03 6334 34884#mpstat:02:49:57 PM CPU %usr %nice %sys %iowait %irq %soft %steal %guest %gnice %idle 02:49:57 PM all 70.64 0.00 0.25 0.02 0.00 0.25 0.00 0.00 0.00 28.83 02:49:57 PM 0 70.87 0.00 0.24 0.02 0.00 0.00 0.00 0.00 0.00 28.86 02:49:57 PM 1 70.42 0.00 0.26 0.02 0.00 0.49 0.00 0.00 0.00 28.81#vmstat:procs -----------memory---------- ---swap-- -----io---- -system-- ------cpu----- r b swpd free buff cache si so bi bo in cs us sy id wa st 2 0 34748 183272 192396 2559756 0 0 3 5 10 2 71 0 29 0 0
#date:Mon Jul 15 14:50:57 CEST 2019#hostname:10.214.220.100 #SWAP:Swap: 8.0G 33M 8.0G#RAM:Mem: 3.9G 1.1G 179M 22M 2.6G 2.5G#Disk:Filesystem Size Used Avail Use% Mounted on /dev/mapper/sopvpyves--vg-root 39G 7.2G 30G 20% /#Load:loadaverage:2.04,#Network:Iface MTU Met RX-OK RX-ERR RX-DRP RX-OVR TX-OK TX-ERR TX-DRP TX-OVR Flg ens160 1500 0 371190492 0 3 0 335700361 0 0 0 BMRU #iostat:avg-cpu: %user %nice %system %iowait %steal %idle 70.64 0.00 0.50 0.02 0.00 28.83#iooperation:Device: tps kB_read/s kB_wrtn/s kB_read kB_wrtn sda 0.71 5.65 9.98 7586509 13396096 dm-0 1.27 5.61 9.92 7530523 13306976 dm-1 0.01 0.00 0.03 6334 34884#mpstat:02:50:58 PM CPU %usr %nice %sys %iowait %irq %soft %steal %guest %gnice %idle 02:50:58 PM all 70.64 0.00 0.25 0.02 0.00 0.25 0.00 0.00 0.00 28.83 02:50:58 PM 0 70.87 0.00 0.24 0.02 0.00 0.00 0.00 0.00 0.00 28.86 02:50:58 PM 1 70.42 0.00 0.26 0.02 0.00 0.49 0.00 0.00 0.00 28.81#vmstat:procs -----------memory---------- ---swap-- -----io---- -system-- ------cpu----- r b swpd free buff cache si so bi bo in cs us sy id wa st 2 0 34748 184184 192412 2559804 0 0 3 5 10 2 71 0 29 0 0
#date:Mon Jul 15 14:51:58 CEST 2019#hostname:10.214.220.100 #SWAP:Swap: 8.0G 33M 8.0G#RAM:Mem: 3.9G 1.1G 177M 22M 2.6G 2.5G#Disk:Filesystem Size Used Avail Use% Mounted on /dev/mapper/sopvpyves--vg-root 39G 7.2G 30G 20% /#Load:loadaverage:2.01,#Network:Iface MTU Met RX-OK RX-ERR RX-DRP RX-OVR TX-OK TX-ERR TX-DRP TX-OVR Flg ens160 1500 0 371192519 0 3 0 335701280 0 0 0 BMRU #iostat:avg-cpu: %user %nice %system %iowait %steal %idle 70.65 0.00 0.50 0.02 0.00 28.83#iooperation:Device: tps kB_read/s kB_wrtn/s kB_read kB_wrtn sda 0.71 5.65 9.98 7586509 13396660 dm-0 1.27 5.61 9.92 7530523 13307540 dm-1 0.01 0.00 0.03 6334 34884#mpstat:02:51:58 PM CPU %usr %nice %sys %iowait %irq %soft %steal %guest %gnice %idle 02:51:58 PM all 70.65 0.00 0.25 0.02 0.00 0.25 0.00 0.00 0.00 28.83 02:51:58 PM 0 70.87 0.00 0.24 0.02 0.00 0.00 0.00 0.00 0.00 28.86 02:51:58 PM 1 70.42 0.00 0.26 0.02 0.00 0.49 0.00 0.00 0.00 28.80#vmstat:procs -----------memory---------- ---swap-- -----io---- -system-- ------cpu----- r b swpd free buff cache si so bi bo in cs us sy id wa st 2 0 34748 182236 192444 2559920 0 0 3 5 10 2 71 0 29 0 0
#date:Mon Jul 15 14:52:58 CEST 2019#hostname:10.214.220.100 #SWAP:Swap: 8.0G 33M 8.0G#RAM:Mem: 3.9G 1.1G 177M 22M 2.6G 2.5G#Disk:Filesystem Size Used Avail Use% Mounted on /dev/mapper/sopvpyves--vg-root 39G 7.2G 30G 20% /#Load:loadaverage:2.04,#Network:Iface MTU Met RX-OK RX-ERR RX-DRP RX-OVR TX-OK TX-ERR TX-DRP TX-OVR Flg ens160 1500 0 371194425 0 3 0 335702220 0 0 0 BMRU #iostat:avg-cpu: %user %nice %system %iowait %steal %idle 70.65 0.00 0.50 0.02 0.00 28.83#iooperation:Device: tps kB_read/s kB_wrtn/s kB_read kB_wrtn sda 0.71 5.65 9.98 7586517 13397088 dm-0 1.27 5.61 9.91 7530531 13307968 dm-1 0.01 0.00 0.03 6334 34884#mpstat:02:52:59 PM CPU %usr %nice %sys %iowait %irq %soft %steal %guest %gnice %idle 02:52:59 PM all 70.65 0.00 0.25 0.02 0.00 0.25 0.00 0.00 0.00 28.83 02:52:59 PM 0 70.87 0.00 0.24 0.02 0.00 0.00 0.00 0.00 0.00 28.86 02:52:59 PM 1 70.42 0.00 0.26 0.02 0.00 0.49 0.00 0.00 0.00 28.80#vmstat:procs -----------memory---------- ---swap-- -----io---- -system-- ------cpu----- r b swpd free buff cache si so bi bo in cs us sy id wa st 3 0 34748 181712 192452 2560008 0 0 3 5 10 2 71 0 29 0 0
#date:Mon Jul 15 14:53:59 CEST 2019#hostname:10.214.220.100 #SWAP:Swap: 8.0G 33M 8.0G#RAM:Mem: 3.9G 1.1G 177M 22M 2.6G 2.5G#Disk:Filesystem Size Used Avail Use% Mounted on /dev/mapper/sopvpyves--vg-root 39G 7.2G 30G 20% /#Load:loadaverage:2.01,#Network:Iface MTU Met RX-OK RX-ERR RX-DRP RX-OVR TX-OK TX-ERR TX-DRP TX-OVR Flg ens160 1500 0 371196307 0 3 0 335703182 0 0 0 BMRU #iostat:avg-cpu: %user %nice %system %iowait %steal %idle 70.65 0.00 0.50 0.02 0.00 28.83#iooperation:Device: tps kB_read/s kB_wrtn/s kB_read kB_wrtn sda 0.71 5.65 9.98 7586517 13397536 dm-0 1.27 5.61 9.91 7530531 13308416 dm-1 0.01 0.00 0.03 6334 34884#mpstat:02:53:59 PM CPU %usr %nice %sys %iowait %irq %soft %steal %guest %gnice %idle 02:53:59 PM all 70.65 0.00 0.25 0.02 0.00 0.25 0.00 0.00 0.00 28.83 02:53:59 PM 0 70.87 0.00 0.24 0.02 0.00 0.00 0.00 0.00 0.00 28.86 02:53:59 PM 1 70.42 0.00 0.26 0.02 0.00 0.49 0.00 0.00 0.00 28.80#vmstat:procs -----------memory---------- ---swap-- -----io---- -system-- ------cpu----- r b swpd free buff cache si so bi bo in cs us sy id wa st 2 0 34748 181804 192464 2560012 0 0 3 5 10 2 71 0 29 0 0
#date:Mon Jul 15 14:54:59 CEST 2019#hostname:10.214.220.100 #SWAP:Swap: 8.0G 33M 8.0G#RAM:Mem: 3.9G 1.1G 177M 22M 2.6G 2.5G#Disk:Filesystem Size Used Avail Use% Mounted on /dev/mapper/sopvpyves--vg-root 39G 7.2G 30G 20% /#Load:loadaverage:2.00,#Network:Iface MTU Met RX-OK RX-ERR RX-DRP RX-OVR TX-OK TX-ERR TX-DRP TX-OVR Flg ens160 1500 0 371198190 0 3 0 335704075 0 0 0 BMRU #iostat:avg-cpu: %user %nice %system %iowait %steal %idle 70.65 0.00 0.50 0.02 0.00 28.83#iooperation:Device: tps kB_read/s kB_wrtn/s kB_read kB_wrtn sda 0.71 5.65 9.98 7586517 13397956 dm-0 1.27 5.61 9.91 7530531 13308836 dm-1 0.01 0.00 0.03 6334 34884#mpstat:02:54:59 PM CPU %usr %nice %sys %iowait %irq %soft %steal %guest %gnice %idle 02:54:59 PM all 70.65 0.00 0.25 0.02 0.00 0.25 0.00 0.00 0.00 28.83 02:54:59 PM 0 70.87 0.00 0.24 0.02 0.00 0.00 0.00 0.00 0.00 28.85 02:54:59 PM 1 70.43 0.00 0.26 0.02 0.00 0.49 0.00 0.00 0.00 28.80#vmstat:procs -----------memory---------- ---swap-- -----io---- -system-- ------cpu----- r b swpd free buff cache si so bi bo in cs us sy id wa st 2 0 34748 181916 192472 2560112 0 0 3 5 10 2 71 0 29 0 0
#date:Mon Jul 15 14:55:59 CEST 2019#hostname:10.214.220.100 #SWAP:Swap: 8.0G 33M 8.0G#RAM:Mem: 3.9G 1.1G 177M 22M 2.6G 2.5G#Disk:Filesystem Size Used Avail Use% Mounted on /dev/mapper/sopvpyves--vg-root 39G 7.2G 30G 20% /#Load:loadaverage:2.00,#Network:Iface MTU Met RX-OK RX-ERR RX-DRP RX-OVR TX-OK TX-ERR TX-DRP TX-OVR Flg ens160 1500 0 371200124 0 3 0 335704992 0 0 0 BMRU #iostat:avg-cpu: %user %nice %system %iowait %steal %idle 70.65 0.00 0.50 0.02 0.00 28.83#iooperation:Device: tps kB_read/s kB_wrtn/s kB_read kB_wrtn sda 0.71 5.65 9.98 7586517 13398696 dm-0 1.27 5.61 9.91 7530531 13309576 dm-1 0.01 0.00 0.03 6334 34884#mpstat:02:56:00 PM CPU %usr %nice %sys %iowait %irq %soft %steal %guest %gnice %idle 02:56:00 PM all 70.65 0.00 0.25 0.02 0.00 0.25 0.00 0.00 0.00 28.83 02:56:00 PM 0 70.87 0.00 0.24 0.02 0.00 0.00 0.00 0.00 0.00 28.85 02:56:00 PM 1 70.43 0.00 0.26 0.02 0.00 0.49 0.00 0.00 0.00 28.80#vmstat:procs -----------memory---------- ---swap-- -----io---- -system-- ------cpu----- r b swpd free buff cache si so bi bo in cs us sy id wa st 2 0 34748 181688 192480 2560196 0 0 3 5 10 2 71 0 29 0 0
#date:Mon Jul 15 14:57:00 CEST 2019#hostname:10.214.220.100 #SWAP:Swap: 8.0G 33M 8.0G#RAM:Mem: 3.9G 1.1G 177M 22M 2.6G 2.5G#Disk:Filesystem Size Used Avail Use% Mounted on /dev/mapper/sopvpyves--vg-root 39G 7.2G 30G 20% /#Load:loadaverage:2.08,#Network:Iface MTU Met RX-OK RX-ERR RX-DRP RX-OVR TX-OK TX-ERR TX-DRP TX-OVR Flg ens160 1500 0 371202147 0 3 0 335705946 0 0 0 BMRU #iostat:avg-cpu: %user %nice %system %iowait %steal %idle 70.65 0.00 0.50 0.02 0.00 28.82#iooperation:Device: tps kB_read/s kB_wrtn/s kB_read kB_wrtn sda 0.71 5.65 9.98 7586517 13399200 dm-0 1.27 5.61 9.91 7530531 13310080 dm-1 0.01 0.00 0.03 6334 34884#mpstat:02:57:00 PM CPU %usr %nice %sys %iowait %irq %soft %steal %guest %gnice %idle 02:57:00 PM all 70.65 0.00 0.25 0.02 0.00 0.25 0.00 0.00 0.00 28.82 02:57:00 PM 0 70.88 0.00 0.24 0.02 0.00 0.00 0.00 0.00 0.00 28.85 02:57:00 PM 1 70.43 0.00 0.26 0.02 0.00 0.49 0.00 0.00 0.00 28.80#vmstat:procs -----------memory---------- ---swap-- -----io---- -system-- ------cpu----- r b swpd free buff cache si so bi bo in cs us sy id wa st 2 0 34748 181904 192492 2560280 0 0 3 5 10 2 71 0 29 0 0
#date:Mon Jul 15 14:58:00 CEST 2019#hostname:10.214.220.100 #SWAP:Swap: 8.0G 33M 8.0G#RAM:Mem: 3.9G 1.1G 177M 22M 2.6G 2.5G#Disk:Filesystem Size Used Avail Use% Mounted on /dev/mapper/sopvpyves--vg-root 39G 7.2G 30G 20% /#Load:loadaverage:2.03,#Network:Iface MTU Met RX-OK RX-ERR RX-DRP RX-OVR TX-OK TX-ERR TX-DRP TX-OVR Flg ens160 1500 0 371203992 0 3 0 335706832 0 0 0 BMRU #iostat:avg-cpu: %user %nice %system %iowait %steal %idle 70.65 0.00 0.50 0.02 0.00 28.82#iooperation:Device: tps kB_read/s kB_wrtn/s kB_read kB_wrtn sda 0.71 5.65 9.98 7586517 13399608 dm-0 1.27 5.61 9.91 7530531 13310488 dm-1 0.01 0.00 0.03 6334 34884#mpstat:02:58:01 PM CPU %usr %nice %sys %iowait %irq %soft %steal %guest %gnice %idle 02:58:01 PM all 70.65 0.00 0.25 0.02 0.00 0.25 0.00 0.00 0.00 28.82 02:58:01 PM 0 70.88 0.00 0.24 0.02 0.00 0.00 0.00 0.00 0.00 28.85 02:58:01 PM 1 70.43 0.00 0.26 0.02 0.00 0.49 0.00 0.00 0.00 28.80#vmstat:procs -----------memory---------- ---swap-- -----io---- -system-- ------cpu----- r b swpd free buff cache si so bi bo in cs us sy id wa st 2 0 34748 181528 192520 2560416 0 0 3 5 10 2 71 0 29 0 0
#date:Mon Jul 15 14:59:01 CEST 2019#hostname:10.214.220.100 #SWAP:Swap: 8.0G 33M 8.0G#RAM:Mem: 3.9G 1.1G 177M 22M 2.6G 2.5G#Disk:Filesystem Size Used Avail Use% Mounted on /dev/mapper/sopvpyves--vg-root 39G 7.2G 30G 20% /#Load:loadaverage:2.01,#Network:Iface MTU Met RX-OK RX-ERR RX-DRP RX-OVR TX-OK TX-ERR TX-DRP TX-OVR Flg ens160 1500 0 371205912 0 3 0 335707947 0 0 0 BMRU #iostat:avg-cpu: %user %nice %system %iowait %steal %idle 70.65 0.00 0.50 0.02 0.00 28.82#iooperation:Device: tps kB_read/s kB_wrtn/s kB_read kB_wrtn sda 0.71 5.65 9.98 7586517 13400096 dm-0 1.27 5.61 9.91 7530531 13310976 dm-1 0.01 0.00 0.03 6334 34884#mpstat:02:59:01 PM CPU %usr %nice %sys %iowait %irq %soft %steal %guest %gnice %idle 02:59:01 PM all 70.65 0.00 0.25 0.02 0.00 0.25 0.00 0.00 0.00 28.82 02:59:01 PM 0 70.88 0.00 0.24 0.02 0.00 0.00 0.00 0.00 0.00 28.85 02:59:01 PM 1 70.43 0.00 0.26 0.02 0.00 0.49 0.00 0.00 0.00 28.80#vmstat:procs -----------memory---------- ---swap-- -----io---- -system-- ------cpu----- r b swpd free buff cache si so bi bo in cs us sy id wa st 2 0 34748 182004 192536 2560448 0 0 3 5 10 2 71 0 29 0 0
#date:Mon Jul 15 15:00:01 CEST 2019#hostname:10.214.220.100 #SWAP:Swap: 8.0G 33M 8.0G#RAM:Mem: 3.9G 1.1G 158M 22M 2.6G 2.4G#Disk:Filesystem Size Used Avail Use% Mounted on /dev/mapper/sopvpyves--vg-root 39G 7.2G 30G 20% /#Load:loadaverage:2.00,#Network:Iface MTU Met RX-OK RX-ERR RX-DRP RX-OVR TX-OK TX-ERR TX-DRP TX-OVR Flg ens160 1500 0 371207826 0 3 0 335708936 0 0 0 BMRU #iostat:avg-cpu: %user %nice %system %iowait %steal %idle 70.66 0.00 0.50 0.02 0.00 28.82#iooperation:Device: tps kB_read/s kB_wrtn/s kB_read kB_wrtn sda 0.71 5.65 9.98 7587881 13400568 dm-0 1.27 5.61 9.91 7531895 13311448 dm-1 0.01 0.00 0.03 6334 34884#mpstat:03:00:01 PM CPU %usr %nice %sys %iowait %irq %soft %steal %guest %gnice %idle 03:00:01 PM all 70.66 0.00 0.25 0.02 0.00 0.25 0.00 0.00 0.00 28.82 03:00:01 PM 0 70.88 0.00 0.24 0.02 0.00 0.00 0.00 0.00 0.00 28.85 03:00:01 PM 1 70.43 0.00 0.26 0.02 0.00 0.49 0.00 0.00 0.00 28.79#vmstat:procs -----------memory---------- ---swap-- -----io---- -system-- ------cpu----- r b swpd free buff cache si so bi bo in cs us sy id wa st 2 1 34748 153288 192556 2561792 0 0 3 5 10 2 71 0 29 0 0
#date:Mon Jul 15 15:01:01 CEST 2019#hostname:10.214.220.100 #SWAP:Swap: 8.0G 33M 8.0G#RAM:Mem: 3.9G 1.1G 165M 22M 2.6G 2.5G#Disk:Filesystem Size Used Avail Use% Mounted on /dev/mapper/sopvpyves--vg-root 39G 7.2G 30G 20% /#Load:loadaverage:2.12,#Network:Iface MTU Met RX-OK RX-ERR RX-DRP RX-OVR TX-OK TX-ERR TX-DRP TX-OVR Flg ens160 1500 0 371209841 0 3 0 335709845 0 0 0 BMRU #iostat:avg-cpu: %user %nice %system %iowait %steal %idle 70.66 0.00 0.50 0.02 0.00 28.82#iooperation:Device: tps kB_read/s kB_wrtn/s kB_read kB_wrtn sda 0.71 5.65 9.98 7592377 13402280 dm-0 1.27 5.61 9.92 7536331 13313160 dm-1 0.01 0.00 0.03 6354 34884#mpstat:03:01:02 PM CPU %usr %nice %sys %iowait %irq %soft %steal %guest %gnice %idle 03:01:02 PM all 70.66 0.00 0.25 0.02 0.00 0.25 0.00 0.00 0.00 28.82 03:01:02 PM 0 70.88 0.00 0.24 0.02 0.00 0.00 0.00 0.00 0.00 28.85 03:01:02 PM 1 70.43 0.00 0.26 0.02 0.00 0.49 0.00 0.00 0.00 28.79#vmstat:procs -----------memory---------- ---swap-- -----io---- -system-- ------cpu----- r b swpd free buff cache si so bi bo in cs us sy id wa st 2 0 34748 169640 192572 2571696 0 0 3 5 10 2 71 0 29 0 0
#date:Mon Jul 15 15:02:02 CEST 2019#hostname:10.214.220.100 #SWAP:Swap: 8.0G 33M 8.0G#RAM:Mem: 3.9G 1.1G 165M 22M 2.6G 2.5G#Disk:Filesystem Size Used Avail Use% Mounted on /dev/mapper/sopvpyves--vg-root 39G 7.2G 30G 20% /#Load:loadaverage:2.12,#Network:Iface MTU Met RX-OK RX-ERR RX-DRP RX-OVR TX-OK TX-ERR TX-DRP TX-OVR Flg ens160 1500 0 371211779 0 3 0 335710689 0 0 0 BMRU #iostat:avg-cpu: %user %nice %system %iowait %steal %idle 70.66 0.00 0.50 0.02 0.00 28.82#iooperation:Device: tps kB_read/s kB_wrtn/s kB_read kB_wrtn sda 0.71 5.65 9.98 7592377 13402748 dm-0 1.27 5.61 9.92 7536331 13313628 dm-1 0.01 0.00 0.03 6354 34884#mpstat:03:02:02 PM CPU %usr %nice %sys %iowait %irq %soft %steal %guest %gnice %idle 03:02:02 PM all 70.66 0.00 0.25 0.02 0.00 0.25 0.00 0.00 0.00 28.82 03:02:02 PM 0 70.88 0.00 0.24 0.02 0.00 0.00 0.00 0.00 0.00 28.85 03:02:02 PM 1 70.43 0.00 0.26 0.02 0.00 0.49 0.00 0.00 0.00 28.79#vmstat:procs -----------memory---------- ---swap-- -----io---- -system-- ------cpu----- r b swpd free buff cache si so bi bo in cs us sy id wa st 2 0 34748 169736 192588 2571720 0 0 3 5 10 2 71 0 29 0 0
#date:Mon Jul 15 15:03:02 CEST 2019#hostname:10.214.220.100 #SWAP:Swap: 8.0G 33M 8.0G#RAM:Mem: 3.9G 1.1G 165M 22M 2.6G 2.5G#Disk:Filesystem Size Used Avail Use% Mounted on /dev/mapper/sopvpyves--vg-root 39G 7.2G 30G 20% /#Load:loadaverage:2.04,#Network:Iface MTU Met RX-OK RX-ERR RX-DRP RX-OVR TX-OK TX-ERR TX-DRP TX-OVR Flg ens160 1500 0 371213649 0 3 0 335711599 0 0 0 BMRU #iostat:avg-cpu: %user %nice %system %iowait %steal %idle 70.66 0.00 0.50 0.02 0.00 28.82#iooperation:Device: tps kB_read/s kB_wrtn/s kB_read kB_wrtn sda 0.71 5.65 9.98 7592377 13403272 dm-0 1.27 5.61 9.92 7536331 13314152 dm-1 0.01 0.00 0.03 6354 34884#mpstat:03:03:03 PM CPU %usr %nice %sys %iowait %irq %soft %steal %guest %gnice %idle 03:03:03 PM all 70.66 0.00 0.25 0.02 0.00 0.25 0.00 0.00 0.00 28.82 03:03:03 PM 0 70.88 0.00 0.24 0.02 0.00 0.00 0.00 0.00 0.00 28.84 03:03:03 PM 1 70.44 0.00 0.26 0.02 0.00 0.49 0.00 0.00 0.00 28.79#vmstat:procs -----------memory---------- ---swap-- -----io---- -system-- ------cpu----- r b swpd free buff cache si so bi bo in cs us sy id wa st 2 0 34748 169424 192608 2571904 0 0 3 5 10 2 71 0 29 0 0
#date:Mon Jul 15 15:04:03 CEST 2019#hostname:10.214.220.100 #SWAP:Swap: 8.0G 33M 8.0G#RAM:Mem: 3.9G 1.1G 165M 22M 2.6G 2.5G#Disk:Filesystem Size Used Avail Use% Mounted on /dev/mapper/sopvpyves--vg-root 39G 7.2G 30G 20% /#Load:loadaverage:2.13,#Network:Iface MTU Met RX-OK RX-ERR RX-DRP RX-OVR TX-OK TX-ERR TX-DRP TX-OVR Flg ens160 1500 0 371215505 0 3 0 335712510 0 0 0 BMRU #iostat:avg-cpu: %user %nice %system %iowait %steal %idle 70.66 0.00 0.50 0.02 0.00 28.82#iooperation:Device: tps kB_read/s kB_wrtn/s kB_read kB_wrtn sda 0.71 5.65 9.98 7592377 13403760 dm-0 1.27 5.61 9.91 7536331 13314640 dm-1 0.01 0.00 0.03 6354 34884#mpstat:03:04:03 PM CPU %usr %nice %sys %iowait %irq %soft %steal %guest %gnice %idle 03:04:03 PM all 70.66 0.00 0.25 0.02 0.00 0.25 0.00 0.00 0.00 28.82 03:04:03 PM 0 70.88 0.00 0.24 0.02 0.00 0.00 0.00 0.00 0.00 28.84 03:04:03 PM 1 70.44 0.00 0.26 0.02 0.00 0.49 0.00 0.00 0.00 28.79#vmstat:procs -----------memory---------- ---swap-- -----io---- -system-- ------cpu----- r b swpd free buff cache si so bi bo in cs us sy id wa st 2 0 34748 168576 192632 2571980 0 0 3 5 10 3 71 0 29 0 0
#date:Mon Jul 15 15:05:03 CEST 2019#hostname:10.214.220.100 #SWAP:Swap: 8.0G 33M 8.0G#RAM:Mem: 3.9G 1.1G 164M 22M 2.6G 2.5G#Disk:Filesystem Size Used Avail Use% Mounted on /dev/mapper/sopvpyves--vg-root 39G 7.2G 30G 20% /#Load:loadaverage:2.04,#Network:Iface MTU Met RX-OK RX-ERR RX-DRP RX-OVR TX-OK TX-ERR TX-DRP TX-OVR Flg ens160 1500 0 371217394 0 3 0 335713368 0 0 0 BMRU #iostat:avg-cpu: %user %nice %system %iowait %steal %idle 70.66 0.00 0.50 0.02 0.00 28.81#iooperation:Device: tps kB_read/s kB_wrtn/s kB_read kB_wrtn sda 0.71 5.65 9.98 7592377 13404420 dm-0 1.27 5.61 9.92 7536331 13315300 dm-1 0.01 0.00 0.03 6354 34884#mpstat:03:05:03 PM CPU %usr %nice %sys %iowait %irq %soft %steal %guest %gnice %idle 03:05:03 PM all 70.66 0.00 0.25 0.02 0.00 0.25 0.00 0.00 0.00 28.81 03:05:03 PM 0 70.89 0.00 0.24 0.02 0.00 0.00 0.00 0.00 0.00 28.84 03:05:03 PM 1 70.44 0.00 0.26 0.02 0.00 0.49 0.00 0.00 0.00 28.79#vmstat:procs -----------memory---------- ---swap-- -----io---- -system-- ------cpu----- r b swpd free buff cache si so bi bo in cs us sy id wa st 2 0 34748 168580 192656 2572040 0 0 3 5 10 3 71 0 29 0 0
#date:Mon Jul 15 15:06:03 CEST 2019#hostname:10.214.220.100 #SWAP:Swap: 8.0G 33M 8.0G#RAM:Mem: 3.9G 1.1G 164M 22M 2.6G 2.5G#Disk:Filesystem Size Used Avail Use% Mounted on /dev/mapper/sopvpyves--vg-root 39G 7.2G 30G 20% /#Load:loadaverage:2.01,#Network:Iface MTU Met RX-OK RX-ERR RX-DRP RX-OVR TX-OK TX-ERR TX-DRP TX-OVR Flg ens160 1500 0 371219283 0 3 0 335714351 0 0 0 BMRU #iostat:avg-cpu: %user %nice %system %iowait %steal %idle 70.66 0.00 0.50 0.02 0.00 28.81#iooperation:Device: tps kB_read/s kB_wrtn/s kB_read kB_wrtn sda 0.71 5.65 9.98 7592377 13405024 dm-0 1.27 5.61 9.92 7536331 13315904 dm-1 0.01 0.00 0.03 6354 34884#mpstat:03:06:04 PM CPU %usr %nice %sys %iowait %irq %soft %steal %guest %gnice %idle 03:06:04 PM all 70.66 0.00 0.25 0.02 0.00 0.25 0.00 0.00 0.00 28.81 03:06:04 PM 0 70.89 0.00 0.24 0.02 0.00 0.00 0.00 0.00 0.00 28.84 03:06:04 PM 1 70.44 0.00 0.26 0.02 0.00 0.49 0.00 0.00 0.00 28.79#vmstat:procs -----------memory---------- ---swap-- -----io---- -system-- ------cpu----- r b swpd free buff cache si so bi bo in cs us sy id wa st 2 0 34748 168668 192676 2572108 0 0 3 5 10 3 71 0 29 0 0
#date:Mon Jul 15 15:07:04 CEST 2019#hostname:10.214.220.100 #SWAP:Swap: 8.0G 33M 8.0G#RAM:Mem: 3.9G 1.1G 165M 22M 2.6G 2.5G#Disk:Filesystem Size Used Avail Use% Mounted on /dev/mapper/sopvpyves--vg-root 39G 7.2G 30G 20% /#Load:loadaverage:2.05,#Network:Iface MTU Met RX-OK RX-ERR RX-DRP RX-OVR TX-OK TX-ERR TX-DRP TX-OVR Flg ens160 1500 0 371221215 0 3 0 335715250 0 0 0 BMRU #iostat:avg-cpu: %user %nice %system %iowait %steal %idle 70.66 0.00 0.50 0.02 0.00 28.81#iooperation:Device: tps kB_read/s kB_wrtn/s kB_read kB_wrtn sda 0.71 5.65 9.98 7592377 13405560 dm-0 1.27 5.61 9.91 7536331 13316440 dm-1 0.01 0.00 0.03 6354 34884#mpstat:03:07:04 PM CPU %usr %nice %sys %iowait %irq %soft %steal %guest %gnice %idle 03:07:04 PM all 70.66 0.00 0.25 0.02 0.00 0.25 0.00 0.00 0.00 28.81 03:07:04 PM 0 70.89 0.00 0.24 0.02 0.00 0.00 0.00 0.00 0.00 28.84 03:07:04 PM 1 70.44 0.00 0.26 0.02 0.00 0.49 0.00 0.00 0.00 28.79#vmstat:procs -----------memory---------- ---swap-- -----io---- -system-- ------cpu----- r b swpd free buff cache si so bi bo in cs us sy id wa st 2 0 34748 168960 192704 2572220 0 0 3 5 10 3 71 0 29 0 0
#date:Mon Jul 15 15:08:04 CEST 2019#hostname:10.214.220.100 #SWAP:Swap: 8.0G 33M 8.0G#RAM:Mem: 3.9G 1.1G 164M 22M 2.6G 2.5G#Disk:Filesystem Size Used Avail Use% Mounted on /dev/mapper/sopvpyves--vg-root 39G 7.2G 30G 20% /#Load:loadaverage:2.07,#Network:Iface MTU Met RX-OK RX-ERR RX-DRP RX-OVR TX-OK TX-ERR TX-DRP TX-OVR Flg ens160 1500 0 371223182 0 3 0 335716139 0 0 0 BMRU #iostat:avg-cpu: %user %nice %system %iowait %steal %idle 70.67 0.00 0.50 0.02 0.00 28.81#iooperation:Device: tps kB_read/s kB_wrtn/s kB_read kB_wrtn sda 0.71 5.65 9.98 7592385 13406020 dm-0 1.27 5.61 9.91 7536339 13316900 dm-1 0.01 0.00 0.03 6354 34884#mpstat:03:08:05 PM CPU %usr %nice %sys %iowait %irq %soft %steal %guest %gnice %idle 03:08:05 PM all 70.67 0.00 0.25 0.02 0.00 0.25 0.00 0.00 0.00 28.81 03:08:05 PM 0 70.89 0.00 0.24 0.02 0.00 0.00 0.00 0.00 0.00 28.84 03:08:05 PM 1 70.44 0.00 0.26 0.02 0.00 0.49 0.00 0.00 0.00 28.78#vmstat:procs -----------memory---------- ---swap-- -----io---- -system-- ------cpu----- r b swpd free buff cache si so bi bo in cs us sy id wa st 2 0 34748 168432 192732 2572340 0 0 3 5 10 3 71 0 29 0 0
#date:Mon Jul 15 15:09:05 CEST 2019#hostname:10.214.220.100 #SWAP:Swap: 8.0G 33M 8.0G#RAM:Mem: 3.9G 1.1G 164M 22M 2.6G 2.5G#Disk:Filesystem Size Used Avail Use% Mounted on /dev/mapper/sopvpyves--vg-root 39G 7.2G 30G 20% /#Load:loadaverage:2.02,#Network:Iface MTU Met RX-OK RX-ERR RX-DRP RX-OVR TX-OK TX-ERR TX-DRP TX-OVR Flg ens160 1500 0 371225268 0 3 0 335717194 0 0 0 BMRU #iostat:avg-cpu: %user %nice %system %iowait %steal %idle 70.67 0.00 0.50 0.02 0.00 28.81#iooperation:Device: tps kB_read/s kB_wrtn/s kB_read kB_wrtn sda 0.71 5.65 9.98 7592385 13406568 dm-0 1.27 5.61 9.91 7536339 13317448 dm-1 0.01 0.00 0.03 6354 34884#mpstat:03:09:05 PM CPU %usr %nice %sys %iowait %irq %soft %steal %guest %gnice %idle 03:09:05 PM all 70.67 0.00 0.25 0.02 0.00 0.25 0.00 0.00 0.00 28.81 03:09:05 PM 0 70.89 0.00 0.24 0.02 0.00 0.00 0.00 0.00 0.00 28.84 03:09:05 PM 1 70.44 0.00 0.26 0.02 0.00 0.49 0.00 0.00 0.00 28.78#vmstat:procs -----------memory---------- ---swap-- -----io---- -system-- ------cpu----- r b swpd free buff cache si so bi bo in cs us sy id wa st 2 0 34748 167668 192748 2572416 0 0 3 5 10 3 71 0 29 0 0
#date:Mon Jul 15 15:10:05 CEST 2019#hostname:10.214.220.100 #SWAP:Swap: 8.0G 33M 8.0G#RAM:Mem: 3.9G 1.1G 163M 22M 2.6G 2.5G#Disk:Filesystem Size Used Avail Use% Mounted on /dev/mapper/sopvpyves--vg-root 39G 7.2G 30G 20% /#Load:loadaverage:2.07,#Network:Iface MTU Met RX-OK RX-ERR RX-DRP RX-OVR TX-OK TX-ERR TX-DRP TX-OVR Flg ens160 1500 0 371227228 0 3 0 335718073 0 0 0 BMRU #iostat:avg-cpu: %user %nice %system %iowait %steal %idle 70.67 0.00 0.50 0.02 0.00 28.81#iooperation:Device: tps kB_read/s kB_wrtn/s kB_read kB_wrtn sda 0.71 5.65 9.98 7592385 13407120 dm-0 1.27 5.61 9.91 7536339 13318000 dm-1 0.01 0.00 0.03 6354 34884#mpstat:03:10:05 PM CPU %usr %nice %sys %iowait %irq %soft %steal %guest %gnice %idle 03:10:05 PM all 70.67 0.00 0.25 0.02 0.00 0.25 0.00 0.00 0.00 28.81 03:10:05 PM 0 70.89 0.00 0.24 0.02 0.00 0.00 0.00 0.00 0.00 28.84 03:10:05 PM 1 70.44 0.00 0.26 0.02 0.00 0.49 0.00 0.00 0.00 28.78#vmstat:procs -----------memory---------- ---swap-- -----io---- -system-- ------cpu----- r b swpd free buff cache si so bi bo in cs us sy id wa st 2 0 34748 167276 192760 2572480 0 0 3 5 10 3 71 0 29 0 0
#date:Mon Jul 15 15:11:05 CEST 2019#hostname:10.214.220.100 #SWAP:Swap: 8.0G 33M 8.0G#RAM:Mem: 3.9G 1.1G 163M 22M 2.6G 2.5G#Disk:Filesystem Size Used Avail Use% Mounted on /dev/mapper/sopvpyves--vg-root 39G 7.2G 30G 20% /#Load:loadaverage:2.02,#Network:Iface MTU Met RX-OK RX-ERR RX-DRP RX-OVR TX-OK TX-ERR TX-DRP TX-OVR Flg ens160 1500 0 371229404 0 3 0 335718981 0 0 0 BMRU #iostat:avg-cpu: %user %nice %system %iowait %steal %idle 70.67 0.00 0.50 0.02 0.00 28.81#iooperation:Device: tps kB_read/s kB_wrtn/s kB_read kB_wrtn sda 0.71 5.65 9.98 7592385 13407532 dm-0 1.27 5.61 9.91 7536339 13318412 dm-1 0.01 0.00 0.03 6354 34884#mpstat:03:11:06 PM CPU %usr %nice %sys %iowait %irq %soft %steal %guest %gnice %idle 03:11:06 PM all 70.67 0.00 0.25 0.02 0.00 0.25 0.00 0.00 0.00 28.81 03:11:06 PM 0 70.89 0.00 0.24 0.02 0.00 0.00 0.00 0.00 0.00 28.83 03:11:06 PM 1 70.45 0.00 0.26 0.02 0.00 0.49 0.00 0.00 0.00 28.78#vmstat:procs -----------memory---------- ---swap-- -----io---- -system-- ------cpu----- r b swpd free buff cache si so bi bo in cs us sy id wa st 2 0 34748 167256 192780 2572564 0 0 3 5 10 3 71 0 29 0 0
#date:Mon Jul 15 15:12:06 CEST 2019#hostname:10.214.220.100 #SWAP:Swap: 8.0G 33M 8.0G#RAM:Mem: 3.9G 1.1G 163M 22M 2.6G 2.5G#Disk:Filesystem Size Used Avail Use% Mounted on /dev/mapper/sopvpyves--vg-root 39G 7.2G 30G 20% /#Load:loadaverage:2.01,#Network:Iface MTU Met RX-OK RX-ERR RX-DRP RX-OVR TX-OK TX-ERR TX-DRP TX-OVR Flg ens160 1500 0 371231495 0 3 0 335719969 0 0 0 BMRU #iostat:avg-cpu: %user %nice %system %iowait %steal %idle 70.67 0.00 0.50 0.02 0.00 28.81#iooperation:Device: tps kB_read/s kB_wrtn/s kB_read kB_wrtn sda 0.71 5.65 9.98 7592385 13408108 dm-0 1.27 5.61 9.91 7536339 13318988 dm-1 0.01 0.00 0.03 6354 34884#mpstat:03:12:06 PM CPU %usr %nice %sys %iowait %irq %soft %steal %guest %gnice %idle 03:12:06 PM all 70.67 0.00 0.25 0.02 0.00 0.25 0.00 0.00 0.00 28.81 03:12:06 PM 0 70.89 0.00 0.24 0.02 0.00 0.00 0.00 0.00 0.00 28.83 03:12:06 PM 1 70.45 0.00 0.26 0.02 0.00 0.49 0.00 0.00 0.00 28.78#vmstat:procs -----------memory---------- ---swap-- -----io---- -system-- ------cpu----- r b swpd free buff cache si so bi bo in cs us sy id wa st 2 0 34748 165696 192792 2572628 0 0 3 5 10 3 71 0 29 0 0
#date:Mon Jul 15 15:13:06 CEST 2019#hostname:10.214.220.100 #SWAP:Swap: 8.0G 33M 8.0G#RAM:Mem: 3.9G 1.1G 162M 22M 2.6G 2.5G#Disk:Filesystem Size Used Avail Use% Mounted on /dev/mapper/sopvpyves--vg-root 39G 7.2G 30G 20% /#Load:loadaverage:2.05,#Network:Iface MTU Met RX-OK RX-ERR RX-DRP RX-OVR TX-OK TX-ERR TX-DRP TX-OVR Flg ens160 1500 0 371233408 0 3 0 335720820 0 0 0 BMRU #iostat:avg-cpu: %user %nice %system %iowait %steal %idle 70.67 0.00 0.50 0.02 0.00 28.80#iooperation:Device: tps kB_read/s kB_wrtn/s kB_read kB_wrtn sda 0.71 5.65 9.98 7592385 13408480 dm-0 1.27 5.61 9.91 7536339 13319360 dm-1 0.01 0.00 0.03 6354 34884#mpstat:03:13:06 PM CPU %usr %nice %sys %iowait %irq %soft %steal %guest %gnice %idle 03:13:06 PM all 70.67 0.00 0.25 0.02 0.00 0.25 0.00 0.00 0.00 28.80 03:13:06 PM 0 70.90 0.00 0.24 0.02 0.00 0.00 0.00 0.00 0.00 28.83 03:13:06 PM 1 70.45 0.00 0.26 0.02 0.00 0.49 0.00 0.00 0.00 28.78#vmstat:procs -----------memory---------- ---swap-- -----io---- -system-- ------cpu----- r b swpd free buff cache si so bi bo in cs us sy id wa st 2 0 34748 166884 192808 2572684 0 0 3 5 10 3 71 0 29 0 0
#date:Mon Jul 15 15:14:06 CEST 2019#hostname:10.214.220.100 #SWAP:Swap: 8.0G 33M 8.0G#RAM:Mem: 3.9G 1.1G 162M 22M 2.6G 2.5G#Disk:Filesystem Size Used Avail Use% Mounted on /dev/mapper/sopvpyves--vg-root 39G 7.2G 30G 20% /#Load:loadaverage:2.02,#Network:Iface MTU Met RX-OK RX-ERR RX-DRP RX-OVR TX-OK TX-ERR TX-DRP TX-OVR Flg ens160 1500 0 371235334 0 3 0 335721691 0 0 0 BMRU #iostat:avg-cpu: %user %nice %system %iowait %steal %idle 70.67 0.00 0.50 0.02 0.00 28.80#iooperation:Device: tps kB_read/s kB_wrtn/s kB_read kB_wrtn sda 0.71 5.65 9.98 7592385 13408956 dm-0 1.27 5.61 9.91 7536339 13319836 dm-1 0.01 0.00 0.03 6354 34884#mpstat:03:14:07 PM CPU %usr %nice %sys %iowait %irq %soft %steal %guest %gnice %idle 03:14:07 PM all 70.67 0.00 0.25 0.02 0.00 0.25 0.00 0.00 0.00 28.80 03:14:07 PM 0 70.90 0.00 0.24 0.02 0.00 0.00 0.00 0.00 0.00 28.83 03:14:07 PM 1 70.45 0.00 0.26 0.02 0.00 0.49 0.00 0.00 0.00 28.78#vmstat:procs -----------memory---------- ---swap-- -----io---- -system-- ------cpu----- r b swpd free buff cache si so bi bo in cs us sy id wa st 2 0 34748 166712 192832 2572760 0 0 3 5 10 3 71 0 29 0 0
#date:Mon Jul 15 15:15:07 CEST 2019#hostname:10.214.220.100 #SWAP:Swap: 8.0G 33M 8.0G#RAM:Mem: 3.9G 1.1G 162M 22M 2.6G 2.5G#Disk:Filesystem Size Used Avail Use% Mounted on /dev/mapper/sopvpyves--vg-root 39G 7.2G 30G 20% /#Load:loadaverage:2.06,#Network:Iface MTU Met RX-OK RX-ERR RX-DRP RX-OVR TX-OK TX-ERR TX-DRP TX-OVR Flg ens160 1500 0 371237404 0 3 0 335722580 0 0 0 BMRU #iostat:avg-cpu: %user %nice %system %iowait %steal %idle 70.67 0.00 0.50 0.02 0.00 28.80#iooperation:Device: tps kB_read/s kB_wrtn/s kB_read kB_wrtn sda 0.71 5.65 9.98 7592385 13409424 dm-0 1.27 5.61 9.91 7536339 13320304 dm-1 0.01 0.00 0.03 6354 34884#mpstat:03:15:07 PM CPU %usr %nice %sys %iowait %irq %soft %steal %guest %gnice %idle 03:15:07 PM all 70.67 0.00 0.25 0.02 0.00 0.25 0.00 0.00 0.00 28.80 03:15:07 PM 0 70.90 0.00 0.24 0.02 0.00 0.00 0.00 0.00 0.00 28.83 03:15:07 PM 1 70.45 0.00 0.26 0.02 0.00 0.49 0.00 0.00 0.00 28.77#vmstat:procs -----------memory---------- ---swap-- -----io---- -system-- ------cpu----- r b swpd free buff cache si so bi bo in cs us sy id wa st 2 0 34748 166152 192848 2572820 0 0 3 5 10 3 71 0 29 0 0
#date:Mon Jul 15 15:16:07 CEST 2019#hostname:10.214.220.100 #SWAP:Swap: 8.0G 33M 8.0G#RAM:Mem: 3.9G 1.1G 162M 22M 2.6G 2.5G#Disk:Filesystem Size Used Avail Use% Mounted on /dev/mapper/sopvpyves--vg-root 39G 7.2G 30G 20% /#Load:loadaverage:2.02,#Network:Iface MTU Met RX-OK RX-ERR RX-DRP RX-OVR TX-OK TX-ERR TX-DRP TX-OVR Flg ens160 1500 0 371239447 0 3 0 335723404 0 0 0 BMRU #iostat:avg-cpu: %user %nice %system %iowait %steal %idle 70.68 0.00 0.50 0.02 0.00 28.80#iooperation:Device: tps kB_read/s kB_wrtn/s kB_read kB_wrtn sda 0.71 5.65 9.98 7592385 13409824 dm-0 1.27 5.61 9.91 7536339 13320704 dm-1 0.01 0.00 0.03 6354 34884#mpstat:03:16:08 PM CPU %usr %nice %sys %iowait %irq %soft %steal %guest %gnice %idle 03:16:08 PM all 70.68 0.00 0.25 0.02 0.00 0.25 0.00 0.00 0.00 28.80 03:16:08 PM 0 70.90 0.00 0.24 0.02 0.00 0.00 0.00 0.00 0.00 28.83 03:16:08 PM 1 70.45 0.00 0.26 0.02 0.00 0.49 0.00 0.00 0.00 28.77#vmstat:procs -----------memory---------- ---swap-- -----io---- -system-- ------cpu----- r b swpd free buff cache si so bi bo in cs us sy id wa st 2 0 34748 166360 192868 2572860 0 0 3 5 10 3 71 0 29 0 0
#date:Mon Jul 15 15:17:08 CEST 2019#hostname:10.214.220.100 #SWAP:Swap: 8.0G 33M 8.0G#RAM:Mem: 3.9G 1.1G 161M 22M 2.6G 2.5G#Disk:Filesystem Size Used Avail Use% Mounted on /dev/mapper/sopvpyves--vg-root 39G 7.2G 30G 20% /#Load:loadaverage:2.03,#Network:Iface MTU Met RX-OK RX-ERR RX-DRP RX-OVR TX-OK TX-ERR TX-DRP TX-OVR Flg ens160 1500 0 371241342 0 3 0 335724328 0 0 0 BMRU #iostat:avg-cpu: %user %nice %system %iowait %steal %idle 70.68 0.00 0.50 0.02 0.00 28.80#iooperation:Device: tps kB_read/s kB_wrtn/s kB_read kB_wrtn sda 0.71 5.65 9.98 7592385 13410428 dm-0 1.27 5.61 9.91 7536339 13321308 dm-1 0.01 0.00 0.03 6354 34884#mpstat:03:17:08 PM CPU %usr %nice %sys %iowait %irq %soft %steal %guest %gnice %idle 03:17:08 PM all 70.68 0.00 0.25 0.02 0.00 0.25 0.00 0.00 0.00 28.80 03:17:08 PM 0 70.90 0.00 0.24 0.02 0.00 0.00 0.00 0.00 0.00 28.83 03:17:08 PM 1 70.45 0.00 0.26 0.02 0.00 0.49 0.00 0.00 0.00 28.77#vmstat:procs -----------memory---------- ---swap-- -----io---- -system-- ------cpu----- r b swpd free buff cache si so bi bo in cs us sy id wa st 2 0 34748 165528 192896 2572788 0 0 3 5 10 3 71 0 29 0 0
#date:Mon Jul 15 15:18:08 CEST 2019#hostname:10.214.220.100 #SWAP:Swap: 8.0G 33M 8.0G#RAM:Mem: 3.9G 1.1G 161M 22M 2.6G 2.5G#Disk:Filesystem Size Used Avail Use% Mounted on /dev/mapper/sopvpyves--vg-root 39G 7.2G 30G 20% /#Load:loadaverage:2.01,#Network:Iface MTU Met RX-OK RX-ERR RX-DRP RX-OVR TX-OK TX-ERR TX-DRP TX-OVR Flg ens160 1500 0 371243255 0 3 0 335725164 0 0 0 BMRU #iostat:avg-cpu: %user %nice %system %iowait %steal %idle 70.68 0.00 0.50 0.02 0.00 28.80#iooperation:Device: tps kB_read/s kB_wrtn/s kB_read kB_wrtn sda 0.71 5.65 9.98 7592385 13410924 dm-0 1.27 5.61 9.91 7536339 13321804 dm-1 0.01 0.00 0.03 6354 34884#mpstat:03:18:08 PM CPU %usr %nice %sys %iowait %irq %soft %steal %guest %gnice %idle 03:18:08 PM all 70.68 0.00 0.25 0.02 0.00 0.25 0.00 0.00 0.00 28.80 03:18:08 PM 0 70.90 0.00 0.24 0.02 0.00 0.00 0.00 0.00 0.00 28.83 03:18:08 PM 1 70.46 0.00 0.26 0.02 0.00 0.49 0.00 0.00 0.00 28.77#vmstat:procs -----------memory---------- ---swap-- -----io---- -system-- ------cpu----- r b swpd free buff cache si so bi bo in cs us sy id wa st 2 0 34748 164928 192916 2572828 0 0 3 5 10 3 71 0 29 0 0
#date:Mon Jul 15 15:19:08 CEST 2019#hostname:10.214.220.100 #SWAP:Swap: 8.0G 33M 8.0G#RAM:Mem: 3.9G 1.1G 161M 22M 2.6G 2.5G#Disk:Filesystem Size Used Avail Use% Mounted on /dev/mapper/sopvpyves--vg-root 39G 7.2G 30G 20% /#Load:loadaverage:2.00,#Network:Iface MTU Met RX-OK RX-ERR RX-DRP RX-OVR TX-OK TX-ERR TX-DRP TX-OVR Flg ens160 1500 0 371245259 0 3 0 335726046 0 0 0 BMRU #iostat:avg-cpu: %user %nice %system %iowait %steal %idle 70.68 0.00 0.50 0.02 0.00 28.80#iooperation:Device: tps kB_read/s kB_wrtn/s kB_read kB_wrtn sda 0.71 5.65 9.98 7592385 13411360 dm-0 1.27 5.61 9.91 7536339 13322240 dm-1 0.01 0.00 0.03 6354 34884#mpstat:03:19:09 PM CPU %usr %nice %sys %iowait %irq %soft %steal %guest %gnice %idle 03:19:09 PM all 70.68 0.00 0.25 0.02 0.00 0.25 0.00 0.00 0.00 28.80 03:19:09 PM 0 70.90 0.00 0.24 0.02 0.00 0.00 0.00 0.00 0.00 28.82 03:19:09 PM 1 70.46 0.00 0.26 0.02 0.00 0.49 0.00 0.00 0.00 28.77#vmstat:procs -----------memory---------- ---swap-- -----io---- -system-- ------cpu----- r b swpd free buff cache si so bi bo in cs us sy id wa st 2 0 34748 165988 192936 2572908 0 0 3 5 10 3 71 0 29 0 0
#date:Mon Jul 15 15:20:09 CEST 2019#hostname:10.214.220.100 #SWAP:Swap: 8.0G 33M 8.0G#RAM:Mem: 3.9G 1.1G 161M 22M 2.6G 2.5G#Disk:Filesystem Size Used Avail Use% Mounted on /dev/mapper/sopvpyves--vg-root 39G 7.2G 30G 20% /#Load:loadaverage:2.07,#Network:Iface MTU Met RX-OK RX-ERR RX-DRP RX-OVR TX-OK TX-ERR TX-DRP TX-OVR Flg ens160 1500 0 371247332 0 3 0 335726821 0 0 0 BMRU #iostat:avg-cpu: %user %nice %system %iowait %steal %idle 70.68 0.00 0.50 0.02 0.00 28.80#iooperation:Device: tps kB_read/s kB_wrtn/s kB_read kB_wrtn sda 0.71 5.65 9.98 7592385 13411744 dm-0 1.27 5.61 9.91 7536339 13322624 dm-1 0.01 0.00 0.03 6354 34884#mpstat:03:20:09 PM CPU %usr %nice %sys %iowait %irq %soft %steal %guest %gnice %idle 03:20:09 PM all 70.68 0.00 0.25 0.02 0.00 0.25 0.00 0.00 0.00 28.80 03:20:09 PM 0 70.90 0.00 0.24 0.02 0.00 0.00 0.00 0.00 0.00 28.82 03:20:09 PM 1 70.46 0.00 0.26 0.02 0.00 0.49 0.00 0.00 0.00 28.77#vmstat:procs -----------memory---------- ---swap-- -----io---- -system-- ------cpu----- r b swpd free buff cache si so bi bo in cs us sy id wa st 2 0 34748 164972 192956 2572968 0 0 3 5 10 3 71 0 29 0 0
#date:Mon Jul 15 15:21:09 CEST 2019#hostname:10.214.220.100 #SWAP:Swap: 8.0G 33M 8.0G#RAM:Mem: 3.9G 1.1G 160M 22M 2.6G 2.5G#Disk:Filesystem Size Used Avail Use% Mounted on /dev/mapper/sopvpyves--vg-root 39G 7.2G 30G 20% /#Load:loadaverage:2.14,#Network:Iface MTU Met RX-OK RX-ERR RX-DRP RX-OVR TX-OK TX-ERR TX-DRP TX-OVR Flg ens160 1500 0 371249256 0 3 0 335727636 0 0 0 BMRU #iostat:avg-cpu: %user %nice %system %iowait %steal %idle 70.68 0.00 0.50 0.02 0.00 28.79#iooperation:Device: tps kB_read/s kB_wrtn/s kB_read kB_wrtn sda 0.71 5.65 9.98 7592385 13412240 dm-0 1.27 5.61 9.91 7536339 13323120 dm-1 0.01 0.00 0.03 6354 34884#mpstat:03:21:09 PM CPU %usr %nice %sys %iowait %irq %soft %steal %guest %gnice %idle 03:21:09 PM all 70.68 0.00 0.25 0.02 0.00 0.25 0.00 0.00 0.00 28.79 03:21:09 PM 0 70.91 0.00 0.24 0.02 0.00 0.00 0.00 0.00 0.00 28.82 03:21:09 PM 1 70.46 0.00 0.26 0.02 0.00 0.49 0.00 0.00 0.00 28.77#vmstat:procs -----------memory---------- ---swap-- -----io---- -system-- ------cpu----- r b swpd free buff cache si so bi bo in cs us sy id wa st 2 0 34748 165008 192988 2573116 0 0 3 5 10 3 71 0 29 0 0
#date:Mon Jul 15 15:22:09 CEST 2019#hostname:10.214.220.100 #SWAP:Swap: 8.0G 33M 8.0G#RAM:Mem: 3.9G 1.1G 160M 22M 2.6G 2.5G#Disk:Filesystem Size Used Avail Use% Mounted on /dev/mapper/sopvpyves--vg-root 39G 7.2G 30G 20% /#Load:loadaverage:2.05,#Network:Iface MTU Met RX-OK RX-ERR RX-DRP RX-OVR TX-OK TX-ERR TX-DRP TX-OVR Flg ens160 1500 0 371251014 0 3 0 335728455 0 0 0 BMRU #iostat:avg-cpu: %user %nice %system %iowait %steal %idle 70.68 0.00 0.50 0.02 0.00 28.79#iooperation:Device: tps kB_read/s kB_wrtn/s kB_read kB_wrtn sda 0.71 5.65 9.98 7592385 13412768 dm-0 1.27 5.61 9.91 7536339 13323648 dm-1 0.01 0.00 0.03 6354 34884#mpstat:03:22:10 PM CPU %usr %nice %sys %iowait %irq %soft %steal %guest %gnice %idle 03:22:10 PM all 70.68 0.00 0.25 0.02 0.00 0.25 0.00 0.00 0.00 28.79 03:22:10 PM 0 70.91 0.00 0.24 0.02 0.00 0.00 0.00 0.00 0.00 28.82 03:22:10 PM 1 70.46 0.00 0.26 0.02 0.00 0.49 0.00 0.00 0.00 28.77#vmstat:procs -----------memory---------- ---swap-- -----io---- -system-- ------cpu----- r b swpd free buff cache si so bi bo in cs us sy id wa st 2 0 34748 164732 193016 2573148 0 0 3 5 10 3 71 0 29 0 0
#date:Mon Jul 15 15:23:10 CEST 2019#hostname:10.214.220.100 #SWAP:Swap: 8.0G 33M 8.0G#RAM:Mem: 3.9G 1.1G 160M 22M 2.6G 2.5G#Disk:Filesystem Size Used Avail Use% Mounted on /dev/mapper/sopvpyves--vg-root 39G 7.2G 30G 20% /#Load:loadaverage:2.05,#Network:Iface MTU Met RX-OK RX-ERR RX-DRP RX-OVR TX-OK TX-ERR TX-DRP TX-OVR Flg ens160 1500 0 371252822 0 3 0 335729306 0 0 0 BMRU #iostat:avg-cpu: %user %nice %system %iowait %steal %idle 70.69 0.00 0.50 0.02 0.00 28.79#iooperation:Device: tps kB_read/s kB_wrtn/s kB_read kB_wrtn sda 0.71 5.65 9.98 7592385 13413232 dm-0 1.27 5.61 9.91 7536339 13324112 dm-1 0.01 0.00 0.03 6354 34884#mpstat:03:23:10 PM CPU %usr %nice %sys %iowait %irq %soft %steal %guest %gnice %idle 03:23:10 PM all 70.69 0.00 0.25 0.02 0.00 0.25 0.00 0.00 0.00 28.79 03:23:10 PM 0 70.91 0.00 0.24 0.02 0.00 0.00 0.00 0.00 0.00 28.82 03:23:10 PM 1 70.46 0.00 0.26 0.02 0.00 0.49 0.00 0.00 0.00 28.76#vmstat:procs -----------memory---------- ---swap-- -----io---- -system-- ------cpu----- r b swpd free buff cache si so bi bo in cs us sy id wa st 2 0 34748 164616 193040 2573236 0 0 3 5 10 3 71 0 29 0 0
#date:Mon Jul 15 15:24:10 CEST 2019#hostname:10.214.220.100 #SWAP:Swap: 8.0G 33M 8.0G#RAM:Mem: 3.9G 1.1G 160M 22M 2.6G 2.5G#Disk:Filesystem Size Used Avail Use% Mounted on /dev/mapper/sopvpyves--vg-root 39G 7.2G 30G 20% /#Load:loadaverage:2.02,#Network:Iface MTU Met RX-OK RX-ERR RX-DRP RX-OVR TX-OK TX-ERR TX-DRP TX-OVR Flg ens160 1500 0 371254726 0 3 0 335730117 0 0 0 BMRU #iostat:avg-cpu: %user %nice %system %iowait %steal %idle 70.69 0.00 0.50 0.02 0.00 28.79#iooperation:Device: tps kB_read/s kB_wrtn/s kB_read kB_wrtn sda 0.71 5.65 9.98 7592429 13413636 dm-0 1.27 5.61 9.91 7536383 13324516 dm-1 0.01 0.00 0.03 6354 34884#mpstat:03:24:10 PM CPU %usr %nice %sys %iowait %irq %soft %steal %guest %gnice %idle 03:24:10 PM all 70.69 0.00 0.25 0.02 0.00 0.25 0.00 0.00 0.00 28.79 03:24:10 PM 0 70.91 0.00 0.24 0.02 0.00 0.00 0.00 0.00 0.00 28.82 03:24:10 PM 1 70.46 0.00 0.26 0.02 0.00 0.49 0.00 0.00 0.00 28.76#vmstat:procs -----------memory---------- ---swap-- -----io---- -system-- ------cpu----- r b swpd free buff cache si so bi bo in cs us sy id wa st 2 0 34748 164084 193048 2573356 0 0 3 5 10 3 71 0 29 0 0
#date:Mon Jul 15 15:25:10 CEST 2019#hostname:10.214.220.100 #SWAP:Swap: 8.0G 33M 8.0G#RAM:Mem: 3.9G 1.1G 160M 22M 2.6G 2.5G#Disk:Filesystem Size Used Avail Use% Mounted on /dev/mapper/sopvpyves--vg-root 39G 7.2G 30G 20% /#Load:loadaverage:2.00,#Network:Iface MTU Met RX-OK RX-ERR RX-DRP RX-OVR TX-OK TX-ERR TX-DRP TX-OVR Flg ens160 1500 0 371256586 0 3 0 335731068 0 0 0 BMRU #iostat:avg-cpu: %user %nice %system %iowait %steal %idle 70.69 0.00 0.50 0.02 0.00 28.79#iooperation:Device: tps kB_read/s kB_wrtn/s kB_read kB_wrtn sda 0.71 5.65 9.98 7592429 13414204 dm-0 1.27 5.61 9.91 7536383 13325084 dm-1 0.01 0.00 0.03 6354 34884#mpstat:03:25:11 PM CPU %usr %nice %sys %iowait %irq %soft %steal %guest %gnice %idle 03:25:11 PM all 70.69 0.00 0.25 0.02 0.00 0.25 0.00 0.00 0.00 28.79 03:25:11 PM 0 70.91 0.00 0.24 0.02 0.00 0.00 0.00 0.00 0.00 28.82 03:25:11 PM 1 70.46 0.00 0.26 0.02 0.00 0.49 0.00 0.00 0.00 28.76#vmstat:procs -----------memory---------- ---swap-- -----io---- -system-- ------cpu----- r b swpd free buff cache si so bi bo in cs us sy id wa st 2 0 34748 163824 193088 2573324 0 0 3 5 10 3 71 0 29 0 0
#date:Mon Jul 15 15:26:11 CEST 2019#hostname:10.214.220.100 #SWAP:Swap: 8.0G 33M 8.0G#RAM:Mem: 3.9G 1.1G 160M 22M 2.6G 2.5G#Disk:Filesystem Size Used Avail Use% Mounted on /dev/mapper/sopvpyves--vg-root 39G 7.2G 30G 20% /#Load:loadaverage:2.00,#Network:Iface MTU Met RX-OK RX-ERR RX-DRP RX-OVR TX-OK TX-ERR TX-DRP TX-OVR Flg ens160 1500 0 371258379 0 3 0 335731796 0 0 0 BMRU #iostat:avg-cpu: %user %nice %system %iowait %steal %idle 70.69 0.00 0.50 0.02 0.00 28.79#iooperation:Device: tps kB_read/s kB_wrtn/s kB_read kB_wrtn sda 0.71 5.65 9.98 7592429 13414572 dm-0 1.27 5.61 9.91 7536383 13325452 dm-1 0.01 0.00 0.03 6354 34884#mpstat:03:26:11 PM CPU %usr %nice %sys %iowait %irq %soft %steal %guest %gnice %idle 03:26:11 PM all 70.69 0.00 0.25 0.02 0.00 0.25 0.00 0.00 0.00 28.79 03:26:11 PM 0 70.91 0.00 0.24 0.02 0.00 0.00 0.00 0.00 0.00 28.81 03:26:11 PM 1 70.47 0.00 0.26 0.02 0.00 0.49 0.00 0.00 0.00 28.76#vmstat:procs -----------memory---------- ---swap-- -----io---- -system-- ------cpu----- r b swpd free buff cache si so bi bo in cs us sy id wa st 2 0 34748 163524 193120 2573436 0 0 3 5 10 3 71 0 29 0 0
#date:Mon Jul 15 15:27:11 CEST 2019#hostname:10.214.220.100 #SWAP:Swap: 8.0G 33M 8.0G#RAM:Mem: 3.9G 1.1G 160M 22M 2.6G 2.5G#Disk:Filesystem Size Used Avail Use% Mounted on /dev/mapper/sopvpyves--vg-root 39G 7.2G 30G 20% /#Load:loadaverage:2.00,#Network:Iface MTU Met RX-OK RX-ERR RX-DRP RX-OVR TX-OK TX-ERR TX-DRP TX-OVR Flg ens160 1500 0 371260102 0 3 0 335732532 0 0 0 BMRU #iostat:avg-cpu: %user %nice %system %iowait %steal %idle 70.69 0.00 0.50 0.02 0.00 28.79#iooperation:Device: tps kB_read/s kB_wrtn/s kB_read kB_wrtn sda 0.71 5.65 9.98 7592429 13415104 dm-0 1.27 5.61 9.91 7536383 13325984 dm-1 0.01 0.00 0.03 6354 34884#mpstat:03:27:12 PM CPU %usr %nice %sys %iowait %irq %soft %steal %guest %gnice %idle 03:27:12 PM all 70.69 0.00 0.25 0.02 0.00 0.25 0.00 0.00 0.00 28.79 03:27:12 PM 0 70.91 0.00 0.24 0.02 0.00 0.00 0.00 0.00 0.00 28.81 03:27:12 PM 1 70.47 0.00 0.26 0.02 0.00 0.49 0.00 0.00 0.00 28.76#vmstat:procs -----------memory---------- ---swap-- -----io---- -system-- ------cpu----- r b swpd free buff cache si so bi bo in cs us sy id wa st 2 0 34748 164312 193156 2573468 0 0 3 5 10 3 71 0 29 0 0
#date:Mon Jul 15 15:28:12 CEST 2019#hostname:10.214.220.100 #SWAP:Swap: 8.0G 33M 8.0G#RAM:Mem: 3.9G 1.1G 159M 22M 2.6G 2.5G#Disk:Filesystem Size Used Avail Use% Mounted on /dev/mapper/sopvpyves--vg-root 39G 7.2G 30G 20% /#Load:loadaverage:2.00,#Network:Iface MTU Met RX-OK RX-ERR RX-DRP RX-OVR TX-OK TX-ERR TX-DRP TX-OVR Flg ens160 1500 0 371261786 0 3 0 335733277 0 0 0 BMRU #iostat:avg-cpu: %user %nice %system %iowait %steal %idle 70.69 0.00 0.50 0.02 0.00 28.79#iooperation:Device: tps kB_read/s kB_wrtn/s kB_read kB_wrtn sda 0.71 5.65 9.98 7592429 13415600 dm-0 1.27 5.61 9.91 7536383 13326480 dm-1 0.01 0.00 0.03 6354 34884#mpstat:03:28:12 PM CPU %usr %nice %sys %iowait %irq %soft %steal %guest %gnice %idle 03:28:12 PM all 70.69 0.00 0.25 0.02 0.00 0.25 0.00 0.00 0.00 28.79 03:28:12 PM 0 70.91 0.00 0.24 0.02 0.00 0.00 0.00 0.00 0.00 28.81 03:28:12 PM 1 70.47 0.00 0.26 0.02 0.00 0.49 0.00 0.00 0.00 28.76#vmstat:procs -----------memory---------- ---swap-- -----io---- -system-- ------cpu----- r b swpd free buff cache si so bi bo in cs us sy id wa st 3 0 34748 163556 193176 2573536 0 0 3 5 10 3 71 0 29 0 0
#date:Mon Jul 15 15:29:12 CEST 2019#hostname:10.214.220.100 #SWAP:Swap: 8.0G 33M 8.0G#RAM:Mem: 3.9G 1.1G 159M 22M 2.6G 2.5G#Disk:Filesystem Size Used Avail Use% Mounted on /dev/mapper/sopvpyves--vg-root 39G 7.2G 30G 20% /#Load:loadaverage:2.00,#Network:Iface MTU Met RX-OK RX-ERR RX-DRP RX-OVR TX-OK TX-ERR TX-DRP TX-OVR Flg ens160 1500 0 371263529 0 3 0 335733946 0 0 0 BMRU #iostat:avg-cpu: %user %nice %system %iowait %steal %idle 70.69 0.00 0.50 0.02 0.00 28.78#iooperation:Device: tps kB_read/s kB_wrtn/s kB_read kB_wrtn sda 0.71 5.65 9.98 7592429 13416028 dm-0 1.27 5.61 9.91 7536383 13326908 dm-1 0.01 0.00 0.03 6354 34884#mpstat:03:29:12 PM CPU %usr %nice %sys %iowait %irq %soft %steal %guest %gnice %idle 03:29:12 PM all 70.69 0.00 0.25 0.02 0.00 0.25 0.00 0.00 0.00 28.78 03:29:12 PM 0 70.92 0.00 0.24 0.02 0.00 0.00 0.00 0.00 0.00 28.81 03:29:12 PM 1 70.47 0.00 0.26 0.02 0.00 0.49 0.00 0.00 0.00 28.76#vmstat:procs -----------memory---------- ---swap-- -----io---- -system-- ------cpu----- r b swpd free buff cache si so bi bo in cs us sy id wa st 2 0 34748 163552 193204 2573628 0 0 3 5 10 3 71 0 29 0 0
#date:Mon Jul 15 15:30:12 CEST 2019#hostname:10.214.220.100 #SWAP:Swap: 8.0G 33M 8.0G#RAM:Mem: 3.9G 1.1G 160M 22M 2.6G 2.5G#Disk:Filesystem Size Used Avail Use% Mounted on /dev/mapper/sopvpyves--vg-root 39G 7.2G 30G 20% /#Load:loadaverage:2.00,#Network:Iface MTU Met RX-OK RX-ERR RX-DRP RX-OVR TX-OK TX-ERR TX-DRP TX-OVR Flg ens160 1500 0 371265579 0 3 0 335734663 0 0 0 BMRU #iostat:avg-cpu: %user %nice %system %iowait %steal %idle 70.69 0.00 0.50 0.02 0.00 28.78#iooperation:Device: tps kB_read/s kB_wrtn/s kB_read kB_wrtn sda 0.71 5.65 9.98 7592429 13416548 dm-0 1.27 5.61 9.91 7536383 13327428 dm-1 0.01 0.00 0.03 6354 34884#mpstat:03:30:13 PM CPU %usr %nice %sys %iowait %irq %soft %steal %guest %gnice %idle 03:30:13 PM all 70.69 0.00 0.25 0.02 0.00 0.25 0.00 0.00 0.00 28.78 03:30:13 PM 0 70.92 0.00 0.24 0.02 0.00 0.00 0.00 0.00 0.00 28.81 03:30:13 PM 1 70.47 0.00 0.26 0.02 0.00 0.49 0.00 0.00 0.00 28.76#vmstat:procs -----------memory---------- ---swap-- -----io---- -system-- ------cpu----- r b swpd free buff cache si so bi bo in cs us sy id wa st 2 0 34748 163080 193260 2573652 0 0 3 5 10 3 71 0 29 0 0
#date:Mon Jul 15 15:31:13 CEST 2019#hostname:10.214.220.100 #SWAP:Swap: 8.0G 33M 8.0G#RAM:Mem: 3.9G 1.1G 160M 22M 2.6G 2.5G#Disk:Filesystem Size Used Avail Use% Mounted on /dev/mapper/sopvpyves--vg-root 39G 7.2G 30G 20% /#Load:loadaverage:2.00,#Network:Iface MTU Met RX-OK RX-ERR RX-DRP RX-OVR TX-OK TX-ERR TX-DRP TX-OVR Flg ens160 1500 0 371267620 0 3 0 335735376 0 0 0 BMRU #iostat:avg-cpu: %user %nice %system %iowait %steal %idle 70.70 0.00 0.50 0.02 0.00 28.78#iooperation:Device: tps kB_read/s kB_wrtn/s kB_read kB_wrtn sda 0.71 5.65 9.98 7592429 13416952 dm-0 1.27 5.61 9.91 7536383 13327832 dm-1 0.01 0.00 0.03 6354 34884#mpstat:03:31:13 PM CPU %usr %nice %sys %iowait %irq %soft %steal %guest %gnice %idle 03:31:13 PM all 70.70 0.00 0.25 0.02 0.00 0.25 0.00 0.00 0.00 28.78 03:31:13 PM 0 70.92 0.00 0.24 0.02 0.00 0.00 0.00 0.00 0.00 28.81 03:31:13 PM 1 70.47 0.00 0.26 0.02 0.00 0.49 0.00 0.00 0.00 28.75#vmstat:procs -----------memory---------- ---swap-- -----io---- -system-- ------cpu----- r b swpd free buff cache si so bi bo in cs us sy id wa st 2 0 34748 164876 193284 2573752 0 0 3 5 10 3 71 0 29 0 0
#date:Mon Jul 15 15:32:13 CEST 2019#hostname:10.214.220.100 #SWAP:Swap: 8.0G 33M 8.0G#RAM:Mem: 3.9G 1.1G 160M 22M 2.6G 2.5G#Disk:Filesystem Size Used Avail Use% Mounted on /dev/mapper/sopvpyves--vg-root 39G 7.2G 30G 20% /#Load:loadaverage:2.00,#Network:Iface MTU Met RX-OK RX-ERR RX-DRP RX-OVR TX-OK TX-ERR TX-DRP TX-OVR Flg ens160 1500 0 371269408 0 3 0 335736183 0 0 0 BMRU #iostat:avg-cpu: %user %nice %system %iowait %steal %idle 70.70 0.00 0.50 0.02 0.00 28.78#iooperation:Device: tps kB_read/s kB_wrtn/s kB_read kB_wrtn sda 0.71 5.65 9.98 7592429 13417580 dm-0 1.27 5.61 9.91 7536383 13328460 dm-1 0.01 0.00 0.03 6354 34884#mpstat:03:32:14 PM CPU %usr %nice %sys %iowait %irq %soft %steal %guest %gnice %idle 03:32:14 PM all 70.70 0.00 0.25 0.02 0.00 0.25 0.00 0.00 0.00 28.78 03:32:14 PM 0 70.92 0.00 0.24 0.02 0.00 0.00 0.00 0.00 0.00 28.81 03:32:14 PM 1 70.47 0.00 0.26 0.02 0.00 0.49 0.00 0.00 0.00 28.75#vmstat:procs -----------memory---------- ---swap-- -----io---- -system-- ------cpu----- r b swpd free buff cache si so bi bo in cs us sy id wa st 2 0 34748 163580 193320 2573968 0 0 3 5 10 3 71 0 29 0 0
#date:Mon Jul 15 15:33:14 CEST 2019#hostname:10.214.220.100 #SWAP:Swap: 8.0G 33M 8.0G#RAM:Mem: 3.9G 1.1G 160M 22M 2.6G 2.5G#Disk:Filesystem Size Used Avail Use% Mounted on /dev/mapper/sopvpyves--vg-root 39G 7.2G 30G 20% /#Load:loadaverage:2.00,#Network:Iface MTU Met RX-OK RX-ERR RX-DRP RX-OVR TX-OK TX-ERR TX-DRP TX-OVR Flg ens160 1500 0 371271254 0 3 0 335736959 0 0 0 BMRU #iostat:avg-cpu: %user %nice %system %iowait %steal %idle 70.70 0.00 0.50 0.02 0.00 28.78#iooperation:Device: tps kB_read/s kB_wrtn/s kB_read kB_wrtn sda 0.71 5.65 9.98 7592429 13417952 dm-0 1.27 5.60 9.91 7536383 13328832 dm-1 0.01 0.00 0.03 6354 34884#mpstat:03:33:14 PM CPU %usr %nice %sys %iowait %irq %soft %steal %guest %gnice %idle 03:33:14 PM all 70.70 0.00 0.25 0.02 0.00 0.25 0.00 0.00 0.00 28.78 03:33:14 PM 0 70.92 0.00 0.24 0.02 0.00 0.00 0.00 0.00 0.00 28.81 03:33:14 PM 1 70.47 0.00 0.26 0.02 0.00 0.49 0.00 0.00 0.00 28.75#vmstat:procs -----------memory---------- ---swap-- -----io---- -system-- ------cpu----- r b swpd free buff cache si so bi bo in cs us sy id wa st 2 0 34748 163972 193336 2573992 0 0 3 5 10 3 71 0 29 0 0
#date:Mon Jul 15 15:34:14 CEST 2019#hostname:10.214.220.100 #SWAP:Swap: 8.0G 33M 8.0G#RAM:Mem: 3.9G 1.1G 160M 22M 2.6G 2.5G#Disk:Filesystem Size Used Avail Use% Mounted on /dev/mapper/sopvpyves--vg-root 39G 7.2G 30G 20% /#Load:loadaverage:2.00,#Network:Iface MTU Met RX-OK RX-ERR RX-DRP RX-OVR TX-OK TX-ERR TX-DRP TX-OVR Flg ens160 1500 0 371273035 0 3 0 335737727 0 0 0 BMRU #iostat:avg-cpu: %user %nice %system %iowait %steal %idle 70.70 0.00 0.50 0.02 0.00 28.78#iooperation:Device: tps kB_read/s kB_wrtn/s kB_read kB_wrtn sda 0.71 5.65 9.98 7592429 13418368 dm-0 1.27 5.60 9.91 7536383 13329248 dm-1 0.01 0.00 0.03 6354 34884#mpstat:03:34:14 PM CPU %usr %nice %sys %iowait %irq %soft %steal %guest %gnice %idle 03:34:14 PM all 70.70 0.00 0.25 0.02 0.00 0.25 0.00 0.00 0.00 28.78 03:34:14 PM 0 70.92 0.00 0.24 0.02 0.00 0.00 0.00 0.00 0.00 28.80 03:34:14 PM 1 70.48 0.00 0.26 0.02 0.00 0.49 0.00 0.00 0.00 28.75#vmstat:procs -----------memory---------- ---swap-- -----io---- -system-- ------cpu----- r b swpd free buff cache si so bi bo in cs us sy id wa st 2 0 34748 164044 193368 2574076 0 0 3 5 10 3 71 0 29 0 0
#date:Mon Jul 15 15:35:14 CEST 2019#hostname:10.214.220.100 #SWAP:Swap: 8.0G 33M 8.0G#RAM:Mem: 3.9G 1.1G 159M 22M 2.6G 2.5G#Disk:Filesystem Size Used Avail Use% Mounted on /dev/mapper/sopvpyves--vg-root 39G 7.2G 30G 20% /#Load:loadaverage:2.06,#Network:Iface MTU Met RX-OK RX-ERR RX-DRP RX-OVR TX-OK TX-ERR TX-DRP TX-OVR Flg ens160 1500 0 371274833 0 3 0 335738633 0 0 0 BMRU #iostat:avg-cpu: %user %nice %system %iowait %steal %idle 70.70 0.00 0.50 0.02 0.00 28.78#iooperation:Device: tps kB_read/s kB_wrtn/s kB_read kB_wrtn sda 0.71 5.65 9.98 7592429 13418848 dm-0 1.27 5.60 9.91 7536383 13329728 dm-1 0.01 0.00 0.03 6354 34884#mpstat:03:35:15 PM CPU %usr %nice %sys %iowait %irq %soft %steal %guest %gnice %idle 03:35:15 PM all 70.70 0.00 0.25 0.02 0.00 0.25 0.00 0.00 0.00 28.78 03:35:15 PM 0 70.92 0.00 0.24 0.02 0.00 0.00 0.00 0.00 0.00 28.80 03:35:15 PM 1 70.48 0.00 0.26 0.02 0.00 0.49 0.00 0.00 0.00 28.75#vmstat:procs -----------memory---------- ---swap-- -----io---- -system-- ------cpu----- r b swpd free buff cache si so bi bo in cs us sy id wa st 2 0 34748 163236 193388 2574148 0 0 3 5 10 3 71 0 29 0 0
#date:Mon Jul 15 15:36:15 CEST 2019#hostname:10.214.220.100 #SWAP:Swap: 8.0G 33M 8.0G#RAM:Mem: 3.9G 1.1G 159M 22M 2.6G 2.5G#Disk:Filesystem Size Used Avail Use% Mounted on /dev/mapper/sopvpyves--vg-root 39G 7.2G 30G 20% /#Load:loadaverage:2.07,#Network:Iface MTU Met RX-OK RX-ERR RX-DRP RX-OVR TX-OK TX-ERR TX-DRP TX-OVR Flg ens160 1500 0 371276659 0 3 0 335739399 0 0 0 BMRU #iostat:avg-cpu: %user %nice %system %iowait %steal %idle 70.70 0.00 0.50 0.02 0.00 28.78#iooperation:Device: tps kB_read/s kB_wrtn/s kB_read kB_wrtn sda 0.71 5.65 9.98 7592429 13419312 dm-0 1.27 5.60 9.91 7536383 13330192 dm-1 0.01 0.00 0.03 6354 34884#mpstat:03:36:15 PM CPU %usr %nice %sys %iowait %irq %soft %steal %guest %gnice %idle 03:36:15 PM all 70.70 0.00 0.25 0.02 0.00 0.25 0.00 0.00 0.00 28.78 03:36:15 PM 0 70.93 0.00 0.24 0.02 0.00 0.00 0.00 0.00 0.00 28.80 03:36:15 PM 1 70.48 0.00 0.26 0.02 0.00 0.49 0.00 0.00 0.00 28.75#vmstat:procs -----------memory---------- ---swap-- -----io---- -system-- ------cpu----- r b swpd free buff cache si so bi bo in cs us sy id wa st 2 0 34748 163032 193408 2574240 0 0 3 5 10 3 71 0 29 0 0
#date:Mon Jul 15 15:37:15 CEST 2019#hostname:10.214.220.100 #SWAP:Swap: 8.0G 33M 8.0G#RAM:Mem: 3.9G 1.1G 159M 22M 2.6G 2.5G#Disk:Filesystem Size Used Avail Use% Mounted on /dev/mapper/sopvpyves--vg-root 39G 7.2G 30G 20% /#Load:loadaverage:2.02,#Network:Iface MTU Met RX-OK RX-ERR RX-DRP RX-OVR TX-OK TX-ERR TX-DRP TX-OVR Flg ens160 1500 0 371278360 0 3 0 335740175 0 0 0 BMRU #iostat:avg-cpu: %user %nice %system %iowait %steal %idle 70.70 0.00 0.50 0.02 0.00 28.77#iooperation:Device: tps kB_read/s kB_wrtn/s kB_read kB_wrtn sda 0.71 5.65 9.98 7592429 13419852 dm-0 1.27 5.60 9.91 7536383 13330732 dm-1 0.01 0.00 0.03 6354 34884#mpstat:03:37:15 PM CPU %usr %nice %sys %iowait %irq %soft %steal %guest %gnice %idle 03:37:15 PM all 70.70 0.00 0.25 0.02 0.00 0.25 0.00 0.00 0.00 28.77 03:37:15 PM 0 70.93 0.00 0.24 0.02 0.00 0.00 0.00 0.00 0.00 28.80 03:37:15 PM 1 70.48 0.00 0.26 0.02 0.00 0.49 0.00 0.00 0.00 28.75#vmstat:procs -----------memory---------- ---swap-- -----io---- -system-- ------cpu----- r b swpd free buff cache si so bi bo in cs us sy id wa st 2 0 34748 162760 193436 2574292 0 0 3 5 10 3 71 0 29 0 0
#date:Mon Jul 15 15:38:16 CEST 2019#hostname:10.214.220.100 #SWAP:Swap: 8.0G 33M 8.0G#RAM:Mem: 3.9G 1.1G 159M 22M 2.6G 2.5G#Disk:Filesystem Size Used Avail Use% Mounted on /dev/mapper/sopvpyves--vg-root 39G 7.2G 30G 20% /#Load:loadaverage:2.01,#Network:Iface MTU Met RX-OK RX-ERR RX-DRP RX-OVR TX-OK TX-ERR TX-DRP TX-OVR Flg ens160 1500 0 371280016 0 3 0 335740907 0 0 0 BMRU #iostat:avg-cpu: %user %nice %system %iowait %steal %idle 70.70 0.00 0.50 0.02 0.00 28.77#iooperation:Device: tps kB_read/s kB_wrtn/s kB_read kB_wrtn sda 0.71 5.65 9.98 7592429 13420244 dm-0 1.27 5.60 9.91 7536383 13331124 dm-1 0.01 0.00 0.03 6354 34884#mpstat:03:38:16 PM CPU %usr %nice %sys %iowait %irq %soft %steal %guest %gnice %idle 03:38:16 PM all 70.70 0.00 0.25 0.02 0.00 0.25 0.00 0.00 0.00 28.77 03:38:16 PM 0 70.93 0.00 0.24 0.02 0.00 0.00 0.00 0.00 0.00 28.80 03:38:16 PM 1 70.48 0.00 0.26 0.02 0.00 0.49 0.00 0.00 0.00 28.75#vmstat:procs -----------memory---------- ---swap-- -----io---- -system-- ------cpu----- r b swpd free buff cache si so bi bo in cs us sy id wa st 2 0 34748 163164 193456 2574328 0 0 3 5 10 3 71 0 29 0 0
#date:Mon Jul 15 15:39:16 CEST 2019#hostname:10.214.220.100 #SWAP:Swap: 8.0G 33M 8.0G#RAM:Mem: 3.9G 1.1G 159M 22M 2.6G 2.5G#Disk:Filesystem Size Used Avail Use% Mounted on /dev/mapper/sopvpyves--vg-root 39G 7.2G 30G 20% /#Load:loadaverage:2.00,#Network:Iface MTU Met RX-OK RX-ERR RX-DRP RX-OVR TX-OK TX-ERR TX-DRP TX-OVR Flg ens160 1500 0 371282142 0 3 0 335741905 0 0 0 BMRU #iostat:avg-cpu: %user %nice %system %iowait %steal %idle 70.71 0.00 0.50 0.02 0.00 28.77#iooperation:Device: tps kB_read/s kB_wrtn/s kB_read kB_wrtn sda 0.71 5.64 9.98 7592429 13420812 dm-0 1.27 5.60 9.91 7536383 13331692 dm-1 0.01 0.00 0.03 6354 34884#mpstat:03:39:16 PM CPU %usr %nice %sys %iowait %irq %soft %steal %guest %gnice %idle 03:39:16 PM all 70.71 0.00 0.25 0.02 0.00 0.25 0.00 0.00 0.00 28.77 03:39:16 PM 0 70.93 0.00 0.24 0.02 0.00 0.00 0.00 0.00 0.00 28.80 03:39:16 PM 1 70.48 0.00 0.26 0.02 0.00 0.49 0.00 0.00 0.00 28.74#vmstat:procs -----------memory---------- ---swap-- -----io---- -system-- ------cpu----- r b swpd free buff cache si so bi bo in cs us sy id wa st 2 0 34748 163476 193480 2574564 0 0 3 5 10 3 71 0 29 0 0
#date:Mon Jul 15 15:40:16 CEST 2019#hostname:10.214.220.100 #SWAP:Swap: 8.0G 33M 8.0G#RAM:Mem: 3.9G 1.1G 149M 22M 2.6G 2.4G#Disk:Filesystem Size Used Avail Use% Mounted on /dev/mapper/sopvpyves--vg-root 39G 7.2G 30G 20% /#Load:loadaverage:2.07,#Network:Iface MTU Met RX-OK RX-ERR RX-DRP RX-OVR TX-OK TX-ERR TX-DRP TX-OVR Flg ens160 1500 0 371287226 0 3 0 335745489 0 0 0 BMRU #iostat:avg-cpu: %user %nice %system %iowait %steal %idle 70.71 0.00 0.50 0.02 0.00 28.77#iooperation:Device: tps kB_read/s kB_wrtn/s kB_read kB_wrtn sda 0.71 5.65 9.98 7594537 13421488 dm-0 1.27 5.60 9.91 7538491 13332368 dm-1 0.01 0.00 0.03 6354 34884#mpstat:03:40:17 PM CPU %usr %nice %sys %iowait %irq %soft %steal %guest %gnice %idle 03:40:17 PM all 70.71 0.00 0.25 0.02 0.00 0.25 0.00 0.00 0.00 28.77 03:40:17 PM 0 70.93 0.00 0.24 0.02 0.00 0.00 0.00 0.00 0.00 28.80 03:40:17 PM 1 70.48 0.00 0.26 0.02 0.00 0.49 0.00 0.00 0.00 28.74#vmstat:procs -----------memory---------- ---swap-- -----io---- -system-- ------cpu----- r b swpd free buff cache si so bi bo in cs us sy id wa st 2 0 34748 152216 193500 2577388 0 0 3 5 10 3 71 0 29 0 0
#date:Mon Jul 15 15:41:17 CEST 2019#hostname:10.214.220.100 #SWAP:Swap: 8.0G 33M 8.0G#RAM:Mem: 3.9G 1.1G 134M 22M 2.6G 2.4G#Disk:Filesystem Size Used Avail Use% Mounted on /dev/mapper/sopvpyves--vg-root 39G 7.2G 30G 20% /#Load:loadaverage:2.02,#Network:Iface MTU Met RX-OK RX-ERR RX-DRP RX-OVR TX-OK TX-ERR TX-DRP TX-OVR Flg ens160 1500 0 371293229 0 3 0 335749634 0 0 0 BMRU #iostat:avg-cpu: %user %nice %system %iowait %steal %idle 70.71 0.00 0.50 0.02 0.00 28.77#iooperation:Device: tps kB_read/s kB_wrtn/s kB_read kB_wrtn sda 0.71 5.65 9.98 7594537 13422156 dm-0 1.27 5.60 9.91 7538491 13333036 dm-1 0.01 0.00 0.03 6354 34884#mpstat:03:41:17 PM CPU %usr %nice %sys %iowait %irq %soft %steal %guest %gnice %idle 03:41:17 PM all 70.71 0.00 0.25 0.02 0.00 0.25 0.00 0.00 0.00 28.77 03:41:17 PM 0 70.93 0.00 0.24 0.02 0.00 0.00 0.00 0.00 0.00 28.80 03:41:17 PM 1 70.48 0.00 0.26 0.02 0.00 0.49 0.00 0.00 0.00 28.74#vmstat:procs -----------memory---------- ---swap-- -----io---- -system-- ------cpu----- r b swpd free buff cache si so bi bo in cs us sy id wa st 2 0 34748 137448 193520 2578932 0 0 3 5 10 3 71 0 29 0 0
#date:Mon Jul 15 15:42:17 CEST 2019#hostname:10.214.220.100 #SWAP:Swap: 8.0G 33M 8.0G#RAM:Mem: 3.9G 1.1G 123M 22M 2.6G 2.4G#Disk:Filesystem Size Used Avail Use% Mounted on /dev/mapper/sopvpyves--vg-root 39G 7.2G 30G 20% /#Load:loadaverage:2.01,#Network:Iface MTU Met RX-OK RX-ERR RX-DRP RX-OVR TX-OK TX-ERR TX-DRP TX-OVR Flg ens160 1500 0 371300749 0 3 0 335755969 0 0 0 BMRU #iostat:avg-cpu: %user %nice %system %iowait %steal %idle 70.71 0.00 0.50 0.02 0.00 28.77#iooperation:Device: tps kB_read/s kB_wrtn/s kB_read kB_wrtn sda 0.71 5.65 9.98 7594613 13422924 dm-0 1.27 5.60 9.91 7538567 13333804 dm-1 0.01 0.00 0.03 6354 34884#mpstat:03:42:17 PM CPU %usr %nice %sys %iowait %irq %soft %steal %guest %gnice %idle 03:42:17 PM all 70.71 0.00 0.25 0.02 0.00 0.25 0.00 0.00 0.00 28.77 03:42:17 PM 0 70.93 0.00 0.24 0.02 0.00 0.00 0.00 0.00 0.00 28.79 03:42:17 PM 1 70.49 0.00 0.26 0.02 0.00 0.49 0.00 0.00 0.00 28.74#vmstat:procs -----------memory---------- ---swap-- -----io---- -system-- ------cpu----- r b swpd free buff cache si so bi bo in cs us sy id wa st 2 0 34748 126852 193536 2579876 0 0 3 5 10 3 71 0 29 0 0
#date:Mon Jul 15 15:43:17 CEST 2019#hostname:10.214.220.100 #SWAP:Swap: 8.0G 33M 8.0G#RAM:Mem: 3.9G 1.1G 122M 22M 2.6G 2.4G#Disk:Filesystem Size Used Avail Use% Mounted on /dev/mapper/sopvpyves--vg-root 39G 7.2G 30G 20% /#Load:loadaverage:2.00,#Network:Iface MTU Met RX-OK RX-ERR RX-DRP RX-OVR TX-OK TX-ERR TX-DRP TX-OVR Flg ens160 1500 0 371308285 0 3 0 335762274 0 0 0 BMRU #iostat:avg-cpu: %user %nice %system %iowait %steal %idle 70.71 0.00 0.50 0.02 0.00 28.77#iooperation:Device: tps kB_read/s kB_wrtn/s kB_read kB_wrtn sda 0.71 5.65 9.98 7594633 13423452 dm-0 1.27 5.60 9.91 7538587 13334332 dm-1 0.01 0.00 0.03 6354 34884#mpstat:03:43:18 PM CPU %usr %nice %sys %iowait %irq %soft %steal %guest %gnice %idle 03:43:18 PM all 70.71 0.00 0.25 0.02 0.00 0.25 0.00 0.00 0.00 28.77 03:43:18 PM 0 70.93 0.00 0.24 0.02 0.00 0.00 0.00 0.00 0.00 28.79 03:43:18 PM 1 70.49 0.00 0.26 0.02 0.00 0.49 0.00 0.00 0.00 28.74#vmstat:procs -----------memory---------- ---swap-- -----io---- -system-- ------cpu----- r b swpd free buff cache si so bi bo in cs us sy id wa st 2 0 34748 125636 193552 2580264 0 0 3 5 10 3 71 0 29 0 0
#date:Mon Jul 15 15:44:18 CEST 2019#hostname:10.214.220.100 #SWAP:Swap: 8.0G 33M 8.0G#RAM:Mem: 3.9G 1.1G 122M 22M 2.6G 2.4G#Disk:Filesystem Size Used Avail Use% Mounted on /dev/mapper/sopvpyves--vg-root 39G 7.2G 30G 20% /#Load:loadaverage:2.00,#Network:Iface MTU Met RX-OK RX-ERR RX-DRP RX-OVR TX-OK TX-ERR TX-DRP TX-OVR Flg ens160 1500 0 371314856 0 3 0 335767653 0 0 0 BMRU #iostat:avg-cpu: %user %nice %system %iowait %steal %idle 70.71 0.00 0.50 0.02 0.00 28.77#iooperation:Device: tps kB_read/s kB_wrtn/s kB_read kB_wrtn sda 0.71 5.65 9.98 7594633 13423976 dm-0 1.27 5.60 9.91 7538587 13334856 dm-1 0.01 0.00 0.03 6354 34884#mpstat:03:44:18 PM CPU %usr %nice %sys %iowait %irq %soft %steal %guest %gnice %idle 03:44:18 PM all 70.71 0.00 0.25 0.02 0.00 0.25 0.00 0.00 0.00 28.77 03:44:18 PM 0 70.94 0.00 0.24 0.02 0.00 0.00 0.00 0.00 0.00 28.79 03:44:18 PM 1 70.49 0.00 0.26 0.02 0.00 0.49 0.00 0.00 0.00 28.74#vmstat:procs -----------memory---------- ---swap-- -----io---- -system-- ------cpu----- r b swpd free buff cache si so bi bo in cs us sy id wa st 3 0 34748 125044 193592 2580388 0 0 3 5 10 3 71 0 29 0 0
#date:Mon Jul 15 15:45:18 CEST 2019#hostname:10.214.220.100 #SWAP:Swap: 8.0G 33M 8.0G#RAM:Mem: 3.9G 1.1G 119M 22M 2.6G 2.4G#Disk:Filesystem Size Used Avail Use% Mounted on /dev/mapper/sopvpyves--vg-root 39G 7.2G 30G 20% /#Load:loadaverage:2.00,#Network:Iface MTU Met RX-OK RX-ERR RX-DRP RX-OVR TX-OK TX-ERR TX-DRP TX-OVR Flg ens160 1500 0 371322353 0 3 0 335774215 0 0 0 BMRU #iostat:avg-cpu: %user %nice %system %iowait %steal %idle 70.71 0.00 0.50 0.02 0.00 28.76#iooperation:Device: tps kB_read/s kB_wrtn/s kB_read kB_wrtn sda 0.71 5.65 9.98 7594633 13424584 dm-0 1.27 5.60 9.91 7538587 13335464 dm-1 0.01 0.00 0.03 6354 34884#mpstat:03:45:18 PM CPU %usr %nice %sys %iowait %irq %soft %steal %guest %gnice %idle 03:45:18 PM all 70.71 0.00 0.25 0.02 0.00 0.25 0.00 0.00 0.00 28.76 03:45:18 PM 0 70.94 0.00 0.24 0.02 0.00 0.00 0.00 0.00 0.00 28.79 03:45:18 PM 1 70.49 0.00 0.26 0.02 0.00 0.49 0.00 0.00 0.00 28.74#vmstat:procs -----------memory---------- ---swap-- -----io---- -system-- ------cpu----- r b swpd free buff cache si so bi bo in cs us sy id wa st 2 0 34748 121632 193616 2580648 0 0 3 5 10 3 71 0 29 0 0
#date:Mon Jul 15 15:46:18 CEST 2019#hostname:10.214.220.100 #SWAP:Swap: 8.0G 33M 8.0G#RAM:Mem: 3.9G 1.1G 118M 22M 2.6G 2.4G#Disk:Filesystem Size Used Avail Use% Mounted on /dev/mapper/sopvpyves--vg-root 39G 7.2G 30G 20% /#Load:loadaverage:2.00,#Network:Iface MTU Met RX-OK RX-ERR RX-DRP RX-OVR TX-OK TX-ERR TX-DRP TX-OVR Flg ens160 1500 0 371329541 0 3 0 335780257 0 0 0 BMRU #iostat:avg-cpu: %user %nice %system %iowait %steal %idle 70.71 0.00 0.50 0.02 0.00 28.76#iooperation:Device: tps kB_read/s kB_wrtn/s kB_read kB_wrtn sda 0.71 5.64 9.98 7594633 13425200 dm-0 1.27 5.60 9.91 7538587 13336080 dm-1 0.01 0.00 0.03 6354 34884#mpstat:03:46:19 PM CPU %usr %nice %sys %iowait %irq %soft %steal %guest %gnice %idle 03:46:19 PM all 70.71 0.00 0.25 0.02 0.00 0.25 0.00 0.00 0.00 28.76 03:46:19 PM 0 70.94 0.00 0.24 0.02 0.00 0.00 0.00 0.00 0.00 28.79 03:46:19 PM 1 70.49 0.00 0.26 0.02 0.00 0.49 0.00 0.00 0.00 28.74#vmstat:procs -----------memory---------- ---swap-- -----io---- -system-- ------cpu----- r b swpd free buff cache si so bi bo in cs us sy id wa st 2 0 34748 120296 193644 2580844 0 0 3 5 10 3 71 0 29 0 0
#date:Mon Jul 15 15:47:19 CEST 2019#hostname:10.214.220.100 #SWAP:Swap: 8.0G 33M 8.0G#RAM:Mem: 3.9G 1.1G 117M 22M 2.6G 2.4G#Disk:Filesystem Size Used Avail Use% Mounted on /dev/mapper/sopvpyves--vg-root 39G 7.2G 30G 20% /#Load:loadaverage:2.00,#Network:Iface MTU Met RX-OK RX-ERR RX-DRP RX-OVR TX-OK TX-ERR TX-DRP TX-OVR Flg ens160 1500 0 371336908 0 3 0 335786450 0 0 0 BMRU #iostat:avg-cpu: %user %nice %system %iowait %steal %idle 70.72 0.00 0.50 0.02 0.00 28.76#iooperation:Device: tps kB_read/s kB_wrtn/s kB_read kB_wrtn sda 0.71 5.64 9.98 7594669 13426148 dm-0 1.27 5.60 9.91 7538623 13337028 dm-1 0.01 0.00 0.03 6354 34884#mpstat:03:47:19 PM CPU %usr %nice %sys %iowait %irq %soft %steal %guest %gnice %idle 03:47:19 PM all 70.72 0.00 0.25 0.02 0.00 0.25 0.00 0.00 0.00 28.76 03:47:19 PM 0 70.94 0.00 0.24 0.02 0.00 0.00 0.00 0.00 0.00 28.79 03:47:19 PM 1 70.49 0.00 0.26 0.02 0.00 0.49 0.00 0.00 0.00 28.73#vmstat:procs -----------memory---------- ---swap-- -----io---- -system-- ------cpu----- r b swpd free buff cache si so bi bo in cs us sy id wa st 2 0 34748 120220 193692 2581152 0 0 3 5 10 3 71 0 29 0 0
#date:Mon Jul 15 15:48:19 CEST 2019#hostname:10.214.220.100 #SWAP:Swap: 8.0G 33M 8.0G#RAM:Mem: 3.9G 1.1G 117M 22M 2.6G 2.4G#Disk:Filesystem Size Used Avail Use% Mounted on /dev/mapper/sopvpyves--vg-root 39G 7.2G 30G 20% /#Load:loadaverage:2.00,#Network:Iface MTU Met RX-OK RX-ERR RX-DRP RX-OVR TX-OK TX-ERR TX-DRP TX-OVR Flg ens160 1500 0 371343870 0 3 0 335792111 0 0 0 BMRU #iostat:avg-cpu: %user %nice %system %iowait %steal %idle 70.72 0.00 0.50 0.02 0.00 28.76#iooperation:Device: tps kB_read/s kB_wrtn/s kB_read kB_wrtn sda 0.71 5.64 9.98 7594669 13426640 dm-0 1.27 5.60 9.91 7538623 13337520 dm-1 0.01 0.00 0.03 6354 34884#mpstat:03:48:20 PM CPU %usr %nice %sys %iowait %irq %soft %steal %guest %gnice %idle 03:48:20 PM all 70.72 0.00 0.25 0.02 0.00 0.25 0.00 0.00 0.00 28.76 03:48:20 PM 0 70.94 0.00 0.24 0.02 0.00 0.00 0.00 0.00 0.00 28.79 03:48:20 PM 1 70.49 0.00 0.26 0.02 0.00 0.49 0.00 0.00 0.00 28.73#vmstat:procs -----------memory---------- ---swap-- -----io---- -system-- ------cpu----- r b swpd free buff cache si so bi bo in cs us sy id wa st 2 0 34748 118356 193708 2581308 0 0 3 5 11 3 71 0 29 0 0
#date:Mon Jul 15 15:49:20 CEST 2019#hostname:10.214.220.100 #SWAP:Swap: 8.0G 33M 8.0G#RAM:Mem: 3.9G 1.1G 116M 22M 2.6G 2.4G#Disk:Filesystem Size Used Avail Use% Mounted on /dev/mapper/sopvpyves--vg-root 39G 7.2G 30G 20% /#Load:loadaverage:2.00,#Network:Iface MTU Met RX-OK RX-ERR RX-DRP RX-OVR TX-OK TX-ERR TX-DRP TX-OVR Flg ens160 1500 0 371351746 0 3 0 335799124 0 0 0 BMRU #iostat:avg-cpu: %user %nice %system %iowait %steal %idle 70.72 0.00 0.50 0.02 0.00 28.76#iooperation:Device: tps kB_read/s kB_wrtn/s kB_read kB_wrtn sda 0.71 5.64 9.98 7594669 13427268 dm-0 1.27 5.60 9.91 7538623 13338148 dm-1 0.01 0.00 0.03 6354 34884#mpstat:03:49:20 PM CPU %usr %nice %sys %iowait %irq %soft %steal %guest %gnice %idle 03:49:20 PM all 70.72 0.00 0.25 0.02 0.00 0.25 0.00 0.00 0.00 28.76 03:49:20 PM 0 70.94 0.00 0.24 0.02 0.00 0.00 0.00 0.00 0.00 28.79 03:49:20 PM 1 70.49 0.00 0.26 0.02 0.00 0.49 0.00 0.00 0.00 28.73#vmstat:procs -----------memory---------- ---swap-- -----io---- -system-- ------cpu----- r b swpd free buff cache si so bi bo in cs us sy id wa st 2 0 34748 119268 193720 2581476 0 0 3 5 11 3 71 0 29 0 0
#date:Mon Jul 15 15:50:20 CEST 2019#hostname:10.214.220.100 #SWAP:Swap: 8.0G 33M 8.0G#RAM:Mem: 3.9G 1.1G 115M 22M 2.6G 2.4G#Disk:Filesystem Size Used Avail Use% Mounted on /dev/mapper/sopvpyves--vg-root 39G 7.2G 30G 20% /#Load:loadaverage:2.05,#Network:Iface MTU Met RX-OK RX-ERR RX-DRP RX-OVR TX-OK TX-ERR TX-DRP TX-OVR Flg ens160 1500 0 371359593 0 3 0 335805943 0 0 0 BMRU #iostat:avg-cpu: %user %nice %system %iowait %steal %idle 70.72 0.00 0.50 0.02 0.00 28.76#iooperation:Device: tps kB_read/s kB_wrtn/s kB_read kB_wrtn sda 0.71 5.64 9.98 7594669 13427872 dm-0 1.27 5.60 9.91 7538623 13338752 dm-1 0.01 0.00 0.03 6354 34884#mpstat:03:50:20 PM CPU %usr %nice %sys %iowait %irq %soft %steal %guest %gnice %idle 03:50:20 PM all 70.72 0.00 0.25 0.02 0.00 0.25 0.00 0.00 0.00 28.76 03:50:20 PM 0 70.94 0.00 0.24 0.02 0.00 0.00 0.00 0.00 0.00 28.78 03:50:20 PM 1 70.50 0.00 0.26 0.02 0.00 0.49 0.00 0.00 0.00 28.73#vmstat:procs -----------memory---------- ---swap-- -----io---- -system-- ------cpu----- r b swpd free buff cache si so bi bo in cs us sy id wa st 2 0 34748 117460 193740 2581884 0 0 3 5 11 3 71 0 29 0 0
#date:Mon Jul 15 15:51:20 CEST 2019#hostname:10.214.220.100 #SWAP:Swap: 8.0G 33M 8.0G#RAM:Mem: 3.9G 1.1G 113M 22M 2.6G 2.4G#Disk:Filesystem Size Used Avail Use% Mounted on /dev/mapper/sopvpyves--vg-root 39G 7.2G 30G 20% /#Load:loadaverage:2.10,#Network:Iface MTU Met RX-OK RX-ERR RX-DRP RX-OVR TX-OK TX-ERR TX-DRP TX-OVR Flg ens160 1500 0 371367373 0 3 0 335812699 0 0 0 BMRU #iostat:avg-cpu: %user %nice %system %iowait %steal %idle 70.72 0.00 0.50 0.02 0.00 28.76#iooperation:Device: tps kB_read/s kB_wrtn/s kB_read kB_wrtn sda 0.71 5.64 9.98 7594669 13428644 dm-0 1.27 5.60 9.91 7538623 13339524 dm-1 0.01 0.00 0.03 6354 34884#mpstat:03:51:21 PM CPU %usr %nice %sys %iowait %irq %soft %steal %guest %gnice %idle 03:51:21 PM all 70.72 0.00 0.25 0.02 0.00 0.25 0.00 0.00 0.00 28.76 03:51:21 PM 0 70.94 0.00 0.24 0.02 0.00 0.00 0.00 0.00 0.00 28.78 03:51:21 PM 1 70.50 0.00 0.26 0.02 0.00 0.49 0.00 0.00 0.00 28.73#vmstat:procs -----------memory---------- ---swap-- -----io---- -system-- ------cpu----- r b swpd free buff cache si so bi bo in cs us sy id wa st 2 0 34748 115600 193760 2582084 0 0 3 5 11 3 71 0 29 0 0
#date:Mon Jul 15 15:52:21 CEST 2019#hostname:10.214.220.100 #SWAP:Swap: 8.0G 33M 8.0G#RAM:Mem: 3.9G 1.1G 112M 22M 2.6G 2.4G#Disk:Filesystem Size Used Avail Use% Mounted on /dev/mapper/sopvpyves--vg-root 39G 7.2G 30G 20% /#Load:loadaverage:2.04,#Network:Iface MTU Met RX-OK RX-ERR RX-DRP RX-OVR TX-OK TX-ERR TX-DRP TX-OVR Flg ens160 1500 0 371374593 0 3 0 335818925 0 0 0 BMRU #iostat:avg-cpu: %user %nice %system %iowait %steal %idle 70.72 0.00 0.50 0.02 0.00 28.76#iooperation:Device: tps kB_read/s kB_wrtn/s kB_read kB_wrtn sda 0.71 5.64 9.98 7594669 13429252 dm-0 1.27 5.60 9.91 7538623 13340132 dm-1 0.01 0.00 0.03 6354 34884#mpstat:03:52:21 PM CPU %usr %nice %sys %iowait %irq %soft %steal %guest %gnice %idle 03:52:21 PM all 70.72 0.00 0.25 0.02 0.00 0.25 0.00 0.00 0.00 28.76 03:52:21 PM 0 70.95 0.00 0.24 0.02 0.00 0.00 0.00 0.00 0.00 28.78 03:52:21 PM 1 70.50 0.00 0.26 0.02 0.00 0.49 0.00 0.00 0.00 28.73#vmstat:procs -----------memory---------- ---swap-- -----io---- -system-- ------cpu----- r b swpd free buff cache si so bi bo in cs us sy id wa st 2 0 34748 115008 193796 2582228 0 0 3 5 11 3 71 0 29 0 0
#date:Mon Jul 15 15:53:21 CEST 2019#hostname:10.214.220.100 #SWAP:Swap: 8.0G 33M 8.0G#RAM:Mem: 3.9G 1.1G 111M 22M 2.6G 2.4G#Disk:Filesystem Size Used Avail Use% Mounted on /dev/mapper/sopvpyves--vg-root 39G 7.2G 30G 20% /#Load:loadaverage:2.01,#Network:Iface MTU Met RX-OK RX-ERR RX-DRP RX-OVR TX-OK TX-ERR TX-DRP TX-OVR Flg ens160 1500 0 371382074 0 3 0 335825324 0 0 0 BMRU #iostat:avg-cpu: %user %nice %system %iowait %steal %idle 70.72 0.00 0.50 0.02 0.00 28.75#iooperation:Device: tps kB_read/s kB_wrtn/s kB_read kB_wrtn sda 0.71 5.64 9.98 7594669 13429776 dm-0 1.27 5.60 9.91 7538623 13340656 dm-1 0.01 0.00 0.03 6354 34884#mpstat:03:53:22 PM CPU %usr %nice %sys %iowait %irq %soft %steal %guest %gnice %idle 03:53:22 PM all 70.72 0.00 0.25 0.02 0.00 0.25 0.00 0.00 0.00 28.75 03:53:22 PM 0 70.95 0.00 0.24 0.02 0.00 0.00 0.00 0.00 0.00 28.78 03:53:22 PM 1 70.50 0.00 0.26 0.02 0.00 0.49 0.00 0.00 0.00 28.73#vmstat:procs -----------memory---------- ---swap-- -----io---- -system-- ------cpu----- r b swpd free buff cache si so bi bo in cs us sy id wa st 2 0 34748 115048 193816 2582316 0 0 3 5 11 3 71 0 29 0 0
#date:Mon Jul 15 15:54:22 CEST 2019#hostname:10.214.220.100 #SWAP:Swap: 8.0G 33M 8.0G#RAM:Mem: 3.9G 1.1G 111M 22M 2.6G 2.4G#Disk:Filesystem Size Used Avail Use% Mounted on /dev/mapper/sopvpyves--vg-root 39G 7.2G 30G 20% /#Load:loadaverage:2.00,#Network:Iface MTU Met RX-OK RX-ERR RX-DRP RX-OVR TX-OK TX-ERR TX-DRP TX-OVR Flg ens160 1500 0 371390159 0 3 0 335832491 0 0 0 BMRU #iostat:avg-cpu: %user %nice %system %iowait %steal %idle 70.72 0.00 0.50 0.02 0.00 28.75#iooperation:Device: tps kB_read/s kB_wrtn/s kB_read kB_wrtn sda 0.71 5.64 9.98 7594669 13430492 dm-0 1.27 5.60 9.91 7538623 13341372 dm-1 0.01 0.00 0.03 6354 34884#mpstat:03:54:22 PM CPU %usr %nice %sys %iowait %irq %soft %steal %guest %gnice %idle 03:54:22 PM all 70.72 0.00 0.25 0.02 0.00 0.25 0.00 0.00 0.00 28.75 03:54:22 PM 0 70.95 0.00 0.24 0.02 0.00 0.00 0.00 0.00 0.00 28.78 03:54:22 PM 1 70.50 0.00 0.26 0.02 0.00 0.49 0.00 0.00 0.00 28.73#vmstat:procs -----------memory---------- ---swap-- -----io---- -system-- ------cpu----- r b swpd free buff cache si so bi bo in cs us sy id wa st 2 0 34748 114344 193840 2582804 0 0 3 5 11 3 71 0 29 0 0
#date:Mon Jul 15 15:55:22 CEST 2019#hostname:10.214.220.100 #SWAP:Swap: 8.0G 33M 8.0G#RAM:Mem: 3.9G 1.1G 110M 22M 2.6G 2.4G#Disk:Filesystem Size Used Avail Use% Mounted on /dev/mapper/sopvpyves--vg-root 39G 7.2G 30G 20% /#Load:loadaverage:2.11,#Network:Iface MTU Met RX-OK RX-ERR RX-DRP RX-OVR TX-OK TX-ERR TX-DRP TX-OVR Flg ens160 1500 0 371397621 0 3 0 335838961 0 0 0 BMRU #iostat:avg-cpu: %user %nice %system %iowait %steal %idle 70.73 0.00 0.50 0.02 0.00 28.75#iooperation:Device: tps kB_read/s kB_wrtn/s kB_read kB_wrtn sda 0.71 5.64 9.98 7594677 13431236 dm-0 1.27 5.60 9.91 7538631 13342116 dm-1 0.01 0.00 0.03 6354 34884#mpstat:03:55:22 PM CPU %usr %nice %sys %iowait %irq %soft %steal %guest %gnice %idle 03:55:22 PM all 70.73 0.00 0.25 0.02 0.00 0.25 0.00 0.00 0.00 28.75 03:55:22 PM 0 70.95 0.00 0.24 0.02 0.00 0.00 0.00 0.00 0.00 28.78 03:55:22 PM 1 70.50 0.00 0.26 0.02 0.00 0.49 0.00 0.00 0.00 28.72#vmstat:procs -----------memory---------- ---swap-- -----io---- -system-- ------cpu----- r b swpd free buff cache si so bi bo in cs us sy id wa st 2 0 34748 113472 193876 2582840 0 0 3 5 11 3 71 0 29 0 0
#date:Mon Jul 15 15:56:22 CEST 2019#hostname:10.214.220.100 #SWAP:Swap: 8.0G 33M 8.0G#RAM:Mem: 3.9G 1.1G 109M 22M 2.6G 2.4G#Disk:Filesystem Size Used Avail Use% Mounted on /dev/mapper/sopvpyves--vg-root 39G 7.2G 30G 20% /#Load:loadaverage:2.04,#Network:Iface MTU Met RX-OK RX-ERR RX-DRP RX-OVR TX-OK TX-ERR TX-DRP TX-OVR Flg ens160 1500 0 371405095 0 3 0 335845558 0 0 0 BMRU #iostat:avg-cpu: %user %nice %system %iowait %steal %idle 70.73 0.00 0.50 0.02 0.00 28.75#iooperation:Device: tps kB_read/s kB_wrtn/s kB_read kB_wrtn sda 0.71 5.64 9.98 7594677 13431768 dm-0 1.27 5.60 9.91 7538631 13342648 dm-1 0.01 0.00 0.03 6354 34884#mpstat:03:56:23 PM CPU %usr %nice %sys %iowait %irq %soft %steal %guest %gnice %idle 03:56:23 PM all 70.73 0.00 0.25 0.02 0.00 0.25 0.00 0.00 0.00 28.75 03:56:23 PM 0 70.95 0.00 0.24 0.02 0.00 0.00 0.00 0.00 0.00 28.78 03:56:23 PM 1 70.50 0.00 0.26 0.02 0.00 0.49 0.00 0.00 0.00 28.72#vmstat:procs -----------memory---------- ---swap-- -----io---- -system-- ------cpu----- r b swpd free buff cache si so bi bo in cs us sy id wa st 3 0 34748 112560 193900 2582980 0 0 3 5 11 3 71 0 29 0 0
#date:Mon Jul 15 15:57:23 CEST 2019#hostname:10.214.220.100 #SWAP:Swap: 8.0G 33M 8.0G#RAM:Mem: 3.9G 1.1G 109M 22M 2.6G 2.4G#Disk:Filesystem Size Used Avail Use% Mounted on /dev/mapper/sopvpyves--vg-root 39G 7.2G 30G 20% /#Load:loadaverage:2.01,#Network:Iface MTU Met RX-OK RX-ERR RX-DRP RX-OVR TX-OK TX-ERR TX-DRP TX-OVR Flg ens160 1500 0 371412047 0 3 0 335851745 0 0 0 BMRU #iostat:avg-cpu: %user %nice %system %iowait %steal %idle 70.73 0.00 0.50 0.02 0.00 28.75#iooperation:Device: tps kB_read/s kB_wrtn/s kB_read kB_wrtn sda 0.71 5.64 9.98 7594677 13432340 dm-0 1.27 5.60 9.91 7538631 13343220 dm-1 0.01 0.00 0.03 6354 34884#mpstat:03:57:23 PM CPU %usr %nice %sys %iowait %irq %soft %steal %guest %gnice %idle 03:57:23 PM all 70.73 0.00 0.25 0.02 0.00 0.25 0.00 0.00 0.00 28.75 03:57:23 PM 0 70.95 0.00 0.24 0.02 0.00 0.00 0.00 0.00 0.00 28.78 03:57:23 PM 1 70.50 0.00 0.26 0.02 0.00 0.49 0.00 0.00 0.00 28.72#vmstat:procs -----------memory---------- ---swap-- -----io---- -system-- ------cpu----- r b swpd free buff cache si so bi bo in cs us sy id wa st 2 0 34748 111848 193916 2583208 0 0 3 5 11 3 71 0 29 0 0
#date:Mon Jul 15 15:58:23 CEST 2019#hostname:10.214.220.100 #SWAP:Swap: 8.0G 33M 8.0G#RAM:Mem: 3.9G 1.1G 108M 22M 2.6G 2.4G#Disk:Filesystem Size Used Avail Use% Mounted on /dev/mapper/sopvpyves--vg-root 39G 7.2G 30G 20% /#Load:loadaverage:2.08,#Network:Iface MTU Met RX-OK RX-ERR RX-DRP RX-OVR TX-OK TX-ERR TX-DRP TX-OVR Flg ens160 1500 0 371419194 0 3 0 335858157 0 0 0 BMRU #iostat:avg-cpu: %user %nice %system %iowait %steal %idle 70.73 0.00 0.50 0.02 0.00 28.75#iooperation:Device: tps kB_read/s kB_wrtn/s kB_read kB_wrtn sda 0.71 5.64 9.98 7594677 13433028 dm-0 1.27 5.60 9.91 7538631 13343908 dm-1 0.01 0.00 0.03 6354 34884#mpstat:03:58:24 PM CPU %usr %nice %sys %iowait %irq %soft %steal %guest %gnice %idle 03:58:24 PM all 70.73 0.00 0.25 0.02 0.00 0.25 0.00 0.00 0.00 28.75 03:58:24 PM 0 70.95 0.00 0.24 0.02 0.00 0.00 0.00 0.00 0.00 28.77 03:58:24 PM 1 70.51 0.00 0.26 0.02 0.00 0.49 0.00 0.00 0.00 28.72#vmstat:procs -----------memory---------- ---swap-- -----io---- -system-- ------cpu----- r b swpd free buff cache si so bi bo in cs us sy id wa st 2 0 34748 111052 193928 2583412 0 0 3 5 11 3 71 0 29 0 0
#date:Mon Jul 15 15:59:23 CEST 2019#hostname:10.214.220.100 #SWAP:Swap: 8.0G 33M 8.0G#RAM:Mem: 3.9G 1.1G 105M 22M 2.6G 2.4G#Disk:Filesystem Size Used Avail Use% Mounted on /dev/mapper/sopvpyves--vg-root 39G 7.2G 30G 20% /#Load:loadaverage:2.06,#Network:Iface MTU Met RX-OK RX-ERR RX-DRP RX-OVR TX-OK TX-ERR TX-DRP TX-OVR Flg ens160 1500 0 371426782 0 3 0 335865232 0 0 0 BMRU #iostat:avg-cpu: %user %nice %system %iowait %steal %idle 70.73 0.00 0.50 0.02 0.00 28.75#iooperation:Device: tps kB_read/s kB_wrtn/s kB_read kB_wrtn sda 0.71 5.64 9.98 7594677 13433756 dm-0 1.27 5.60 9.91 7538631 13344636 dm-1 0.01 0.00 0.03 6354 34884#mpstat:03:59:24 PM CPU %usr %nice %sys %iowait %irq %soft %steal %guest %gnice %idle 03:59:24 PM all 70.73 0.00 0.25 0.02 0.00 0.25 0.00 0.00 0.00 28.75 03:59:24 PM 0 70.95 0.00 0.24 0.02 0.00 0.00 0.00 0.00 0.00 28.77 03:59:24 PM 1 70.51 0.00 0.26 0.02 0.00 0.49 0.00 0.00 0.00 28.72#vmstat:procs -----------memory---------- ---swap-- -----io---- -system-- ------cpu----- r b swpd free buff cache si so bi bo in cs us sy id wa st 2 0 34748 107172 193960 2583568 0 0 3 5 11 3 71 0 29 0 0
#date:Mon Jul 15 16:00:24 CEST 2019#hostname:10.214.220.100 #SWAP:Swap: 8.0G 33M 8.0G#RAM:Mem: 3.9G 1.1G 102M 22M 2.6G 2.4G#Disk:Filesystem Size Used Avail Use% Mounted on /dev/mapper/sopvpyves--vg-root 39G 7.2G 30G 20% /#Load:loadaverage:2.02,#Network:Iface MTU Met RX-OK RX-ERR RX-DRP RX-OVR TX-OK TX-ERR TX-DRP TX-OVR Flg ens160 1500 0 371434465 0 3 0 335872537 0 0 0 BMRU #iostat:avg-cpu: %user %nice %system %iowait %steal %idle 70.73 0.00 0.50 0.02 0.00 28.75#iooperation:Device: tps kB_read/s kB_wrtn/s kB_read kB_wrtn sda 0.71 5.64 9.98 7594677 13434332 dm-0 1.27 5.60 9.91 7538631 13345212 dm-1 0.01 0.00 0.03 6354 34884#mpstat:04:00:24 PM CPU %usr %nice %sys %iowait %irq %soft %steal %guest %gnice %idle 04:00:24 PM all 70.73 0.00 0.25 0.02 0.00 0.25 0.00 0.00 0.00 28.75 04:00:24 PM 0 70.96 0.00 0.24 0.02 0.00 0.00 0.00 0.00 0.00 28.77 04:00:24 PM 1 70.51 0.00 0.26 0.02 0.00 0.49 0.00 0.00 0.00 28.72#vmstat:procs -----------memory---------- ---swap-- -----io---- -system-- ------cpu----- r b swpd free buff cache si so bi bo in cs us sy id wa st 2 0 34748 105060 193976 2583968 0 0 3 5 11 3 71 0 29 0 0
#date:Mon Jul 15 16:01:24 CEST 2019#hostname:10.214.220.100 #SWAP:Swap: 8.0G 33M 8.0G#RAM:Mem: 3.9G 1.1G 101M 22M 2.6G 2.4G#Disk:Filesystem Size Used Avail Use% Mounted on /dev/mapper/sopvpyves--vg-root 39G 7.2G 30G 20% /#Load:loadaverage:2.09,#Network:Iface MTU Met RX-OK RX-ERR RX-DRP RX-OVR TX-OK TX-ERR TX-DRP TX-OVR Flg ens160 1500 0 371441735 0 3 0 335878903 0 0 0 BMRU #iostat:avg-cpu: %user %nice %system %iowait %steal %idle 70.73 0.00 0.50 0.02 0.00 28.74#iooperation:Device: tps kB_read/s kB_wrtn/s kB_read kB_wrtn sda 0.71 5.64 9.98 7594677 13434972 dm-0 1.27 5.60 9.91 7538631 13345852 dm-1 0.01 0.00 0.03 6354 34884#mpstat:04:01:24 PM CPU %usr %nice %sys %iowait %irq %soft %steal %guest %gnice %idle 04:01:24 PM all 70.73 0.00 0.25 0.02 0.00 0.25 0.00 0.00 0.00 28.74 04:01:24 PM 0 70.96 0.00 0.24 0.02 0.00 0.00 0.00 0.00 0.00 28.77 04:01:24 PM 1 70.51 0.00 0.26 0.02 0.00 0.49 0.00 0.00 0.00 28.72#vmstat:procs -----------memory---------- ---swap-- -----io---- -system-- ------cpu----- r b swpd free buff cache si so bi bo in cs us sy id wa st 2 0 34748 187884 193988 2499736 0 0 3 5 11 3 71 0 29 0 0
#date:Mon Jul 15 16:02:25 CEST 2019#hostname:10.214.220.100 #SWAP:Swap: 8.0G 33M 8.0G#RAM:Mem: 3.9G 1.1G 184M 22M 2.6G 2.4G#Disk:Filesystem Size Used Avail Use% Mounted on /dev/mapper/sopvpyves--vg-root 39G 7.2G 30G 20% /#Load:loadaverage:2.06,#Network:Iface MTU Met RX-OK RX-ERR RX-DRP RX-OVR TX-OK TX-ERR TX-DRP TX-OVR Flg ens160 1500 0 371448573 0 3 0 335884967 0 0 0 BMRU #iostat:avg-cpu: %user %nice %system %iowait %steal %idle 70.73 0.00 0.50 0.02 0.00 28.74#iooperation:Device: tps kB_read/s kB_wrtn/s kB_read kB_wrtn sda 0.71 5.64 9.98 7594677 13435636 dm-0 1.27 5.60 9.91 7538631 13346516 dm-1 0.01 0.00 0.03 6354 34884#mpstat:04:02:25 PM CPU %usr %nice %sys %iowait %irq %soft %steal %guest %gnice %idle 04:02:25 PM all 70.73 0.00 0.25 0.02 0.00 0.25 0.00 0.00 0.00 28.74 04:02:25 PM 0 70.96 0.00 0.24 0.02 0.00 0.00 0.00 0.00 0.00 28.77 04:02:25 PM 1 70.51 0.00 0.26 0.02 0.00 0.49 0.00 0.00 0.00 28.72#vmstat:procs -----------memory---------- ---swap-- -----io---- -system-- ------cpu----- r b swpd free buff cache si so bi bo in cs us sy id wa st 2 0 34748 188708 194004 2499544 0 0 3 5 11 3 71 0 29 0 0
#date:Mon Jul 15 16:03:25 CEST 2019#hostname:10.214.220.100 #SWAP:Swap: 8.0G 33M 8.0G#RAM:Mem: 3.9G 1.1G 183M 22M 2.6G 2.4G#Disk:Filesystem Size Used Avail Use% Mounted on /dev/mapper/sopvpyves--vg-root 39G 7.2G 30G 20% /#Load:loadaverage:2.14,#Network:Iface MTU Met RX-OK RX-ERR RX-DRP RX-OVR TX-OK TX-ERR TX-DRP TX-OVR Flg ens160 1500 0 371455735 0 3 0 335891345 0 0 0 BMRU #iostat:avg-cpu: %user %nice %system %iowait %steal %idle 70.74 0.00 0.50 0.02 0.00 28.74#iooperation:Device: tps kB_read/s kB_wrtn/s kB_read kB_wrtn sda 0.71 5.64 9.98 7594677 13436232 dm-0 1.27 5.60 9.91 7538631 13347112 dm-1 0.01 0.00 0.03 6354 34884#mpstat:04:03:25 PM CPU %usr %nice %sys %iowait %irq %soft %steal %guest %gnice %idle 04:03:25 PM all 70.74 0.00 0.25 0.02 0.00 0.25 0.00 0.00 0.00 28.74 04:03:25 PM 0 70.96 0.00 0.24 0.02 0.00 0.00 0.00 0.00 0.00 28.77 04:03:25 PM 1 70.51 0.00 0.26 0.02 0.00 0.49 0.00 0.00 0.00 28.71#vmstat:procs -----------memory---------- ---swap-- -----io---- -system-- ------cpu----- r b swpd free buff cache si so bi bo in cs us sy id wa st 2 0 34748 188236 194040 2499696 0 0 3 5 11 3 71 0 29 0 0
#date:Mon Jul 15 16:04:25 CEST 2019#hostname:10.214.220.100 #SWAP:Swap: 8.0G 33M 8.0G#RAM:Mem: 3.9G 1.1G 183M 22M 2.6G 2.4G#Disk:Filesystem Size Used Avail Use% Mounted on /dev/mapper/sopvpyves--vg-root 39G 7.2G 30G 20% /#Load:loadaverage:2.16,#Network:Iface MTU Met RX-OK RX-ERR RX-DRP RX-OVR TX-OK TX-ERR TX-DRP TX-OVR Flg ens160 1500 0 371463719 0 3 0 335898567 0 0 0 BMRU #iostat:avg-cpu: %user %nice %system %iowait %steal %idle 70.74 0.00 0.50 0.02 0.00 28.74#iooperation:Device: tps kB_read/s kB_wrtn/s kB_read kB_wrtn sda 0.71 5.64 9.98 7594677 13436956 dm-0 1.27 5.60 9.91 7538631 13347836 dm-1 0.01 0.00 0.03 6354 34884#mpstat:04:04:26 PM CPU %usr %nice %sys %iowait %irq %soft %steal %guest %gnice %idle 04:04:26 PM all 70.74 0.00 0.25 0.02 0.00 0.25 0.00 0.00 0.00 28.74 04:04:26 PM 0 70.96 0.00 0.24 0.02 0.00 0.00 0.00 0.00 0.00 28.77 04:04:26 PM 1 70.51 0.00 0.26 0.02 0.00 0.49 0.00 0.00 0.00 28.71#vmstat:procs -----------memory---------- ---swap-- -----io---- -system-- ------cpu----- r b swpd free buff cache si so bi bo in cs us sy id wa st 2 0 34748 188004 194052 2499856 0 0 3 5 11 3 71 0 29 0 0
#date:Mon Jul 15 16:05:26 CEST 2019#hostname:10.214.220.100 #SWAP:Swap: 8.0G 33M 8.0G#RAM:Mem: 3.9G 1.1G 182M 22M 2.6G 2.4G#Disk:Filesystem Size Used Avail Use% Mounted on /dev/mapper/sopvpyves--vg-root 39G 7.2G 30G 20% /#Load:loadaverage:2.13,#Network:Iface MTU Met RX-OK RX-ERR RX-DRP RX-OVR TX-OK TX-ERR TX-DRP TX-OVR Flg ens160 1500 0 371471279 0 3 0 335905378 0 0 0 BMRU #iostat:avg-cpu: %user %nice %system %iowait %steal %idle 70.74 0.00 0.50 0.02 0.00 28.74#iooperation:Device: tps kB_read/s kB_wrtn/s kB_read kB_wrtn sda 0.71 5.64 9.98 7594677 13437648 dm-0 1.27 5.60 9.91 7538631 13348528 dm-1 0.01 0.00 0.03 6354 34884#mpstat:04:05:26 PM CPU %usr %nice %sys %iowait %irq %soft %steal %guest %gnice %idle 04:05:26 PM all 70.74 0.00 0.25 0.02 0.00 0.25 0.00 0.00 0.00 28.74 04:05:26 PM 0 70.96 0.00 0.24 0.02 0.00 0.00 0.00 0.00 0.00 28.77 04:05:26 PM 1 70.51 0.00 0.26 0.02 0.00 0.49 0.00 0.00 0.00 28.71#vmstat:procs -----------memory---------- ---swap-- -----io---- -system-- ------cpu----- r b swpd free buff cache si so bi bo in cs us sy id wa st 2 0 34748 187072 194068 2500228 0 0 3 5 11 3 71 0 29 0 0
