#date:Mon Jul 15 15:30:53 CEST 2019#hostname:10.214.222.165 #SWAP:Swap: 8.0G 0B 8.0G#RAM:Mem: 3.9G 816M 476M 34M 2.6G 2.7G#Disk:Filesystem Size Used Avail Use% Mounted on /dev/mapper/sopvpyves--vg-root 39G 9.3G 28G 26% /#Load:loadaverage:0.69,#Network:Iface MTU Met RX-OK RX-ERR RX-DRP RX-OVR TX-OK TX-ERR TX-DRP TX-OVR Flg ens160 1500 0 18129792 0 0 0 2477096 0 0 0 BMRU #iostat:avg-cpu: %user %nice %system %iowait %steal %idle 0.06 0.00 0.04 0.02 0.00 99.88#iooperation:Device: tps kB_read/s kB_wrtn/s kB_read kB_wrtn sda 0.27 1.06 5.80 1331003 7298524 dm-0 0.57 1.01 5.76 1265595 7244232 dm-1 0.00 0.00 0.00 4614 0#mpstat:03:30:53 PM CPU %usr %nice %sys %iowait %irq %soft %steal %guest %gnice %idle 03:30:53 PM all 0.06 0.00 0.03 0.02 0.00 0.01 0.00 0.00 0.00 99.88 03:30:53 PM 0 0.04 0.01 0.02 0.01 0.00 0.00 0.00 0.00 0.00 99.92 03:30:53 PM 1 0.08 0.00 0.05 0.02 0.00 0.01 0.00 0.00 0.00 99.84#vmstat:procs -----------memory---------- ---swap-- -----io---- -system-- ------cpu----- r b swpd free buff cache si so bi bo in cs us sy id wa st 0 0 0 487020 412116 2304656 0 0 1 3 12 6 0 0 100 0 0
#date:Mon Jul 15 15:31:53 CEST 2019#hostname:10.214.222.165 #SWAP:Swap: 8.0G 0B 8.0G#RAM:Mem: 3.9G 796M 488M 34M 2.6G 2.7G#Disk:Filesystem Size Used Avail Use% Mounted on /dev/mapper/sopvpyves--vg-root 39G 9.3G 28G 26% /#Load:loadaverage:0.37,#Network:Iface MTU Met RX-OK RX-ERR RX-DRP RX-OVR TX-OK TX-ERR TX-DRP TX-OVR Flg ens160 1500 0 18138614 0 0 0 2485939 0 0 0 BMRU #iostat:avg-cpu: %user %nice %system %iowait %steal %idle 0.06 0.00 0.04 0.02 0.00 99.88#iooperation:Device: tps kB_read/s kB_wrtn/s kB_read kB_wrtn sda 0.27 1.06 5.81 1331079 7306668 dm-0 0.57 1.01 5.76 1265671 7252376 dm-1 0.00 0.00 0.00 4614 0#mpstat:03:31:53 PM CPU %usr %nice %sys %iowait %irq %soft %steal %guest %gnice %idle 03:31:53 PM all 0.06 0.00 0.03 0.02 0.00 0.01 0.00 0.00 0.00 99.88 03:31:53 PM 0 0.04 0.01 0.02 0.01 0.00 0.00 0.00 0.00 0.00 99.92 03:31:53 PM 1 0.08 0.00 0.05 0.02 0.00 0.01 0.00 0.00 0.00 99.84#vmstat:procs -----------memory---------- ---swap-- -----io---- -system-- ------cpu----- r b swpd free buff cache si so bi bo in cs us sy id wa st 0 0 0 498604 412116 2311960 0 0 1 3 12 6 0 0 100 0 0
#date:Mon Jul 15 15:32:53 CEST 2019#hostname:10.214.222.165 #SWAP:Swap: 8.0G 0B 8.0G#RAM:Mem: 3.9G 794M 483M 34M 2.6G 2.7G#Disk:Filesystem Size Used Avail Use% Mounted on /dev/mapper/sopvpyves--vg-root 39G 9.3G 28G 26% /#Load:loadaverage:0.32,#Network:Iface MTU Met RX-OK RX-ERR RX-DRP RX-OVR TX-OK TX-ERR TX-DRP TX-OVR Flg ens160 1500 0 18147080 0 0 0 2494577 0 0 0 BMRU #iostat:avg-cpu: %user %nice %system %iowait %steal %idle 0.06 0.00 0.04 0.02 0.00 99.88#iooperation:Device: tps kB_read/s kB_wrtn/s kB_read kB_wrtn sda 0.27 1.06 5.81 1331079 7314356 dm-0 0.57 1.01 5.77 1265671 7260064 dm-1 0.00 0.00 0.00 4614 0#mpstat:03:32:53 PM CPU %usr %nice %sys %iowait %irq %soft %steal %guest %gnice %idle 03:32:53 PM all 0.06 0.00 0.03 0.02 0.00 0.01 0.00 0.00 0.00 99.88 03:32:53 PM 0 0.04 0.01 0.02 0.01 0.00 0.00 0.00 0.00 0.00 99.92 03:32:53 PM 1 0.08 0.00 0.05 0.02 0.00 0.01 0.00 0.00 0.00 99.84#vmstat:procs -----------memory---------- ---swap-- -----io---- -system-- ------cpu----- r b swpd free buff cache si so bi bo in cs us sy id wa st 0 0 0 493372 412116 2319892 0 0 1 3 12 6 0 0 100 0 0
#date:Mon Jul 15 15:33:53 CEST 2019#hostname:10.214.222.165 #SWAP:Swap: 8.0G 0B 8.0G#RAM:Mem: 3.9G 795M 474M 34M 2.6G 2.7G#Disk:Filesystem Size Used Avail Use% Mounted on /dev/mapper/sopvpyves--vg-root 39G 9.3G 28G 26% /#Load:loadaverage:0.41,#Network:Iface MTU Met RX-OK RX-ERR RX-DRP RX-OVR TX-OK TX-ERR TX-DRP TX-OVR Flg ens160 1500 0 18158070 0 0 0 2508184 0 0 0 BMRU #iostat:avg-cpu: %user %nice %system %iowait %steal %idle 0.06 0.00 0.04 0.02 0.00 99.88#iooperation:Device: tps kB_read/s kB_wrtn/s kB_read kB_wrtn sda 0.27 1.06 5.82 1331079 7318520 dm-0 0.57 1.01 5.77 1265671 7264228 dm-1 0.00 0.00 0.00 4614 0#mpstat:03:33:54 PM CPU %usr %nice %sys %iowait %irq %soft %steal %guest %gnice %idle 03:33:54 PM all 0.06 0.00 0.03 0.02 0.00 0.01 0.00 0.00 0.00 99.88 03:33:54 PM 0 0.04 0.01 0.02 0.01 0.00 0.00 0.00 0.00 0.00 99.92 03:33:54 PM 1 0.08 0.00 0.05 0.02 0.00 0.01 0.00 0.00 0.00 99.84#vmstat:procs -----------memory---------- ---swap-- -----io---- -system-- ------cpu----- r b swpd free buff cache si so bi bo in cs us sy id wa st 0 0 0 484204 412116 2327344 0 0 1 3 12 6 0 0 100 0 0
#date:Mon Jul 15 15:34:54 CEST 2019#hostname:10.214.222.165 #SWAP:Swap: 8.0G 0B 8.0G#RAM:Mem: 3.9G 798M 464M 34M 2.6G 2.7G#Disk:Filesystem Size Used Avail Use% Mounted on /dev/mapper/sopvpyves--vg-root 39G 9.3G 28G 26% /#Load:loadaverage:0.40,#Network:Iface MTU Met RX-OK RX-ERR RX-DRP RX-OVR TX-OK TX-ERR TX-DRP TX-OVR Flg ens160 1500 0 18166698 0 0 0 2517044 0 0 0 BMRU #iostat:avg-cpu: %user %nice %system %iowait %steal %idle 0.06 0.00 0.04 0.02 0.00 99.88#iooperation:Device: tps kB_read/s kB_wrtn/s kB_read kB_wrtn sda 0.27 1.06 5.82 1331083 7326760 dm-0 0.57 1.01 5.78 1265675 7272468 dm-1 0.00 0.00 0.00 4614 0#mpstat:03:34:54 PM CPU %usr %nice %sys %iowait %irq %soft %steal %guest %gnice %idle 03:34:54 PM all 0.06 0.00 0.03 0.02 0.00 0.01 0.00 0.00 0.00 99.88 03:34:54 PM 0 0.04 0.01 0.02 0.01 0.00 0.00 0.00 0.00 0.00 99.92 03:34:54 PM 1 0.08 0.00 0.05 0.02 0.00 0.01 0.00 0.00 0.00 99.84#vmstat:procs -----------memory---------- ---swap-- -----io---- -system-- ------cpu----- r b swpd free buff cache si so bi bo in cs us sy id wa st 0 0 0 474564 412124 2334932 0 0 1 3 12 6 0 0 100 0 0
#date:Mon Jul 15 15:35:54 CEST 2019#hostname:10.214.222.165 #SWAP:Swap: 8.0G 0B 8.0G#RAM:Mem: 3.9G 799M 455M 34M 2.6G 2.7G#Disk:Filesystem Size Used Avail Use% Mounted on /dev/mapper/sopvpyves--vg-root 39G 9.3G 28G 26% /#Load:loadaverage:0.35,#Network:Iface MTU Met RX-OK RX-ERR RX-DRP RX-OVR TX-OK TX-ERR TX-DRP TX-OVR Flg ens160 1500 0 18175405 0 0 0 2526045 0 0 0 BMRU #iostat:avg-cpu: %user %nice %system %iowait %steal %idle 0.06 0.00 0.04 0.02 0.00 99.88#iooperation:Device: tps kB_read/s kB_wrtn/s kB_read kB_wrtn sda 0.27 1.06 5.83 1331087 7334932 dm-0 0.57 1.01 5.79 1265679 7280640 dm-1 0.00 0.00 0.00 4614 0#mpstat:03:35:54 PM CPU %usr %nice %sys %iowait %irq %soft %steal %guest %gnice %idle 03:35:54 PM all 0.06 0.00 0.03 0.02 0.00 0.01 0.00 0.00 0.00 99.88 03:35:54 PM 0 0.04 0.01 0.02 0.01 0.00 0.00 0.00 0.00 0.00 99.92 03:35:54 PM 1 0.08 0.00 0.05 0.02 0.00 0.01 0.00 0.00 0.00 99.84#vmstat:procs -----------memory---------- ---swap-- -----io---- -system-- ------cpu----- r b swpd free buff cache si so bi bo in cs us sy id wa st 0 0 0 464808 412128 2342908 0 0 1 3 12 6 0 0 100 0 0
#date:Mon Jul 15 15:36:54 CEST 2019#hostname:10.214.222.165 #SWAP:Swap: 8.0G 0B 8.0G#RAM:Mem: 3.9G 799M 448M 34M 2.6G 2.7G#Disk:Filesystem Size Used Avail Use% Mounted on /dev/mapper/sopvpyves--vg-root 39G 9.3G 28G 26% /#Load:loadaverage:0.32,#Network:Iface MTU Met RX-OK RX-ERR RX-DRP RX-OVR TX-OK TX-ERR TX-DRP TX-OVR Flg ens160 1500 0 18183939 0 0 0 2534682 0 0 0 BMRU #iostat:avg-cpu: %user %nice %system %iowait %steal %idle 0.06 0.00 0.04 0.02 0.00 99.88#iooperation:Device: tps kB_read/s kB_wrtn/s kB_read kB_wrtn sda 0.27 1.06 5.83 1331087 7342984 dm-0 0.57 1.01 5.79 1265679 7288692 dm-1 0.00 0.00 0.00 4614 0#mpstat:03:36:54 PM CPU %usr %nice %sys %iowait %irq %soft %steal %guest %gnice %idle 03:36:54 PM all 0.06 0.00 0.03 0.02 0.00 0.01 0.00 0.00 0.00 99.88 03:36:54 PM 0 0.05 0.01 0.02 0.01 0.00 0.00 0.00 0.00 0.00 99.92 03:36:54 PM 1 0.08 0.00 0.05 0.02 0.00 0.01 0.00 0.00 0.00 99.84#vmstat:procs -----------memory---------- ---swap-- -----io---- -system-- ------cpu----- r b swpd free buff cache si so bi bo in cs us sy id wa st 1 0 0 458304 412128 2350796 0 0 1 3 12 6 0 0 100 0 0
#date:Mon Jul 15 15:37:54 CEST 2019#hostname:10.214.222.165 #SWAP:Swap: 8.0G 0B 8.0G#RAM:Mem: 3.9G 800M 438M 34M 2.6G 2.7G#Disk:Filesystem Size Used Avail Use% Mounted on /dev/mapper/sopvpyves--vg-root 39G 9.3G 28G 26% /#Load:loadaverage:0.29,#Network:Iface MTU Met RX-OK RX-ERR RX-DRP RX-OVR TX-OK TX-ERR TX-DRP TX-OVR Flg ens160 1500 0 18191663 0 0 0 2542601 0 0 0 BMRU #iostat:avg-cpu: %user %nice %system %iowait %steal %idle 0.07 0.00 0.04 0.02 0.00 99.88#iooperation:Device: tps kB_read/s kB_wrtn/s kB_read kB_wrtn sda 0.27 1.06 5.84 1331087 7351064 dm-0 0.57 1.01 5.80 1265679 7296772 dm-1 0.00 0.00 0.00 4614 0#mpstat:03:37:54 PM CPU %usr %nice %sys %iowait %irq %soft %steal %guest %gnice %idle 03:37:54 PM all 0.07 0.00 0.03 0.02 0.00 0.01 0.00 0.00 0.00 99.88 03:37:54 PM 0 0.05 0.01 0.02 0.01 0.00 0.00 0.00 0.00 0.00 99.92 03:37:54 PM 1 0.08 0.00 0.05 0.02 0.00 0.01 0.00 0.00 0.00 99.84#vmstat:procs -----------memory---------- ---swap-- -----io---- -system-- ------cpu----- r b swpd free buff cache si so bi bo in cs us sy id wa st 1 0 0 447184 412132 2358664 0 0 1 3 12 6 0 0 100 0 0
#date:Mon Jul 15 15:38:54 CEST 2019#hostname:10.214.222.165 #SWAP:Swap: 8.0G 0B 8.0G#RAM:Mem: 3.9G 801M 430M 34M 2.6G 2.7G#Disk:Filesystem Size Used Avail Use% Mounted on /dev/mapper/sopvpyves--vg-root 39G 9.3G 28G 26% /#Load:loadaverage:0.26,#Network:Iface MTU Met RX-OK RX-ERR RX-DRP RX-OVR TX-OK TX-ERR TX-DRP TX-OVR Flg ens160 1500 0 18199518 0 0 0 2550673 0 0 0 BMRU #iostat:avg-cpu: %user %nice %system %iowait %steal %idle 0.07 0.00 0.04 0.02 0.00 99.88#iooperation:Device: tps kB_read/s kB_wrtn/s kB_read kB_wrtn sda 0.27 1.06 5.85 1331087 7359312 dm-0 0.57 1.01 5.80 1265679 7305020 dm-1 0.00 0.00 0.00 4614 0#mpstat:03:38:54 PM CPU %usr %nice %sys %iowait %irq %soft %steal %guest %gnice %idle 03:38:54 PM all 0.07 0.00 0.03 0.02 0.00 0.01 0.00 0.00 0.00 99.88 03:38:54 PM 0 0.05 0.01 0.02 0.01 0.00 0.00 0.00 0.00 0.00 99.92 03:38:54 PM 1 0.09 0.00 0.05 0.02 0.00 0.01 0.00 0.00 0.00 99.84#vmstat:procs -----------memory---------- ---swap-- -----io---- -system-- ------cpu----- r b swpd free buff cache si so bi bo in cs us sy id wa st 1 0 0 441268 412132 2366356 0 0 1 3 12 6 0 0 100 0 0
#date:Mon Jul 15 15:39:54 CEST 2019#hostname:10.214.222.165 #SWAP:Swap: 8.0G 0B 8.0G#RAM:Mem: 3.9G 794M 429M 34M 2.7G 2.7G#Disk:Filesystem Size Used Avail Use% Mounted on /dev/mapper/sopvpyves--vg-root 39G 9.3G 28G 26% /#Load:loadaverage:0.24,#Network:Iface MTU Met RX-OK RX-ERR RX-DRP RX-OVR TX-OK TX-ERR TX-DRP TX-OVR Flg ens160 1500 0 18207283 0 0 0 2558700 0 0 0 BMRU #iostat:avg-cpu: %user %nice %system %iowait %steal %idle 0.07 0.00 0.04 0.02 0.00 99.88#iooperation:Device: tps kB_read/s kB_wrtn/s kB_read kB_wrtn sda 0.27 1.06 5.85 1331107 7367824 dm-0 0.57 1.01 5.81 1265699 7313532 dm-1 0.00 0.00 0.00 4614 0#mpstat:03:39:55 PM CPU %usr %nice %sys %iowait %irq %soft %steal %guest %gnice %idle 03:39:55 PM all 0.07 0.00 0.03 0.02 0.00 0.01 0.00 0.00 0.00 99.88 03:39:55 PM 0 0.05 0.01 0.02 0.01 0.00 0.00 0.00 0.00 0.00 99.92 03:39:55 PM 1 0.09 0.00 0.05 0.02 0.00 0.01 0.00 0.00 0.00 99.83#vmstat:procs -----------memory---------- ---swap-- -----io---- -system-- ------cpu----- r b swpd free buff cache si so bi bo in cs us sy id wa st 1 0 0 438196 412136 2374276 0 0 1 3 12 6 0 0 100 0 0
#date:Mon Jul 15 15:40:55 CEST 2019#hostname:10.214.222.165 #SWAP:Swap: 8.0G 0B 8.0G#RAM:Mem: 3.9G 799M 416M 34M 2.7G 2.7G#Disk:Filesystem Size Used Avail Use% Mounted on /dev/mapper/sopvpyves--vg-root 39G 9.4G 28G 26% /#Load:loadaverage:0.22,#Network:Iface MTU Met RX-OK RX-ERR RX-DRP RX-OVR TX-OK TX-ERR TX-DRP TX-OVR Flg ens160 1500 0 18214899 0 0 0 2566601 0 0 0 BMRU #iostat:avg-cpu: %user %nice %system %iowait %steal %idle 0.07 0.00 0.04 0.02 0.00 99.88#iooperation:Device: tps kB_read/s kB_wrtn/s kB_read kB_wrtn sda 0.27 1.06 5.86 1331107 7376592 dm-0 0.57 1.01 5.82 1265699 7322300 dm-1 0.00 0.00 0.00 4614 0#mpstat:03:40:55 PM CPU %usr %nice %sys %iowait %irq %soft %steal %guest %gnice %idle 03:40:55 PM all 0.07 0.00 0.03 0.02 0.00 0.01 0.00 0.00 0.00 99.88 03:40:55 PM 0 0.05 0.01 0.02 0.01 0.00 0.00 0.00 0.00 0.00 99.92 03:40:55 PM 1 0.09 0.00 0.05 0.02 0.00 0.01 0.00 0.00 0.00 99.83#vmstat:procs -----------memory---------- ---swap-- -----io---- -system-- ------cpu----- r b swpd free buff cache si so bi bo in cs us sy id wa st 1 0 0 425288 412140 2382524 0 0 1 3 12 6 0 0 100 0 0
#date:Mon Jul 15 15:41:55 CEST 2019#hostname:10.214.222.165 #SWAP:Swap: 8.0G 0B 8.0G#RAM:Mem: 3.9G 796M 411M 34M 2.7G 2.7G#Disk:Filesystem Size Used Avail Use% Mounted on /dev/mapper/sopvpyves--vg-root 39G 9.4G 28G 26% /#Load:loadaverage:0.20,#Network:Iface MTU Met RX-OK RX-ERR RX-DRP RX-OVR TX-OK TX-ERR TX-DRP TX-OVR Flg ens160 1500 0 18222863 0 0 0 2574820 0 0 0 BMRU #iostat:avg-cpu: %user %nice %system %iowait %steal %idle 0.07 0.00 0.04 0.02 0.00 99.87#iooperation:Device: tps kB_read/s kB_wrtn/s kB_read kB_wrtn sda 0.27 1.06 5.87 1331107 7384456 dm-0 0.57 1.01 5.82 1265699 7330164 dm-1 0.00 0.00 0.00 4614 0#mpstat:03:41:55 PM CPU %usr %nice %sys %iowait %irq %soft %steal %guest %gnice %idle 03:41:55 PM all 0.07 0.00 0.03 0.02 0.00 0.01 0.00 0.00 0.00 99.87 03:41:55 PM 0 0.05 0.01 0.02 0.01 0.00 0.00 0.00 0.00 0.00 99.91 03:41:55 PM 1 0.09 0.00 0.05 0.02 0.00 0.01 0.00 0.00 0.00 99.83#vmstat:procs -----------memory---------- ---swap-- -----io---- -system-- ------cpu----- r b swpd free buff cache si so bi bo in cs us sy id wa st 1 0 0 419780 412140 2391028 0 0 1 3 12 6 0 0 100 0 0
#date:Mon Jul 15 15:42:55 CEST 2019#hostname:10.214.222.165 #SWAP:Swap: 8.0G 0B 8.0G#RAM:Mem: 3.9G 797M 401M 34M 2.7G 2.7G#Disk:Filesystem Size Used Avail Use% Mounted on /dev/mapper/sopvpyves--vg-root 39G 9.4G 28G 26% /#Load:loadaverage:0.24,#Network:Iface MTU Met RX-OK RX-ERR RX-DRP RX-OVR TX-OK TX-ERR TX-DRP TX-OVR Flg ens160 1500 0 18230750 0 0 0 2583019 0 0 0 BMRU #iostat:avg-cpu: %user %nice %system %iowait %steal %idle 0.07 0.00 0.04 0.02 0.00 99.87#iooperation:Device: tps kB_read/s kB_wrtn/s kB_read kB_wrtn sda 0.27 1.06 5.87 1331107 7392228 dm-0 0.57 1.01 5.83 1265699 7337936 dm-1 0.00 0.00 0.00 4614 0#mpstat:03:42:55 PM CPU %usr %nice %sys %iowait %irq %soft %steal %guest %gnice %idle 03:42:55 PM all 0.07 0.00 0.03 0.02 0.00 0.01 0.00 0.00 0.00 99.87 03:42:55 PM 0 0.05 0.01 0.02 0.01 0.00 0.00 0.00 0.00 0.00 99.91 03:42:55 PM 1 0.09 0.00 0.05 0.02 0.00 0.01 0.00 0.00 0.00 99.83#vmstat:procs -----------memory---------- ---swap-- -----io---- -system-- ------cpu----- r b swpd free buff cache si so bi bo in cs us sy id wa st 1 0 0 409640 412140 2399700 0 0 1 3 12 6 0 0 100 0 0
#date:Mon Jul 15 15:43:55 CEST 2019#hostname:10.214.222.165 #SWAP:Swap: 8.0G 0B 8.0G#RAM:Mem: 3.9G 799M 391M 34M 2.7G 2.7G#Disk:Filesystem Size Used Avail Use% Mounted on /dev/mapper/sopvpyves--vg-root 39G 9.4G 28G 26% /#Load:loadaverage:0.31,#Network:Iface MTU Met RX-OK RX-ERR RX-DRP RX-OVR TX-OK TX-ERR TX-DRP TX-OVR Flg ens160 1500 0 18238391 0 0 0 2590902 0 0 0 BMRU #iostat:avg-cpu: %user %nice %system %iowait %steal %idle 0.07 0.00 0.04 0.02 0.00 99.87#iooperation:Device: tps kB_read/s kB_wrtn/s kB_read kB_wrtn sda 0.27 1.06 5.88 1331107 7400928 dm-0 0.57 1.01 5.84 1265699 7346636 dm-1 0.00 0.00 0.00 4614 0#mpstat:03:43:55 PM CPU %usr %nice %sys %iowait %irq %soft %steal %guest %gnice %idle 03:43:55 PM all 0.07 0.00 0.03 0.02 0.00 0.01 0.00 0.00 0.00 99.87 03:43:55 PM 0 0.05 0.01 0.02 0.01 0.00 0.00 0.00 0.00 0.00 99.91 03:43:55 PM 1 0.09 0.00 0.05 0.02 0.00 0.01 0.00 0.00 0.00 99.83#vmstat:procs -----------memory---------- ---swap-- -----io---- -system-- ------cpu----- r b swpd free buff cache si so bi bo in cs us sy id wa st 0 0 0 398788 412140 2408012 0 0 1 3 12 6 0 0 100 0 0
#date:Mon Jul 15 15:44:55 CEST 2019#hostname:10.214.222.165 #SWAP:Swap: 8.0G 0B 8.0G#RAM:Mem: 3.9G 794M 388M 34M 2.7G 2.7G#Disk:Filesystem Size Used Avail Use% Mounted on /dev/mapper/sopvpyves--vg-root 39G 9.4G 28G 26% /#Load:loadaverage:0.37,#Network:Iface MTU Met RX-OK RX-ERR RX-DRP RX-OVR TX-OK TX-ERR TX-DRP TX-OVR Flg ens160 1500 0 18245962 0 0 0 2598769 0 0 0 BMRU #iostat:avg-cpu: %user %nice %system %iowait %steal %idle 0.07 0.00 0.04 0.02 0.00 99.87#iooperation:Device: tps kB_read/s kB_wrtn/s kB_read kB_wrtn sda 0.27 1.06 5.89 1331107 7410020 dm-0 0.57 1.01 5.84 1265699 7355728 dm-1 0.00 0.00 0.00 4614 0#mpstat:03:44:56 PM CPU %usr %nice %sys %iowait %irq %soft %steal %guest %gnice %idle 03:44:56 PM all 0.07 0.00 0.03 0.02 0.00 0.01 0.00 0.00 0.00 99.87 03:44:56 PM 0 0.05 0.01 0.02 0.01 0.00 0.00 0.00 0.00 0.00 99.91 03:44:56 PM 1 0.09 0.00 0.05 0.02 0.00 0.01 0.00 0.00 0.00 99.83#vmstat:procs -----------memory---------- ---swap-- -----io---- -system-- ------cpu----- r b swpd free buff cache si so bi bo in cs us sy id wa st 0 0 0 397480 412140 2416584 0 0 1 3 12 6 0 0 100 0 0
#date:Mon Jul 15 15:45:56 CEST 2019#hostname:10.214.222.165 #SWAP:Swap: 8.0G 0B 8.0G#RAM:Mem: 3.9G 805M 368M 34M 2.7G 2.7G#Disk:Filesystem Size Used Avail Use% Mounted on /dev/mapper/sopvpyves--vg-root 39G 9.4G 28G 26% /#Load:loadaverage:0.42,#Network:Iface MTU Met RX-OK RX-ERR RX-DRP RX-OVR TX-OK TX-ERR TX-DRP TX-OVR Flg ens160 1500 0 18254284 0 0 0 2607622 0 0 0 BMRU #iostat:avg-cpu: %user %nice %system %iowait %steal %idle 0.07 0.00 0.04 0.02 0.00 99.87#iooperation:Device: tps kB_read/s kB_wrtn/s kB_read kB_wrtn sda 0.27 1.06 5.89 1331115 7419240 dm-0 0.57 1.01 5.85 1265707 7364948 dm-1 0.00 0.00 0.00 4614 0#mpstat:03:45:56 PM CPU %usr %nice %sys %iowait %irq %soft %steal %guest %gnice %idle 03:45:56 PM all 0.07 0.00 0.03 0.02 0.00 0.01 0.00 0.00 0.00 99.87 03:45:56 PM 0 0.05 0.01 0.02 0.01 0.00 0.00 0.00 0.00 0.00 99.91 03:45:56 PM 1 0.09 0.00 0.05 0.02 0.00 0.01 0.00 0.00 0.00 99.83#vmstat:procs -----------memory---------- ---swap-- -----io---- -system-- ------cpu----- r b swpd free buff cache si so bi bo in cs us sy id wa st 0 0 0 375188 412148 2426084 0 0 1 3 12 6 0 0 100 0 0
#date:Mon Jul 15 15:46:56 CEST 2019#hostname:10.214.222.165 #SWAP:Swap: 8.0G 0B 8.0G#RAM:Mem: 3.9G 796M 368M 34M 2.7G 2.7G#Disk:Filesystem Size Used Avail Use% Mounted on /dev/mapper/sopvpyves--vg-root 39G 9.4G 28G 26% /#Load:loadaverage:0.50,#Network:Iface MTU Met RX-OK RX-ERR RX-DRP RX-OVR TX-OK TX-ERR TX-DRP TX-OVR Flg ens160 1500 0 18262224 0 0 0 2615790 0 0 0 BMRU #iostat:avg-cpu: %user %nice %system %iowait %steal %idle 0.07 0.00 0.04 0.02 0.00 99.87#iooperation:Device: tps kB_read/s kB_wrtn/s kB_read kB_wrtn sda 0.27 1.06 5.90 1331119 7428140 dm-0 0.57 1.01 5.86 1265711 7373848 dm-1 0.00 0.00 0.00 4614 0#mpstat:03:46:56 PM CPU %usr %nice %sys %iowait %irq %soft %steal %guest %gnice %idle 03:46:56 PM all 0.07 0.00 0.03 0.02 0.00 0.01 0.00 0.00 0.00 99.87 03:46:56 PM 0 0.05 0.01 0.02 0.01 0.00 0.00 0.00 0.00 0.00 99.91 03:46:56 PM 1 0.09 0.00 0.05 0.02 0.00 0.01 0.00 0.00 0.00 99.83#vmstat:procs -----------memory---------- ---swap-- -----io---- -system-- ------cpu----- r b swpd free buff cache si so bi bo in cs us sy id wa st 0 0 0 375688 412152 2435164 0 0 1 3 12 6 0 0 100 0 0
#date:Mon Jul 15 15:47:56 CEST 2019#hostname:10.214.222.165 #SWAP:Swap: 8.0G 0B 8.0G#RAM:Mem: 3.9G 798M 357M 34M 2.7G 2.7G#Disk:Filesystem Size Used Avail Use% Mounted on /dev/mapper/sopvpyves--vg-root 39G 9.4G 28G 26% /#Load:loadaverage:0.45,#Network:Iface MTU Met RX-OK RX-ERR RX-DRP RX-OVR TX-OK TX-ERR TX-DRP TX-OVR Flg ens160 1500 0 18270021 0 0 0 2623840 0 0 0 BMRU #iostat:avg-cpu: %user %nice %system %iowait %steal %idle 0.07 0.00 0.04 0.02 0.00 99.87#iooperation:Device: tps kB_read/s kB_wrtn/s kB_read kB_wrtn sda 0.27 1.06 5.91 1331119 7437124 dm-0 0.57 1.01 5.86 1265711 7382832 dm-1 0.00 0.00 0.00 4614 0#mpstat:03:47:56 PM CPU %usr %nice %sys %iowait %irq %soft %steal %guest %gnice %idle 03:47:56 PM all 0.07 0.00 0.03 0.02 0.00 0.01 0.00 0.00 0.00 99.87 03:47:56 PM 0 0.06 0.01 0.02 0.01 0.00 0.00 0.00 0.00 0.00 99.91 03:47:56 PM 1 0.09 0.00 0.05 0.02 0.00 0.01 0.00 0.00 0.00 99.83#vmstat:procs -----------memory---------- ---swap-- -----io---- -system-- ------cpu----- r b swpd free buff cache si so bi bo in cs us sy id wa st 0 0 0 364984 412152 2443360 0 0 1 3 12 6 0 0 100 0 0
#date:Mon Jul 15 15:48:56 CEST 2019#hostname:10.214.222.165 #SWAP:Swap: 8.0G 0B 8.0G#RAM:Mem: 3.9G 802M 345M 34M 2.7G 2.7G#Disk:Filesystem Size Used Avail Use% Mounted on /dev/mapper/sopvpyves--vg-root 39G 9.4G 28G 26% /#Load:loadaverage:0.40,#Network:Iface MTU Met RX-OK RX-ERR RX-DRP RX-OVR TX-OK TX-ERR TX-DRP TX-OVR Flg ens160 1500 0 18277591 0 0 0 2631762 0 0 0 BMRU #iostat:avg-cpu: %user %nice %system %iowait %steal %idle 0.07 0.00 0.04 0.02 0.00 99.87#iooperation:Device: tps kB_read/s kB_wrtn/s kB_read kB_wrtn sda 0.27 1.06 5.91 1331119 7446292 dm-0 0.57 1.01 5.87 1265711 7392000 dm-1 0.00 0.00 0.00 4614 0#mpstat:03:48:56 PM CPU %usr %nice %sys %iowait %irq %soft %steal %guest %gnice %idle 03:48:56 PM all 0.07 0.00 0.03 0.02 0.00 0.01 0.00 0.00 0.00 99.87 03:48:56 PM 0 0.06 0.01 0.02 0.01 0.00 0.00 0.00 0.00 0.00 99.91 03:48:56 PM 1 0.09 0.00 0.05 0.02 0.00 0.01 0.00 0.00 0.00 99.83#vmstat:procs -----------memory---------- ---swap-- -----io---- -system-- ------cpu----- r b swpd free buff cache si so bi bo in cs us sy id wa st 0 0 0 351716 412152 2452196 0 0 1 3 12 6 0 0 100 0 0
#date:Mon Jul 15 15:49:56 CEST 2019#hostname:10.214.222.165 #SWAP:Swap: 8.0G 0B 8.0G#RAM:Mem: 3.9G 809M 329M 34M 2.7G 2.7G#Disk:Filesystem Size Used Avail Use% Mounted on /dev/mapper/sopvpyves--vg-root 39G 9.4G 28G 26% /#Load:loadaverage:0.37,#Network:Iface MTU Met RX-OK RX-ERR RX-DRP RX-OVR TX-OK TX-ERR TX-DRP TX-OVR Flg ens160 1500 0 18285483 0 0 0 2640079 0 0 0 BMRU #iostat:avg-cpu: %user %nice %system %iowait %steal %idle 0.08 0.00 0.04 0.02 0.00 99.87#iooperation:Device: tps kB_read/s kB_wrtn/s kB_read kB_wrtn sda 0.27 1.06 5.92 1331119 7454904 dm-0 0.57 1.01 5.88 1265711 7400612 dm-1 0.00 0.00 0.00 4614 0#mpstat:03:49:57 PM CPU %usr %nice %sys %iowait %irq %soft %steal %guest %gnice %idle 03:49:57 PM all 0.08 0.00 0.03 0.02 0.00 0.01 0.00 0.00 0.00 99.87 03:49:57 PM 0 0.06 0.01 0.02 0.01 0.00 0.00 0.00 0.00 0.00 99.91 03:49:57 PM 1 0.09 0.00 0.05 0.02 0.00 0.01 0.00 0.00 0.00 99.83#vmstat:procs -----------memory---------- ---swap-- -----io---- -system-- ------cpu----- r b swpd free buff cache si so bi bo in cs us sy id wa st 0 0 0 334992 412156 2461872 0 0 1 3 12 6 0 0 100 0 0
#date:Mon Jul 15 15:50:57 CEST 2019#hostname:10.214.222.165 #SWAP:Swap: 8.0G 0B 8.0G#RAM:Mem: 3.9G 802M 327M 34M 2.7G 2.7G#Disk:Filesystem Size Used Avail Use% Mounted on /dev/mapper/sopvpyves--vg-root 39G 9.4G 28G 26% /#Load:loadaverage:0.34,#Network:Iface MTU Met RX-OK RX-ERR RX-DRP RX-OVR TX-OK TX-ERR TX-DRP TX-OVR Flg ens160 1500 0 18293044 0 0 0 2647976 0 0 0 BMRU #iostat:avg-cpu: %user %nice %system %iowait %steal %idle 0.08 0.00 0.04 0.02 0.00 99.87#iooperation:Device: tps kB_read/s kB_wrtn/s kB_read kB_wrtn sda 0.27 1.06 5.93 1331119 7464560 dm-0 0.57 1.01 5.88 1265711 7410268 dm-1 0.00 0.00 0.00 4614 0#mpstat:03:50:57 PM CPU %usr %nice %sys %iowait %irq %soft %steal %guest %gnice %idle 03:50:57 PM all 0.08 0.00 0.03 0.02 0.00 0.01 0.00 0.00 0.00 99.87 03:50:57 PM 0 0.06 0.01 0.02 0.01 0.00 0.00 0.00 0.00 0.00 99.91 03:50:57 PM 1 0.09 0.00 0.05 0.02 0.00 0.01 0.00 0.00 0.00 99.83#vmstat:procs -----------memory---------- ---swap-- -----io---- -system-- ------cpu----- r b swpd free buff cache si so bi bo in cs us sy id wa st 0 0 0 333020 412156 2471072 0 0 1 3 12 6 0 0 100 0 0
#date:Mon Jul 15 15:51:57 CEST 2019#hostname:10.214.222.165 #SWAP:Swap: 8.0G 0B 8.0G#RAM:Mem: 3.9G 797M 323M 34M 2.8G 2.7G#Disk:Filesystem Size Used Avail Use% Mounted on /dev/mapper/sopvpyves--vg-root 39G 9.4G 28G 26% /#Load:loadaverage:0.31,#Network:Iface MTU Met RX-OK RX-ERR RX-DRP RX-OVR TX-OK TX-ERR TX-DRP TX-OVR Flg ens160 1500 0 18300657 0 0 0 2655754 0 0 0 BMRU #iostat:avg-cpu: %user %nice %system %iowait %steal %idle 0.08 0.00 0.04 0.02 0.00 99.87#iooperation:Device: tps kB_read/s kB_wrtn/s kB_read kB_wrtn sda 0.27 1.06 5.93 1331119 7473928 dm-0 0.57 1.00 5.89 1265711 7419636 dm-1 0.00 0.00 0.00 4614 0#mpstat:03:51:57 PM CPU %usr %nice %sys %iowait %irq %soft %steal %guest %gnice %idle 03:51:57 PM all 0.08 0.00 0.03 0.02 0.00 0.01 0.00 0.00 0.00 99.87 03:51:57 PM 0 0.06 0.01 0.02 0.01 0.00 0.00 0.00 0.00 0.00 99.90 03:51:57 PM 1 0.10 0.00 0.05 0.02 0.00 0.01 0.00 0.00 0.00 99.83#vmstat:procs -----------memory---------- ---swap-- -----io---- -system-- ------cpu----- r b swpd free buff cache si so bi bo in cs us sy id wa st 0 0 0 328928 412156 2480068 0 0 1 3 12 6 0 0 100 0 0
#date:Mon Jul 15 15:52:57 CEST 2019#hostname:10.214.222.165 #SWAP:Swap: 8.0G 0B 8.0G#RAM:Mem: 3.9G 803M 308M 34M 2.8G 2.7G#Disk:Filesystem Size Used Avail Use% Mounted on /dev/mapper/sopvpyves--vg-root 39G 9.4G 28G 26% /#Load:loadaverage:0.29,#Network:Iface MTU Met RX-OK RX-ERR RX-DRP RX-OVR TX-OK TX-ERR TX-DRP TX-OVR Flg ens160 1500 0 18307819 0 0 0 2663184 0 0 0 BMRU #iostat:avg-cpu: %user %nice %system %iowait %steal %idle 0.08 0.00 0.04 0.02 0.00 99.86#iooperation:Device: tps kB_read/s kB_wrtn/s kB_read kB_wrtn sda 0.27 1.06 5.94 1331119 7483284 dm-0 0.57 1.00 5.90 1265711 7428992 dm-1 0.00 0.00 0.00 4614 0#mpstat:03:52:57 PM CPU %usr %nice %sys %iowait %irq %soft %steal %guest %gnice %idle 03:52:57 PM all 0.08 0.00 0.03 0.02 0.00 0.01 0.00 0.00 0.00 99.86 03:52:57 PM 0 0.06 0.01 0.02 0.01 0.00 0.00 0.00 0.00 0.00 99.90 03:52:57 PM 1 0.10 0.00 0.05 0.02 0.00 0.01 0.00 0.00 0.00 99.82#vmstat:procs -----------memory---------- ---swap-- -----io---- -system-- ------cpu----- r b swpd free buff cache si so bi bo in cs us sy id wa st 1 0 0 315148 412156 2489212 0 0 1 3 12 6 0 0 100 0 0
#date:Mon Jul 15 15:53:57 CEST 2019#hostname:10.214.222.165 #SWAP:Swap: 8.0G 0B 8.0G#RAM:Mem: 3.9G 799M 303M 34M 2.8G 2.7G#Disk:Filesystem Size Used Avail Use% Mounted on /dev/mapper/sopvpyves--vg-root 39G 9.5G 28G 26% /#Load:loadaverage:0.26,#Network:Iface MTU Met RX-OK RX-ERR RX-DRP RX-OVR TX-OK TX-ERR TX-DRP TX-OVR Flg ens160 1500 0 18315399 0 0 0 2671158 0 0 0 BMRU #iostat:avg-cpu: %user %nice %system %iowait %steal %idle 0.08 0.00 0.04 0.02 0.00 99.86#iooperation:Device: tps kB_read/s kB_wrtn/s kB_read kB_wrtn sda 0.27 1.06 5.95 1331119 7492812 dm-0 0.57 1.00 5.91 1265711 7438520 dm-1 0.00 0.00 0.00 4614 0#mpstat:03:53:57 PM CPU %usr %nice %sys %iowait %irq %soft %steal %guest %gnice %idle 03:53:57 PM all 0.08 0.00 0.03 0.02 0.00 0.01 0.00 0.00 0.00 99.86 03:53:57 PM 0 0.06 0.01 0.02 0.01 0.00 0.00 0.00 0.00 0.00 99.90 03:53:57 PM 1 0.10 0.00 0.05 0.02 0.00 0.01 0.00 0.00 0.00 99.82#vmstat:procs -----------memory---------- ---swap-- -----io---- -system-- ------cpu----- r b swpd free buff cache si so bi bo in cs us sy id wa st 1 0 0 309044 412156 2498700 0 0 1 3 12 6 0 0 100 0 0
#date:Mon Jul 15 15:54:57 CEST 2019#hostname:10.214.222.165 #SWAP:Swap: 8.0G 0B 8.0G#RAM:Mem: 3.9G 800M 293M 34M 2.8G 2.7G#Disk:Filesystem Size Used Avail Use% Mounted on /dev/mapper/sopvpyves--vg-root 39G 9.5G 28G 26% /#Load:loadaverage:0.37,#Network:Iface MTU Met RX-OK RX-ERR RX-DRP RX-OVR TX-OK TX-ERR TX-DRP TX-OVR Flg ens160 1500 0 18322876 0 0 0 2678852 0 0 0 BMRU #iostat:avg-cpu: %user %nice %system %iowait %steal %idle 0.08 0.00 0.04 0.02 0.00 99.86#iooperation:Device: tps kB_read/s kB_wrtn/s kB_read kB_wrtn sda 0.27 1.06 5.96 1331119 7502388 dm-0 0.57 1.00 5.91 1265711 7448096 dm-1 0.00 0.00 0.00 4614 0#mpstat:03:54:58 PM CPU %usr %nice %sys %iowait %irq %soft %steal %guest %gnice %idle 03:54:58 PM all 0.08 0.00 0.03 0.02 0.00 0.01 0.00 0.00 0.00 99.86 03:54:58 PM 0 0.06 0.01 0.02 0.01 0.00 0.00 0.00 0.00 0.00 99.90 03:54:58 PM 1 0.10 0.00 0.05 0.02 0.00 0.01 0.00 0.00 0.00 99.82#vmstat:procs -----------memory---------- ---swap-- -----io---- -system-- ------cpu----- r b swpd free buff cache si so bi bo in cs us sy id wa st 1 0 0 298372 412156 2508140 0 0 1 3 12 6 0 0 100 0 0
#date:Mon Jul 15 15:55:58 CEST 2019#hostname:10.214.222.165 #SWAP:Swap: 8.0G 0B 8.0G#RAM:Mem: 3.9G 797M 286M 34M 2.8G 2.7G#Disk:Filesystem Size Used Avail Use% Mounted on /dev/mapper/sopvpyves--vg-root 39G 9.5G 28G 26% /#Load:loadaverage:0.48,#Network:Iface MTU Met RX-OK RX-ERR RX-DRP RX-OVR TX-OK TX-ERR TX-DRP TX-OVR Flg ens160 1500 0 18330381 0 0 0 2686605 0 0 0 BMRU #iostat:avg-cpu: %user %nice %system %iowait %steal %idle 0.08 0.00 0.04 0.02 0.00 99.86#iooperation:Device: tps kB_read/s kB_wrtn/s kB_read kB_wrtn sda 0.27 1.06 5.96 1331123 7512384 dm-0 0.57 1.00 5.92 1265715 7458092 dm-1 0.00 0.00 0.00 4614 0#mpstat:03:55:58 PM CPU %usr %nice %sys %iowait %irq %soft %steal %guest %gnice %idle 03:55:58 PM all 0.08 0.00 0.03 0.02 0.00 0.01 0.00 0.00 0.00 99.86 03:55:58 PM 0 0.06 0.01 0.02 0.01 0.00 0.00 0.00 0.00 0.00 99.90 03:55:58 PM 1 0.10 0.00 0.05 0.02 0.00 0.01 0.00 0.00 0.00 99.82#vmstat:procs -----------memory---------- ---swap-- -----io---- -system-- ------cpu----- r b swpd free buff cache si so bi bo in cs us sy id wa st 1 0 0 291724 412160 2517396 0 0 1 3 12 6 0 0 100 0 0
#date:Mon Jul 15 15:56:58 CEST 2019#hostname:10.214.222.165 #SWAP:Swap: 8.0G 0B 8.0G#RAM:Mem: 3.9G 806M 268M 34M 2.8G 2.7G#Disk:Filesystem Size Used Avail Use% Mounted on /dev/mapper/sopvpyves--vg-root 39G 9.5G 28G 26% /#Load:loadaverage:0.53,#Network:Iface MTU Met RX-OK RX-ERR RX-DRP RX-OVR TX-OK TX-ERR TX-DRP TX-OVR Flg ens160 1500 0 18337897 0 0 0 2694331 0 0 0 BMRU #iostat:avg-cpu: %user %nice %system %iowait %steal %idle 0.08 0.00 0.04 0.02 0.00 99.86#iooperation:Device: tps kB_read/s kB_wrtn/s kB_read kB_wrtn sda 0.27 1.06 5.97 1331123 7521644 dm-0 0.57 1.00 5.93 1265715 7467352 dm-1 0.00 0.00 0.00 4614 0#mpstat:03:56:58 PM CPU %usr %nice %sys %iowait %irq %soft %steal %guest %gnice %idle 03:56:58 PM all 0.08 0.00 0.03 0.02 0.00 0.01 0.00 0.00 0.00 99.86 03:56:58 PM 0 0.06 0.01 0.02 0.01 0.00 0.00 0.00 0.00 0.00 99.90 03:56:58 PM 1 0.10 0.00 0.05 0.02 0.00 0.01 0.00 0.00 0.00 99.82#vmstat:procs -----------memory---------- ---swap-- -----io---- -system-- ------cpu----- r b swpd free buff cache si so bi bo in cs us sy id wa st 1 0 0 274004 412160 2527148 0 0 1 3 12 6 0 0 100 0 0
#date:Mon Jul 15 15:57:58 CEST 2019#hostname:10.214.222.165 #SWAP:Swap: 8.0G 0B 8.0G#RAM:Mem: 3.9G 805M 260M 34M 2.8G 2.7G#Disk:Filesystem Size Used Avail Use% Mounted on /dev/mapper/sopvpyves--vg-root 39G 9.5G 28G 26% /#Load:loadaverage:0.57,#Network:Iface MTU Met RX-OK RX-ERR RX-DRP RX-OVR TX-OK TX-ERR TX-DRP TX-OVR Flg ens160 1500 0 18345212 0 0 0 2701959 0 0 0 BMRU #iostat:avg-cpu: %user %nice %system %iowait %steal %idle 0.08 0.00 0.04 0.02 0.00 99.86#iooperation:Device: tps kB_read/s kB_wrtn/s kB_read kB_wrtn sda 0.27 1.06 5.98 1331123 7532260 dm-0 0.57 1.00 5.94 1265715 7477968 dm-1 0.00 0.00 0.00 4614 0#mpstat:03:57:58 PM CPU %usr %nice %sys %iowait %irq %soft %steal %guest %gnice %idle 03:57:58 PM all 0.08 0.00 0.03 0.02 0.00 0.01 0.00 0.00 0.00 99.86 03:57:58 PM 0 0.06 0.01 0.02 0.01 0.00 0.00 0.00 0.00 0.00 99.90 03:57:58 PM 1 0.10 0.00 0.05 0.02 0.00 0.01 0.00 0.00 0.00 99.82#vmstat:procs -----------memory---------- ---swap-- -----io---- -system-- ------cpu----- r b swpd free buff cache si so bi bo in cs us sy id wa st 1 0 0 264604 412160 2536744 0 0 1 3 12 6 0 0 100 0 0
#date:Mon Jul 15 15:58:58 CEST 2019#hostname:10.214.222.165 #SWAP:Swap: 8.0G 0B 8.0G#RAM:Mem: 3.9G 802M 253M 34M 2.8G 2.7G#Disk:Filesystem Size Used Avail Use% Mounted on /dev/mapper/sopvpyves--vg-root 39G 9.5G 28G 26% /#Load:loadaverage:0.52,#Network:Iface MTU Met RX-OK RX-ERR RX-DRP RX-OVR TX-OK TX-ERR TX-DRP TX-OVR Flg ens160 1500 0 18352671 0 0 0 2709720 0 0 0 BMRU #iostat:avg-cpu: %user %nice %system %iowait %steal %idle 0.08 0.00 0.04 0.02 0.00 99.86#iooperation:Device: tps kB_read/s kB_wrtn/s kB_read kB_wrtn sda 0.27 1.06 5.99 1331123 7542164 dm-0 0.57 1.00 5.94 1265715 7487872 dm-1 0.00 0.00 0.00 4614 0#mpstat:03:58:58 PM CPU %usr %nice %sys %iowait %irq %soft %steal %guest %gnice %idle 03:58:58 PM all 0.08 0.00 0.03 0.02 0.00 0.01 0.00 0.00 0.00 99.86 03:58:58 PM 0 0.07 0.01 0.02 0.01 0.00 0.00 0.00 0.00 0.00 99.90 03:58:58 PM 1 0.10 0.00 0.05 0.02 0.00 0.01 0.00 0.00 0.00 99.82#vmstat:procs -----------memory---------- ---swap-- -----io---- -system-- ------cpu----- r b swpd free buff cache si so bi bo in cs us sy id wa st 1 0 0 257772 412160 2546376 0 0 1 3 12 6 0 0 100 0 0
#date:Mon Jul 15 15:59:58 CEST 2019#hostname:10.214.222.165 #SWAP:Swap: 8.0G 0B 8.0G#RAM:Mem: 3.9G 800M 246M 34M 2.8G 2.7G#Disk:Filesystem Size Used Avail Use% Mounted on /dev/mapper/sopvpyves--vg-root 39G 9.5G 28G 26% /#Load:loadaverage:0.48,#Network:Iface MTU Met RX-OK RX-ERR RX-DRP RX-OVR TX-OK TX-ERR TX-DRP TX-OVR Flg ens160 1500 0 18360449 0 0 0 2717873 0 0 0 BMRU #iostat:avg-cpu: %user %nice %system %iowait %steal %idle 0.09 0.00 0.04 0.02 0.00 99.86#iooperation:Device: tps kB_read/s kB_wrtn/s kB_read kB_wrtn sda 0.27 1.06 5.99 1331131 7552064 dm-0 0.57 1.00 5.95 1265723 7497772 dm-1 0.00 0.00 0.00 4614 0#mpstat:03:59:59 PM CPU %usr %nice %sys %iowait %irq %soft %steal %guest %gnice %idle 03:59:59 PM all 0.09 0.00 0.03 0.02 0.00 0.01 0.00 0.00 0.00 99.86 03:59:59 PM 0 0.07 0.01 0.02 0.01 0.00 0.00 0.00 0.00 0.00 99.90 03:59:59 PM 1 0.10 0.00 0.05 0.02 0.00 0.01 0.00 0.00 0.00 99.82#vmstat:procs -----------memory---------- ---swap-- -----io---- -system-- ------cpu----- r b swpd free buff cache si so bi bo in cs us sy id wa st 0 0 0 250336 412168 2556688 0 0 1 3 12 6 0 0 100 0 0
#date:Mon Jul 15 16:00:59 CEST 2019#hostname:10.214.222.165 #SWAP:Swap: 8.0G 0B 8.0G#RAM:Mem: 3.9G 803M 232M 34M 2.8G 2.7G#Disk:Filesystem Size Used Avail Use% Mounted on /dev/mapper/sopvpyves--vg-root 39G 9.5G 28G 26% /#Load:loadaverage:0.44,#Network:Iface MTU Met RX-OK RX-ERR RX-DRP RX-OVR TX-OK TX-ERR TX-DRP TX-OVR Flg ens160 1500 0 18367981 0 0 0 2725737 0 0 0 BMRU #iostat:avg-cpu: %user %nice %system %iowait %steal %idle 0.09 0.00 0.04 0.02 0.00 99.86#iooperation:Device: tps kB_read/s kB_wrtn/s kB_read kB_wrtn sda 0.27 1.06 6.00 1331135 7562364 dm-0 0.57 1.00 5.96 1265727 7508072 dm-1 0.00 0.00 0.00 4614 0#mpstat:04:00:59 PM CPU %usr %nice %sys %iowait %irq %soft %steal %guest %gnice %idle 04:00:59 PM all 0.09 0.00 0.03 0.02 0.00 0.01 0.00 0.00 0.00 99.86 04:00:59 PM 0 0.07 0.01 0.02 0.01 0.00 0.00 0.00 0.00 0.00 99.90 04:00:59 PM 1 0.10 0.00 0.05 0.02 0.00 0.01 0.00 0.00 0.00 99.82#vmstat:procs -----------memory---------- ---swap-- -----io---- -system-- ------cpu----- r b swpd free buff cache si so bi bo in cs us sy id wa st 0 0 0 236208 412172 2566712 0 0 1 3 12 6 0 0 100 0 0
#date:Mon Jul 15 16:01:59 CEST 2019#hostname:10.214.222.165 #SWAP:Swap: 8.0G 0B 8.0G#RAM:Mem: 3.9G 801M 224M 34M 2.9G 2.7G#Disk:Filesystem Size Used Avail Use% Mounted on /dev/mapper/sopvpyves--vg-root 39G 9.5G 28G 26% /#Load:loadaverage:0.41,#Network:Iface MTU Met RX-OK RX-ERR RX-DRP RX-OVR TX-OK TX-ERR TX-DRP TX-OVR Flg ens160 1500 0 18375716 0 0 0 2733728 0 0 0 BMRU #iostat:avg-cpu: %user %nice %system %iowait %steal %idle 0.09 0.00 0.04 0.02 0.00 99.85#iooperation:Device: tps kB_read/s kB_wrtn/s kB_read kB_wrtn sda 0.27 1.06 6.01 1331139 7572076 dm-0 0.57 1.00 5.97 1265731 7517784 dm-1 0.00 0.00 0.00 4614 0#mpstat:04:01:59 PM CPU %usr %nice %sys %iowait %irq %soft %steal %guest %gnice %idle 04:01:59 PM all 0.09 0.00 0.03 0.02 0.00 0.01 0.00 0.00 0.00 99.85 04:01:59 PM 0 0.07 0.01 0.02 0.01 0.00 0.00 0.00 0.00 0.00 99.89 04:01:59 PM 1 0.11 0.00 0.05 0.02 0.00 0.01 0.00 0.00 0.00 99.81#vmstat:procs -----------memory---------- ---swap-- -----io---- -system-- ------cpu----- r b swpd free buff cache si so bi bo in cs us sy id wa st 0 0 0 228496 412176 2576608 0 0 1 3 12 6 0 0 100 0 0
#date:Mon Jul 15 16:02:59 CEST 2019#hostname:10.214.222.165 #SWAP:Swap: 8.0G 0B 8.0G#RAM:Mem: 3.9G 804M 211M 34M 2.9G 2.7G#Disk:Filesystem Size Used Avail Use% Mounted on /dev/mapper/sopvpyves--vg-root 39G 9.5G 28G 26% /#Load:loadaverage:0.37,#Network:Iface MTU Met RX-OK RX-ERR RX-DRP RX-OVR TX-OK TX-ERR TX-DRP TX-OVR Flg ens160 1500 0 18383272 0 0 0 2741585 0 0 0 BMRU #iostat:avg-cpu: %user %nice %system %iowait %steal %idle 0.09 0.00 0.04 0.02 0.00 99.85#iooperation:Device: tps kB_read/s kB_wrtn/s kB_read kB_wrtn sda 0.27 1.06 6.02 1331143 7582372 dm-0 0.57 1.00 5.97 1265735 7528080 dm-1 0.00 0.00 0.00 4614 0#mpstat:04:02:59 PM CPU %usr %nice %sys %iowait %irq %soft %steal %guest %gnice %idle 04:02:59 PM all 0.09 0.00 0.03 0.02 0.00 0.01 0.00 0.00 0.00 99.85 04:02:59 PM 0 0.07 0.01 0.02 0.01 0.00 0.00 0.00 0.00 0.00 99.89 04:02:59 PM 1 0.11 0.00 0.05 0.02 0.00 0.01 0.00 0.00 0.00 99.81#vmstat:procs -----------memory---------- ---swap-- -----io---- -system-- ------cpu----- r b swpd free buff cache si so bi bo in cs us sy id wa st 0 0 0 214832 412180 2586840 0 0 1 3 12 6 0 0 100 0 0
#date:Mon Jul 15 16:03:59 CEST 2019#hostname:10.214.222.165 #SWAP:Swap: 8.0G 0B 8.0G#RAM:Mem: 3.9G 805M 201M 34M 2.9G 2.7G#Disk:Filesystem Size Used Avail Use% Mounted on /dev/mapper/sopvpyves--vg-root 39G 9.5G 28G 26% /#Load:loadaverage:0.34,#Network:Iface MTU Met RX-OK RX-ERR RX-DRP RX-OVR TX-OK TX-ERR TX-DRP TX-OVR Flg ens160 1500 0 18390672 0 0 0 2749343 0 0 0 BMRU #iostat:avg-cpu: %user %nice %system %iowait %steal %idle 0.09 0.00 0.04 0.02 0.00 99.85#iooperation:Device: tps kB_read/s kB_wrtn/s kB_read kB_wrtn sda 0.27 1.06 6.03 1331143 7592700 dm-0 0.57 1.00 5.98 1265735 7538408 dm-1 0.00 0.00 0.00 4614 0#mpstat:04:03:59 PM CPU %usr %nice %sys %iowait %irq %soft %steal %guest %gnice %idle 04:03:59 PM all 0.09 0.00 0.03 0.02 0.00 0.01 0.00 0.00 0.00 99.85 04:03:59 PM 0 0.07 0.01 0.02 0.01 0.00 0.00 0.00 0.00 0.00 99.89 04:03:59 PM 1 0.11 0.00 0.05 0.02 0.00 0.01 0.00 0.00 0.00 99.81#vmstat:procs -----------memory---------- ---swap-- -----io---- -system-- ------cpu----- r b swpd free buff cache si so bi bo in cs us sy id wa st 0 0 0 204660 412180 2597188 0 0 1 3 12 6 0 0 100 0 0
#date:Mon Jul 15 16:04:59 CEST 2019#hostname:10.214.222.165 #SWAP:Swap: 8.0G 0B 8.0G#RAM:Mem: 3.9G 798M 197M 34M 2.9G 2.7G#Disk:Filesystem Size Used Avail Use% Mounted on /dev/mapper/sopvpyves--vg-root 39G 9.6G 28G 26% /#Load:loadaverage:0.72,#Network:Iface MTU Met RX-OK RX-ERR RX-DRP RX-OVR TX-OK TX-ERR TX-DRP TX-OVR Flg ens160 1500 0 18398297 0 0 0 2757328 0 0 0 BMRU #iostat:avg-cpu: %user %nice %system %iowait %steal %idle 0.09 0.00 0.04 0.02 0.00 99.85#iooperation:Device: tps kB_read/s kB_wrtn/s kB_read kB_wrtn sda 0.27 1.06 6.03 1331143 7602088 dm-0 0.57 1.00 5.99 1265735 7547796 dm-1 0.00 0.00 0.00 4614 0#mpstat:04:04:59 PM CPU %usr %nice %sys %iowait %irq %soft %steal %guest %gnice %idle 04:04:59 PM all 0.09 0.00 0.03 0.02 0.00 0.01 0.00 0.00 0.00 99.85 04:04:59 PM 0 0.07 0.01 0.02 0.01 0.00 0.00 0.00 0.00 0.00 99.89 04:04:59 PM 1 0.11 0.00 0.05 0.02 0.00 0.01 0.00 0.00 0.00 99.81#vmstat:procs -----------memory---------- ---swap-- -----io---- -system-- ------cpu----- r b swpd free buff cache si so bi bo in cs us sy id wa st 0 0 0 200692 412180 2607476 0 0 1 3 12 6 0 0 100 0 0
#date:Mon Jul 15 16:06:00 CEST 2019#hostname:10.214.222.165 #SWAP:Swap: 8.0G 0B 8.0G#RAM:Mem: 3.9G 805M 180M 34M 2.9G 2.7G#Disk:Filesystem Size Used Avail Use% Mounted on /dev/mapper/sopvpyves--vg-root 39G 9.6G 28G 26% /#Load:loadaverage:0.76,#Network:Iface MTU Met RX-OK RX-ERR RX-DRP RX-OVR TX-OK TX-ERR TX-DRP TX-OVR Flg ens160 1500 0 18406530 0 0 0 2765978 0 0 0 BMRU #iostat:avg-cpu: %user %nice %system %iowait %steal %idle 0.09 0.00 0.04 0.02 0.00 99.85#iooperation:Device: tps kB_read/s kB_wrtn/s kB_read kB_wrtn sda 0.27 1.06 6.04 1331143 7611228 dm-0 0.57 1.00 6.00 1265735 7556936 dm-1 0.00 0.00 0.00 4614 0#mpstat:04:06:00 PM CPU %usr %nice %sys %iowait %irq %soft %steal %guest %gnice %idle 04:06:00 PM all 0.09 0.00 0.03 0.02 0.00 0.01 0.00 0.00 0.00 99.85 04:06:00 PM 0 0.07 0.01 0.02 0.01 0.00 0.00 0.00 0.00 0.00 99.89 04:06:00 PM 1 0.11 0.00 0.05 0.02 0.00 0.01 0.00 0.00 0.00 99.81#vmstat:procs -----------memory---------- ---swap-- -----io---- -system-- ------cpu----- r b swpd free buff cache si so bi bo in cs us sy id wa st 0 0 0 183176 412184 2618296 0 0 1 3 12 6 0 0 100 0 0
#date:Mon Jul 15 16:07:00 CEST 2019#hostname:10.214.222.165 #SWAP:Swap: 8.0G 0B 8.0G#RAM:Mem: 3.9G 801M 173M 34M 2.9G 2.7G#Disk:Filesystem Size Used Avail Use% Mounted on /dev/mapper/sopvpyves--vg-root 39G 9.6G 28G 26% /#Load:loadaverage:0.86,#Network:Iface MTU Met RX-OK RX-ERR RX-DRP RX-OVR TX-OK TX-ERR TX-DRP TX-OVR Flg ens160 1500 0 18414038 0 0 0 2773769 0 0 0 BMRU #iostat:avg-cpu: %user %nice %system %iowait %steal %idle 0.09 0.00 0.04 0.02 0.00 99.85#iooperation:Device: tps kB_read/s kB_wrtn/s kB_read kB_wrtn sda 0.27 1.06 6.05 1331143 7621016 dm-0 0.57 1.00 6.00 1265735 7566724 dm-1 0.00 0.00 0.00 4614 0#mpstat:04:07:00 PM CPU %usr %nice %sys %iowait %irq %soft %steal %guest %gnice %idle 04:07:00 PM all 0.09 0.00 0.03 0.02 0.00 0.01 0.00 0.00 0.00 99.85 04:07:00 PM 0 0.07 0.01 0.02 0.01 0.00 0.00 0.00 0.00 0.00 99.89 04:07:00 PM 1 0.11 0.00 0.05 0.02 0.00 0.01 0.00 0.00 0.00 99.81#vmstat:procs -----------memory---------- ---swap-- -----io---- -system-- ------cpu----- r b swpd free buff cache si so bi bo in cs us sy id wa st 0 0 0 176240 412184 2628748 0 0 1 3 12 6 0 0 100 0 0
#date:Mon Jul 15 16:08:00 CEST 2019#hostname:10.214.222.165 #SWAP:Swap: 8.0G 0B 8.0G#RAM:Mem: 3.9G 800M 165M 34M 2.9G 2.7G#Disk:Filesystem Size Used Avail Use% Mounted on /dev/mapper/sopvpyves--vg-root 39G 9.6G 28G 26% /#Load:loadaverage:0.95,#Network:Iface MTU Met RX-OK RX-ERR RX-DRP RX-OVR TX-OK TX-ERR TX-DRP TX-OVR Flg ens160 1500 0 18421520 0 0 0 2781402 0 0 0 BMRU #iostat:avg-cpu: %user %nice %system %iowait %steal %idle 0.09 0.00 0.04 0.02 0.00 99.85#iooperation:Device: tps kB_read/s kB_wrtn/s kB_read kB_wrtn sda 0.27 1.06 6.05 1331143 7631456 dm-0 0.57 1.00 6.01 1265735 7577164 dm-1 0.00 0.00 0.00 4614 0#mpstat:04:08:00 PM CPU %usr %nice %sys %iowait %irq %soft %steal %guest %gnice %idle 04:08:00 PM all 0.09 0.00 0.03 0.02 0.00 0.01 0.00 0.00 0.00 99.85 04:08:00 PM 0 0.07 0.01 0.02 0.01 0.00 0.00 0.00 0.00 0.00 99.89 04:08:00 PM 1 0.11 0.00 0.05 0.02 0.00 0.01 0.00 0.00 0.00 99.81#vmstat:procs -----------memory---------- ---swap-- -----io---- -system-- ------cpu----- r b swpd free buff cache si so bi bo in cs us sy id wa st 0 0 0 168004 412184 2638844 0 0 1 3 12 6 0 0 100 0 0
#date:Mon Jul 15 16:09:00 CEST 2019#hostname:10.214.222.165 #SWAP:Swap: 8.0G 0B 8.0G#RAM:Mem: 3.9G 805M 151M 34M 2.9G 2.7G#Disk:Filesystem Size Used Avail Use% Mounted on /dev/mapper/sopvpyves--vg-root 39G 9.6G 28G 26% /#Load:loadaverage:0.87,#Network:Iface MTU Met RX-OK RX-ERR RX-DRP RX-OVR TX-OK TX-ERR TX-DRP TX-OVR Flg ens160 1500 0 18428396 0 0 0 2788250 0 0 0 BMRU #iostat:avg-cpu: %user %nice %system %iowait %steal %idle 0.10 0.00 0.04 0.02 0.00 99.85#iooperation:Device: tps kB_read/s kB_wrtn/s kB_read kB_wrtn sda 0.27 1.06 6.06 1331143 7642056 dm-0 0.57 1.00 6.02 1265735 7587764 dm-1 0.00 0.00 0.00 4614 0#mpstat:04:09:00 PM CPU %usr %nice %sys %iowait %irq %soft %steal %guest %gnice %idle 04:09:00 PM all 0.10 0.00 0.03 0.02 0.00 0.01 0.00 0.00 0.00 99.85 04:09:00 PM 0 0.08 0.01 0.02 0.01 0.00 0.00 0.00 0.00 0.00 99.89 04:09:00 PM 1 0.12 0.00 0.05 0.02 0.00 0.01 0.00 0.00 0.00 99.80#vmstat:procs -----------memory---------- ---swap-- -----io---- -system-- ------cpu----- r b swpd free buff cache si so bi bo in cs us sy id wa st 2 0 0 153084 412184 2648968 0 0 1 3 12 6 0 0 100 0 0
#date:Mon Jul 15 16:10:00 CEST 2019#hostname:10.214.222.165 #SWAP:Swap: 8.0G 0B 8.0G#RAM:Mem: 3.9G 803M 142M 34M 2.9G 2.7G#Disk:Filesystem Size Used Avail Use% Mounted on /dev/mapper/sopvpyves--vg-root 39G 9.6G 28G 26% /#Load:loadaverage:0.80,#Network:Iface MTU Met RX-OK RX-ERR RX-DRP RX-OVR TX-OK TX-ERR TX-DRP TX-OVR Flg ens160 1500 0 18435498 0 0 0 2795535 0 0 0 BMRU #iostat:avg-cpu: %user %nice %system %iowait %steal %idle 0.10 0.00 0.04 0.02 0.00 99.85#iooperation:Device: tps kB_read/s kB_wrtn/s kB_read kB_wrtn sda 0.27 1.06 6.07 1331143 7653832 dm-0 0.57 1.00 6.03 1265735 7599540 dm-1 0.00 0.00 0.00 4614 0#mpstat:04:10:00 PM CPU %usr %nice %sys %iowait %irq %soft %steal %guest %gnice %idle 04:10:00 PM all 0.10 0.00 0.03 0.02 0.00 0.01 0.00 0.00 0.00 99.85 04:10:00 PM 0 0.08 0.01 0.02 0.01 0.00 0.00 0.00 0.00 0.00 99.89 04:10:00 PM 1 0.12 0.00 0.05 0.02 0.00 0.01 0.00 0.00 0.00 99.80#vmstat:procs -----------memory---------- ---swap-- -----io---- -system-- ------cpu----- r b swpd free buff cache si so bi bo in cs us sy id wa st 1 0 0 144248 412184 2659388 0 0 1 3 12 6 0 0 100 0 0
#date:Mon Jul 15 16:11:00 CEST 2019#hostname:10.214.222.165 #SWAP:Swap: 8.0G 0B 8.0G#RAM:Mem: 3.9G 807M 127M 34M 2.9G 2.7G#Disk:Filesystem Size Used Avail Use% Mounted on /dev/mapper/sopvpyves--vg-root 39G 9.6G 28G 26% /#Load:loadaverage:0.61,#Network:Iface MTU Met RX-OK RX-ERR RX-DRP RX-OVR TX-OK TX-ERR TX-DRP TX-OVR Flg ens160 1500 0 18442653 0 0 0 2802899 0 0 0 BMRU #iostat:avg-cpu: %user %nice %system %iowait %steal %idle 0.10 0.00 0.04 0.02 0.00 99.84#iooperation:Device: tps kB_read/s kB_wrtn/s kB_read kB_wrtn sda 0.27 1.06 6.08 1331143 7664824 dm-0 0.57 1.00 6.04 1265735 7610532 dm-1 0.00 0.00 0.00 4614 0#mpstat:04:11:01 PM CPU %usr %nice %sys %iowait %irq %soft %steal %guest %gnice %idle 04:11:01 PM all 0.10 0.00 0.03 0.02 0.00 0.01 0.00 0.00 0.00 99.84 04:11:01 PM 0 0.08 0.01 0.02 0.01 0.00 0.00 0.00 0.00 0.00 99.89 04:11:01 PM 1 0.12 0.00 0.05 0.02 0.00 0.01 0.00 0.00 0.00 99.80#vmstat:procs -----------memory---------- ---swap-- -----io---- -system-- ------cpu----- r b swpd free buff cache si so bi bo in cs us sy id wa st 1 0 0 129088 412184 2670248 0 0 1 3 12 6 0 0 100 0 0
#date:Mon Jul 15 16:12:01 CEST 2019#hostname:10.214.222.165 #SWAP:Swap: 8.0G 0B 8.0G#RAM:Mem: 3.9G 801M 123M 34M 2.9G 2.7G#Disk:Filesystem Size Used Avail Use% Mounted on /dev/mapper/sopvpyves--vg-root 39G 9.6G 28G 26% /#Load:loadaverage:0.56,#Network:Iface MTU Met RX-OK RX-ERR RX-DRP RX-OVR TX-OK TX-ERR TX-DRP TX-OVR Flg ens160 1500 0 18449491 0 0 0 2809903 0 0 0 BMRU #iostat:avg-cpu: %user %nice %system %iowait %steal %idle 0.10 0.00 0.04 0.02 0.00 99.84#iooperation:Device: tps kB_read/s kB_wrtn/s kB_read kB_wrtn sda 0.28 1.06 6.09 1331143 7675896 dm-0 0.57 1.00 6.05 1265735 7621604 dm-1 0.00 0.00 0.00 4614 0#mpstat:04:12:01 PM CPU %usr %nice %sys %iowait %irq %soft %steal %guest %gnice %idle 04:12:01 PM all 0.10 0.00 0.03 0.02 0.00 0.01 0.00 0.00 0.00 99.84 04:12:01 PM 0 0.08 0.01 0.02 0.01 0.00 0.00 0.00 0.00 0.00 99.89 04:12:01 PM 1 0.12 0.00 0.05 0.02 0.00 0.01 0.00 0.00 0.00 99.80#vmstat:procs -----------memory---------- ---swap-- -----io---- -system-- ------cpu----- r b swpd free buff cache si so bi bo in cs us sy id wa st 1 0 0 124876 412184 2680624 0 0 1 3 12 6 0 0 100 0 0
#date:Mon Jul 15 16:13:01 CEST 2019#hostname:10.214.222.165 #SWAP:Swap: 8.0G 0B 8.0G#RAM:Mem: 3.9G 800M 113M 34M 3.0G 2.7G#Disk:Filesystem Size Used Avail Use% Mounted on /dev/mapper/sopvpyves--vg-root 39G 9.6G 28G 26% /#Load:loadaverage:0.51,#Network:Iface MTU Met RX-OK RX-ERR RX-DRP RX-OVR TX-OK TX-ERR TX-DRP TX-OVR Flg ens160 1500 0 18456427 0 0 0 2817170 0 0 0 BMRU #iostat:avg-cpu: %user %nice %system %iowait %steal %idle 0.10 0.00 0.04 0.02 0.00 99.84#iooperation:Device: tps kB_read/s kB_wrtn/s kB_read kB_wrtn sda 0.28 1.06 6.10 1331143 7686952 dm-0 0.57 1.00 6.05 1265735 7632660 dm-1 0.00 0.00 0.00 4614 0#mpstat:04:13:01 PM CPU %usr %nice %sys %iowait %irq %soft %steal %guest %gnice %idle 04:13:01 PM all 0.10 0.00 0.03 0.02 0.00 0.01 0.00 0.00 0.00 99.84 04:13:01 PM 0 0.08 0.01 0.02 0.01 0.00 0.00 0.00 0.00 0.00 99.89 04:13:01 PM 1 0.12 0.00 0.05 0.02 0.00 0.01 0.00 0.00 0.00 99.80#vmstat:procs -----------memory---------- ---swap-- -----io---- -system-- ------cpu----- r b swpd free buff cache si so bi bo in cs us sy id wa st 1 0 0 114728 412184 2691380 0 0 1 3 12 6 0 0 100 0 0
#date:Mon Jul 15 16:14:01 CEST 2019#hostname:10.214.222.165 #SWAP:Swap: 8.0G 0B 8.0G#RAM:Mem: 3.9G 800M 102M 34M 3.0G 2.7G#Disk:Filesystem Size Used Avail Use% Mounted on /dev/mapper/sopvpyves--vg-root 39G 9.6G 28G 27% /#Load:loadaverage:0.51,#Network:Iface MTU Met RX-OK RX-ERR RX-DRP RX-OVR TX-OK TX-ERR TX-DRP TX-OVR Flg ens160 1500 0 18463497 0 0 0 2824673 0 0 0 BMRU #iostat:avg-cpu: %user %nice %system %iowait %steal %idle 0.10 0.00 0.04 0.02 0.00 99.84#iooperation:Device: tps kB_read/s kB_wrtn/s kB_read kB_wrtn sda 0.28 1.06 6.11 1331155 7697876 dm-0 0.57 1.00 6.06 1265747 7643584 dm-1 0.00 0.00 0.00 4614 0#mpstat:04:14:01 PM CPU %usr %nice %sys %iowait %irq %soft %steal %guest %gnice %idle 04:14:01 PM all 0.10 0.00 0.03 0.02 0.00 0.01 0.00 0.00 0.00 99.84 04:14:01 PM 0 0.08 0.01 0.02 0.01 0.00 0.00 0.00 0.00 0.00 99.88 04:14:01 PM 1 0.12 0.00 0.05 0.02 0.00 0.01 0.00 0.00 0.00 99.80#vmstat:procs -----------memory---------- ---swap-- -----io---- -system-- ------cpu----- r b swpd free buff cache si so bi bo in cs us sy id wa st 1 0 0 501964 411156 2304108 0 0 1 3 12 7 0 0 100 0 0
#date:Mon Jul 15 16:15:01 CEST 2019#hostname:10.214.222.165 #SWAP:Swap: 8.0G 0B 8.0G#RAM:Mem: 3.9G 812M 470M 34M 2.6G 2.7G#Disk:Filesystem Size Used Avail Use% Mounted on /dev/mapper/sopvpyves--vg-root 39G 9.7G 28G 27% /#Load:loadaverage:0.45,#Network:Iface MTU Met RX-OK RX-ERR RX-DRP RX-OVR TX-OK TX-ERR TX-DRP TX-OVR Flg ens160 1500 0 18471023 0 0 0 2832700 0 0 0 BMRU #iostat:avg-cpu: %user %nice %system %iowait %steal %idle 0.10 0.00 0.04 0.02 0.00 99.84#iooperation:Device: tps kB_read/s kB_wrtn/s kB_read kB_wrtn sda 0.28 1.06 6.11 1331155 7707848 dm-0 0.57 1.00 6.07 1265747 7653556 dm-1 0.00 0.00 0.00 4614 0#mpstat:04:15:01 PM CPU %usr %nice %sys %iowait %irq %soft %steal %guest %gnice %idle 04:15:01 PM all 0.10 0.00 0.03 0.02 0.00 0.01 0.00 0.00 0.00 99.84 04:15:01 PM 0 0.08 0.01 0.02 0.01 0.00 0.00 0.00 0.00 0.00 99.88 04:15:01 PM 1 0.12 0.00 0.05 0.02 0.00 0.01 0.00 0.00 0.00 99.80#vmstat:procs -----------memory---------- ---swap-- -----io---- -system-- ------cpu----- r b swpd free buff cache si so bi bo in cs us sy id wa st 1 0 0 480392 411156 2315292 0 0 1 3 12 7 0 0 100 0 0
#date:Mon Jul 15 16:16:01 CEST 2019#hostname:10.214.222.165 #SWAP:Swap: 8.0G 0B 8.0G#RAM:Mem: 3.9G 801M 470M 34M 2.6G 2.7G#Disk:Filesystem Size Used Avail Use% Mounted on /dev/mapper/sopvpyves--vg-root 39G 9.7G 28G 27% /#Load:loadaverage:0.37,#Network:Iface MTU Met RX-OK RX-ERR RX-DRP RX-OVR TX-OK TX-ERR TX-DRP TX-OVR Flg ens160 1500 0 18478341 0 0 0 2840203 0 0 0 BMRU #iostat:avg-cpu: %user %nice %system %iowait %steal %idle 0.10 0.00 0.04 0.02 0.00 99.84#iooperation:Device: tps kB_read/s kB_wrtn/s kB_read kB_wrtn sda 0.28 1.06 6.12 1331155 7719140 dm-0 0.57 1.00 6.08 1265747 7664848 dm-1 0.00 0.00 0.00 4614 0#mpstat:04:16:02 PM CPU %usr %nice %sys %iowait %irq %soft %steal %guest %gnice %idle 04:16:02 PM all 0.10 0.00 0.03 0.02 0.00 0.01 0.00 0.00 0.00 99.84 04:16:02 PM 0 0.08 0.01 0.02 0.01 0.00 0.00 0.00 0.00 0.00 99.88 04:16:02 PM 1 0.13 0.00 0.05 0.02 0.00 0.01 0.00 0.00 0.00 99.79#vmstat:procs -----------memory---------- ---swap-- -----io---- -system-- ------cpu----- r b swpd free buff cache si so bi bo in cs us sy id wa st 1 0 0 480216 411160 2325796 0 0 1 3 12 7 0 0 100 0 0
#date:Mon Jul 15 16:17:02 CEST 2019#hostname:10.214.222.165 #SWAP:Swap: 8.0G 0B 8.0G#RAM:Mem: 3.9G 822M 436M 34M 2.6G 2.7G#Disk:Filesystem Size Used Avail Use% Mounted on /dev/mapper/sopvpyves--vg-root 39G 9.7G 28G 27% /#Load:loadaverage:0.67,#Network:Iface MTU Met RX-OK RX-ERR RX-DRP RX-OVR TX-OK TX-ERR TX-DRP TX-OVR Flg ens160 1500 0 18485290 0 0 0 2847341 0 0 0 BMRU #iostat:avg-cpu: %user %nice %system %iowait %steal %idle 0.11 0.00 0.04 0.02 0.00 99.84#iooperation:Device: tps kB_read/s kB_wrtn/s kB_read kB_wrtn sda 0.28 1.06 6.13 1331319 7733228 dm-0 0.57 1.00 6.09 1265911 7678936 dm-1 0.00 0.00 0.00 4614 0#mpstat:04:17:02 PM CPU %usr %nice %sys %iowait %irq %soft %steal %guest %gnice %idle 04:17:02 PM all 0.11 0.00 0.03 0.02 0.00 0.01 0.00 0.00 0.00 99.84 04:17:02 PM 0 0.08 0.01 0.02 0.01 0.00 0.00 0.00 0.00 0.00 99.88 04:17:02 PM 1 0.13 0.00 0.05 0.02 0.00 0.01 0.00 0.00 0.00 99.79#vmstat:procs -----------memory---------- ---swap-- -----io---- -system-- ------cpu----- r b swpd free buff cache si so bi bo in cs us sy id wa st 0 0 0 445328 411160 2339388 0 0 1 3 12 7 0 0 100 0 0
#date:Mon Jul 15 16:18:02 CEST 2019#hostname:10.214.222.165 #SWAP:Swap: 8.0G 0B 8.0G#RAM:Mem: 3.9G 619M 637M 34M 2.6G 2.9G#Disk:Filesystem Size Used Avail Use% Mounted on /dev/mapper/sopvpyves--vg-root 39G 9.7G 28G 27% /#Load:loadaverage:0.35,#Network:Iface MTU Met RX-OK RX-ERR RX-DRP RX-OVR TX-OK TX-ERR TX-DRP TX-OVR Flg ens160 1500 0 18492922 0 0 0 2855380 0 0 0 BMRU #iostat:avg-cpu: %user %nice %system %iowait %steal %idle 0.11 0.00 0.04 0.02 0.00 99.84#iooperation:Device: tps kB_read/s kB_wrtn/s kB_read kB_wrtn sda 0.28 1.06 6.14 1331671 7742856 dm-0 0.57 1.00 6.10 1266263 7688564 dm-1 0.00 0.00 0.00 4614 0#mpstat:04:18:02 PM CPU %usr %nice %sys %iowait %irq %soft %steal %guest %gnice %idle 04:18:02 PM all 0.11 0.00 0.03 0.02 0.00 0.01 0.00 0.00 0.00 99.84 04:18:02 PM 0 0.08 0.01 0.02 0.01 0.00 0.00 0.00 0.00 0.00 99.88 04:18:02 PM 1 0.13 0.00 0.05 0.02 0.00 0.01 0.00 0.00 0.00 99.79#vmstat:procs -----------memory---------- ---swap-- -----io---- -system-- ------cpu----- r b swpd free buff cache si so bi bo in cs us sy id wa st 0 0 0 651068 411172 2341640 0 0 1 3 12 7 0 0 100 0 0
#date:Mon Jul 15 16:19:02 CEST 2019#hostname:10.214.222.165 #SWAP:Swap: 8.0G 0B 8.0G#RAM:Mem: 3.9G 175M 1.1G 34M 2.6G 3.3G#Disk:Filesystem Size Used Avail Use% Mounted on /dev/mapper/sopvpyves--vg-root 39G 9.7G 28G 27% /#Load:loadaverage:0.16,#Network:Iface MTU Met RX-OK RX-ERR RX-DRP RX-OVR TX-OK TX-ERR TX-DRP TX-OVR Flg ens160 1500 0 18493876 0 0 0 2855568 0 0 0 BMRU #iostat:avg-cpu: %user %nice %system %iowait %steal %idle 0.11 0.00 0.04 0.02 0.00 99.84#iooperation:Device: tps kB_read/s kB_wrtn/s kB_read kB_wrtn sda 0.28 1.06 6.14 1331671 7743128 dm-0 0.57 1.00 6.10 1266263 7688836 dm-1 0.00 0.00 0.00 4614 0#mpstat:04:19:02 PM CPU %usr %nice %sys %iowait %irq %soft %steal %guest %gnice %idle 04:19:02 PM all 0.11 0.00 0.03 0.02 0.00 0.01 0.00 0.00 0.00 99.84 04:19:02 PM 0 0.08 0.01 0.02 0.01 0.00 0.00 0.00 0.00 0.00 99.88 04:19:02 PM 1 0.13 0.00 0.05 0.02 0.00 0.01 0.00 0.00 0.00 99.79#vmstat:procs -----------memory---------- ---swap-- -----io---- -system-- ------cpu----- r b swpd free buff cache si so bi bo in cs us sy id wa st 0 0 0 1106536 411172 2340688 0 0 1 3 12 7 0 0 100 0 0
#date:Mon Jul 15 16:20:02 CEST 2019#hostname:10.214.222.165 #SWAP:Swap: 8.0G 0B 8.0G#RAM:Mem: 3.9G 175M 1.1G 34M 2.6G 3.3G#Disk:Filesystem Size Used Avail Use% Mounted on /dev/mapper/sopvpyves--vg-root 39G 9.7G 28G 27% /#Load:loadaverage:0.06,#Network:Iface MTU Met RX-OK RX-ERR RX-DRP RX-OVR TX-OK TX-ERR TX-DRP TX-OVR Flg ens160 1500 0 18494615 0 0 0 2855609 0 0 0 BMRU #iostat:avg-cpu: %user %nice %system %iowait %steal %idle 0.11 0.00 0.04 0.02 0.00 99.84#iooperation:Device: tps kB_read/s kB_wrtn/s kB_read kB_wrtn sda 0.28 1.06 6.14 1331671 7743264 dm-0 0.57 1.00 6.10 1266263 7688972 dm-1 0.00 0.00 0.00 4614 0#mpstat:04:20:03 PM CPU %usr %nice %sys %iowait %irq %soft %steal %guest %gnice %idle 04:20:03 PM all 0.11 0.00 0.03 0.02 0.00 0.01 0.00 0.00 0.00 99.84 04:20:03 PM 0 0.08 0.01 0.02 0.01 0.00 0.00 0.00 0.00 0.00 99.88 04:20:03 PM 1 0.13 0.00 0.05 0.02 0.00 0.01 0.00 0.00 0.00 99.79#vmstat:procs -----------memory---------- ---swap-- -----io---- -system-- ------cpu----- r b swpd free buff cache si so bi bo in cs us sy id wa st 0 0 0 1106352 411172 2340584 0 0 1 3 12 7 0 0 100 0 0
#date:Mon Jul 15 16:21:03 CEST 2019#hostname:10.214.222.165 #SWAP:Swap: 8.0G 0B 8.0G#RAM:Mem: 3.9G 176M 1.1G 34M 2.6G 3.3G#Disk:Filesystem Size Used Avail Use% Mounted on /dev/mapper/sopvpyves--vg-root 39G 9.7G 28G 27% /#Load:loadaverage:0.02,#Network:Iface MTU Met RX-OK RX-ERR RX-DRP RX-OVR TX-OK TX-ERR TX-DRP TX-OVR Flg ens160 1500 0 18495427 0 0 0 2855646 0 0 0 BMRU #iostat:avg-cpu: %user %nice %system %iowait %steal %idle 0.11 0.00 0.04 0.02 0.00 99.84#iooperation:Device: tps kB_read/s kB_wrtn/s kB_read kB_wrtn sda 0.28 1.06 6.14 1331671 7743344 dm-0 0.57 1.00 6.10 1266263 7689052 dm-1 0.00 0.00 0.00 4614 0#mpstat:04:21:03 PM CPU %usr %nice %sys %iowait %irq %soft %steal %guest %gnice %idle 04:21:03 PM all 0.11 0.00 0.03 0.02 0.00 0.01 0.00 0.00 0.00 99.84 04:21:03 PM 0 0.08 0.01 0.02 0.01 0.00 0.00 0.00 0.00 0.00 99.88 04:21:03 PM 1 0.13 0.00 0.05 0.02 0.00 0.01 0.00 0.00 0.00 99.79#vmstat:procs -----------memory---------- ---swap-- -----io---- -system-- ------cpu----- r b swpd free buff cache si so bi bo in cs us sy id wa st 0 0 0 1106080 411172 2340604 0 0 1 3 12 7 0 0 100 0 0
#date:Mon Jul 15 16:22:03 CEST 2019#hostname:10.214.222.165 #SWAP:Swap: 8.0G 0B 8.0G#RAM:Mem: 3.9G 176M 1.1G 34M 2.6G 3.3G#Disk:Filesystem Size Used Avail Use% Mounted on /dev/mapper/sopvpyves--vg-root 39G 9.7G 28G 27% /#Load:loadaverage:0.00,#Network:Iface MTU Met RX-OK RX-ERR RX-DRP RX-OVR TX-OK TX-ERR TX-DRP TX-OVR Flg ens160 1500 0 18496148 0 0 0 2855683 0 0 0 BMRU #iostat:avg-cpu: %user %nice %system %iowait %steal %idle 0.11 0.00 0.04 0.02 0.00 99.84#iooperation:Device: tps kB_read/s kB_wrtn/s kB_read kB_wrtn sda 0.28 1.06 6.14 1331671 7743424 dm-0 0.57 1.00 6.10 1266263 7689132 dm-1 0.00 0.00 0.00 4614 0#mpstat:04:22:03 PM CPU %usr %nice %sys %iowait %irq %soft %steal %guest %gnice %idle 04:22:03 PM all 0.11 0.00 0.03 0.02 0.00 0.01 0.00 0.00 0.00 99.84 04:22:03 PM 0 0.08 0.01 0.02 0.01 0.00 0.00 0.00 0.00 0.00 99.88 04:22:03 PM 1 0.13 0.00 0.05 0.02 0.00 0.01 0.00 0.00 0.00 99.79#vmstat:procs -----------memory---------- ---swap-- -----io---- -system-- ------cpu----- r b swpd free buff cache si so bi bo in cs us sy id wa st 0 0 0 1106296 411172 2340588 0 0 1 3 12 7 0 0 100 0 0
#date:Mon Jul 15 16:23:03 CEST 2019#hostname:10.214.222.165 #SWAP:Swap: 8.0G 0B 8.0G#RAM:Mem: 3.9G 167M 1.1G 34M 2.6G 3.3G#Disk:Filesystem Size Used Avail Use% Mounted on /dev/mapper/sopvpyves--vg-root 39G 9.7G 28G 27% /#Load:loadaverage:0.00,#Network:Iface MTU Met RX-OK RX-ERR RX-DRP RX-OVR TX-OK TX-ERR TX-DRP TX-OVR Flg ens160 1500 0 18496986 0 0 0 2855754 0 0 0 BMRU #iostat:avg-cpu: %user %nice %system %iowait %steal %idle 0.11 0.00 0.04 0.02 0.00 99.84#iooperation:Device: tps kB_read/s kB_wrtn/s kB_read kB_wrtn sda 0.28 1.06 6.14 1331671 7743684 dm-0 0.57 1.00 6.10 1266263 7689392 dm-1 0.00 0.00 0.00 4614 0#mpstat:04:23:03 PM CPU %usr %nice %sys %iowait %irq %soft %steal %guest %gnice %idle 04:23:03 PM all 0.11 0.00 0.03 0.02 0.00 0.01 0.00 0.00 0.00 99.84 04:23:03 PM 0 0.08 0.01 0.02 0.01 0.00 0.00 0.00 0.00 0.00 99.88 04:23:03 PM 1 0.13 0.00 0.05 0.02 0.00 0.01 0.00 0.00 0.00 99.79#vmstat:procs -----------memory---------- ---swap-- -----io---- -system-- ------cpu----- r b swpd free buff cache si so bi bo in cs us sy id wa st 0 0 0 1114792 411172 2340320 0 0 1 3 12 7 0 0 100 0 0
#date:Mon Jul 15 16:24:03 CEST 2019#hostname:10.214.222.165 #SWAP:Swap: 8.0G 0B 8.0G#RAM:Mem: 3.9G 168M 1.1G 34M 2.6G 3.3G#Disk:Filesystem Size Used Avail Use% Mounted on /dev/mapper/sopvpyves--vg-root 39G 9.7G 28G 27% /#Load:loadaverage:0.00,#Network:Iface MTU Met RX-OK RX-ERR RX-DRP RX-OVR TX-OK TX-ERR TX-DRP TX-OVR Flg ens160 1500 0 18497753 0 0 0 2855790 0 0 0 BMRU #iostat:avg-cpu: %user %nice %system %iowait %steal %idle 0.11 0.00 0.04 0.02 0.00 99.84#iooperation:Device: tps kB_read/s kB_wrtn/s kB_read kB_wrtn sda 0.28 1.06 6.14 1331671 7743880 dm-0 0.57 1.00 6.10 1266263 7689588 dm-1 0.00 0.00 0.00 4614 0#mpstat:04:24:03 PM CPU %usr %nice %sys %iowait %irq %soft %steal %guest %gnice %idle 04:24:03 PM all 0.11 0.00 0.03 0.02 0.00 0.01 0.00 0.00 0.00 99.84 04:24:03 PM 0 0.08 0.01 0.02 0.01 0.00 0.00 0.00 0.00 0.00 99.88 04:24:03 PM 1 0.13 0.00 0.05 0.02 0.00 0.01 0.00 0.00 0.00 99.79#vmstat:procs -----------memory---------- ---swap-- -----io---- -system-- ------cpu----- r b swpd free buff cache si so bi bo in cs us sy id wa st 0 0 0 1114832 411172 2340164 0 0 1 3 12 7 0 0 100 0 0
#date:Mon Jul 15 16:25:03 CEST 2019#hostname:10.214.222.165 #SWAP:Swap: 8.0G 0B 8.0G#RAM:Mem: 3.9G 168M 1.1G 34M 2.6G 3.3G#Disk:Filesystem Size Used Avail Use% Mounted on /dev/mapper/sopvpyves--vg-root 39G 9.7G 28G 27% /#Load:loadaverage:0.00,#Network:Iface MTU Met RX-OK RX-ERR RX-DRP RX-OVR TX-OK TX-ERR TX-DRP TX-OVR Flg ens160 1500 0 18498508 0 0 0 2855790 0 0 0 BMRU #iostat:avg-cpu: %user %nice %system %iowait %steal %idle 0.11 0.00 0.04 0.02 0.00 99.84#iooperation:Device: tps kB_read/s kB_wrtn/s kB_read kB_wrtn sda 0.28 1.06 6.14 1331671 7744004 dm-0 0.57 1.00 6.10 1266263 7689712 dm-1 0.00 0.00 0.00 4614 0#mpstat:04:25:03 PM CPU %usr %nice %sys %iowait %irq %soft %steal %guest %gnice %idle 04:25:03 PM all 0.11 0.00 0.03 0.02 0.00 0.01 0.00 0.00 0.00 99.84 04:25:03 PM 0 0.08 0.01 0.02 0.01 0.00 0.00 0.00 0.00 0.00 99.88 04:25:03 PM 1 0.13 0.00 0.05 0.02 0.00 0.01 0.00 0.00 0.00 99.79#vmstat:procs -----------memory---------- ---swap-- -----io---- -system-- ------cpu----- r b swpd free buff cache si so bi bo in cs us sy id wa st 0 0 0 1114416 411172 2340028 0 0 1 3 12 7 0 0 100 0 0
#date:Mon Jul 15 16:26:04 CEST 2019#hostname:10.214.222.165 #SWAP:Swap: 8.0G 0B 8.0G#RAM:Mem: 3.9G 168M 1.1G 34M 2.6G 3.3G#Disk:Filesystem Size Used Avail Use% Mounted on /dev/mapper/sopvpyves--vg-root 39G 9.7G 28G 27% /#Load:loadaverage:0.00,#Network:Iface MTU Met RX-OK RX-ERR RX-DRP RX-OVR TX-OK TX-ERR TX-DRP TX-OVR Flg ens160 1500 0 18499431 0 0 0 2855791 0 0 0 BMRU #iostat:avg-cpu: %user %nice %system %iowait %steal %idle 0.11 0.00 0.04 0.02 0.00 99.84#iooperation:Device: tps kB_read/s kB_wrtn/s kB_read kB_wrtn sda 0.28 1.06 6.14 1331671 7744112 dm-0 0.57 1.00 6.10 1266263 7689820 dm-1 0.00 0.00 0.00 4614 0#mpstat:04:26:04 PM CPU %usr %nice %sys %iowait %irq %soft %steal %guest %gnice %idle 04:26:04 PM all 0.11 0.00 0.03 0.02 0.00 0.01 0.00 0.00 0.00 99.84 04:26:04 PM 0 0.08 0.01 0.02 0.01 0.00 0.00 0.00 0.00 0.00 99.88 04:26:04 PM 1 0.13 0.00 0.05 0.02 0.00 0.01 0.00 0.00 0.00 99.79#vmstat:procs -----------memory---------- ---swap-- -----io---- -system-- ------cpu----- r b swpd free buff cache si so bi bo in cs us sy id wa st 0 0 0 1114580 411172 2340080 0 0 1 3 12 7 0 0 100 0 0
#date:Mon Jul 15 16:27:04 CEST 2019#hostname:10.214.222.165 #SWAP:Swap: 8.0G 0B 8.0G#RAM:Mem: 3.9G 168M 1.1G 34M 2.6G 3.3G#Disk:Filesystem Size Used Avail Use% Mounted on /dev/mapper/sopvpyves--vg-root 39G 9.7G 28G 27% /#Load:loadaverage:0.00,#Network:Iface MTU Met RX-OK RX-ERR RX-DRP RX-OVR TX-OK TX-ERR TX-DRP TX-OVR Flg ens160 1500 0 18500274 0 0 0 2855792 0 0 0 BMRU #iostat:avg-cpu: %user %nice %system %iowait %steal %idle 0.11 0.00 0.04 0.02 0.00 99.84#iooperation:Device: tps kB_read/s kB_wrtn/s kB_read kB_wrtn sda 0.28 1.06 6.14 1331671 7744200 dm-0 0.57 1.00 6.10 1266263 7689908 dm-1 0.00 0.00 0.00 4614 0#mpstat:04:27:04 PM CPU %usr %nice %sys %iowait %irq %soft %steal %guest %gnice %idle 04:27:04 PM all 0.11 0.00 0.03 0.02 0.00 0.01 0.00 0.00 0.00 99.84 04:27:04 PM 0 0.08 0.01 0.02 0.01 0.00 0.00 0.00 0.00 0.00 99.88 04:27:04 PM 1 0.13 0.00 0.05 0.02 0.00 0.01 0.00 0.00 0.00 99.79#vmstat:procs -----------memory---------- ---swap-- -----io---- -system-- ------cpu----- r b swpd free buff cache si so bi bo in cs us sy id wa st 0 0 0 1114280 411172 2340084 0 0 1 3 12 7 0 0 100 0 0
#date:Mon Jul 15 16:28:04 CEST 2019#hostname:10.214.222.165 #SWAP:Swap: 8.0G 0B 8.0G#RAM:Mem: 3.9G 168M 1.1G 34M 2.6G 3.3G#Disk:Filesystem Size Used Avail Use% Mounted on /dev/mapper/sopvpyves--vg-root 39G 9.7G 28G 27% /#Load:loadaverage:0.03,#Network:Iface MTU Met RX-OK RX-ERR RX-DRP RX-OVR TX-OK TX-ERR TX-DRP TX-OVR Flg ens160 1500 0 18501106 0 0 0 2855801 0 0 0 BMRU #iostat:avg-cpu: %user %nice %system %iowait %steal %idle 0.11 0.00 0.04 0.02 0.00 99.84#iooperation:Device: tps kB_read/s kB_wrtn/s kB_read kB_wrtn sda 0.28 1.06 6.14 1331671 7744280 dm-0 0.57 1.00 6.10 1266263 7689988 dm-1 0.00 0.00 0.00 4614 0#mpstat:04:28:04 PM CPU %usr %nice %sys %iowait %irq %soft %steal %guest %gnice %idle 04:28:04 PM all 0.11 0.00 0.03 0.02 0.00 0.01 0.00 0.00 0.00 99.84 04:28:04 PM 0 0.08 0.01 0.02 0.01 0.00 0.00 0.00 0.00 0.00 99.88 04:28:04 PM 1 0.13 0.00 0.05 0.02 0.00 0.01 0.00 0.00 0.00 99.79#vmstat:procs -----------memory---------- ---swap-- -----io---- -system-- ------cpu----- r b swpd free buff cache si so bi bo in cs us sy id wa st 0 0 0 1114928 411172 2340136 0 0 1 3 12 7 0 0 100 0 0
#date:Mon Jul 15 16:29:04 CEST 2019#hostname:10.214.222.165 #SWAP:Swap: 8.0G 0B 8.0G#RAM:Mem: 3.9G 168M 1.1G 34M 2.6G 3.3G#Disk:Filesystem Size Used Avail Use% Mounted on /dev/mapper/sopvpyves--vg-root 39G 9.7G 28G 27% /#Load:loadaverage:0.01,#Network:Iface MTU Met RX-OK RX-ERR RX-DRP RX-OVR TX-OK TX-ERR TX-DRP TX-OVR Flg ens160 1500 0 18501824 0 0 0 2855831 0 0 0 BMRU #iostat:avg-cpu: %user %nice %system %iowait %steal %idle 0.11 0.00 0.04 0.02 0.00 99.84#iooperation:Device: tps kB_read/s kB_wrtn/s kB_read kB_wrtn sda 0.28 1.06 6.14 1331671 7744428 dm-0 0.57 1.00 6.10 1266263 7690136 dm-1 0.00 0.00 0.00 4614 0#mpstat:04:29:04 PM CPU %usr %nice %sys %iowait %irq %soft %steal %guest %gnice %idle 04:29:04 PM all 0.11 0.00 0.03 0.02 0.00 0.01 0.00 0.00 0.00 99.84 04:29:04 PM 0 0.08 0.01 0.02 0.01 0.00 0.00 0.00 0.00 0.00 99.88 04:29:04 PM 1 0.13 0.00 0.05 0.02 0.00 0.01 0.00 0.00 0.00 99.79#vmstat:procs -----------memory---------- ---swap-- -----io---- -system-- ------cpu----- r b swpd free buff cache si so bi bo in cs us sy id wa st 0 0 0 1114480 411172 2340116 0 0 1 3 12 7 0 0 100 0 0
#date:Mon Jul 15 16:30:04 CEST 2019#hostname:10.214.222.165 #SWAP:Swap: 8.0G 0B 8.0G#RAM:Mem: 3.9G 169M 1.1G 34M 2.6G 3.3G#Disk:Filesystem Size Used Avail Use% Mounted on /dev/mapper/sopvpyves--vg-root 39G 9.7G 28G 27% /#Load:loadaverage:0.00,#Network:Iface MTU Met RX-OK RX-ERR RX-DRP RX-OVR TX-OK TX-ERR TX-DRP TX-OVR Flg ens160 1500 0 18502506 0 0 0 2855831 0 0 0 BMRU #iostat:avg-cpu: %user %nice %system %iowait %steal %idle 0.11 0.00 0.04 0.02 0.00 99.84#iooperation:Device: tps kB_read/s kB_wrtn/s kB_read kB_wrtn sda 0.28 1.06 6.14 1331671 7744512 dm-0 0.57 1.00 6.09 1266263 7690220 dm-1 0.00 0.00 0.00 4614 0#mpstat:04:30:04 PM CPU %usr %nice %sys %iowait %irq %soft %steal %guest %gnice %idle 04:30:04 PM all 0.11 0.00 0.03 0.02 0.00 0.01 0.00 0.00 0.00 99.84 04:30:04 PM 0 0.08 0.01 0.02 0.01 0.00 0.00 0.00 0.00 0.00 99.88 04:30:04 PM 1 0.13 0.00 0.05 0.02 0.00 0.01 0.00 0.00 0.00 99.79#vmstat:procs -----------memory---------- ---swap-- -----io---- -system-- ------cpu----- r b swpd free buff cache si so bi bo in cs us sy id wa st 0 0 0 1113688 411172 2340100 0 0 1 3 12 7 0 0 100 0 0
#date:Mon Jul 15 16:31:04 CEST 2019#hostname:10.214.222.165 #SWAP:Swap: 8.0G 0B 8.0G#RAM:Mem: 3.9G 169M 1.1G 34M 2.6G 3.3G#Disk:Filesystem Size Used Avail Use% Mounted on /dev/mapper/sopvpyves--vg-root 39G 9.7G 28G 27% /#Load:loadaverage:0.03,#Network:Iface MTU Met RX-OK RX-ERR RX-DRP RX-OVR TX-OK TX-ERR TX-DRP TX-OVR Flg ens160 1500 0 18503657 0 0 0 2855834 0 0 0 BMRU #iostat:avg-cpu: %user %nice %system %iowait %steal %idle 0.11 0.00 0.04 0.02 0.00 99.84#iooperation:Device: tps kB_read/s kB_wrtn/s kB_read kB_wrtn sda 0.28 1.06 6.14 1331671 7744612 dm-0 0.57 1.00 6.09 1266263 7690320 dm-1 0.00 0.00 0.00 4614 0#mpstat:04:31:05 PM CPU %usr %nice %sys %iowait %irq %soft %steal %guest %gnice %idle 04:31:05 PM all 0.11 0.00 0.03 0.02 0.00 0.01 0.00 0.00 0.00 99.84 04:31:05 PM 0 0.08 0.01 0.02 0.01 0.00 0.00 0.00 0.00 0.00 99.88 04:31:05 PM 1 0.13 0.00 0.05 0.02 0.00 0.01 0.00 0.00 0.00 99.79#vmstat:procs -----------memory---------- ---swap-- -----io---- -system-- ------cpu----- r b swpd free buff cache si so bi bo in cs us sy id wa st 0 0 0 1114044 411172 2340168 0 0 1 3 12 7 0 0 100 0 0
#date:Mon Jul 15 16:32:05 CEST 2019#hostname:10.214.222.165 #SWAP:Swap: 8.0G 0B 8.0G#RAM:Mem: 3.9G 169M 1.1G 34M 2.6G 3.3G#Disk:Filesystem Size Used Avail Use% Mounted on /dev/mapper/sopvpyves--vg-root 39G 9.7G 28G 27% /#Load:loadaverage:0.01,#Network:Iface MTU Met RX-OK RX-ERR RX-DRP RX-OVR TX-OK TX-ERR TX-DRP TX-OVR Flg ens160 1500 0 18505813 0 0 0 2855835 0 0 0 BMRU #iostat:avg-cpu: %user %nice %system %iowait %steal %idle 0.11 0.00 0.04 0.02 0.00 99.84#iooperation:Device: tps kB_read/s kB_wrtn/s kB_read kB_wrtn sda 0.28 1.06 6.14 1331671 7744732 dm-0 0.57 1.00 6.09 1266263 7690440 dm-1 0.00 0.00 0.00 4614 0#mpstat:04:32:05 PM CPU %usr %nice %sys %iowait %irq %soft %steal %guest %gnice %idle 04:32:05 PM all 0.11 0.00 0.03 0.02 0.00 0.01 0.00 0.00 0.00 99.84 04:32:05 PM 0 0.08 0.01 0.02 0.01 0.00 0.00 0.00 0.00 0.00 99.88 04:32:05 PM 1 0.13 0.00 0.05 0.02 0.00 0.01 0.00 0.00 0.00 99.79#vmstat:procs -----------memory---------- ---swap-- -----io---- -system-- ------cpu----- r b swpd free buff cache si so bi bo in cs us sy id wa st 0 0 0 1113704 411172 2339900 0 0 1 3 12 7 0 0 100 0 0
#date:Mon Jul 15 16:33:05 CEST 2019#hostname:10.214.222.165 #SWAP:Swap: 8.0G 0B 8.0G#RAM:Mem: 3.9G 169M 1.1G 34M 2.6G 3.3G#Disk:Filesystem Size Used Avail Use% Mounted on /dev/mapper/sopvpyves--vg-root 39G 9.7G 28G 27% /#Load:loadaverage:0.00,#Network:Iface MTU Met RX-OK RX-ERR RX-DRP RX-OVR TX-OK TX-ERR TX-DRP TX-OVR Flg ens160 1500 0 18507319 0 0 0 2855838 0 0 0 BMRU #iostat:avg-cpu: %user %nice %system %iowait %steal %idle 0.11 0.00 0.04 0.02 0.00 99.84#iooperation:Device: tps kB_read/s kB_wrtn/s kB_read kB_wrtn sda 0.28 1.06 6.14 1331671 7744836 dm-0 0.57 1.00 6.09 1266263 7690544 dm-1 0.00 0.00 0.00 4614 0#mpstat:04:33:05 PM CPU %usr %nice %sys %iowait %irq %soft %steal %guest %gnice %idle 04:33:05 PM all 0.11 0.00 0.03 0.02 0.00 0.01 0.00 0.00 0.00 99.84 04:33:05 PM 0 0.08 0.01 0.02 0.01 0.00 0.00 0.00 0.00 0.00 99.88 04:33:05 PM 1 0.13 0.00 0.05 0.02 0.00 0.01 0.00 0.00 0.00 99.79#vmstat:procs -----------memory---------- ---swap-- -----io---- -system-- ------cpu----- r b swpd free buff cache si so bi bo in cs us sy id wa st 0 0 0 1113572 411172 2339940 0 0 1 3 12 7 0 0 100 0 0
#date:Mon Jul 15 16:34:05 CEST 2019#hostname:10.214.222.165 #SWAP:Swap: 8.0G 0B 8.0G#RAM:Mem: 3.9G 169M 1.1G 34M 2.6G 3.3G#Disk:Filesystem Size Used Avail Use% Mounted on /dev/mapper/sopvpyves--vg-root 39G 9.7G 28G 27% /#Load:loadaverage:0.00,#Network:Iface MTU Met RX-OK RX-ERR RX-DRP RX-OVR TX-OK TX-ERR TX-DRP TX-OVR Flg ens160 1500 0 18508031 0 0 0 2855838 0 0 0 BMRU #iostat:avg-cpu: %user %nice %system %iowait %steal %idle 0.11 0.00 0.04 0.02 0.00 99.84#iooperation:Device: tps kB_read/s kB_wrtn/s kB_read kB_wrtn sda 0.28 1.06 6.14 1331671 7745052 dm-0 0.57 1.00 6.09 1266263 7690760 dm-1 0.00 0.00 0.00 4614 0#mpstat:04:34:05 PM CPU %usr %nice %sys %iowait %irq %soft %steal %guest %gnice %idle 04:34:05 PM all 0.11 0.00 0.03 0.02 0.00 0.01 0.00 0.00 0.00 99.84 04:34:05 PM 0 0.08 0.01 0.02 0.01 0.00 0.00 0.00 0.00 0.00 99.88 04:34:05 PM 1 0.13 0.00 0.05 0.02 0.00 0.01 0.00 0.00 0.00 99.79#vmstat:procs -----------memory---------- ---swap-- -----io---- -system-- ------cpu----- r b swpd free buff cache si so bi bo in cs us sy id wa st 0 0 0 1113260 411172 2340004 0 0 1 3 12 7 0 0 100 0 0
#date:Mon Jul 15 16:35:05 CEST 2019#hostname:10.214.222.165 #SWAP:Swap: 8.0G 0B 8.0G#RAM:Mem: 3.9G 170M 1.1G 34M 2.6G 3.3G#Disk:Filesystem Size Used Avail Use% Mounted on /dev/mapper/sopvpyves--vg-root 39G 9.7G 28G 27% /#Load:loadaverage:0.00,#Network:Iface MTU Met RX-OK RX-ERR RX-DRP RX-OVR TX-OK TX-ERR TX-DRP TX-OVR Flg ens160 1500 0 18509903 0 0 0 2855838 0 0 0 BMRU #iostat:avg-cpu: %user %nice %system %iowait %steal %idle 0.11 0.00 0.04 0.02 0.00 99.84#iooperation:Device: tps kB_read/s kB_wrtn/s kB_read kB_wrtn sda 0.28 1.06 6.14 1331671 7745160 dm-0 0.57 1.00 6.09 1266263 7690868 dm-1 0.00 0.00 0.00 4614 0#mpstat:04:35:05 PM CPU %usr %nice %sys %iowait %irq %soft %steal %guest %gnice %idle 04:35:05 PM all 0.11 0.00 0.03 0.02 0.00 0.01 0.00 0.00 0.00 99.84 04:35:05 PM 0 0.08 0.01 0.02 0.01 0.00 0.00 0.00 0.00 0.00 99.88 04:35:05 PM 1 0.13 0.00 0.05 0.02 0.00 0.01 0.00 0.00 0.00 99.79#vmstat:procs -----------memory---------- ---swap-- -----io---- -system-- ------cpu----- r b swpd free buff cache si so bi bo in cs us sy id wa st 0 0 0 1113228 411172 2339932 0 0 1 3 12 7 0 0 100 0 0
#date:Mon Jul 15 16:36:05 CEST 2019#hostname:10.214.222.165 #SWAP:Swap: 8.0G 0B 8.0G#RAM:Mem: 3.9G 170M 1.1G 34M 2.6G 3.3G#Disk:Filesystem Size Used Avail Use% Mounted on /dev/mapper/sopvpyves--vg-root 39G 9.7G 28G 27% /#Load:loadaverage:0.00,#Network:Iface MTU Met RX-OK RX-ERR RX-DRP RX-OVR TX-OK TX-ERR TX-DRP TX-OVR Flg ens160 1500 0 18511948 0 0 0 2855841 0 0 0 BMRU #iostat:avg-cpu: %user %nice %system %iowait %steal %idle 0.11 0.00 0.04 0.02 0.00 99.84#iooperation:Device: tps kB_read/s kB_wrtn/s kB_read kB_wrtn sda 0.28 1.06 6.14 1331671 7745320 dm-0 0.57 1.00 6.09 1266263 7691028 dm-1 0.00 0.00 0.00 4614 0#mpstat:04:36:06 PM CPU %usr %nice %sys %iowait %irq %soft %steal %guest %gnice %idle 04:36:06 PM all 0.11 0.00 0.03 0.02 0.00 0.01 0.00 0.00 0.00 99.84 04:36:06 PM 0 0.08 0.01 0.02 0.01 0.00 0.00 0.00 0.00 0.00 99.88 04:36:06 PM 1 0.13 0.00 0.05 0.02 0.00 0.01 0.00 0.00 0.00 99.79#vmstat:procs -----------memory---------- ---swap-- -----io---- -system-- ------cpu----- r b swpd free buff cache si so bi bo in cs us sy id wa st 0 0 0 1113044 411172 2339884 0 0 1 3 12 7 0 0 100 0 0
#date:Mon Jul 15 16:37:06 CEST 2019#hostname:10.214.222.165 #SWAP:Swap: 8.0G 0B 8.0G#RAM:Mem: 3.9G 170M 1.1G 34M 2.6G 3.3G#Disk:Filesystem Size Used Avail Use% Mounted on /dev/mapper/sopvpyves--vg-root 39G 9.7G 28G 27% /#Load:loadaverage:0.00,#Network:Iface MTU Met RX-OK RX-ERR RX-DRP RX-OVR TX-OK TX-ERR TX-DRP TX-OVR Flg ens160 1500 0 18512562 0 0 0 2855881 0 0 0 BMRU #iostat:avg-cpu: %user %nice %system %iowait %steal %idle 0.11 0.00 0.04 0.02 0.00 99.84#iooperation:Device: tps kB_read/s kB_wrtn/s kB_read kB_wrtn sda 0.28 1.06 6.14 1331671 7745392 dm-0 0.57 1.00 6.09 1266263 7691100 dm-1 0.00 0.00 0.00 4614 0#mpstat:04:37:06 PM CPU %usr %nice %sys %iowait %irq %soft %steal %guest %gnice %idle 04:37:06 PM all 0.11 0.00 0.03 0.02 0.00 0.01 0.00 0.00 0.00 99.84 04:37:06 PM 0 0.08 0.01 0.02 0.01 0.00 0.00 0.00 0.00 0.00 99.88 04:37:06 PM 1 0.13 0.00 0.05 0.02 0.00 0.01 0.00 0.00 0.00 99.79#vmstat:procs -----------memory---------- ---swap-- -----io---- -system-- ------cpu----- r b swpd free buff cache si so bi bo in cs us sy id wa st 0 0 0 1112904 411172 2339912 0 0 1 3 12 7 0 0 100 0 0
#date:Mon Jul 15 16:38:06 CEST 2019#hostname:10.214.222.165 #SWAP:Swap: 8.0G 0B 8.0G#RAM:Mem: 3.9G 170M 1.1G 34M 2.6G 3.3G#Disk:Filesystem Size Used Avail Use% Mounted on /dev/mapper/sopvpyves--vg-root 39G 9.7G 28G 27% /#Load:loadaverage:0.00,#Network:Iface MTU Met RX-OK RX-ERR RX-DRP RX-OVR TX-OK TX-ERR TX-DRP TX-OVR Flg ens160 1500 0 18513147 0 0 0 2855881 0 0 0 BMRU #iostat:avg-cpu: %user %nice %system %iowait %steal %idle 0.11 0.00 0.04 0.02 0.00 99.84#iooperation:Device: tps kB_read/s kB_wrtn/s kB_read kB_wrtn sda 0.28 1.06 6.14 1331671 7745464 dm-0 0.57 1.00 6.09 1266263 7691172 dm-1 0.00 0.00 0.00 4614 0#mpstat:04:38:06 PM CPU %usr %nice %sys %iowait %irq %soft %steal %guest %gnice %idle 04:38:06 PM all 0.11 0.00 0.03 0.02 0.00 0.01 0.00 0.00 0.00 99.84 04:38:06 PM 0 0.08 0.01 0.02 0.01 0.00 0.00 0.00 0.00 0.00 99.88 04:38:06 PM 1 0.13 0.00 0.05 0.02 0.00 0.01 0.00 0.00 0.00 99.79#vmstat:procs -----------memory---------- ---swap-- -----io---- -system-- ------cpu----- r b swpd free buff cache si so bi bo in cs us sy id wa st 0 0 0 1112544 411172 2339936 0 0 1 3 12 7 0 0 100 0 0
#date:Mon Jul 15 16:39:06 CEST 2019#hostname:10.214.222.165 #SWAP:Swap: 8.0G 0B 8.0G#RAM:Mem: 3.9G 170M 1.1G 34M 2.6G 3.3G#Disk:Filesystem Size Used Avail Use% Mounted on /dev/mapper/sopvpyves--vg-root 39G 9.7G 28G 27% /#Load:loadaverage:0.00,#Network:Iface MTU Met RX-OK RX-ERR RX-DRP RX-OVR TX-OK TX-ERR TX-DRP TX-OVR Flg ens160 1500 0 18513716 0 0 0 2855881 0 0 0 BMRU #iostat:avg-cpu: %user %nice %system %iowait %steal %idle 0.11 0.00 0.04 0.02 0.00 99.84#iooperation:Device: tps kB_read/s kB_wrtn/s kB_read kB_wrtn sda 0.28 1.05 6.14 1331671 7745676 dm-0 0.57 1.00 6.09 1266263 7691384 dm-1 0.00 0.00 0.00 4614 0#mpstat:04:39:06 PM CPU %usr %nice %sys %iowait %irq %soft %steal %guest %gnice %idle 04:39:06 PM all 0.11 0.00 0.03 0.02 0.00 0.01 0.00 0.00 0.00 99.84 04:39:06 PM 0 0.08 0.01 0.02 0.01 0.00 0.00 0.00 0.00 0.00 99.88 04:39:06 PM 1 0.13 0.00 0.05 0.02 0.00 0.01 0.00 0.00 0.00 99.79#vmstat:procs -----------memory---------- ---swap-- -----io---- -system-- ------cpu----- r b swpd free buff cache si so bi bo in cs us sy id wa st 0 0 0 1113208 411172 2340056 0 0 1 3 12 7 0 0 100 0 0
#date:Mon Jul 15 16:40:06 CEST 2019#hostname:10.214.222.165 #SWAP:Swap: 8.0G 0B 8.0G#RAM:Mem: 3.9G 170M 1.1G 34M 2.6G 3.3G#Disk:Filesystem Size Used Avail Use% Mounted on /dev/mapper/sopvpyves--vg-root 39G 9.7G 28G 27% /#Load:loadaverage:0.00,#Network:Iface MTU Met RX-OK RX-ERR RX-DRP RX-OVR TX-OK TX-ERR TX-DRP TX-OVR Flg ens160 1500 0 18514413 0 0 0 2855881 0 0 0 BMRU #iostat:avg-cpu: %user %nice %system %iowait %steal %idle 0.11 0.00 0.04 0.02 0.00 99.84#iooperation:Device: tps kB_read/s kB_wrtn/s kB_read kB_wrtn sda 0.28 1.05 6.14 1331671 7745768 dm-0 0.57 1.00 6.09 1266263 7691476 dm-1 0.00 0.00 0.00 4614 0#mpstat:04:40:06 PM CPU %usr %nice %sys %iowait %irq %soft %steal %guest %gnice %idle 04:40:06 PM all 0.11 0.00 0.03 0.02 0.00 0.01 0.00 0.00 0.00 99.84 04:40:06 PM 0 0.08 0.01 0.02 0.01 0.00 0.00 0.00 0.00 0.00 99.88 04:40:06 PM 1 0.13 0.00 0.05 0.02 0.00 0.01 0.00 0.00 0.00 99.79#vmstat:procs -----------memory---------- ---swap-- -----io---- -system-- ------cpu----- r b swpd free buff cache si so bi bo in cs us sy id wa st 0 0 0 1112436 411172 2340036 0 0 1 3 12 7 0 0 100 0 0
#date:Mon Jul 15 16:41:06 CEST 2019#hostname:10.214.222.165 #SWAP:Swap: 8.0G 0B 8.0G#RAM:Mem: 3.9G 170M 1.1G 34M 2.6G 3.3G#Disk:Filesystem Size Used Avail Use% Mounted on /dev/mapper/sopvpyves--vg-root 39G 9.7G 28G 27% /#Load:loadaverage:0.00,#Network:Iface MTU Met RX-OK RX-ERR RX-DRP RX-OVR TX-OK TX-ERR TX-DRP TX-OVR Flg ens160 1500 0 18515222 0 0 0 2855883 0 0 0 BMRU #iostat:avg-cpu: %user %nice %system %iowait %steal %idle 0.11 0.00 0.04 0.02 0.00 99.84#iooperation:Device: tps kB_read/s kB_wrtn/s kB_read kB_wrtn sda 0.28 1.05 6.14 1331671 7745864 dm-0 0.57 1.00 6.09 1266263 7691572 dm-1 0.00 0.00 0.00 4614 0#mpstat:04:41:07 PM CPU %usr %nice %sys %iowait %irq %soft %steal %guest %gnice %idle 04:41:07 PM all 0.11 0.00 0.03 0.02 0.00 0.01 0.00 0.00 0.00 99.84 04:41:07 PM 0 0.08 0.01 0.02 0.01 0.00 0.00 0.00 0.00 0.00 99.88 04:41:07 PM 1 0.13 0.00 0.05 0.02 0.00 0.01 0.00 0.00 0.00 99.79#vmstat:procs -----------memory---------- ---swap-- -----io---- -system-- ------cpu----- r b swpd free buff cache si so bi bo in cs us sy id wa st 0 0 0 1112244 411176 2340028 0 0 1 3 12 7 0 0 100 0 0
#date:Mon Jul 15 16:42:07 CEST 2019#hostname:10.214.222.165 #SWAP:Swap: 8.0G 0B 8.0G#RAM:Mem: 3.9G 170M 1.1G 34M 2.6G 3.3G#Disk:Filesystem Size Used Avail Use% Mounted on /dev/mapper/sopvpyves--vg-root 39G 9.7G 28G 27% /#Load:loadaverage:0.00,#Network:Iface MTU Met RX-OK RX-ERR RX-DRP RX-OVR TX-OK TX-ERR TX-DRP TX-OVR Flg ens160 1500 0 18516027 0 0 0 2855883 0 0 0 BMRU #iostat:avg-cpu: %user %nice %system %iowait %steal %idle 0.11 0.00 0.04 0.02 0.00 99.84#iooperation:Device: tps kB_read/s kB_wrtn/s kB_read kB_wrtn sda 0.28 1.05 6.14 1331671 7745960 dm-0 0.57 1.00 6.09 1266263 7691668 dm-1 0.00 0.00 0.00 4614 0#mpstat:04:42:07 PM CPU %usr %nice %sys %iowait %irq %soft %steal %guest %gnice %idle 04:42:07 PM all 0.11 0.00 0.03 0.02 0.00 0.01 0.00 0.00 0.00 99.84 04:42:07 PM 0 0.08 0.01 0.02 0.01 0.00 0.00 0.00 0.00 0.00 99.88 04:42:07 PM 1 0.13 0.00 0.05 0.02 0.00 0.01 0.00 0.00 0.00 99.79#vmstat:procs -----------memory---------- ---swap-- -----io---- -system-- ------cpu----- r b swpd free buff cache si so bi bo in cs us sy id wa st 0 0 0 1112204 411180 2340092 0 0 1 3 12 7 0 0 100 0 0
#date:Mon Jul 15 16:43:07 CEST 2019#hostname:10.214.222.165 #SWAP:Swap: 8.0G 0B 8.0G#RAM:Mem: 3.9G 170M 1.1G 34M 2.6G 3.3G#Disk:Filesystem Size Used Avail Use% Mounted on /dev/mapper/sopvpyves--vg-root 39G 9.7G 28G 27% /#Load:loadaverage:0.00,#Network:Iface MTU Met RX-OK RX-ERR RX-DRP RX-OVR TX-OK TX-ERR TX-DRP TX-OVR Flg ens160 1500 0 18516824 0 0 0 2855884 0 0 0 BMRU #iostat:avg-cpu: %user %nice %system %iowait %steal %idle 0.11 0.00 0.04 0.02 0.00 99.84#iooperation:Device: tps kB_read/s kB_wrtn/s kB_read kB_wrtn sda 0.28 1.05 6.14 1331671 7746052 dm-0 0.57 1.00 6.09 1266263 7691760 dm-1 0.00 0.00 0.00 4614 0#mpstat:04:43:07 PM CPU %usr %nice %sys %iowait %irq %soft %steal %guest %gnice %idle 04:43:07 PM all 0.11 0.00 0.03 0.02 0.00 0.01 0.00 0.00 0.00 99.84 04:43:07 PM 0 0.08 0.01 0.02 0.01 0.00 0.00 0.00 0.00 0.00 99.88 04:43:07 PM 1 0.13 0.00 0.05 0.02 0.00 0.01 0.00 0.00 0.00 99.79#vmstat:procs -----------memory---------- ---swap-- -----io---- -system-- ------cpu----- r b swpd free buff cache si so bi bo in cs us sy id wa st 0 0 0 1112248 411180 2340048 0 0 1 3 12 7 0 0 100 0 0
#date:Mon Jul 15 16:44:07 CEST 2019#hostname:10.214.222.165 #SWAP:Swap: 8.0G 0B 8.0G#RAM:Mem: 3.9G 170M 1.1G 34M 2.6G 3.3G#Disk:Filesystem Size Used Avail Use% Mounted on /dev/mapper/sopvpyves--vg-root 39G 9.7G 28G 27% /#Load:loadaverage:0.00,#Network:Iface MTU Met RX-OK RX-ERR RX-DRP RX-OVR TX-OK TX-ERR TX-DRP TX-OVR Flg ens160 1500 0 18517557 0 0 0 2855884 0 0 0 BMRU #iostat:avg-cpu: %user %nice %system %iowait %steal %idle 0.11 0.00 0.04 0.02 0.00 99.84#iooperation:Device: tps kB_read/s kB_wrtn/s kB_read kB_wrtn sda 0.28 1.05 6.14 1331671 7746200 dm-0 0.57 1.00 6.09 1266263 7691908 dm-1 0.00 0.00 0.00 4614 0#mpstat:04:44:07 PM CPU %usr %nice %sys %iowait %irq %soft %steal %guest %gnice %idle 04:44:07 PM all 0.11 0.00 0.03 0.02 0.00 0.01 0.00 0.00 0.00 99.84 04:44:07 PM 0 0.08 0.01 0.02 0.01 0.00 0.00 0.00 0.00 0.00 99.88 04:44:07 PM 1 0.13 0.00 0.05 0.02 0.00 0.01 0.00 0.00 0.00 99.79#vmstat:procs -----------memory---------- ---swap-- -----io---- -system-- ------cpu----- r b swpd free buff cache si so bi bo in cs us sy id wa st 0 0 0 1112964 411180 2340008 0 0 1 3 12 7 0 0 100 0 0
#date:Mon Jul 15 16:45:07 CEST 2019#hostname:10.214.222.165 #SWAP:Swap: 8.0G 0B 8.0G#RAM:Mem: 3.9G 170M 1.1G 34M 2.6G 3.3G#Disk:Filesystem Size Used Avail Use% Mounted on /dev/mapper/sopvpyves--vg-root 39G 9.7G 28G 27% /#Load:loadaverage:0.00,#Network:Iface MTU Met RX-OK RX-ERR RX-DRP RX-OVR TX-OK TX-ERR TX-DRP TX-OVR Flg ens160 1500 0 18518289 0 0 0 2855885 0 0 0 BMRU #iostat:avg-cpu: %user %nice %system %iowait %steal %idle 0.11 0.00 0.04 0.02 0.00 99.84#iooperation:Device: tps kB_read/s kB_wrtn/s kB_read kB_wrtn sda 0.28 1.05 6.13 1331671 7746324 dm-0 0.57 1.00 6.09 1266263 7692032 dm-1 0.00 0.00 0.00 4614 0#mpstat:04:45:07 PM CPU %usr %nice %sys %iowait %irq %soft %steal %guest %gnice %idle 04:45:07 PM all 0.11 0.00 0.03 0.02 0.00 0.01 0.00 0.00 0.00 99.84 04:45:07 PM 0 0.08 0.01 0.02 0.01 0.00 0.00 0.00 0.00 0.00 99.88 04:45:07 PM 1 0.13 0.00 0.05 0.02 0.00 0.01 0.00 0.00 0.00 99.79#vmstat:procs -----------memory---------- ---swap-- -----io---- -system-- ------cpu----- r b swpd free buff cache si so bi bo in cs us sy id wa st 0 0 0 1112080 411180 2340016 0 0 1 3 12 7 0 0 100 0 0
#date:Mon Jul 15 16:46:07 CEST 2019#hostname:10.214.222.165 #SWAP:Swap: 8.0G 0B 8.0G#RAM:Mem: 3.9G 171M 1.1G 34M 2.6G 3.3G#Disk:Filesystem Size Used Avail Use% Mounted on /dev/mapper/sopvpyves--vg-root 39G 9.7G 28G 27% /#Load:loadaverage:0.00,#Network:Iface MTU Met RX-OK RX-ERR RX-DRP RX-OVR TX-OK TX-ERR TX-DRP TX-OVR Flg ens160 1500 0 18519168 0 0 0 2855887 0 0 0 BMRU #iostat:avg-cpu: %user %nice %system %iowait %steal %idle 0.11 0.00 0.04 0.02 0.00 99.84#iooperation:Device: tps kB_read/s kB_wrtn/s kB_read kB_wrtn sda 0.28 1.05 6.13 1331671 7746444 dm-0 0.57 1.00 6.09 1266263 7692152 dm-1 0.00 0.00 0.00 4614 0#mpstat:04:46:07 PM CPU %usr %nice %sys %iowait %irq %soft %steal %guest %gnice %idle 04:46:07 PM all 0.11 0.00 0.03 0.02 0.00 0.01 0.00 0.00 0.00 99.84 04:46:07 PM 0 0.08 0.01 0.02 0.01 0.00 0.00 0.00 0.00 0.00 99.88 04:46:07 PM 1 0.13 0.00 0.05 0.02 0.00 0.01 0.00 0.00 0.00 99.79#vmstat:procs -----------memory---------- ---swap-- -----io---- -system-- ------cpu----- r b swpd free buff cache si so bi bo in cs us sy id wa st 0 0 0 1112308 411180 2340016 0 0 1 3 12 7 0 0 100 0 0
#date:Mon Jul 15 16:47:07 CEST 2019#hostname:10.214.222.165 #SWAP:Swap: 8.0G 0B 8.0G#RAM:Mem: 3.9G 171M 1.1G 34M 2.6G 3.3G#Disk:Filesystem Size Used Avail Use% Mounted on /dev/mapper/sopvpyves--vg-root 39G 9.7G 28G 27% /#Load:loadaverage:0.00,#Network:Iface MTU Met RX-OK RX-ERR RX-DRP RX-OVR TX-OK TX-ERR TX-DRP TX-OVR Flg ens160 1500 0 18519762 0 0 0 2855887 0 0 0 BMRU #iostat:avg-cpu: %user %nice %system %iowait %steal %idle 0.11 0.00 0.04 0.02 0.00 99.84#iooperation:Device: tps kB_read/s kB_wrtn/s kB_read kB_wrtn sda 0.28 1.05 6.13 1331671 7746556 dm-0 0.57 1.00 6.09 1266263 7692264 dm-1 0.00 0.00 0.00 4614 0#mpstat:04:47:08 PM CPU %usr %nice %sys %iowait %irq %soft %steal %guest %gnice %idle 04:47:08 PM all 0.11 0.00 0.03 0.02 0.00 0.01 0.00 0.00 0.00 99.84 04:47:08 PM 0 0.08 0.01 0.02 0.01 0.00 0.00 0.00 0.00 0.00 99.88 04:47:08 PM 1 0.13 0.00 0.05 0.02 0.00 0.01 0.00 0.00 0.00 99.79#vmstat:procs -----------memory---------- ---swap-- -----io---- -system-- ------cpu----- r b swpd free buff cache si so bi bo in cs us sy id wa st 0 0 0 1112468 411180 2339796 0 0 1 3 12 7 0 0 100 0 0
#date:Mon Jul 15 16:48:08 CEST 2019#hostname:10.214.222.165 #SWAP:Swap: 8.0G 0B 8.0G#RAM:Mem: 3.9G 171M 1.1G 34M 2.6G 3.3G#Disk:Filesystem Size Used Avail Use% Mounted on /dev/mapper/sopvpyves--vg-root 39G 9.7G 28G 27% /#Load:loadaverage:0.00,#Network:Iface MTU Met RX-OK RX-ERR RX-DRP RX-OVR TX-OK TX-ERR TX-DRP TX-OVR Flg ens160 1500 0 18520373 0 0 0 2855887 0 0 0 BMRU #iostat:avg-cpu: %user %nice %system %iowait %steal %idle 0.11 0.00 0.04 0.02 0.00 99.84#iooperation:Device: tps kB_read/s kB_wrtn/s kB_read kB_wrtn sda 0.28 1.05 6.13 1331671 7746648 dm-0 0.57 1.00 6.09 1266263 7692356 dm-1 0.00 0.00 0.00 4614 0#mpstat:04:48:08 PM CPU %usr %nice %sys %iowait %irq %soft %steal %guest %gnice %idle 04:48:08 PM all 0.11 0.00 0.03 0.02 0.00 0.01 0.00 0.00 0.00 99.84 04:48:08 PM 0 0.08 0.01 0.02 0.01 0.00 0.00 0.00 0.00 0.00 99.88 04:48:08 PM 1 0.13 0.00 0.05 0.02 0.00 0.01 0.00 0.00 0.00 99.79#vmstat:procs -----------memory---------- ---swap-- -----io---- -system-- ------cpu----- r b swpd free buff cache si so bi bo in cs us sy id wa st 0 0 0 1111916 411180 2339832 0 0 1 3 12 7 0 0 100 0 0
#date:Mon Jul 15 16:49:08 CEST 2019#hostname:10.214.222.165 #SWAP:Swap: 8.0G 0B 8.0G#RAM:Mem: 3.9G 171M 1.1G 34M 2.6G 3.3G#Disk:Filesystem Size Used Avail Use% Mounted on /dev/mapper/sopvpyves--vg-root 39G 9.7G 28G 27% /#Load:loadaverage:0.00,#Network:Iface MTU Met RX-OK RX-ERR RX-DRP RX-OVR TX-OK TX-ERR TX-DRP TX-OVR Flg ens160 1500 0 18520973 0 0 0 2855887 0 0 0 BMRU #iostat:avg-cpu: %user %nice %system %iowait %steal %idle 0.11 0.00 0.04 0.02 0.00 99.84#iooperation:Device: tps kB_read/s kB_wrtn/s kB_read kB_wrtn sda 0.28 1.05 6.13 1331671 7746836 dm-0 0.57 1.00 6.09 1266263 7692544 dm-1 0.00 0.00 0.00 4614 0#mpstat:04:49:08 PM CPU %usr %nice %sys %iowait %irq %soft %steal %guest %gnice %idle 04:49:08 PM all 0.11 0.00 0.03 0.02 0.00 0.01 0.00 0.00 0.00 99.84 04:49:08 PM 0 0.08 0.01 0.02 0.01 0.00 0.00 0.00 0.00 0.00 99.88 04:49:08 PM 1 0.13 0.00 0.05 0.02 0.00 0.01 0.00 0.00 0.00 99.79#vmstat:procs -----------memory---------- ---swap-- -----io---- -system-- ------cpu----- r b swpd free buff cache si so bi bo in cs us sy id wa st 0 0 0 1111664 411180 2339836 0 0 1 3 12 7 0 0 100 0 0
#date:Mon Jul 15 16:50:08 CEST 2019#hostname:10.214.222.165 #SWAP:Swap: 8.0G 0B 8.0G#RAM:Mem: 3.9G 171M 1.1G 34M 2.6G 3.3G#Disk:Filesystem Size Used Avail Use% Mounted on /dev/mapper/sopvpyves--vg-root 39G 9.7G 28G 27% /#Load:loadaverage:0.00,#Network:Iface MTU Met RX-OK RX-ERR RX-DRP RX-OVR TX-OK TX-ERR TX-DRP TX-OVR Flg ens160 1500 0 18521608 0 0 0 2855887 0 0 0 BMRU #iostat:avg-cpu: %user %nice %system %iowait %steal %idle 0.11 0.00 0.04 0.02 0.00 99.84#iooperation:Device: tps kB_read/s kB_wrtn/s kB_read kB_wrtn sda 0.28 1.05 6.13 1331671 7746924 dm-0 0.57 1.00 6.09 1266263 7692632 dm-1 0.00 0.00 0.00 4614 0#mpstat:04:50:08 PM CPU %usr %nice %sys %iowait %irq %soft %steal %guest %gnice %idle 04:50:08 PM all 0.11 0.00 0.03 0.02 0.00 0.01 0.00 0.00 0.00 99.84 04:50:08 PM 0 0.08 0.01 0.02 0.01 0.00 0.00 0.00 0.00 0.00 99.88 04:50:08 PM 1 0.13 0.00 0.05 0.02 0.00 0.01 0.00 0.00 0.00 99.79#vmstat:procs -----------memory---------- ---swap-- -----io---- -system-- ------cpu----- r b swpd free buff cache si so bi bo in cs us sy id wa st 0 0 0 1111448 411180 2339844 0 0 1 3 12 7 0 0 100 0 0
#date:Mon Jul 15 16:51:08 CEST 2019#hostname:10.214.222.165 #SWAP:Swap: 8.0G 0B 8.0G#RAM:Mem: 3.9G 171M 1.1G 34M 2.6G 3.3G#Disk:Filesystem Size Used Avail Use% Mounted on /dev/mapper/sopvpyves--vg-root 39G 9.7G 28G 27% /#Load:loadaverage:0.00,#Network:Iface MTU Met RX-OK RX-ERR RX-DRP RX-OVR TX-OK TX-ERR TX-DRP TX-OVR Flg ens160 1500 0 18522265 0 0 0 2855889 0 0 0 BMRU #iostat:avg-cpu: %user %nice %system %iowait %steal %idle 0.11 0.00 0.04 0.02 0.00 99.84#iooperation:Device: tps kB_read/s kB_wrtn/s kB_read kB_wrtn sda 0.28 1.05 6.13 1331671 7747020 dm-0 0.57 1.00 6.09 1266263 7692728 dm-1 0.00 0.00 0.00 4614 0#mpstat:04:51:08 PM CPU %usr %nice %sys %iowait %irq %soft %steal %guest %gnice %idle 04:51:08 PM all 0.11 0.00 0.03 0.02 0.00 0.01 0.00 0.00 0.00 99.84 04:51:08 PM 0 0.08 0.01 0.02 0.01 0.00 0.00 0.00 0.00 0.00 99.88 04:51:08 PM 1 0.13 0.00 0.05 0.02 0.00 0.01 0.00 0.00 0.00 99.79#vmstat:procs -----------memory---------- ---swap-- -----io---- -system-- ------cpu----- r b swpd free buff cache si so bi bo in cs us sy id wa st 0 0 0 1111376 411180 2339844 0 0 1 3 12 7 0 0 100 0 0
#date:Mon Jul 15 16:52:08 CEST 2019#hostname:10.214.222.165 #SWAP:Swap: 8.0G 0B 8.0G#RAM:Mem: 3.9G 171M 1.1G 34M 2.6G 3.3G#Disk:Filesystem Size Used Avail Use% Mounted on /dev/mapper/sopvpyves--vg-root 39G 9.7G 28G 27% /#Load:loadaverage:0.00,#Network:Iface MTU Met RX-OK RX-ERR RX-DRP RX-OVR TX-OK TX-ERR TX-DRP TX-OVR Flg ens160 1500 0 18522849 0 0 0 2855889 0 0 0 BMRU #iostat:avg-cpu: %user %nice %system %iowait %steal %idle 0.11 0.00 0.04 0.02 0.00 99.84#iooperation:Device: tps kB_read/s kB_wrtn/s kB_read kB_wrtn sda 0.28 1.05 6.13 1331671 7747100 dm-0 0.57 1.00 6.09 1266263 7692808 dm-1 0.00 0.00 0.00 4614 0#mpstat:04:52:09 PM CPU %usr %nice %sys %iowait %irq %soft %steal %guest %gnice %idle 04:52:09 PM all 0.11 0.00 0.03 0.02 0.00 0.01 0.00 0.00 0.00 99.84 04:52:09 PM 0 0.08 0.01 0.02 0.01 0.00 0.00 0.00 0.00 0.00 99.88 04:52:09 PM 1 0.13 0.00 0.05 0.02 0.00 0.01 0.00 0.00 0.00 99.79#vmstat:procs -----------memory---------- ---swap-- -----io---- -system-- ------cpu----- r b swpd free buff cache si so bi bo in cs us sy id wa st 0 0 0 1111376 411180 2339856 0 0 1 3 12 7 0 0 100 0 0
#date:Mon Jul 15 16:53:09 CEST 2019#hostname:10.214.222.165 #SWAP:Swap: 8.0G 0B 8.0G#RAM:Mem: 3.9G 171M 1.1G 34M 2.6G 3.3G#Disk:Filesystem Size Used Avail Use% Mounted on /dev/mapper/sopvpyves--vg-root 39G 9.7G 28G 27% /#Load:loadaverage:0.00,#Network:Iface MTU Met RX-OK RX-ERR RX-DRP RX-OVR TX-OK TX-ERR TX-DRP TX-OVR Flg ens160 1500 0 18523426 0 0 0 2855889 0 0 0 BMRU #iostat:avg-cpu: %user %nice %system %iowait %steal %idle 0.11 0.00 0.04 0.02 0.00 99.84#iooperation:Device: tps kB_read/s kB_wrtn/s kB_read kB_wrtn sda 0.28 1.05 6.13 1331671 7747212 dm-0 0.57 1.00 6.09 1266263 7692920 dm-1 0.00 0.00 0.00 4614 0#mpstat:04:53:09 PM CPU %usr %nice %sys %iowait %irq %soft %steal %guest %gnice %idle 04:53:09 PM all 0.11 0.00 0.03 0.02 0.00 0.01 0.00 0.00 0.00 99.84 04:53:09 PM 0 0.08 0.01 0.02 0.01 0.00 0.00 0.00 0.00 0.00 99.88 04:53:09 PM 1 0.13 0.00 0.05 0.02 0.00 0.01 0.00 0.00 0.00 99.79#vmstat:procs -----------memory---------- ---swap-- -----io---- -system-- ------cpu----- r b swpd free buff cache si so bi bo in cs us sy id wa st 0 0 0 1111248 411180 2339848 0 0 1 3 12 7 0 0 100 0 0
#date:Mon Jul 15 16:54:09 CEST 2019#hostname:10.214.222.165 #SWAP:Swap: 8.0G 0B 8.0G#RAM:Mem: 3.9G 171M 1.1G 34M 2.6G 3.3G#Disk:Filesystem Size Used Avail Use% Mounted on /dev/mapper/sopvpyves--vg-root 39G 9.7G 28G 27% /#Load:loadaverage:0.00,#Network:Iface MTU Met RX-OK RX-ERR RX-DRP RX-OVR TX-OK TX-ERR TX-DRP TX-OVR Flg ens160 1500 0 18524060 0 0 0 2855926 0 0 0 BMRU #iostat:avg-cpu: %user %nice %system %iowait %steal %idle 0.11 0.00 0.04 0.02 0.00 99.84#iooperation:Device: tps kB_read/s kB_wrtn/s kB_read kB_wrtn sda 0.28 1.05 6.13 1331671 7747356 dm-0 0.57 1.00 6.09 1266263 7693064 dm-1 0.00 0.00 0.00 4614 0#mpstat:04:54:09 PM CPU %usr %nice %sys %iowait %irq %soft %steal %guest %gnice %idle 04:54:09 PM all 0.11 0.00 0.03 0.02 0.00 0.01 0.00 0.00 0.00 99.84 04:54:09 PM 0 0.08 0.01 0.02 0.01 0.00 0.00 0.00 0.00 0.00 99.88 04:54:09 PM 1 0.13 0.00 0.05 0.02 0.00 0.01 0.00 0.00 0.00 99.79#vmstat:procs -----------memory---------- ---swap-- -----io---- -system-- ------cpu----- r b swpd free buff cache si so bi bo in cs us sy id wa st 0 0 0 1111436 411180 2339788 0 0 1 3 12 7 0 0 100 0 0
#date:Mon Jul 15 16:55:09 CEST 2019#hostname:10.214.222.165 #SWAP:Swap: 8.0G 0B 8.0G#RAM:Mem: 3.9G 171M 1.1G 34M 2.6G 3.3G#Disk:Filesystem Size Used Avail Use% Mounted on /dev/mapper/sopvpyves--vg-root 39G 9.7G 28G 27% /#Load:loadaverage:0.00,#Network:Iface MTU Met RX-OK RX-ERR RX-DRP RX-OVR TX-OK TX-ERR TX-DRP TX-OVR Flg ens160 1500 0 18524704 0 0 0 2855930 0 0 0 BMRU #iostat:avg-cpu: %user %nice %system %iowait %steal %idle 0.11 0.00 0.04 0.02 0.00 99.84#iooperation:Device: tps kB_read/s kB_wrtn/s kB_read kB_wrtn sda 0.28 1.05 6.13 1331671 7747532 dm-0 0.57 1.00 6.09 1266263 7693240 dm-1 0.00 0.00 0.00 4614 0#mpstat:04:55:09 PM CPU %usr %nice %sys %iowait %irq %soft %steal %guest %gnice %idle 04:55:09 PM all 0.11 0.00 0.03 0.02 0.00 0.01 0.00 0.00 0.00 99.84 04:55:09 PM 0 0.08 0.01 0.02 0.01 0.00 0.00 0.00 0.00 0.00 99.88 04:55:09 PM 1 0.13 0.00 0.05 0.02 0.00 0.01 0.00 0.00 0.00 99.79#vmstat:procs -----------memory---------- ---swap-- -----io---- -system-- ------cpu----- r b swpd free buff cache si so bi bo in cs us sy id wa st 0 0 0 1111884 411180 2339776 0 0 1 3 12 7 0 0 100 0 0
#date:Mon Jul 15 16:56:09 CEST 2019#hostname:10.214.222.165 #SWAP:Swap: 8.0G 0B 8.0G#RAM:Mem: 3.9G 171M 1.1G 34M 2.6G 3.3G#Disk:Filesystem Size Used Avail Use% Mounted on /dev/mapper/sopvpyves--vg-root 39G 9.7G 28G 27% /#Load:loadaverage:0.00,#Network:Iface MTU Met RX-OK RX-ERR RX-DRP RX-OVR TX-OK TX-ERR TX-DRP TX-OVR Flg ens160 1500 0 18525362 0 0 0 2855932 0 0 0 BMRU #iostat:avg-cpu: %user %nice %system %iowait %steal %idle 0.11 0.00 0.04 0.02 0.00 99.84#iooperation:Device: tps kB_read/s kB_wrtn/s kB_read kB_wrtn sda 0.28 1.05 6.13 1331671 7747636 dm-0 0.57 1.00 6.09 1266263 7693344 dm-1 0.00 0.00 0.00 4614 0#mpstat:04:56:09 PM CPU %usr %nice %sys %iowait %irq %soft %steal %guest %gnice %idle 04:56:09 PM all 0.11 0.00 0.03 0.02 0.00 0.01 0.00 0.00 0.00 99.84 04:56:09 PM 0 0.08 0.01 0.02 0.01 0.00 0.00 0.00 0.00 0.00 99.88 04:56:09 PM 1 0.13 0.00 0.05 0.02 0.00 0.01 0.00 0.00 0.00 99.79#vmstat:procs -----------memory---------- ---swap-- -----io---- -system-- ------cpu----- r b swpd free buff cache si so bi bo in cs us sy id wa st 0 0 0 1111664 411180 2339768 0 0 1 3 12 7 0 0 100 0 0
#date:Mon Jul 15 16:57:09 CEST 2019#hostname:10.214.222.165 #SWAP:Swap: 8.0G 0B 8.0G#RAM:Mem: 3.9G 171M 1.1G 34M 2.6G 3.3G#Disk:Filesystem Size Used Avail Use% Mounted on /dev/mapper/sopvpyves--vg-root 39G 9.7G 28G 27% /#Load:loadaverage:0.00,#Network:Iface MTU Met RX-OK RX-ERR RX-DRP RX-OVR TX-OK TX-ERR TX-DRP TX-OVR Flg ens160 1500 0 18525939 0 0 0 2855932 0 0 0 BMRU #iostat:avg-cpu: %user %nice %system %iowait %steal %idle 0.11 0.00 0.04 0.02 0.00 99.84#iooperation:Device: tps kB_read/s kB_wrtn/s kB_read kB_wrtn sda 0.28 1.05 6.13 1331671 7747724 dm-0 0.57 1.00 6.09 1266263 7693432 dm-1 0.00 0.00 0.00 4614 0#mpstat:04:57:09 PM CPU %usr %nice %sys %iowait %irq %soft %steal %guest %gnice %idle 04:57:09 PM all 0.11 0.00 0.03 0.02 0.00 0.01 0.00 0.00 0.00 99.84 04:57:09 PM 0 0.08 0.01 0.02 0.01 0.00 0.00 0.00 0.00 0.00 99.88 04:57:09 PM 1 0.13 0.00 0.05 0.02 0.00 0.01 0.00 0.00 0.00 99.79#vmstat:procs -----------memory---------- ---swap-- -----io---- -system-- ------cpu----- r b swpd free buff cache si so bi bo in cs us sy id wa st 0 0 0 1111536 411180 2339800 0 0 1 3 12 7 0 0 100 0 0
#date:Mon Jul 15 16:58:10 CEST 2019#hostname:10.214.222.165 #SWAP:Swap: 8.0G 0B 8.0G#RAM:Mem: 3.9G 171M 1.1G 34M 2.6G 3.3G#Disk:Filesystem Size Used Avail Use% Mounted on /dev/mapper/sopvpyves--vg-root 39G 9.7G 28G 27% /#Load:loadaverage:0.00,#Network:Iface MTU Met RX-OK RX-ERR RX-DRP RX-OVR TX-OK TX-ERR TX-DRP TX-OVR Flg ens160 1500 0 18526517 0 0 0 2855932 0 0 0 BMRU #iostat:avg-cpu: %user %nice %system %iowait %steal %idle 0.11 0.00 0.04 0.02 0.00 99.84#iooperation:Device: tps kB_read/s kB_wrtn/s kB_read kB_wrtn sda 0.28 1.05 6.13 1331671 7747804 dm-0 0.57 1.00 6.09 1266263 7693512 dm-1 0.00 0.00 0.00 4614 0#mpstat:04:58:10 PM CPU %usr %nice %sys %iowait %irq %soft %steal %guest %gnice %idle 04:58:10 PM all 0.11 0.00 0.03 0.02 0.00 0.01 0.00 0.00 0.00 99.84 04:58:10 PM 0 0.08 0.01 0.02 0.01 0.00 0.00 0.00 0.00 0.00 99.88 04:58:10 PM 1 0.13 0.00 0.05 0.02 0.00 0.01 0.00 0.00 0.00 99.79#vmstat:procs -----------memory---------- ---swap-- -----io---- -system-- ------cpu----- r b swpd free buff cache si so bi bo in cs us sy id wa st 0 0 0 1111596 411180 2339824 0 0 1 3 12 7 0 0 100 0 0
#date:Mon Jul 15 16:59:10 CEST 2019#hostname:10.214.222.165 #SWAP:Swap: 8.0G 0B 8.0G#RAM:Mem: 3.9G 171M 1.1G 34M 2.6G 3.3G#Disk:Filesystem Size Used Avail Use% Mounted on /dev/mapper/sopvpyves--vg-root 39G 9.7G 28G 27% /#Load:loadaverage:0.00,#Network:Iface MTU Met RX-OK RX-ERR RX-DRP RX-OVR TX-OK TX-ERR TX-DRP TX-OVR Flg ens160 1500 0 18527115 0 0 0 2855932 0 0 0 BMRU #iostat:avg-cpu: %user %nice %system %iowait %steal %idle 0.11 0.00 0.04 0.02 0.00 99.84#iooperation:Device: tps kB_read/s kB_wrtn/s kB_read kB_wrtn sda 0.28 1.05 6.13 1331671 7747952 dm-0 0.57 1.00 6.09 1266263 7693660 dm-1 0.00 0.00 0.00 4614 0#mpstat:04:59:10 PM CPU %usr %nice %sys %iowait %irq %soft %steal %guest %gnice %idle 04:59:10 PM all 0.11 0.00 0.03 0.02 0.00 0.01 0.00 0.00 0.00 99.84 04:59:10 PM 0 0.08 0.01 0.02 0.01 0.00 0.00 0.00 0.00 0.00 99.88 04:59:10 PM 1 0.13 0.00 0.05 0.02 0.00 0.01 0.00 0.00 0.00 99.79#vmstat:procs -----------memory---------- ---swap-- -----io---- -system-- ------cpu----- r b swpd free buff cache si so bi bo in cs us sy id wa st 0 0 0 1111464 411180 2339812 0 0 1 3 12 7 0 0 100 0 0
#date:Mon Jul 15 17:00:10 CEST 2019#hostname:10.214.222.165 #SWAP:Swap: 8.0G 0B 8.0G#RAM:Mem: 3.9G 171M 1.1G 34M 2.6G 3.3G#Disk:Filesystem Size Used Avail Use% Mounted on /dev/mapper/sopvpyves--vg-root 39G 9.7G 28G 27% /#Load:loadaverage:0.00,#Network:Iface MTU Met RX-OK RX-ERR RX-DRP RX-OVR TX-OK TX-ERR TX-DRP TX-OVR Flg ens160 1500 0 18527731 0 0 0 2855932 0 0 0 BMRU #iostat:avg-cpu: %user %nice %system %iowait %steal %idle 0.11 0.00 0.04 0.02 0.00 99.84#iooperation:Device: tps kB_read/s kB_wrtn/s kB_read kB_wrtn sda 0.28 1.05 6.13 1331671 7748048 dm-0 0.57 1.00 6.09 1266263 7693756 dm-1 0.00 0.00 0.00 4614 0#mpstat:05:00:10 PM CPU %usr %nice %sys %iowait %irq %soft %steal %guest %gnice %idle 05:00:10 PM all 0.11 0.00 0.03 0.02 0.00 0.01 0.00 0.00 0.00 99.84 05:00:10 PM 0 0.08 0.01 0.02 0.01 0.00 0.00 0.00 0.00 0.00 99.88 05:00:10 PM 1 0.13 0.00 0.05 0.02 0.00 0.01 0.00 0.00 0.00 99.79#vmstat:procs -----------memory---------- ---swap-- -----io---- -system-- ------cpu----- r b swpd free buff cache si so bi bo in cs us sy id wa st 0 0 0 1111376 411180 2339828 0 0 1 3 12 7 0 0 100 0 0
