#date:Mon Jul 15 14:40:28 CEST 2019#hostname:10.214.222.202 #SWAP:Swap: 8.0G 7.8M 8.0G#RAM:Mem: 3.9G 671M 1.3G 34M 1.9G 2.8G#Disk:Filesystem Size Used Avail Use% Mounted on /dev/mapper/sopvpyves--vg-root 39G 11G 27G 29% /#Load:loadaverage:0.00,#Network:Iface MTU Met RX-OK RX-ERR RX-DRP RX-OVR TX-OK TX-ERR TX-DRP TX-OVR Flg ens160 1500 0 363616913 0 3 0 359868078 0 0 0 BMRU #iostat:avg-cpu: %user %nice %system %iowait %steal %idle 1.48 0.00 2.98 0.02 0.00 95.52#iooperation:Device: tps kB_read/s kB_wrtn/s kB_read kB_wrtn sda 0.46 2.16 9.07 2893161 12173622 dm-0 0.92 2.12 9.03 2837594 12111840 dm-1 0.00 0.00 0.01 5918 7548#mpstat:02:40:28 PM CPU %usr %nice %sys %iowait %irq %soft %steal %guest %gnice %idle 02:40:28 PM all 1.48 0.00 2.81 0.02 0.00 0.17 0.00 0.00 0.00 95.52 02:40:28 PM 0 1.45 0.00 3.21 0.01 0.00 0.00 0.00 0.00 0.00 95.32 02:40:28 PM 1 1.50 0.01 2.42 0.02 0.00 0.34 0.00 0.00 0.00 95.71#vmstat:procs -----------memory---------- ---swap-- -----io---- -system-- ------cpu----- r b swpd free buff cache si so bi bo in cs us sy id wa st 0 0 7948 1321944 328220 1701720 0 0 1 5 7 8 1 3 96 0 0
#date:Mon Jul 15 14:41:28 CEST 2019#hostname:10.214.222.202 #SWAP:Swap: 8.0G 7.8M 8.0G#RAM:Mem: 3.9G 666M 1.3G 34M 1.9G 2.8G#Disk:Filesystem Size Used Avail Use% Mounted on /dev/mapper/sopvpyves--vg-root 39G 11G 27G 29% /#Load:loadaverage:0.00,#Network:Iface MTU Met RX-OK RX-ERR RX-DRP RX-OVR TX-OK TX-ERR TX-DRP TX-OVR Flg ens160 1500 0 363617620 0 3 0 359868098 0 0 0 BMRU #iostat:avg-cpu: %user %nice %system %iowait %steal %idle 1.48 0.00 2.98 0.02 0.00 95.52#iooperation:Device: tps kB_read/s kB_wrtn/s kB_read kB_wrtn sda 0.46 2.16 9.07 2893177 12173858 dm-0 0.92 2.12 9.03 2837610 12112076 dm-1 0.00 0.00 0.01 5918 7548#mpstat:02:41:29 PM CPU %usr %nice %sys %iowait %irq %soft %steal %guest %gnice %idle 02:41:29 PM all 1.48 0.00 2.81 0.02 0.00 0.17 0.00 0.00 0.00 95.52 02:41:29 PM 0 1.45 0.00 3.21 0.01 0.00 0.00 0.00 0.00 0.00 95.32 02:41:29 PM 1 1.50 0.01 2.42 0.02 0.00 0.34 0.00 0.00 0.00 95.71#vmstat:procs -----------memory---------- ---swap-- -----io---- -system-- ------cpu----- r b swpd free buff cache si so bi bo in cs us sy id wa st 0 0 7948 1326204 328220 1701592 0 0 1 5 7 8 1 3 96 0 0
#date:Mon Jul 15 14:42:29 CEST 2019#hostname:10.214.222.202 #SWAP:Swap: 8.0G 7.8M 8.0G#RAM:Mem: 3.9G 666M 1.3G 34M 1.9G 2.8G#Disk:Filesystem Size Used Avail Use% Mounted on /dev/mapper/sopvpyves--vg-root 39G 11G 27G 29% /#Load:loadaverage:0.00,#Network:Iface MTU Met RX-OK RX-ERR RX-DRP RX-OVR TX-OK TX-ERR TX-DRP TX-OVR Flg ens160 1500 0 363618242 0 3 0 359868098 0 0 0 BMRU #iostat:avg-cpu: %user %nice %system %iowait %steal %idle 1.48 0.00 2.98 0.02 0.00 95.52#iooperation:Device: tps kB_read/s kB_wrtn/s kB_read kB_wrtn sda 0.46 2.16 9.07 2893177 12173966 dm-0 0.92 2.11 9.03 2837610 12112184 dm-1 0.00 0.00 0.01 5918 7548#mpstat:02:42:29 PM CPU %usr %nice %sys %iowait %irq %soft %steal %guest %gnice %idle 02:42:29 PM all 1.48 0.00 2.81 0.02 0.00 0.17 0.00 0.00 0.00 95.52 02:42:29 PM 0 1.45 0.00 3.21 0.01 0.00 0.00 0.00 0.00 0.00 95.32 02:42:29 PM 1 1.50 0.01 2.42 0.02 0.00 0.34 0.00 0.00 0.00 95.71#vmstat:procs -----------memory---------- ---swap-- -----io---- -system-- ------cpu----- r b swpd free buff cache si so bi bo in cs us sy id wa st 0 0 7948 1326988 328224 1701572 0 0 1 5 7 8 1 3 96 0 0
#date:Mon Jul 15 14:43:29 CEST 2019#hostname:10.214.222.202 #SWAP:Swap: 8.0G 7.8M 8.0G#RAM:Mem: 3.9G 665M 1.3G 34M 1.9G 2.8G#Disk:Filesystem Size Used Avail Use% Mounted on /dev/mapper/sopvpyves--vg-root 39G 11G 27G 29% /#Load:loadaverage:0.00,#Network:Iface MTU Met RX-OK RX-ERR RX-DRP RX-OVR TX-OK TX-ERR TX-DRP TX-OVR Flg ens160 1500 0 363618894 0 3 0 359868099 0 0 0 BMRU #iostat:avg-cpu: %user %nice %system %iowait %steal %idle 1.48 0.00 2.98 0.02 0.00 95.52#iooperation:Device: tps kB_read/s kB_wrtn/s kB_read kB_wrtn sda 0.46 2.16 9.07 2893177 12174050 dm-0 0.92 2.11 9.03 2837610 12112268 dm-1 0.00 0.00 0.01 5918 7548#mpstat:02:43:29 PM CPU %usr %nice %sys %iowait %irq %soft %steal %guest %gnice %idle 02:43:29 PM all 1.48 0.00 2.81 0.02 0.00 0.17 0.00 0.00 0.00 95.52 02:43:29 PM 0 1.45 0.00 3.21 0.01 0.00 0.00 0.00 0.00 0.00 95.32 02:43:29 PM 1 1.50 0.01 2.42 0.02 0.00 0.34 0.00 0.00 0.00 95.71#vmstat:procs -----------memory---------- ---swap-- -----io---- -system-- ------cpu----- r b swpd free buff cache si so bi bo in cs us sy id wa st 0 0 7948 1327476 328228 1701556 0 0 1 5 7 8 1 3 96 0 0
#date:Mon Jul 15 14:44:29 CEST 2019#hostname:10.214.222.202 #SWAP:Swap: 8.0G 7.8M 8.0G#RAM:Mem: 3.9G 666M 1.3G 34M 1.9G 2.8G#Disk:Filesystem Size Used Avail Use% Mounted on /dev/mapper/sopvpyves--vg-root 39G 11G 27G 29% /#Load:loadaverage:0.00,#Network:Iface MTU Met RX-OK RX-ERR RX-DRP RX-OVR TX-OK TX-ERR TX-DRP TX-OVR Flg ens160 1500 0 363619495 0 3 0 359868099 0 0 0 BMRU #iostat:avg-cpu: %user %nice %system %iowait %steal %idle 1.48 0.00 2.98 0.02 0.00 95.52#iooperation:Device: tps kB_read/s kB_wrtn/s kB_read kB_wrtn sda 0.46 2.16 9.07 2893177 12174258 dm-0 0.92 2.11 9.03 2837610 12112476 dm-1 0.00 0.00 0.01 5918 7548#mpstat:02:44:29 PM CPU %usr %nice %sys %iowait %irq %soft %steal %guest %gnice %idle 02:44:29 PM all 1.48 0.00 2.81 0.02 0.00 0.17 0.00 0.00 0.00 95.52 02:44:29 PM 0 1.45 0.00 3.21 0.01 0.00 0.00 0.00 0.00 0.00 95.32 02:44:29 PM 1 1.50 0.01 2.42 0.02 0.00 0.34 0.00 0.00 0.00 95.71#vmstat:procs -----------memory---------- ---swap-- -----io---- -system-- ------cpu----- r b swpd free buff cache si so bi bo in cs us sy id wa st 0 0 7948 1326760 328228 1701572 0 0 1 5 7 8 1 3 96 0 0
#date:Mon Jul 15 14:45:29 CEST 2019#hostname:10.214.222.202 #SWAP:Swap: 8.0G 7.8M 8.0G#RAM:Mem: 3.9G 670M 1.3G 34M 1.9G 2.8G#Disk:Filesystem Size Used Avail Use% Mounted on /dev/mapper/sopvpyves--vg-root 39G 11G 27G 29% /#Load:loadaverage:0.00,#Network:Iface MTU Met RX-OK RX-ERR RX-DRP RX-OVR TX-OK TX-ERR TX-DRP TX-OVR Flg ens160 1500 0 363620266 0 3 0 359868171 0 0 0 BMRU #iostat:avg-cpu: %user %nice %system %iowait %steal %idle 1.48 0.00 2.98 0.02 0.00 95.52#iooperation:Device: tps kB_read/s kB_wrtn/s kB_read kB_wrtn sda 0.46 2.16 9.07 2893177 12174470 dm-0 0.92 2.11 9.03 2837610 12112688 dm-1 0.00 0.00 0.01 5918 7548#mpstat:02:45:29 PM CPU %usr %nice %sys %iowait %irq %soft %steal %guest %gnice %idle 02:45:29 PM all 1.48 0.00 2.81 0.02 0.00 0.17 0.00 0.00 0.00 95.52 02:45:29 PM 0 1.45 0.00 3.21 0.01 0.00 0.00 0.00 0.00 0.00 95.32 02:45:29 PM 1 1.50 0.01 2.42 0.02 0.00 0.34 0.00 0.00 0.00 95.71#vmstat:procs -----------memory---------- ---swap-- -----io---- -system-- ------cpu----- r b swpd free buff cache si so bi bo in cs us sy id wa st 0 0 7948 1321832 328228 1701700 0 0 1 5 7 8 1 3 96 0 0
#date:Mon Jul 15 14:46:29 CEST 2019#hostname:10.214.222.202 #SWAP:Swap: 8.0G 7.8M 8.0G#RAM:Mem: 3.9G 670M 1.3G 34M 1.9G 2.8G#Disk:Filesystem Size Used Avail Use% Mounted on /dev/mapper/sopvpyves--vg-root 39G 11G 27G 29% /#Load:loadaverage:0.00,#Network:Iface MTU Met RX-OK RX-ERR RX-DRP RX-OVR TX-OK TX-ERR TX-DRP TX-OVR Flg ens160 1500 0 363620958 0 3 0 359868173 0 0 0 BMRU #iostat:avg-cpu: %user %nice %system %iowait %steal %idle 1.48 0.00 2.98 0.02 0.00 95.52#iooperation:Device: tps kB_read/s kB_wrtn/s kB_read kB_wrtn sda 0.46 2.16 9.07 2893177 12174670 dm-0 0.92 2.11 9.03 2837610 12112888 dm-1 0.00 0.00 0.01 5918 7548#mpstat:02:46:30 PM CPU %usr %nice %sys %iowait %irq %soft %steal %guest %gnice %idle 02:46:30 PM all 1.48 0.00 2.81 0.02 0.00 0.17 0.00 0.00 0.00 95.52 02:46:30 PM 0 1.45 0.00 3.21 0.01 0.00 0.00 0.00 0.00 0.00 95.32 02:46:30 PM 1 1.50 0.01 2.42 0.02 0.00 0.34 0.00 0.00 0.00 95.71#vmstat:procs -----------memory---------- ---swap-- -----io---- -system-- ------cpu----- r b swpd free buff cache si so bi bo in cs us sy id wa st 0 0 7948 1321740 328228 1701720 0 0 1 5 7 8 1 3 96 0 0
#date:Mon Jul 15 14:47:30 CEST 2019#hostname:10.214.222.202 #SWAP:Swap: 8.0G 7.8M 8.0G#RAM:Mem: 3.9G 669M 1.2G 34M 2.0G 2.8G#Disk:Filesystem Size Used Avail Use% Mounted on /dev/mapper/sopvpyves--vg-root 39G 11G 27G 29% /#Load:loadaverage:0.00,#Network:Iface MTU Met RX-OK RX-ERR RX-DRP RX-OVR TX-OK TX-ERR TX-DRP TX-OVR Flg ens160 1500 0 363627283 0 3 0 359872222 0 0 0 BMRU #iostat:avg-cpu: %user %nice %system %iowait %steal %idle 1.48 0.00 2.98 0.02 0.00 95.52#iooperation:Device: tps kB_read/s kB_wrtn/s kB_read kB_wrtn sda 0.46 2.22 9.07 2972697 12174894 dm-0 0.92 2.17 9.03 2917130 12113112 dm-1 0.00 0.00 0.01 5918 7548#mpstat:02:47:30 PM CPU %usr %nice %sys %iowait %irq %soft %steal %guest %gnice %idle 02:47:30 PM all 1.48 0.00 2.81 0.02 0.00 0.17 0.00 0.00 0.00 95.52 02:47:30 PM 0 1.45 0.00 3.21 0.01 0.00 0.00 0.00 0.00 0.00 95.32 02:47:30 PM 1 1.50 0.01 2.42 0.02 0.00 0.34 0.00 0.00 0.00 95.71#vmstat:procs -----------memory---------- ---swap-- -----io---- -system-- ------cpu----- r b swpd free buff cache si so bi bo in cs us sy id wa st 0 0 7948 1242384 328232 1781752 0 0 1 5 7 8 1 3 96 0 0
#date:Mon Jul 15 14:48:30 CEST 2019#hostname:10.214.222.202 #SWAP:Swap: 8.0G 7.8M 8.0G#RAM:Mem: 3.9G 669M 1.2G 34M 2.0G 2.8G#Disk:Filesystem Size Used Avail Use% Mounted on /dev/mapper/sopvpyves--vg-root 39G 11G 27G 29% /#Load:loadaverage:0.00,#Network:Iface MTU Met RX-OK RX-ERR RX-DRP RX-OVR TX-OK TX-ERR TX-DRP TX-OVR Flg ens160 1500 0 363627887 0 3 0 359872222 0 0 0 BMRU #iostat:avg-cpu: %user %nice %system %iowait %steal %idle 1.48 0.00 2.98 0.02 0.00 95.52#iooperation:Device: tps kB_read/s kB_wrtn/s kB_read kB_wrtn sda 0.46 2.22 9.07 2972697 12175078 dm-0 0.92 2.17 9.03 2917130 12113296 dm-1 0.00 0.00 0.01 5918 7548#mpstat:02:48:30 PM CPU %usr %nice %sys %iowait %irq %soft %steal %guest %gnice %idle 02:48:30 PM all 1.48 0.00 2.81 0.02 0.00 0.17 0.00 0.00 0.00 95.52 02:48:30 PM 0 1.45 0.00 3.21 0.01 0.00 0.00 0.00 0.00 0.00 95.32 02:48:30 PM 1 1.50 0.01 2.42 0.02 0.00 0.34 0.00 0.00 0.00 95.71#vmstat:procs -----------memory---------- ---swap-- -----io---- -system-- ------cpu----- r b swpd free buff cache si so bi bo in cs us sy id wa st 0 0 7948 1242584 328240 1781636 0 0 1 5 7 8 1 3 96 0 0
#date:Mon Jul 15 14:49:30 CEST 2019#hostname:10.214.222.202 #SWAP:Swap: 8.0G 7.8M 8.0G#RAM:Mem: 3.9G 670M 1.2G 34M 2.0G 2.8G#Disk:Filesystem Size Used Avail Use% Mounted on /dev/mapper/sopvpyves--vg-root 39G 11G 27G 29% /#Load:loadaverage:0.00,#Network:Iface MTU Met RX-OK RX-ERR RX-DRP RX-OVR TX-OK TX-ERR TX-DRP TX-OVR Flg ens160 1500 0 363628514 0 3 0 359872225 0 0 0 BMRU #iostat:avg-cpu: %user %nice %system %iowait %steal %idle 1.48 0.00 2.98 0.02 0.00 95.52#iooperation:Device: tps kB_read/s kB_wrtn/s kB_read kB_wrtn sda 0.46 2.21 9.07 2972697 12175282 dm-0 0.92 2.17 9.03 2917130 12113500 dm-1 0.00 0.00 0.01 5918 7548#mpstat:02:49:30 PM CPU %usr %nice %sys %iowait %irq %soft %steal %guest %gnice %idle 02:49:30 PM all 1.48 0.00 2.81 0.02 0.00 0.17 0.00 0.00 0.00 95.52 02:49:30 PM 0 1.45 0.00 3.20 0.01 0.00 0.00 0.00 0.00 0.00 95.32 02:49:30 PM 1 1.50 0.01 2.42 0.02 0.00 0.34 0.00 0.00 0.00 95.71#vmstat:procs -----------memory---------- ---swap-- -----io---- -system-- ------cpu----- r b swpd free buff cache si so bi bo in cs us sy id wa st 0 0 7948 1242504 328240 1781516 0 0 1 5 7 8 1 3 96 0 0
#date:Mon Jul 15 14:50:30 CEST 2019#hostname:10.214.222.202 #SWAP:Swap: 8.0G 7.8M 8.0G#RAM:Mem: 3.9G 670M 1.2G 34M 2.0G 2.8G#Disk:Filesystem Size Used Avail Use% Mounted on /dev/mapper/sopvpyves--vg-root 39G 11G 27G 29% /#Load:loadaverage:0.00,#Network:Iface MTU Met RX-OK RX-ERR RX-DRP RX-OVR TX-OK TX-ERR TX-DRP TX-OVR Flg ens160 1500 0 363629159 0 3 0 359872225 0 0 0 BMRU #iostat:avg-cpu: %user %nice %system %iowait %steal %idle 1.48 0.00 2.98 0.02 0.00 95.52#iooperation:Device: tps kB_read/s kB_wrtn/s kB_read kB_wrtn sda 0.46 2.21 9.07 2972697 12175378 dm-0 0.92 2.17 9.03 2917130 12113596 dm-1 0.00 0.00 0.01 5918 7548#mpstat:02:50:30 PM CPU %usr %nice %sys %iowait %irq %soft %steal %guest %gnice %idle 02:50:30 PM all 1.48 0.00 2.81 0.02 0.00 0.17 0.00 0.00 0.00 95.52 02:50:30 PM 0 1.45 0.00 3.20 0.01 0.00 0.00 0.00 0.00 0.00 95.32 02:50:30 PM 1 1.50 0.01 2.42 0.02 0.00 0.34 0.00 0.00 0.00 95.71#vmstat:procs -----------memory---------- ---swap-- -----io---- -system-- ------cpu----- r b swpd free buff cache si so bi bo in cs us sy id wa st 0 0 7948 1242244 328240 1781516 0 0 1 5 7 8 1 3 96 0 0
#date:Mon Jul 15 14:51:30 CEST 2019#hostname:10.214.222.202 #SWAP:Swap: 8.0G 7.8M 8.0G#RAM:Mem: 3.9G 670M 1.2G 34M 2.0G 2.8G#Disk:Filesystem Size Used Avail Use% Mounted on /dev/mapper/sopvpyves--vg-root 39G 11G 27G 29% /#Load:loadaverage:0.03,#Network:Iface MTU Met RX-OK RX-ERR RX-DRP RX-OVR TX-OK TX-ERR TX-DRP TX-OVR Flg ens160 1500 0 363629861 0 3 0 359872229 0 0 0 BMRU #iostat:avg-cpu: %user %nice %system %iowait %steal %idle 1.48 0.00 2.98 0.02 0.00 95.52#iooperation:Device: tps kB_read/s kB_wrtn/s kB_read kB_wrtn sda 0.46 2.21 9.07 2972697 12175466 dm-0 0.92 2.17 9.02 2917130 12113684 dm-1 0.00 0.00 0.01 5918 7548#mpstat:02:51:31 PM CPU %usr %nice %sys %iowait %irq %soft %steal %guest %gnice %idle 02:51:31 PM all 1.48 0.00 2.81 0.02 0.00 0.17 0.00 0.00 0.00 95.52 02:51:31 PM 0 1.45 0.00 3.20 0.01 0.00 0.00 0.00 0.00 0.00 95.33 02:51:31 PM 1 1.50 0.01 2.42 0.02 0.00 0.34 0.00 0.00 0.00 95.71#vmstat:procs -----------memory---------- ---swap-- -----io---- -system-- ------cpu----- r b swpd free buff cache si so bi bo in cs us sy id wa st 0 0 7948 1242088 328240 1781540 0 0 1 5 7 8 1 3 96 0 0
#date:Mon Jul 15 14:52:31 CEST 2019#hostname:10.214.222.202 #SWAP:Swap: 8.0G 7.8M 8.0G#RAM:Mem: 3.9G 670M 1.2G 34M 2.0G 2.8G#Disk:Filesystem Size Used Avail Use% Mounted on /dev/mapper/sopvpyves--vg-root 39G 11G 27G 29% /#Load:loadaverage:0.01,#Network:Iface MTU Met RX-OK RX-ERR RX-DRP RX-OVR TX-OK TX-ERR TX-DRP TX-OVR Flg ens160 1500 0 363630414 0 3 0 359872229 0 0 0 BMRU #iostat:avg-cpu: %user %nice %system %iowait %steal %idle 1.48 0.00 2.98 0.02 0.00 95.52#iooperation:Device: tps kB_read/s kB_wrtn/s kB_read kB_wrtn sda 0.46 2.21 9.07 2972697 12175562 dm-0 0.92 2.17 9.02 2917130 12113780 dm-1 0.00 0.00 0.01 5918 7548#mpstat:02:52:31 PM CPU %usr %nice %sys %iowait %irq %soft %steal %guest %gnice %idle 02:52:31 PM all 1.48 0.00 2.81 0.02 0.00 0.17 0.00 0.00 0.00 95.52 02:52:31 PM 0 1.45 0.00 3.20 0.01 0.00 0.00 0.00 0.00 0.00 95.33 02:52:31 PM 1 1.50 0.01 2.42 0.02 0.00 0.34 0.00 0.00 0.00 95.71#vmstat:procs -----------memory---------- ---swap-- -----io---- -system-- ------cpu----- r b swpd free buff cache si so bi bo in cs us sy id wa st 0 0 7948 1241852 328240 1781572 0 0 1 5 7 8 1 3 96 0 0
#date:Mon Jul 15 14:53:31 CEST 2019#hostname:10.214.222.202 #SWAP:Swap: 8.0G 7.8M 8.0G#RAM:Mem: 3.9G 670M 1.2G 34M 2.0G 2.8G#Disk:Filesystem Size Used Avail Use% Mounted on /dev/mapper/sopvpyves--vg-root 39G 11G 27G 29% /#Load:loadaverage:0.06,#Network:Iface MTU Met RX-OK RX-ERR RX-DRP RX-OVR TX-OK TX-ERR TX-DRP TX-OVR Flg ens160 1500 0 363631037 0 3 0 359872231 0 0 0 BMRU #iostat:avg-cpu: %user %nice %system %iowait %steal %idle 1.48 0.00 2.98 0.02 0.00 95.52#iooperation:Device: tps kB_read/s kB_wrtn/s kB_read kB_wrtn sda 0.46 2.21 9.07 2972697 12175642 dm-0 0.92 2.17 9.02 2917130 12113860 dm-1 0.00 0.00 0.01 5918 7548#mpstat:02:53:31 PM CPU %usr %nice %sys %iowait %irq %soft %steal %guest %gnice %idle 02:53:31 PM all 1.48 0.00 2.81 0.02 0.00 0.17 0.00 0.00 0.00 95.52 02:53:31 PM 0 1.45 0.00 3.20 0.01 0.00 0.00 0.00 0.00 0.00 95.33 02:53:31 PM 1 1.50 0.01 2.42 0.02 0.00 0.34 0.00 0.00 0.00 95.71#vmstat:procs -----------memory---------- ---swap-- -----io---- -system-- ------cpu----- r b swpd free buff cache si so bi bo in cs us sy id wa st 0 0 7948 1241888 328240 1781504 0 0 1 5 7 8 1 3 96 0 0
#date:Mon Jul 15 14:54:31 CEST 2019#hostname:10.214.222.202 #SWAP:Swap: 8.0G 7.8M 8.0G#RAM:Mem: 3.9G 670M 1.2G 34M 2.0G 2.8G#Disk:Filesystem Size Used Avail Use% Mounted on /dev/mapper/sopvpyves--vg-root 39G 11G 27G 29% /#Load:loadaverage:0.02,#Network:Iface MTU Met RX-OK RX-ERR RX-DRP RX-OVR TX-OK TX-ERR TX-DRP TX-OVR Flg ens160 1500 0 363631640 0 3 0 359872231 0 0 0 BMRU #iostat:avg-cpu: %user %nice %system %iowait %steal %idle 1.48 0.00 2.98 0.02 0.00 95.52#iooperation:Device: tps kB_read/s kB_wrtn/s kB_read kB_wrtn sda 0.46 2.21 9.07 2972697 12175810 dm-0 0.92 2.17 9.02 2917130 12114028 dm-1 0.00 0.00 0.01 5918 7548#mpstat:02:54:31 PM CPU %usr %nice %sys %iowait %irq %soft %steal %guest %gnice %idle 02:54:31 PM all 1.48 0.00 2.81 0.02 0.00 0.17 0.00 0.00 0.00 95.52 02:54:31 PM 0 1.45 0.00 3.20 0.01 0.00 0.00 0.00 0.00 0.00 95.33 02:54:31 PM 1 1.50 0.01 2.42 0.02 0.00 0.34 0.00 0.00 0.00 95.71#vmstat:procs -----------memory---------- ---swap-- -----io---- -system-- ------cpu----- r b swpd free buff cache si so bi bo in cs us sy id wa st 0 0 7948 1241920 328240 1781540 0 0 1 5 7 8 1 3 96 0 0
#date:Mon Jul 15 14:55:31 CEST 2019#hostname:10.214.222.202 #SWAP:Swap: 8.0G 7.8M 8.0G#RAM:Mem: 3.9G 670M 1.2G 34M 2.0G 2.8G#Disk:Filesystem Size Used Avail Use% Mounted on /dev/mapper/sopvpyves--vg-root 39G 11G 27G 29% /#Load:loadaverage:0.04,#Network:Iface MTU Met RX-OK RX-ERR RX-DRP RX-OVR TX-OK TX-ERR TX-DRP TX-OVR Flg ens160 1500 0 363632305 0 3 0 359872232 0 0 0 BMRU #iostat:avg-cpu: %user %nice %system %iowait %steal %idle 1.48 0.00 2.98 0.02 0.00 95.52#iooperation:Device: tps kB_read/s kB_wrtn/s kB_read kB_wrtn sda 0.46 2.21 9.07 2972697 12175978 dm-0 0.92 2.17 9.02 2917130 12114196 dm-1 0.00 0.00 0.01 5918 7548#mpstat:02:55:31 PM CPU %usr %nice %sys %iowait %irq %soft %steal %guest %gnice %idle 02:55:31 PM all 1.48 0.00 2.81 0.02 0.00 0.17 0.00 0.00 0.00 95.52 02:55:31 PM 0 1.45 0.00 3.20 0.01 0.00 0.00 0.00 0.00 0.00 95.33 02:55:31 PM 1 1.50 0.01 2.42 0.02 0.00 0.34 0.00 0.00 0.00 95.71#vmstat:procs -----------memory---------- ---swap-- -----io---- -system-- ------cpu----- r b swpd free buff cache si so bi bo in cs us sy id wa st 0 0 7948 1242588 328240 1781572 0 0 1 5 7 8 1 3 96 0 0
#date:Mon Jul 15 14:56:31 CEST 2019#hostname:10.214.222.202 #SWAP:Swap: 8.0G 7.8M 8.0G#RAM:Mem: 3.9G 670M 1.2G 34M 2.0G 2.8G#Disk:Filesystem Size Used Avail Use% Mounted on /dev/mapper/sopvpyves--vg-root 39G 11G 27G 29% /#Load:loadaverage:0.01,#Network:Iface MTU Met RX-OK RX-ERR RX-DRP RX-OVR TX-OK TX-ERR TX-DRP TX-OVR Flg ens160 1500 0 363632985 0 3 0 359872234 0 0 0 BMRU #iostat:avg-cpu: %user %nice %system %iowait %steal %idle 1.48 0.00 2.98 0.02 0.00 95.52#iooperation:Device: tps kB_read/s kB_wrtn/s kB_read kB_wrtn sda 0.46 2.21 9.07 2972697 12176154 dm-0 0.92 2.17 9.02 2917130 12114372 dm-1 0.00 0.00 0.01 5918 7548#mpstat:02:56:32 PM CPU %usr %nice %sys %iowait %irq %soft %steal %guest %gnice %idle 02:56:32 PM all 1.48 0.00 2.81 0.02 0.00 0.17 0.00 0.00 0.00 95.52 02:56:32 PM 0 1.45 0.00 3.20 0.01 0.00 0.00 0.00 0.00 0.00 95.33 02:56:32 PM 1 1.50 0.01 2.42 0.02 0.00 0.34 0.00 0.00 0.00 95.71#vmstat:procs -----------memory---------- ---swap-- -----io---- -system-- ------cpu----- r b swpd free buff cache si so bi bo in cs us sy id wa st 0 0 7948 1243352 328240 1781532 0 0 1 5 7 8 1 3 96 0 0
#date:Mon Jul 15 14:57:32 CEST 2019#hostname:10.214.222.202 #SWAP:Swap: 8.0G 7.8M 8.0G#RAM:Mem: 3.9G 670M 1.2G 34M 2.0G 2.8G#Disk:Filesystem Size Used Avail Use% Mounted on /dev/mapper/sopvpyves--vg-root 39G 11G 27G 29% /#Load:loadaverage:0.00,#Network:Iface MTU Met RX-OK RX-ERR RX-DRP RX-OVR TX-OK TX-ERR TX-DRP TX-OVR Flg ens160 1500 0 363633559 0 3 0 359872234 0 0 0 BMRU #iostat:avg-cpu: %user %nice %system %iowait %steal %idle 1.48 0.00 2.98 0.02 0.00 95.52#iooperation:Device: tps kB_read/s kB_wrtn/s kB_read kB_wrtn sda 0.46 2.21 9.07 2972697 12176250 dm-0 0.92 2.17 9.02 2917130 12114468 dm-1 0.00 0.00 0.01 5918 7548#mpstat:02:57:32 PM CPU %usr %nice %sys %iowait %irq %soft %steal %guest %gnice %idle 02:57:32 PM all 1.48 0.00 2.81 0.02 0.00 0.17 0.00 0.00 0.00 95.52 02:57:32 PM 0 1.45 0.00 3.20 0.01 0.00 0.00 0.00 0.00 0.00 95.33 02:57:32 PM 1 1.50 0.01 2.42 0.02 0.00 0.34 0.00 0.00 0.00 95.71#vmstat:procs -----------memory---------- ---swap-- -----io---- -system-- ------cpu----- r b swpd free buff cache si so bi bo in cs us sy id wa st 0 0 7948 1242240 328240 1781556 0 0 1 5 7 8 1 3 96 0 0
#date:Mon Jul 15 14:58:32 CEST 2019#hostname:10.214.222.202 #SWAP:Swap: 8.0G 7.8M 8.0G#RAM:Mem: 3.9G 670M 1.2G 34M 2.0G 2.8G#Disk:Filesystem Size Used Avail Use% Mounted on /dev/mapper/sopvpyves--vg-root 39G 11G 27G 29% /#Load:loadaverage:0.00,#Network:Iface MTU Met RX-OK RX-ERR RX-DRP RX-OVR TX-OK TX-ERR TX-DRP TX-OVR Flg ens160 1500 0 363634182 0 3 0 359872234 0 0 0 BMRU #iostat:avg-cpu: %user %nice %system %iowait %steal %idle 1.48 0.00 2.98 0.02 0.00 95.52#iooperation:Device: tps kB_read/s kB_wrtn/s kB_read kB_wrtn sda 0.46 2.21 9.07 2972697 12176398 dm-0 0.92 2.17 9.02 2917130 12114616 dm-1 0.00 0.00 0.01 5918 7548#mpstat:02:58:32 PM CPU %usr %nice %sys %iowait %irq %soft %steal %guest %gnice %idle 02:58:32 PM all 1.48 0.00 2.81 0.02 0.00 0.17 0.00 0.00 0.00 95.52 02:58:32 PM 0 1.45 0.00 3.20 0.01 0.00 0.00 0.00 0.00 0.00 95.33 02:58:32 PM 1 1.50 0.01 2.42 0.02 0.00 0.34 0.00 0.00 0.00 95.71#vmstat:procs -----------memory---------- ---swap-- -----io---- -system-- ------cpu----- r b swpd free buff cache si so bi bo in cs us sy id wa st 0 0 7948 1241852 328244 1781548 0 0 1 5 7 8 1 3 96 0 0
#date:Mon Jul 15 14:59:32 CEST 2019#hostname:10.214.222.202 #SWAP:Swap: 8.0G 7.8M 8.0G#RAM:Mem: 3.9G 670M 1.2G 34M 2.0G 2.8G#Disk:Filesystem Size Used Avail Use% Mounted on /dev/mapper/sopvpyves--vg-root 39G 11G 27G 29% /#Load:loadaverage:0.00,#Network:Iface MTU Met RX-OK RX-ERR RX-DRP RX-OVR TX-OK TX-ERR TX-DRP TX-OVR Flg ens160 1500 0 363634805 0 3 0 359872236 0 0 0 BMRU #iostat:avg-cpu: %user %nice %system %iowait %steal %idle 1.48 0.00 2.98 0.02 0.00 95.52#iooperation:Device: tps kB_read/s kB_wrtn/s kB_read kB_wrtn sda 0.46 2.21 9.07 2972697 12176602 dm-0 0.92 2.17 9.02 2917130 12114820 dm-1 0.00 0.00 0.01 5918 7548#mpstat:02:59:32 PM CPU %usr %nice %sys %iowait %irq %soft %steal %guest %gnice %idle 02:59:32 PM all 1.48 0.00 2.81 0.02 0.00 0.17 0.00 0.00 0.00 95.52 02:59:32 PM 0 1.45 0.00 3.20 0.01 0.00 0.00 0.00 0.00 0.00 95.33 02:59:32 PM 1 1.50 0.01 2.42 0.02 0.00 0.34 0.00 0.00 0.00 95.71#vmstat:procs -----------memory---------- ---swap-- -----io---- -system-- ------cpu----- r b swpd free buff cache si so bi bo in cs us sy id wa st 0 0 7948 1242740 328244 1781544 0 0 1 5 7 8 1 3 96 0 0
#date:Mon Jul 15 15:00:32 CEST 2019#hostname:10.214.222.202 #SWAP:Swap: 8.0G 7.8M 8.0G#RAM:Mem: 3.9G 666M 1.2G 34M 2.0G 2.8G#Disk:Filesystem Size Used Avail Use% Mounted on /dev/mapper/sopvpyves--vg-root 39G 11G 27G 29% /#Load:loadaverage:0.00,#Network:Iface MTU Met RX-OK RX-ERR RX-DRP RX-OVR TX-OK TX-ERR TX-DRP TX-OVR Flg ens160 1500 0 363635449 0 3 0 359872257 0 0 0 BMRU #iostat:avg-cpu: %user %nice %system %iowait %steal %idle 1.48 0.00 2.98 0.02 0.00 95.52#iooperation:Device: tps kB_read/s kB_wrtn/s kB_read kB_wrtn sda 0.46 2.21 9.07 2972777 12178910 dm-0 0.92 2.17 9.02 2917150 12117128 dm-1 0.00 0.00 0.01 5938 7548#mpstat:03:00:32 PM CPU %usr %nice %sys %iowait %irq %soft %steal %guest %gnice %idle 03:00:32 PM all 1.48 0.00 2.81 0.02 0.00 0.17 0.00 0.00 0.00 95.52 03:00:32 PM 0 1.45 0.00 3.20 0.01 0.00 0.00 0.00 0.00 0.00 95.33 03:00:32 PM 1 1.50 0.01 2.42 0.02 0.00 0.34 0.00 0.00 0.00 95.71#vmstat:procs -----------memory---------- ---swap-- -----io---- -system-- ------cpu----- r b swpd free buff cache si so bi bo in cs us sy id wa st 0 0 7948 1246116 328244 1781760 0 0 1 5 7 8 1 3 96 0 0
#date:Mon Jul 15 15:01:32 CEST 2019#hostname:10.214.222.202 #SWAP:Swap: 8.0G 7.8M 8.0G#RAM:Mem: 3.9G 666M 1.2G 34M 2.0G 2.8G#Disk:Filesystem Size Used Avail Use% Mounted on /dev/mapper/sopvpyves--vg-root 39G 11G 27G 29% /#Load:loadaverage:0.00,#Network:Iface MTU Met RX-OK RX-ERR RX-DRP RX-OVR TX-OK TX-ERR TX-DRP TX-OVR Flg ens160 1500 0 363636133 0 3 0 359872261 0 0 0 BMRU #iostat:avg-cpu: %user %nice %system %iowait %steal %idle 1.48 0.00 2.98 0.02 0.00 95.52#iooperation:Device: tps kB_read/s kB_wrtn/s kB_read kB_wrtn sda 0.46 2.21 9.07 2972777 12181146 dm-0 0.92 2.17 9.03 2917150 12119364 dm-1 0.00 0.00 0.01 5938 7548#mpstat:03:01:33 PM CPU %usr %nice %sys %iowait %irq %soft %steal %guest %gnice %idle 03:01:33 PM all 1.48 0.00 2.81 0.02 0.00 0.17 0.00 0.00 0.00 95.52 03:01:33 PM 0 1.45 0.00 3.20 0.01 0.00 0.00 0.00 0.00 0.00 95.33 03:01:33 PM 1 1.50 0.01 2.42 0.02 0.00 0.34 0.00 0.00 0.00 95.71#vmstat:procs -----------memory---------- ---swap-- -----io---- -system-- ------cpu----- r b swpd free buff cache si so bi bo in cs us sy id wa st 0 0 7948 1246504 328244 1781788 0 0 1 5 7 8 1 3 96 0 0
#date:Mon Jul 15 15:02:33 CEST 2019#hostname:10.214.222.202 #SWAP:Swap: 8.0G 7.8M 8.0G#RAM:Mem: 3.9G 666M 1.2G 34M 2.0G 2.8G#Disk:Filesystem Size Used Avail Use% Mounted on /dev/mapper/sopvpyves--vg-root 39G 11G 27G 29% /#Load:loadaverage:0.00,#Network:Iface MTU Met RX-OK RX-ERR RX-DRP RX-OVR TX-OK TX-ERR TX-DRP TX-OVR Flg ens160 1500 0 363636706 0 3 0 359872261 0 0 0 BMRU #iostat:avg-cpu: %user %nice %system %iowait %steal %idle 1.48 0.00 2.98 0.02 0.00 95.52#iooperation:Device: tps kB_read/s kB_wrtn/s kB_read kB_wrtn sda 0.46 2.21 9.07 2972777 12181286 dm-0 0.92 2.17 9.02 2917150 12119504 dm-1 0.00 0.00 0.01 5938 7548#mpstat:03:02:33 PM CPU %usr %nice %sys %iowait %irq %soft %steal %guest %gnice %idle 03:02:33 PM all 1.48 0.00 2.81 0.02 0.00 0.17 0.00 0.00 0.00 95.52 03:02:33 PM 0 1.45 0.00 3.20 0.01 0.00 0.00 0.00 0.00 0.00 95.33 03:02:33 PM 1 1.50 0.01 2.42 0.02 0.00 0.34 0.00 0.00 0.00 95.71#vmstat:procs -----------memory---------- ---swap-- -----io---- -system-- ------cpu----- r b swpd free buff cache si so bi bo in cs us sy id wa st 0 0 7948 1246116 328244 1781676 0 0 1 5 7 8 1 3 96 0 0
#date:Mon Jul 15 15:03:33 CEST 2019#hostname:10.214.222.202 #SWAP:Swap: 8.0G 7.8M 8.0G#RAM:Mem: 3.9G 666M 1.2G 34M 2.0G 2.8G#Disk:Filesystem Size Used Avail Use% Mounted on /dev/mapper/sopvpyves--vg-root 39G 11G 27G 29% /#Load:loadaverage:0.00,#Network:Iface MTU Met RX-OK RX-ERR RX-DRP RX-OVR TX-OK TX-ERR TX-DRP TX-OVR Flg ens160 1500 0 363637300 0 3 0 359872261 0 0 0 BMRU #iostat:avg-cpu: %user %nice %system %iowait %steal %idle 1.48 0.00 2.98 0.02 0.00 95.52#iooperation:Device: tps kB_read/s kB_wrtn/s kB_read kB_wrtn sda 0.46 2.21 9.07 2972777 12181426 dm-0 0.92 2.17 9.02 2917150 12119644 dm-1 0.00 0.00 0.01 5938 7548#mpstat:03:03:33 PM CPU %usr %nice %sys %iowait %irq %soft %steal %guest %gnice %idle 03:03:33 PM all 1.48 0.00 2.81 0.02 0.00 0.17 0.00 0.00 0.00 95.52 03:03:33 PM 0 1.45 0.00 3.20 0.01 0.00 0.00 0.00 0.00 0.00 95.33 03:03:33 PM 1 1.50 0.01 2.42 0.02 0.00 0.34 0.00 0.00 0.00 95.71#vmstat:procs -----------memory---------- ---swap-- -----io---- -system-- ------cpu----- r b swpd free buff cache si so bi bo in cs us sy id wa st 0 0 7948 1246460 328244 1781724 0 0 1 5 7 8 1 3 96 0 0
#date:Mon Jul 15 15:04:33 CEST 2019#hostname:10.214.222.202 #SWAP:Swap: 8.0G 7.8M 8.0G#RAM:Mem: 3.9G 666M 1.2G 34M 2.0G 2.8G#Disk:Filesystem Size Used Avail Use% Mounted on /dev/mapper/sopvpyves--vg-root 39G 11G 27G 29% /#Load:loadaverage:0.00,#Network:Iface MTU Met RX-OK RX-ERR RX-DRP RX-OVR TX-OK TX-ERR TX-DRP TX-OVR Flg ens160 1500 0 363637883 0 3 0 359872263 0 0 0 BMRU #iostat:avg-cpu: %user %nice %system %iowait %steal %idle 1.48 0.00 2.98 0.02 0.00 95.52#iooperation:Device: tps kB_read/s kB_wrtn/s kB_read kB_wrtn sda 0.46 2.21 9.07 2972777 12181634 dm-0 0.92 2.17 9.02 2917150 12119852 dm-1 0.00 0.00 0.01 5938 7548#mpstat:03:04:33 PM CPU %usr %nice %sys %iowait %irq %soft %steal %guest %gnice %idle 03:04:33 PM all 1.48 0.00 2.81 0.02 0.00 0.17 0.00 0.00 0.00 95.52 03:04:33 PM 0 1.45 0.00 3.20 0.01 0.00 0.00 0.00 0.00 0.00 95.33 03:04:33 PM 1 1.50 0.01 2.42 0.02 0.00 0.34 0.00 0.00 0.00 95.71#vmstat:procs -----------memory---------- ---swap-- -----io---- -system-- ------cpu----- r b swpd free buff cache si so bi bo in cs us sy id wa st 0 0 7948 1245748 328244 1781732 0 0 1 5 7 8 1 3 96 0 0
#date:Mon Jul 15 15:05:33 CEST 2019#hostname:10.214.222.202 #SWAP:Swap: 8.0G 7.8M 8.0G#RAM:Mem: 3.9G 666M 1.2G 34M 2.0G 2.8G#Disk:Filesystem Size Used Avail Use% Mounted on /dev/mapper/sopvpyves--vg-root 39G 11G 27G 29% /#Load:loadaverage:0.00,#Network:Iface MTU Met RX-OK RX-ERR RX-DRP RX-OVR TX-OK TX-ERR TX-DRP TX-OVR Flg ens160 1500 0 363638464 0 3 0 359872263 0 0 0 BMRU #iostat:avg-cpu: %user %nice %system %iowait %steal %idle 1.48 0.00 2.98 0.02 0.00 95.52#iooperation:Device: tps kB_read/s kB_wrtn/s kB_read kB_wrtn sda 0.46 2.21 9.07 2972777 12181882 dm-0 0.92 2.17 9.02 2917150 12120100 dm-1 0.00 0.00 0.01 5938 7548#mpstat:03:05:33 PM CPU %usr %nice %sys %iowait %irq %soft %steal %guest %gnice %idle 03:05:33 PM all 1.48 0.00 2.81 0.02 0.00 0.17 0.00 0.00 0.00 95.52 03:05:33 PM 0 1.45 0.00 3.20 0.01 0.00 0.00 0.00 0.00 0.00 95.33 03:05:33 PM 1 1.50 0.01 2.42 0.02 0.00 0.34 0.00 0.00 0.00 95.71#vmstat:procs -----------memory---------- ---swap-- -----io---- -system-- ------cpu----- r b swpd free buff cache si so bi bo in cs us sy id wa st 0 0 7948 1245900 328244 1781700 0 0 1 5 7 8 1 3 96 0 0
#date:Mon Jul 15 15:06:33 CEST 2019#hostname:10.214.222.202 #SWAP:Swap: 8.0G 7.8M 8.0G#RAM:Mem: 3.9G 666M 1.2G 34M 2.0G 2.8G#Disk:Filesystem Size Used Avail Use% Mounted on /dev/mapper/sopvpyves--vg-root 39G 11G 27G 29% /#Load:loadaverage:0.00,#Network:Iface MTU Met RX-OK RX-ERR RX-DRP RX-OVR TX-OK TX-ERR TX-DRP TX-OVR Flg ens160 1500 0 363639172 0 3 0 359872265 0 0 0 BMRU #iostat:avg-cpu: %user %nice %system %iowait %steal %idle 1.48 0.00 2.98 0.02 0.00 95.52#iooperation:Device: tps kB_read/s kB_wrtn/s kB_read kB_wrtn sda 0.46 2.21 9.07 2972777 12182006 dm-0 0.92 2.17 9.02 2917150 12120224 dm-1 0.00 0.00 0.01 5938 7548#mpstat:03:06:33 PM CPU %usr %nice %sys %iowait %irq %soft %steal %guest %gnice %idle 03:06:33 PM all 1.48 0.00 2.81 0.02 0.00 0.17 0.00 0.00 0.00 95.52 03:06:33 PM 0 1.45 0.00 3.20 0.01 0.00 0.00 0.00 0.00 0.00 95.33 03:06:33 PM 1 1.50 0.01 2.42 0.02 0.00 0.34 0.00 0.00 0.00 95.71#vmstat:procs -----------memory---------- ---swap-- -----io---- -system-- ------cpu----- r b swpd free buff cache si so bi bo in cs us sy id wa st 0 0 7948 1245792 328248 1781740 0 0 1 5 7 8 1 3 96 0 0
#date:Mon Jul 15 15:07:34 CEST 2019#hostname:10.214.222.202 #SWAP:Swap: 8.0G 7.8M 8.0G#RAM:Mem: 3.9G 665M 1.2G 34M 2.0G 2.8G#Disk:Filesystem Size Used Avail Use% Mounted on /dev/mapper/sopvpyves--vg-root 39G 11G 27G 29% /#Load:loadaverage:0.00,#Network:Iface MTU Met RX-OK RX-ERR RX-DRP RX-OVR TX-OK TX-ERR TX-DRP TX-OVR Flg ens160 1500 0 363639928 0 3 0 359872266 0 0 0 BMRU #iostat:avg-cpu: %user %nice %system %iowait %steal %idle 1.48 0.00 2.98 0.02 0.00 95.52#iooperation:Device: tps kB_read/s kB_wrtn/s kB_read kB_wrtn sda 0.46 2.21 9.07 2972777 12182118 dm-0 0.92 2.17 9.02 2917150 12120336 dm-1 0.00 0.00 0.01 5938 7548#mpstat:03:07:34 PM CPU %usr %nice %sys %iowait %irq %soft %steal %guest %gnice %idle 03:07:34 PM all 1.48 0.00 2.81 0.02 0.00 0.17 0.00 0.00 0.00 95.52 03:07:34 PM 0 1.45 0.00 3.20 0.01 0.00 0.00 0.00 0.00 0.00 95.33 03:07:34 PM 1 1.50 0.01 2.42 0.02 0.00 0.34 0.00 0.00 0.00 95.71#vmstat:procs -----------memory---------- ---swap-- -----io---- -system-- ------cpu----- r b swpd free buff cache si so bi bo in cs us sy id wa st 0 0 7948 1247592 328252 1781736 0 0 1 5 7 8 1 3 96 0 0
#date:Mon Jul 15 15:08:34 CEST 2019#hostname:10.214.222.202 #SWAP:Swap: 8.0G 7.8M 8.0G#RAM:Mem: 3.9G 665M 1.2G 34M 2.0G 2.8G#Disk:Filesystem Size Used Avail Use% Mounted on /dev/mapper/sopvpyves--vg-root 39G 11G 27G 29% /#Load:loadaverage:0.00,#Network:Iface MTU Met RX-OK RX-ERR RX-DRP RX-OVR TX-OK TX-ERR TX-DRP TX-OVR Flg ens160 1500 0 363640686 0 3 0 359872268 0 0 0 BMRU #iostat:avg-cpu: %user %nice %system %iowait %steal %idle 1.48 0.00 2.98 0.02 0.00 95.52#iooperation:Device: tps kB_read/s kB_wrtn/s kB_read kB_wrtn sda 0.46 2.21 9.07 2972777 12182230 dm-0 0.92 2.17 9.02 2917150 12120448 dm-1 0.00 0.00 0.01 5938 7548#mpstat:03:08:34 PM CPU %usr %nice %sys %iowait %irq %soft %steal %guest %gnice %idle 03:08:34 PM all 1.48 0.00 2.81 0.02 0.00 0.17 0.00 0.00 0.00 95.52 03:08:34 PM 0 1.45 0.00 3.20 0.01 0.00 0.00 0.00 0.00 0.00 95.33 03:08:34 PM 1 1.50 0.01 2.42 0.02 0.00 0.34 0.00 0.00 0.00 95.72#vmstat:procs -----------memory---------- ---swap-- -----io---- -system-- ------cpu----- r b swpd free buff cache si so bi bo in cs us sy id wa st 0 0 7948 1247308 328252 1781712 0 0 1 5 7 8 1 3 96 0 0
#date:Mon Jul 15 15:09:34 CEST 2019#hostname:10.214.222.202 #SWAP:Swap: 8.0G 7.8M 8.0G#RAM:Mem: 3.9G 665M 1.2G 34M 2.0G 2.8G#Disk:Filesystem Size Used Avail Use% Mounted on /dev/mapper/sopvpyves--vg-root 39G 11G 27G 29% /#Load:loadaverage:0.00,#Network:Iface MTU Met RX-OK RX-ERR RX-DRP RX-OVR TX-OK TX-ERR TX-DRP TX-OVR Flg ens160 1500 0 363641410 0 3 0 359872268 0 0 0 BMRU #iostat:avg-cpu: %user %nice %system %iowait %steal %idle 1.48 0.00 2.98 0.02 0.00 95.52#iooperation:Device: tps kB_read/s kB_wrtn/s kB_read kB_wrtn sda 0.46 2.21 9.07 2972777 12182634 dm-0 0.92 2.17 9.02 2917150 12120852 dm-1 0.00 0.00 0.01 5938 7548#mpstat:03:09:34 PM CPU %usr %nice %sys %iowait %irq %soft %steal %guest %gnice %idle 03:09:34 PM all 1.48 0.00 2.81 0.02 0.00 0.17 0.00 0.00 0.00 95.52 03:09:34 PM 0 1.45 0.00 3.20 0.01 0.00 0.00 0.00 0.00 0.00 95.33 03:09:34 PM 1 1.50 0.01 2.42 0.02 0.00 0.34 0.00 0.00 0.00 95.72#vmstat:procs -----------memory---------- ---swap-- -----io---- -system-- ------cpu----- r b swpd free buff cache si so bi bo in cs us sy id wa st 0 0 7948 1247180 328260 1781796 0 0 1 5 7 8 1 3 96 0 0
#date:Mon Jul 15 15:10:34 CEST 2019#hostname:10.214.222.202 #SWAP:Swap: 8.0G 7.8M 8.0G#RAM:Mem: 3.9G 669M 1.2G 34M 2.0G 2.8G#Disk:Filesystem Size Used Avail Use% Mounted on /dev/mapper/sopvpyves--vg-root 39G 11G 27G 29% /#Load:loadaverage:0.00,#Network:Iface MTU Met RX-OK RX-ERR RX-DRP RX-OVR TX-OK TX-ERR TX-DRP TX-OVR Flg ens160 1500 0 363642277 0 3 0 359872304 0 0 0 BMRU #iostat:avg-cpu: %user %nice %system %iowait %steal %idle 1.48 0.00 2.98 0.02 0.00 95.52#iooperation:Device: tps kB_read/s kB_wrtn/s kB_read kB_wrtn sda 0.46 2.21 9.07 2972777 12182850 dm-0 0.92 2.17 9.02 2917150 12121068 dm-1 0.00 0.00 0.01 5938 7548#mpstat:03:10:34 PM CPU %usr %nice %sys %iowait %irq %soft %steal %guest %gnice %idle 03:10:34 PM all 1.48 0.00 2.81 0.02 0.00 0.17 0.00 0.00 0.00 95.52 03:10:34 PM 0 1.45 0.00 3.20 0.01 0.00 0.00 0.00 0.00 0.00 95.33 03:10:34 PM 1 1.50 0.01 2.42 0.02 0.00 0.34 0.00 0.00 0.00 95.72#vmstat:procs -----------memory---------- ---swap-- -----io---- -system-- ------cpu----- r b swpd free buff cache si so bi bo in cs us sy id wa st 0 0 7948 1242576 328264 1781944 0 0 1 5 7 8 1 3 96 0 0
#date:Mon Jul 15 15:11:34 CEST 2019#hostname:10.214.222.202 #SWAP:Swap: 8.0G 7.8M 8.0G#RAM:Mem: 3.9G 669M 1.2G 34M 2.0G 2.8G#Disk:Filesystem Size Used Avail Use% Mounted on /dev/mapper/sopvpyves--vg-root 39G 11G 27G 29% /#Load:loadaverage:0.00,#Network:Iface MTU Met RX-OK RX-ERR RX-DRP RX-OVR TX-OK TX-ERR TX-DRP TX-OVR Flg ens160 1500 0 363643221 0 3 0 359872307 0 0 0 BMRU #iostat:avg-cpu: %user %nice %system %iowait %steal %idle 1.48 0.00 2.98 0.02 0.00 95.52#iooperation:Device: tps kB_read/s kB_wrtn/s kB_read kB_wrtn sda 0.46 2.21 9.07 2972777 12183002 dm-0 0.92 2.17 9.02 2917150 12121220 dm-1 0.00 0.00 0.01 5938 7548#mpstat:03:11:34 PM CPU %usr %nice %sys %iowait %irq %soft %steal %guest %gnice %idle 03:11:34 PM all 1.48 0.00 2.81 0.02 0.00 0.17 0.00 0.00 0.00 95.52 03:11:34 PM 0 1.45 0.00 3.20 0.01 0.00 0.00 0.00 0.00 0.00 95.33 03:11:34 PM 1 1.50 0.01 2.42 0.02 0.00 0.33 0.00 0.00 0.00 95.72#vmstat:procs -----------memory---------- ---swap-- -----io---- -system-- ------cpu----- r b swpd free buff cache si so bi bo in cs us sy id wa st 1 0 7948 1243464 328264 1781808 0 0 1 5 7 8 1 3 96 0 0
#date:Mon Jul 15 15:12:34 CEST 2019#hostname:10.214.222.202 #SWAP:Swap: 8.0G 7.8M 8.0G#RAM:Mem: 3.9G 669M 1.2G 34M 2.0G 2.8G#Disk:Filesystem Size Used Avail Use% Mounted on /dev/mapper/sopvpyves--vg-root 39G 11G 27G 29% /#Load:loadaverage:0.00,#Network:Iface MTU Met RX-OK RX-ERR RX-DRP RX-OVR TX-OK TX-ERR TX-DRP TX-OVR Flg ens160 1500 0 363643951 0 3 0 359872307 0 0 0 BMRU #iostat:avg-cpu: %user %nice %system %iowait %steal %idle 1.48 0.00 2.98 0.02 0.00 95.52#iooperation:Device: tps kB_read/s kB_wrtn/s kB_read kB_wrtn sda 0.46 2.21 9.07 2972777 12183098 dm-0 0.92 2.17 9.02 2917150 12121316 dm-1 0.00 0.00 0.01 5938 7548#mpstat:03:12:35 PM CPU %usr %nice %sys %iowait %irq %soft %steal %guest %gnice %idle 03:12:35 PM all 1.48 0.00 2.81 0.02 0.00 0.17 0.00 0.00 0.00 95.52 03:12:35 PM 0 1.45 0.00 3.20 0.01 0.00 0.00 0.00 0.00 0.00 95.33 03:12:35 PM 1 1.50 0.01 2.42 0.02 0.00 0.33 0.00 0.00 0.00 95.72#vmstat:procs -----------memory---------- ---swap-- -----io---- -system-- ------cpu----- r b swpd free buff cache si so bi bo in cs us sy id wa st 0 0 7948 1242416 328272 1781852 0 0 1 5 7 8 1 3 96 0 0
#date:Mon Jul 15 15:13:35 CEST 2019#hostname:10.214.222.202 #SWAP:Swap: 8.0G 7.8M 8.0G#RAM:Mem: 3.9G 669M 1.2G 34M 2.0G 2.8G#Disk:Filesystem Size Used Avail Use% Mounted on /dev/mapper/sopvpyves--vg-root 39G 11G 27G 29% /#Load:loadaverage:0.00,#Network:Iface MTU Met RX-OK RX-ERR RX-DRP RX-OVR TX-OK TX-ERR TX-DRP TX-OVR Flg ens160 1500 0 363644657 0 3 0 359872307 0 0 0 BMRU #iostat:avg-cpu: %user %nice %system %iowait %steal %idle 1.48 0.00 2.98 0.02 0.00 95.52#iooperation:Device: tps kB_read/s kB_wrtn/s kB_read kB_wrtn sda 0.46 2.21 9.07 2972777 12183178 dm-0 0.92 2.17 9.02 2917150 12121396 dm-1 0.00 0.00 0.01 5938 7548#mpstat:03:13:35 PM CPU %usr %nice %sys %iowait %irq %soft %steal %guest %gnice %idle 03:13:35 PM all 1.48 0.00 2.81 0.02 0.00 0.17 0.00 0.00 0.00 95.52 03:13:35 PM 0 1.45 0.00 3.20 0.01 0.00 0.00 0.00 0.00 0.00 95.33 03:13:35 PM 1 1.50 0.01 2.42 0.02 0.00 0.33 0.00 0.00 0.00 95.72#vmstat:procs -----------memory---------- ---swap-- -----io---- -system-- ------cpu----- r b swpd free buff cache si so bi bo in cs us sy id wa st 0 0 7948 1242988 328276 1781876 0 0 1 5 7 8 1 3 96 0 0
#date:Mon Jul 15 15:14:35 CEST 2019#hostname:10.214.222.202 #SWAP:Swap: 8.0G 7.8M 8.0G#RAM:Mem: 3.9G 669M 1.2G 34M 2.0G 2.8G#Disk:Filesystem Size Used Avail Use% Mounted on /dev/mapper/sopvpyves--vg-root 39G 11G 27G 29% /#Load:loadaverage:0.00,#Network:Iface MTU Met RX-OK RX-ERR RX-DRP RX-OVR TX-OK TX-ERR TX-DRP TX-OVR Flg ens160 1500 0 363645307 0 3 0 359872307 0 0 0 BMRU #iostat:avg-cpu: %user %nice %system %iowait %steal %idle 1.48 0.00 2.98 0.02 0.00 95.52#iooperation:Device: tps kB_read/s kB_wrtn/s kB_read kB_wrtn sda 0.46 2.21 9.07 2972777 12183382 dm-0 0.92 2.17 9.02 2917150 12121600 dm-1 0.00 0.00 0.01 5938 7548#mpstat:03:14:35 PM CPU %usr %nice %sys %iowait %irq %soft %steal %guest %gnice %idle 03:14:35 PM all 1.48 0.00 2.81 0.02 0.00 0.17 0.00 0.00 0.00 95.52 03:14:35 PM 0 1.45 0.00 3.20 0.01 0.00 0.00 0.00 0.00 0.00 95.33 03:14:35 PM 1 1.50 0.01 2.42 0.02 0.00 0.33 0.00 0.00 0.00 95.72#vmstat:procs -----------memory---------- ---swap-- -----io---- -system-- ------cpu----- r b swpd free buff cache si so bi bo in cs us sy id wa st 0 0 7948 1242960 328276 1781824 0 0 1 5 7 8 1 3 96 0 0
#date:Mon Jul 15 15:15:35 CEST 2019#hostname:10.214.222.202 #SWAP:Swap: 8.0G 7.8M 8.0G#RAM:Mem: 3.9G 669M 1.2G 34M 2.0G 2.8G#Disk:Filesystem Size Used Avail Use% Mounted on /dev/mapper/sopvpyves--vg-root 39G 11G 27G 29% /#Load:loadaverage:0.00,#Network:Iface MTU Met RX-OK RX-ERR RX-DRP RX-OVR TX-OK TX-ERR TX-DRP TX-OVR Flg ens160 1500 0 363646074 0 3 0 359872307 0 0 0 BMRU #iostat:avg-cpu: %user %nice %system %iowait %steal %idle 1.48 0.00 2.98 0.02 0.00 95.52#iooperation:Device: tps kB_read/s kB_wrtn/s kB_read kB_wrtn sda 0.46 2.21 9.07 2972777 12183534 dm-0 0.92 2.17 9.02 2917150 12121752 dm-1 0.00 0.00 0.01 5938 7548#mpstat:03:15:35 PM CPU %usr %nice %sys %iowait %irq %soft %steal %guest %gnice %idle 03:15:35 PM all 1.48 0.00 2.81 0.02 0.00 0.17 0.00 0.00 0.00 95.52 03:15:35 PM 0 1.45 0.00 3.20 0.01 0.00 0.00 0.00 0.00 0.00 95.33 03:15:35 PM 1 1.50 0.01 2.42 0.02 0.00 0.33 0.00 0.00 0.00 95.72#vmstat:procs -----------memory---------- ---swap-- -----io---- -system-- ------cpu----- r b swpd free buff cache si so bi bo in cs us sy id wa st 0 0 7948 1242404 328280 1781784 0 0 1 5 7 8 1 3 96 0 0
#date:Mon Jul 15 15:16:35 CEST 2019#hostname:10.214.222.202 #SWAP:Swap: 8.0G 7.8M 8.0G#RAM:Mem: 3.9G 670M 1.2G 34M 2.0G 2.8G#Disk:Filesystem Size Used Avail Use% Mounted on /dev/mapper/sopvpyves--vg-root 39G 11G 27G 29% /#Load:loadaverage:0.00,#Network:Iface MTU Met RX-OK RX-ERR RX-DRP RX-OVR TX-OK TX-ERR TX-DRP TX-OVR Flg ens160 1500 0 363646818 0 3 0 359872309 0 0 0 BMRU #iostat:avg-cpu: %user %nice %system %iowait %steal %idle 1.48 0.00 2.98 0.02 0.00 95.52#iooperation:Device: tps kB_read/s kB_wrtn/s kB_read kB_wrtn sda 0.46 2.21 9.07 2972777 12183618 dm-0 0.92 2.17 9.02 2917150 12121836 dm-1 0.00 0.00 0.01 5938 7548#mpstat:03:16:35 PM CPU %usr %nice %sys %iowait %irq %soft %steal %guest %gnice %idle 03:16:35 PM all 1.48 0.00 2.81 0.02 0.00 0.17 0.00 0.00 0.00 95.52 03:16:35 PM 0 1.45 0.00 3.20 0.01 0.00 0.00 0.00 0.00 0.00 95.33 03:16:35 PM 1 1.50 0.01 2.42 0.02 0.00 0.33 0.00 0.00 0.00 95.72#vmstat:procs -----------memory---------- ---swap-- -----io---- -system-- ------cpu----- r b swpd free buff cache si so bi bo in cs us sy id wa st 0 0 7948 1242128 328284 1781796 0 0 1 5 7 8 1 3 96 0 0
#date:Mon Jul 15 15:17:35 CEST 2019#hostname:10.214.222.202 #SWAP:Swap: 8.0G 7.8M 8.0G#RAM:Mem: 3.9G 670M 1.2G 34M 2.0G 2.8G#Disk:Filesystem Size Used Avail Use% Mounted on /dev/mapper/sopvpyves--vg-root 39G 11G 27G 29% /#Load:loadaverage:0.00,#Network:Iface MTU Met RX-OK RX-ERR RX-DRP RX-OVR TX-OK TX-ERR TX-DRP TX-OVR Flg ens160 1500 0 363647497 0 3 0 359872312 0 0 0 BMRU #iostat:avg-cpu: %user %nice %system %iowait %steal %idle 1.48 0.00 2.98 0.02 0.00 95.52#iooperation:Device: tps kB_read/s kB_wrtn/s kB_read kB_wrtn sda 0.46 2.21 9.07 2972777 12183846 dm-0 0.92 2.17 9.02 2917150 12122064 dm-1 0.00 0.00 0.01 5938 7548#mpstat:03:17:36 PM CPU %usr %nice %sys %iowait %irq %soft %steal %guest %gnice %idle 03:17:36 PM all 1.48 0.00 2.81 0.02 0.00 0.17 0.00 0.00 0.00 95.52 03:17:36 PM 0 1.45 0.00 3.20 0.01 0.00 0.00 0.00 0.00 0.00 95.33 03:17:36 PM 1 1.50 0.01 2.42 0.02 0.00 0.33 0.00 0.00 0.00 95.72#vmstat:procs -----------memory---------- ---swap-- -----io---- -system-- ------cpu----- r b swpd free buff cache si so bi bo in cs us sy id wa st 0 0 7948 1242084 328284 1781708 0 0 1 5 7 8 1 3 96 0 0
#date:Mon Jul 15 15:18:36 CEST 2019#hostname:10.214.222.202 #SWAP:Swap: 8.0G 7.8M 8.0G#RAM:Mem: 3.9G 670M 1.2G 34M 2.0G 2.8G#Disk:Filesystem Size Used Avail Use% Mounted on /dev/mapper/sopvpyves--vg-root 39G 11G 27G 29% /#Load:loadaverage:0.00,#Network:Iface MTU Met RX-OK RX-ERR RX-DRP RX-OVR TX-OK TX-ERR TX-DRP TX-OVR Flg ens160 1500 0 363648199 0 3 0 359872312 0 0 0 BMRU #iostat:avg-cpu: %user %nice %system %iowait %steal %idle 1.48 0.00 2.98 0.02 0.00 95.52#iooperation:Device: tps kB_read/s kB_wrtn/s kB_read kB_wrtn sda 0.46 2.21 9.07 2972777 12183974 dm-0 0.92 2.17 9.02 2917150 12122192 dm-1 0.00 0.00 0.01 5938 7548#mpstat:03:18:36 PM CPU %usr %nice %sys %iowait %irq %soft %steal %guest %gnice %idle 03:18:36 PM all 1.48 0.00 2.81 0.02 0.00 0.17 0.00 0.00 0.00 95.52 03:18:36 PM 0 1.45 0.00 3.20 0.01 0.00 0.00 0.00 0.00 0.00 95.33 03:18:36 PM 1 1.50 0.01 2.42 0.02 0.00 0.33 0.00 0.00 0.00 95.72#vmstat:procs -----------memory---------- ---swap-- -----io---- -system-- ------cpu----- r b swpd free buff cache si so bi bo in cs us sy id wa st 0 0 7948 1242128 328284 1781684 0 0 1 5 7 8 1 3 96 0 0
#date:Mon Jul 15 15:19:36 CEST 2019#hostname:10.214.222.202 #SWAP:Swap: 8.0G 7.8M 8.0G#RAM:Mem: 3.9G 669M 1.2G 34M 2.0G 2.8G#Disk:Filesystem Size Used Avail Use% Mounted on /dev/mapper/sopvpyves--vg-root 39G 11G 27G 29% /#Load:loadaverage:0.00,#Network:Iface MTU Met RX-OK RX-ERR RX-DRP RX-OVR TX-OK TX-ERR TX-DRP TX-OVR Flg ens160 1500 0 363649016 0 3 0 359872313 0 0 0 BMRU #iostat:avg-cpu: %user %nice %system %iowait %steal %idle 1.48 0.00 2.98 0.02 0.00 95.52#iooperation:Device: tps kB_read/s kB_wrtn/s kB_read kB_wrtn sda 0.46 2.21 9.07 2972777 12184150 dm-0 0.92 2.17 9.02 2917150 12122368 dm-1 0.00 0.00 0.01 5938 7548#mpstat:03:19:36 PM CPU %usr %nice %sys %iowait %irq %soft %steal %guest %gnice %idle 03:19:36 PM all 1.48 0.00 2.81 0.02 0.00 0.17 0.00 0.00 0.00 95.52 03:19:36 PM 0 1.45 0.00 3.20 0.01 0.00 0.00 0.00 0.00 0.00 95.33 03:19:36 PM 1 1.50 0.01 2.42 0.02 0.00 0.33 0.00 0.00 0.00 95.72#vmstat:procs -----------memory---------- ---swap-- -----io---- -system-- ------cpu----- r b swpd free buff cache si so bi bo in cs us sy id wa st 0 0 7948 1242704 328284 1781712 0 0 1 5 7 8 1 3 96 0 0
#date:Mon Jul 15 15:20:36 CEST 2019#hostname:10.214.222.202 #SWAP:Swap: 8.0G 7.8M 8.0G#RAM:Mem: 3.9G 669M 1.2G 34M 2.0G 2.8G#Disk:Filesystem Size Used Avail Use% Mounted on /dev/mapper/sopvpyves--vg-root 39G 11G 27G 29% /#Load:loadaverage:0.00,#Network:Iface MTU Met RX-OK RX-ERR RX-DRP RX-OVR TX-OK TX-ERR TX-DRP TX-OVR Flg ens160 1500 0 363649855 0 3 0 359872318 0 0 0 BMRU #iostat:avg-cpu: %user %nice %system %iowait %steal %idle 1.48 0.00 2.98 0.02 0.00 95.52#iooperation:Device: tps kB_read/s kB_wrtn/s kB_read kB_wrtn sda 0.46 2.21 9.07 2972777 12184258 dm-0 0.92 2.17 9.02 2917150 12122476 dm-1 0.00 0.00 0.01 5938 7548#mpstat:03:20:36 PM CPU %usr %nice %sys %iowait %irq %soft %steal %guest %gnice %idle 03:20:36 PM all 1.48 0.00 2.81 0.02 0.00 0.17 0.00 0.00 0.00 95.52 03:20:36 PM 0 1.45 0.00 3.20 0.01 0.00 0.00 0.00 0.00 0.00 95.33 03:20:36 PM 1 1.50 0.01 2.42 0.02 0.00 0.33 0.00 0.00 0.00 95.72#vmstat:procs -----------memory---------- ---swap-- -----io---- -system-- ------cpu----- r b swpd free buff cache si so bi bo in cs us sy id wa st 0 0 7948 1243180 328284 1781644 0 0 1 5 7 8 1 3 96 0 0
#date:Mon Jul 15 15:21:36 CEST 2019#hostname:10.214.222.202 #SWAP:Swap: 8.0G 7.8M 8.0G#RAM:Mem: 3.9G 669M 1.2G 34M 2.0G 2.8G#Disk:Filesystem Size Used Avail Use% Mounted on /dev/mapper/sopvpyves--vg-root 39G 11G 27G 29% /#Load:loadaverage:0.00,#Network:Iface MTU Met RX-OK RX-ERR RX-DRP RX-OVR TX-OK TX-ERR TX-DRP TX-OVR Flg ens160 1500 0 363650562 0 3 0 359872349 0 0 0 BMRU #iostat:avg-cpu: %user %nice %system %iowait %steal %idle 1.48 0.00 2.98 0.02 0.00 95.52#iooperation:Device: tps kB_read/s kB_wrtn/s kB_read kB_wrtn sda 0.46 2.21 9.07 2972777 12184370 dm-0 0.92 2.17 9.02 2917150 12122588 dm-1 0.00 0.00 0.01 5938 7548#mpstat:03:21:36 PM CPU %usr %nice %sys %iowait %irq %soft %steal %guest %gnice %idle 03:21:36 PM all 1.48 0.00 2.81 0.02 0.00 0.17 0.00 0.00 0.00 95.52 03:21:36 PM 0 1.45 0.00 3.20 0.01 0.00 0.00 0.00 0.00 0.00 95.33 03:21:36 PM 1 1.50 0.01 2.42 0.02 0.00 0.33 0.00 0.00 0.00 95.72#vmstat:procs -----------memory---------- ---swap-- -----io---- -system-- ------cpu----- r b swpd free buff cache si so bi bo in cs us sy id wa st 0 0 7948 1242448 328284 1781656 0 0 1 5 7 8 1 3 96 0 0
#date:Mon Jul 15 15:22:36 CEST 2019#hostname:10.214.222.202 #SWAP:Swap: 8.0G 7.8M 8.0G#RAM:Mem: 3.9G 670M 1.2G 34M 2.0G 2.8G#Disk:Filesystem Size Used Avail Use% Mounted on /dev/mapper/sopvpyves--vg-root 39G 11G 27G 29% /#Load:loadaverage:0.00,#Network:Iface MTU Met RX-OK RX-ERR RX-DRP RX-OVR TX-OK TX-ERR TX-DRP TX-OVR Flg ens160 1500 0 363651303 0 3 0 359872434 0 0 0 BMRU #iostat:avg-cpu: %user %nice %system %iowait %steal %idle 1.48 0.00 2.98 0.02 0.00 95.52#iooperation:Device: tps kB_read/s kB_wrtn/s kB_read kB_wrtn sda 0.46 2.21 9.07 2972793 12184606 dm-0 0.92 2.17 9.02 2917166 12122824 dm-1 0.00 0.00 0.01 5938 7548#mpstat:03:22:37 PM CPU %usr %nice %sys %iowait %irq %soft %steal %guest %gnice %idle 03:22:37 PM all 1.48 0.00 2.81 0.02 0.00 0.17 0.00 0.00 0.00 95.52 03:22:37 PM 0 1.45 0.00 3.20 0.01 0.00 0.00 0.00 0.00 0.00 95.33 03:22:37 PM 1 1.50 0.01 2.42 0.02 0.00 0.33 0.00 0.00 0.00 95.72#vmstat:procs -----------memory---------- ---swap-- -----io---- -system-- ------cpu----- r b swpd free buff cache si so bi bo in cs us sy id wa st 0 0 7948 1242224 328288 1781644 0 0 1 5 7 8 1 3 96 0 0
#date:Mon Jul 15 15:23:37 CEST 2019#hostname:10.214.222.202 #SWAP:Swap: 8.0G 7.8M 8.0G#RAM:Mem: 3.9G 670M 1.2G 34M 2.0G 2.8G#Disk:Filesystem Size Used Avail Use% Mounted on /dev/mapper/sopvpyves--vg-root 39G 11G 27G 29% /#Load:loadaverage:0.00,#Network:Iface MTU Met RX-OK RX-ERR RX-DRP RX-OVR TX-OK TX-ERR TX-DRP TX-OVR Flg ens160 1500 0 363651992 0 3 0 359872491 0 0 0 BMRU #iostat:avg-cpu: %user %nice %system %iowait %steal %idle 1.48 0.00 2.98 0.02 0.00 95.52#iooperation:Device: tps kB_read/s kB_wrtn/s kB_read kB_wrtn sda 0.46 2.21 9.07 2976761 12185018 dm-0 0.92 2.17 9.02 2921134 12123236 dm-1 0.00 0.00 0.01 5938 7548#mpstat:03:23:37 PM CPU %usr %nice %sys %iowait %irq %soft %steal %guest %gnice %idle 03:23:37 PM all 1.48 0.00 2.81 0.02 0.00 0.17 0.00 0.00 0.00 95.52 03:23:37 PM 0 1.45 0.00 3.20 0.01 0.00 0.00 0.00 0.00 0.00 95.33 03:23:37 PM 1 1.50 0.01 2.42 0.02 0.00 0.33 0.00 0.00 0.00 95.72#vmstat:procs -----------memory---------- ---swap-- -----io---- -system-- ------cpu----- r b swpd free buff cache si so bi bo in cs us sy id wa st 0 0 7948 1239128 328324 1785576 0 0 1 5 7 9 1 3 96 0 0
#date:Mon Jul 15 15:24:37 CEST 2019#hostname:10.214.222.202 #SWAP:Swap: 8.0G 7.8M 8.0G#RAM:Mem: 3.9G 672M 1.2G 34M 2.0G 2.8G#Disk:Filesystem Size Used Avail Use% Mounted on /dev/mapper/sopvpyves--vg-root 39G 11G 27G 29% /#Load:loadaverage:0.00,#Network:Iface MTU Met RX-OK RX-ERR RX-DRP RX-OVR TX-OK TX-ERR TX-DRP TX-OVR Flg ens160 1500 0 363652753 0 3 0 359872549 0 0 0 BMRU #iostat:avg-cpu: %user %nice %system %iowait %steal %idle 1.48 0.00 2.98 0.02 0.00 95.52#iooperation:Device: tps kB_read/s kB_wrtn/s kB_read kB_wrtn sda 0.46 2.21 9.06 2976761 12185238 dm-0 0.92 2.17 9.02 2921134 12123456 dm-1 0.00 0.00 0.01 5938 7548#mpstat:03:24:37 PM CPU %usr %nice %sys %iowait %irq %soft %steal %guest %gnice %idle 03:24:37 PM all 1.48 0.00 2.81 0.02 0.00 0.17 0.00 0.00 0.00 95.52 03:24:37 PM 0 1.45 0.00 3.20 0.01 0.00 0.00 0.00 0.00 0.00 95.33 03:24:37 PM 1 1.50 0.01 2.42 0.02 0.00 0.33 0.00 0.00 0.00 95.72#vmstat:procs -----------memory---------- ---swap-- -----io---- -system-- ------cpu----- r b swpd free buff cache si so bi bo in cs us sy id wa st 0 0 7948 1238144 328328 1785932 0 0 1 5 7 9 1 3 96 0 0
#date:Mon Jul 15 15:25:37 CEST 2019#hostname:10.214.222.202 #SWAP:Swap: 8.0G 7.8M 8.0G#RAM:Mem: 3.9G 670M 1.2G 34M 2.0G 2.8G#Disk:Filesystem Size Used Avail Use% Mounted on /dev/mapper/sopvpyves--vg-root 39G 11G 27G 29% /#Load:loadaverage:0.00,#Network:Iface MTU Met RX-OK RX-ERR RX-DRP RX-OVR TX-OK TX-ERR TX-DRP TX-OVR Flg ens160 1500 0 363653468 0 3 0 359872552 0 0 0 BMRU #iostat:avg-cpu: %user %nice %system %iowait %steal %idle 1.48 0.00 2.98 0.02 0.00 95.52#iooperation:Device: tps kB_read/s kB_wrtn/s kB_read kB_wrtn sda 0.46 2.21 9.06 2976761 12185510 dm-0 0.92 2.17 9.02 2921134 12123728 dm-1 0.00 0.00 0.01 5938 7548#mpstat:03:25:37 PM CPU %usr %nice %sys %iowait %irq %soft %steal %guest %gnice %idle 03:25:37 PM all 1.48 0.00 2.81 0.02 0.00 0.17 0.00 0.00 0.00 95.52 03:25:37 PM 0 1.45 0.00 3.20 0.01 0.00 0.00 0.00 0.00 0.00 95.33 03:25:37 PM 1 1.50 0.01 2.42 0.02 0.00 0.33 0.00 0.00 0.00 95.72#vmstat:procs -----------memory---------- ---swap-- -----io---- -system-- ------cpu----- r b swpd free buff cache si so bi bo in cs us sy id wa st 0 0 7948 1238216 328328 1785868 0 0 1 5 7 9 1 3 96 0 0
#date:Mon Jul 15 15:26:37 CEST 2019#hostname:10.214.222.202 #SWAP:Swap: 8.0G 7.8M 8.0G#RAM:Mem: 3.9G 670M 1.2G 34M 2.0G 2.8G#Disk:Filesystem Size Used Avail Use% Mounted on /dev/mapper/sopvpyves--vg-root 39G 11G 27G 29% /#Load:loadaverage:0.00,#Network:Iface MTU Met RX-OK RX-ERR RX-DRP RX-OVR TX-OK TX-ERR TX-DRP TX-OVR Flg ens160 1500 0 363654151 0 3 0 359872554 0 0 0 BMRU #iostat:avg-cpu: %user %nice %system %iowait %steal %idle 1.48 0.00 2.98 0.02 0.00 95.53#iooperation:Device: tps kB_read/s kB_wrtn/s kB_read kB_wrtn sda 0.46 2.21 9.06 2976761 12185598 dm-0 0.92 2.17 9.02 2921134 12123816 dm-1 0.00 0.00 0.01 5938 7548#mpstat:03:26:37 PM CPU %usr %nice %sys %iowait %irq %soft %steal %guest %gnice %idle 03:26:37 PM all 1.48 0.00 2.81 0.02 0.00 0.17 0.00 0.00 0.00 95.53 03:26:37 PM 0 1.45 0.00 3.20 0.01 0.00 0.00 0.00 0.00 0.00 95.33 03:26:37 PM 1 1.50 0.01 2.42 0.02 0.00 0.33 0.00 0.00 0.00 95.72#vmstat:procs -----------memory---------- ---swap-- -----io---- -system-- ------cpu----- r b swpd free buff cache si so bi bo in cs us sy id wa st 0 0 7948 1238020 328332 1785892 0 0 1 5 7 9 1 3 96 0 0
#date:Mon Jul 15 15:27:37 CEST 2019#hostname:10.214.222.202 #SWAP:Swap: 8.0G 7.8M 8.0G#RAM:Mem: 3.9G 666M 1.2G 34M 2.0G 2.8G#Disk:Filesystem Size Used Avail Use% Mounted on /dev/mapper/sopvpyves--vg-root 39G 11G 27G 29% /#Load:loadaverage:0.00,#Network:Iface MTU Met RX-OK RX-ERR RX-DRP RX-OVR TX-OK TX-ERR TX-DRP TX-OVR Flg ens160 1500 0 363654898 0 3 0 359872640 0 0 0 BMRU #iostat:avg-cpu: %user %nice %system %iowait %steal %idle 1.48 0.00 2.98 0.02 0.00 95.53#iooperation:Device: tps kB_read/s kB_wrtn/s kB_read kB_wrtn sda 0.46 2.21 9.06 2976761 12185718 dm-0 0.92 2.17 9.02 2921134 12123936 dm-1 0.00 0.00 0.01 5938 7548#mpstat:03:27:38 PM CPU %usr %nice %sys %iowait %irq %soft %steal %guest %gnice %idle 03:27:38 PM all 1.48 0.00 2.81 0.02 0.00 0.17 0.00 0.00 0.00 95.53 03:27:38 PM 0 1.45 0.00 3.20 0.01 0.00 0.00 0.00 0.00 0.00 95.33 03:27:38 PM 1 1.50 0.01 2.42 0.02 0.00 0.33 0.00 0.00 0.00 95.72#vmstat:procs -----------memory---------- ---swap-- -----io---- -system-- ------cpu----- r b swpd free buff cache si so bi bo in cs us sy id wa st 0 0 7948 1242684 328332 1785688 0 0 1 5 7 9 1 3 96 0 0
#date:Mon Jul 15 15:28:38 CEST 2019#hostname:10.214.222.202 #SWAP:Swap: 8.0G 7.8M 8.0G#RAM:Mem: 3.9G 666M 1.2G 34M 2.0G 2.8G#Disk:Filesystem Size Used Avail Use% Mounted on /dev/mapper/sopvpyves--vg-root 39G 11G 27G 29% /#Load:loadaverage:0.00,#Network:Iface MTU Met RX-OK RX-ERR RX-DRP RX-OVR TX-OK TX-ERR TX-DRP TX-OVR Flg ens160 1500 0 363655532 0 3 0 359872641 0 0 0 BMRU #iostat:avg-cpu: %user %nice %system %iowait %steal %idle 1.48 0.00 2.98 0.02 0.00 95.53#iooperation:Device: tps kB_read/s kB_wrtn/s kB_read kB_wrtn sda 0.46 2.21 9.06 2976761 12185882 dm-0 0.92 2.17 9.02 2921134 12124100 dm-1 0.00 0.00 0.01 5938 7548#mpstat:03:28:38 PM CPU %usr %nice %sys %iowait %irq %soft %steal %guest %gnice %idle 03:28:38 PM all 1.48 0.00 2.81 0.02 0.00 0.17 0.00 0.00 0.00 95.53 03:28:38 PM 0 1.45 0.00 3.20 0.01 0.00 0.00 0.00 0.00 0.00 95.33 03:28:38 PM 1 1.50 0.01 2.42 0.02 0.00 0.33 0.00 0.00 0.00 95.72#vmstat:procs -----------memory---------- ---swap-- -----io---- -system-- ------cpu----- r b swpd free buff cache si so bi bo in cs us sy id wa st 0 0 7948 1242208 328332 1785688 0 0 1 5 7 9 1 3 96 0 0
#date:Mon Jul 15 15:29:38 CEST 2019#hostname:10.214.222.202 #SWAP:Swap: 8.0G 7.8M 8.0G#RAM:Mem: 3.9G 666M 1.2G 34M 2.0G 2.8G#Disk:Filesystem Size Used Avail Use% Mounted on /dev/mapper/sopvpyves--vg-root 39G 11G 27G 29% /#Load:loadaverage:0.00,#Network:Iface MTU Met RX-OK RX-ERR RX-DRP RX-OVR TX-OK TX-ERR TX-DRP TX-OVR Flg ens160 1500 0 363656276 0 3 0 359872642 0 0 0 BMRU #iostat:avg-cpu: %user %nice %system %iowait %steal %idle 1.48 0.00 2.98 0.02 0.00 95.53#iooperation:Device: tps kB_read/s kB_wrtn/s kB_read kB_wrtn sda 0.46 2.21 9.06 2976761 12186050 dm-0 0.92 2.17 9.02 2921134 12124268 dm-1 0.00 0.00 0.01 5938 7548#mpstat:03:29:38 PM CPU %usr %nice %sys %iowait %irq %soft %steal %guest %gnice %idle 03:29:38 PM all 1.48 0.00 2.81 0.02 0.00 0.17 0.00 0.00 0.00 95.53 03:29:38 PM 0 1.45 0.00 3.20 0.01 0.00 0.00 0.00 0.00 0.00 95.33 03:29:38 PM 1 1.50 0.01 2.42 0.02 0.00 0.33 0.00 0.00 0.00 95.72#vmstat:procs -----------memory---------- ---swap-- -----io---- -system-- ------cpu----- r b swpd free buff cache si so bi bo in cs us sy id wa st 0 0 7948 1241868 328332 1785664 0 0 1 5 7 9 1 3 96 0 0
#date:Mon Jul 15 15:30:38 CEST 2019#hostname:10.214.222.202 #SWAP:Swap: 8.0G 7.8M 8.0G#RAM:Mem: 3.9G 666M 1.2G 34M 2.0G 2.8G#Disk:Filesystem Size Used Avail Use% Mounted on /dev/mapper/sopvpyves--vg-root 39G 11G 27G 29% /#Load:loadaverage:0.00,#Network:Iface MTU Met RX-OK RX-ERR RX-DRP RX-OVR TX-OK TX-ERR TX-DRP TX-OVR Flg ens160 1500 0 363657169 0 3 0 359872645 0 0 0 BMRU #iostat:avg-cpu: %user %nice %system %iowait %steal %idle 1.48 0.00 2.98 0.02 0.00 95.53#iooperation:Device: tps kB_read/s kB_wrtn/s kB_read kB_wrtn sda 0.46 2.21 9.06 2976761 12186154 dm-0 0.92 2.17 9.02 2921134 12124372 dm-1 0.00 0.00 0.01 5938 7548#mpstat:03:30:38 PM CPU %usr %nice %sys %iowait %irq %soft %steal %guest %gnice %idle 03:30:38 PM all 1.48 0.00 2.81 0.02 0.00 0.17 0.00 0.00 0.00 95.53 03:30:38 PM 0 1.45 0.00 3.20 0.01 0.00 0.00 0.00 0.00 0.00 95.33 03:30:38 PM 1 1.50 0.01 2.42 0.02 0.00 0.33 0.00 0.00 0.00 95.72#vmstat:procs -----------memory---------- ---swap-- -----io---- -system-- ------cpu----- r b swpd free buff cache si so bi bo in cs us sy id wa st 0 0 7948 1241704 328332 1785696 0 0 1 5 7 9 1 3 96 0 0
#date:Mon Jul 15 15:31:38 CEST 2019#hostname:10.214.222.202 #SWAP:Swap: 8.0G 7.8M 8.0G#RAM:Mem: 3.9G 666M 1.2G 34M 2.0G 2.8G#Disk:Filesystem Size Used Avail Use% Mounted on /dev/mapper/sopvpyves--vg-root 39G 11G 27G 29% /#Load:loadaverage:0.00,#Network:Iface MTU Met RX-OK RX-ERR RX-DRP RX-OVR TX-OK TX-ERR TX-DRP TX-OVR Flg ens160 1500 0 363658063 0 3 0 359872649 0 0 0 BMRU #iostat:avg-cpu: %user %nice %system %iowait %steal %idle 1.48 0.00 2.98 0.02 0.00 95.53#iooperation:Device: tps kB_read/s kB_wrtn/s kB_read kB_wrtn sda 0.46 2.21 9.06 2976761 12186250 dm-0 0.92 2.17 9.02 2921134 12124468 dm-1 0.00 0.00 0.01 5938 7548#mpstat:03:31:38 PM CPU %usr %nice %sys %iowait %irq %soft %steal %guest %gnice %idle 03:31:38 PM all 1.48 0.00 2.81 0.02 0.00 0.17 0.00 0.00 0.00 95.53 03:31:38 PM 0 1.45 0.00 3.20 0.01 0.00 0.00 0.00 0.00 0.00 95.33 03:31:38 PM 1 1.50 0.01 2.42 0.02 0.00 0.33 0.00 0.00 0.00 95.72#vmstat:procs -----------memory---------- ---swap-- -----io---- -system-- ------cpu----- r b swpd free buff cache si so bi bo in cs us sy id wa st 0 0 7948 1242228 328332 1785764 0 0 1 5 7 9 1 3 96 0 0
#date:Mon Jul 15 15:32:38 CEST 2019#hostname:10.214.222.202 #SWAP:Swap: 8.0G 7.8M 8.0G#RAM:Mem: 3.9G 666M 1.2G 34M 2.0G 2.8G#Disk:Filesystem Size Used Avail Use% Mounted on /dev/mapper/sopvpyves--vg-root 39G 11G 27G 29% /#Load:loadaverage:0.00,#Network:Iface MTU Met RX-OK RX-ERR RX-DRP RX-OVR TX-OK TX-ERR TX-DRP TX-OVR Flg ens160 1500 0 363658832 0 3 0 359872652 0 0 0 BMRU #iostat:avg-cpu: %user %nice %system %iowait %steal %idle 1.48 0.00 2.98 0.02 0.00 95.53#iooperation:Device: tps kB_read/s kB_wrtn/s kB_read kB_wrtn sda 0.46 2.21 9.06 2976761 12186402 dm-0 0.92 2.17 9.02 2921134 12124620 dm-1 0.00 0.00 0.01 5938 7548#mpstat:03:32:38 PM CPU %usr %nice %sys %iowait %irq %soft %steal %guest %gnice %idle 03:32:38 PM all 1.48 0.00 2.81 0.02 0.00 0.17 0.00 0.00 0.00 95.53 03:32:38 PM 0 1.45 0.00 3.20 0.01 0.00 0.00 0.00 0.00 0.00 95.33 03:32:38 PM 1 1.50 0.01 2.42 0.02 0.00 0.33 0.00 0.00 0.00 95.72#vmstat:procs -----------memory---------- ---swap-- -----io---- -system-- ------cpu----- r b swpd free buff cache si so bi bo in cs us sy id wa st 0 0 7948 1242392 328332 1785720 0 0 1 5 7 9 1 3 96 0 0
#date:Mon Jul 15 15:33:38 CEST 2019#hostname:10.214.222.202 #SWAP:Swap: 8.0G 7.8M 8.0G#RAM:Mem: 3.9G 666M 1.2G 34M 2.0G 2.8G#Disk:Filesystem Size Used Avail Use% Mounted on /dev/mapper/sopvpyves--vg-root 39G 11G 27G 29% /#Load:loadaverage:0.00,#Network:Iface MTU Met RX-OK RX-ERR RX-DRP RX-OVR TX-OK TX-ERR TX-DRP TX-OVR Flg ens160 1500 0 363659523 0 3 0 359872652 0 0 0 BMRU #iostat:avg-cpu: %user %nice %system %iowait %steal %idle 1.48 0.00 2.98 0.02 0.00 95.53#iooperation:Device: tps kB_read/s kB_wrtn/s kB_read kB_wrtn sda 0.46 2.21 9.06 2976761 12186530 dm-0 0.92 2.17 9.02 2921134 12124748 dm-1 0.00 0.00 0.01 5938 7548#mpstat:03:33:39 PM CPU %usr %nice %sys %iowait %irq %soft %steal %guest %gnice %idle 03:33:39 PM all 1.48 0.00 2.81 0.02 0.00 0.17 0.00 0.00 0.00 95.53 03:33:39 PM 0 1.45 0.00 3.20 0.01 0.00 0.00 0.00 0.00 0.00 95.33 03:33:39 PM 1 1.50 0.01 2.42 0.02 0.00 0.33 0.00 0.00 0.00 95.72#vmstat:procs -----------memory---------- ---swap-- -----io---- -system-- ------cpu----- r b swpd free buff cache si so bi bo in cs us sy id wa st 0 0 7948 1241884 328332 1785752 0 0 1 5 7 9 1 3 96 0 0
#date:Mon Jul 15 15:34:39 CEST 2019#hostname:10.214.222.202 #SWAP:Swap: 8.0G 7.8M 8.0G#RAM:Mem: 3.9G 666M 1.2G 34M 2.0G 2.8G#Disk:Filesystem Size Used Avail Use% Mounted on /dev/mapper/sopvpyves--vg-root 39G 11G 27G 29% /#Load:loadaverage:0.00,#Network:Iface MTU Met RX-OK RX-ERR RX-DRP RX-OVR TX-OK TX-ERR TX-DRP TX-OVR Flg ens160 1500 0 363660192 0 3 0 359872652 0 0 0 BMRU #iostat:avg-cpu: %user %nice %system %iowait %steal %idle 1.48 0.00 2.98 0.02 0.00 95.53#iooperation:Device: tps kB_read/s kB_wrtn/s kB_read kB_wrtn sda 0.46 2.21 9.06 2976761 12186702 dm-0 0.92 2.17 9.02 2921134 12124920 dm-1 0.00 0.00 0.01 5938 7548#mpstat:03:34:39 PM CPU %usr %nice %sys %iowait %irq %soft %steal %guest %gnice %idle 03:34:39 PM all 1.48 0.00 2.81 0.02 0.00 0.17 0.00 0.00 0.00 95.53 03:34:39 PM 0 1.45 0.00 3.20 0.01 0.00 0.00 0.00 0.00 0.00 95.33 03:34:39 PM 1 1.50 0.01 2.42 0.02 0.00 0.33 0.00 0.00 0.00 95.72#vmstat:procs -----------memory---------- ---swap-- -----io---- -system-- ------cpu----- r b swpd free buff cache si so bi bo in cs us sy id wa st 0 0 7948 1241924 328332 1785760 0 0 1 5 7 9 1 3 96 0 0
#date:Mon Jul 15 15:35:39 CEST 2019#hostname:10.214.222.202 #SWAP:Swap: 8.0G 7.8M 8.0G#RAM:Mem: 3.9G 666M 1.2G 34M 2.0G 2.8G#Disk:Filesystem Size Used Avail Use% Mounted on /dev/mapper/sopvpyves--vg-root 39G 11G 27G 29% /#Load:loadaverage:0.00,#Network:Iface MTU Met RX-OK RX-ERR RX-DRP RX-OVR TX-OK TX-ERR TX-DRP TX-OVR Flg ens160 1500 0 363660898 0 3 0 359872652 0 0 0 BMRU #iostat:avg-cpu: %user %nice %system %iowait %steal %idle 1.48 0.00 2.98 0.02 0.00 95.53#iooperation:Device: tps kB_read/s kB_wrtn/s kB_read kB_wrtn sda 0.46 2.21 9.06 2976761 12186886 dm-0 0.92 2.17 9.02 2921134 12125104 dm-1 0.00 0.00 0.01 5938 7548#mpstat:03:35:39 PM CPU %usr %nice %sys %iowait %irq %soft %steal %guest %gnice %idle 03:35:39 PM all 1.48 0.00 2.81 0.02 0.00 0.17 0.00 0.00 0.00 95.53 03:35:39 PM 0 1.45 0.00 3.20 0.01 0.00 0.00 0.00 0.00 0.00 95.33 03:35:39 PM 1 1.50 0.01 2.42 0.02 0.00 0.33 0.00 0.00 0.00 95.72#vmstat:procs -----------memory---------- ---swap-- -----io---- -system-- ------cpu----- r b swpd free buff cache si so bi bo in cs us sy id wa st 0 0 7948 1242524 328332 1785788 0 0 1 5 7 9 1 3 96 0 0
#date:Mon Jul 15 15:36:39 CEST 2019#hostname:10.214.222.202 #SWAP:Swap: 8.0G 7.8M 8.0G#RAM:Mem: 3.9G 670M 1.2G 34M 2.0G 2.8G#Disk:Filesystem Size Used Avail Use% Mounted on /dev/mapper/sopvpyves--vg-root 39G 11G 27G 29% /#Load:loadaverage:0.00,#Network:Iface MTU Met RX-OK RX-ERR RX-DRP RX-OVR TX-OK TX-ERR TX-DRP TX-OVR Flg ens160 1500 0 363661667 0 3 0 359872703 0 0 0 BMRU #iostat:avg-cpu: %user %nice %system %iowait %steal %idle 1.48 0.00 2.98 0.02 0.00 95.53#iooperation:Device: tps kB_read/s kB_wrtn/s kB_read kB_wrtn sda 0.46 2.21 9.06 2976761 12187118 dm-0 0.92 2.17 9.02 2921134 12125336 dm-1 0.00 0.00 0.01 5938 7548#mpstat:03:36:39 PM CPU %usr %nice %sys %iowait %irq %soft %steal %guest %gnice %idle 03:36:39 PM all 1.48 0.00 2.81 0.02 0.00 0.17 0.00 0.00 0.00 95.53 03:36:39 PM 0 1.45 0.00 3.20 0.01 0.00 0.00 0.00 0.00 0.00 95.33 03:36:39 PM 1 1.50 0.01 2.42 0.02 0.00 0.33 0.00 0.00 0.00 95.72#vmstat:procs -----------memory---------- ---swap-- -----io---- -system-- ------cpu----- r b swpd free buff cache si so bi bo in cs us sy id wa st 0 0 7948 1237716 328336 1785840 0 0 1 5 7 9 1 3 96 0 0
#date:Mon Jul 15 15:37:39 CEST 2019#hostname:10.214.222.202 #SWAP:Swap: 8.0G 7.8M 8.0G#RAM:Mem: 3.9G 670M 1.2G 34M 2.0G 2.8G#Disk:Filesystem Size Used Avail Use% Mounted on /dev/mapper/sopvpyves--vg-root 39G 11G 27G 29% /#Load:loadaverage:0.00,#Network:Iface MTU Met RX-OK RX-ERR RX-DRP RX-OVR TX-OK TX-ERR TX-DRP TX-OVR Flg ens160 1500 0 363666882 0 3 0 359875214 0 0 0 BMRU #iostat:avg-cpu: %user %nice %system %iowait %steal %idle 1.47 0.00 2.98 0.02 0.00 95.53#iooperation:Device: tps kB_read/s kB_wrtn/s kB_read kB_wrtn sda 0.46 2.22 9.06 2980969 12187418 dm-0 0.92 2.17 9.02 2925342 12125636 dm-1 0.00 0.00 0.01 5938 7548#mpstat:03:37:39 PM CPU %usr %nice %sys %iowait %irq %soft %steal %guest %gnice %idle 03:37:39 PM all 1.47 0.00 2.81 0.02 0.00 0.17 0.00 0.00 0.00 95.53 03:37:39 PM 0 1.45 0.00 3.20 0.01 0.00 0.00 0.00 0.00 0.00 95.33 03:37:39 PM 1 1.50 0.01 2.42 0.02 0.00 0.33 0.00 0.00 0.00 95.72#vmstat:procs -----------memory---------- ---swap-- -----io---- -system-- ------cpu----- r b swpd free buff cache si so bi bo in cs us sy id wa st 0 0 7948 1233848 328352 1790032 0 0 1 5 7 9 1 3 96 0 0
#date:Mon Jul 15 15:38:39 CEST 2019#hostname:10.214.222.202 #SWAP:Swap: 8.0G 7.8M 8.0G#RAM:Mem: 3.9G 670M 1.2G 34M 2.0G 2.8G#Disk:Filesystem Size Used Avail Use% Mounted on /dev/mapper/sopvpyves--vg-root 39G 11G 27G 29% /#Load:loadaverage:0.00,#Network:Iface MTU Met RX-OK RX-ERR RX-DRP RX-OVR TX-OK TX-ERR TX-DRP TX-OVR Flg ens160 1500 0 363667910 0 3 0 359875566 0 0 0 BMRU #iostat:avg-cpu: %user %nice %system %iowait %steal %idle 1.47 0.00 2.97 0.02 0.00 95.53#iooperation:Device: tps kB_read/s kB_wrtn/s kB_read kB_wrtn sda 0.46 2.22 9.06 2980969 12187706 dm-0 0.92 2.17 9.02 2925342 12125924 dm-1 0.00 0.00 0.01 5938 7548#mpstat:03:38:40 PM CPU %usr %nice %sys %iowait %irq %soft %steal %guest %gnice %idle 03:38:40 PM all 1.47 0.00 2.81 0.02 0.00 0.17 0.00 0.00 0.00 95.53 03:38:40 PM 0 1.45 0.00 3.20 0.01 0.00 0.00 0.00 0.00 0.00 95.33 03:38:40 PM 1 1.50 0.01 2.42 0.02 0.00 0.33 0.00 0.00 0.00 95.72#vmstat:procs -----------memory---------- ---swap-- -----io---- -system-- ------cpu----- r b swpd free buff cache si so bi bo in cs us sy id wa st 0 0 7948 1233460 328352 1789996 0 0 1 5 7 9 1 3 96 0 0
#date:Mon Jul 15 15:39:40 CEST 2019#hostname:10.214.222.202 #SWAP:Swap: 8.0G 7.8M 8.0G#RAM:Mem: 3.9G 751M 1.1G 34M 2.0G 2.7G#Disk:Filesystem Size Used Avail Use% Mounted on /dev/mapper/sopvpyves--vg-root 39G 11G 27G 29% /#Load:loadaverage:0.06,#Network:Iface MTU Met RX-OK RX-ERR RX-DRP RX-OVR TX-OK TX-ERR TX-DRP TX-OVR Flg ens160 1500 0 363670978 0 3 0 359878498 0 0 0 BMRU #iostat:avg-cpu: %user %nice %system %iowait %steal %idle 1.47 0.00 2.97 0.02 0.00 95.53#iooperation:Device: tps kB_read/s kB_wrtn/s kB_read kB_wrtn sda 0.47 2.22 9.06 2989621 12191550 dm-0 0.92 2.18 9.02 2933994 12129768 dm-1 0.00 0.00 0.01 5938 7548#mpstat:03:39:40 PM CPU %usr %nice %sys %iowait %irq %soft %steal %guest %gnice %idle 03:39:40 PM all 1.47 0.00 2.81 0.02 0.00 0.17 0.00 0.00 0.00 95.53 03:39:40 PM 0 1.45 0.00 3.20 0.01 0.00 0.00 0.00 0.00 0.00 95.33 03:39:40 PM 1 1.50 0.01 2.42 0.02 0.00 0.33 0.00 0.00 0.00 95.72#vmstat:procs -----------memory---------- ---swap-- -----io---- -system-- ------cpu----- r b swpd free buff cache si so bi bo in cs us sy id wa st 0 0 7948 1141084 328896 1799304 0 0 1 5 7 9 1 3 96 0 0
#date:Mon Jul 15 15:40:40 CEST 2019#hostname:10.214.222.202 #SWAP:Swap: 8.0G 7.8M 8.0G#RAM:Mem: 3.9G 754M 1.1G 34M 2.0G 2.7G#Disk:Filesystem Size Used Avail Use% Mounted on /dev/mapper/sopvpyves--vg-root 39G 11G 27G 29% /#Load:loadaverage:0.02,#Network:Iface MTU Met RX-OK RX-ERR RX-DRP RX-OVR TX-OK TX-ERR TX-DRP TX-OVR Flg ens160 1500 0 363674784 0 3 0 359882332 0 0 0 BMRU #iostat:avg-cpu: %user %nice %system %iowait %steal %idle 1.47 0.00 2.97 0.02 0.00 95.53#iooperation:Device: tps kB_read/s kB_wrtn/s kB_read kB_wrtn sda 0.47 2.22 9.06 2989621 12192118 dm-0 0.92 2.18 9.02 2933994 12130336 dm-1 0.00 0.00 0.01 5938 7548#mpstat:03:40:40 PM CPU %usr %nice %sys %iowait %irq %soft %steal %guest %gnice %idle 03:40:40 PM all 1.47 0.00 2.81 0.02 0.00 0.17 0.00 0.00 0.00 95.53 03:40:40 PM 0 1.45 0.00 3.20 0.01 0.00 0.00 0.00 0.00 0.00 95.33 03:40:40 PM 1 1.50 0.01 2.42 0.02 0.00 0.33 0.00 0.00 0.00 95.72#vmstat:procs -----------memory---------- ---swap-- -----io---- -system-- ------cpu----- r b swpd free buff cache si so bi bo in cs us sy id wa st 0 0 7948 1135108 328900 1801256 0 0 1 5 7 9 1 3 96 0 0
#date:Mon Jul 15 15:41:40 CEST 2019#hostname:10.214.222.202 #SWAP:Swap: 8.0G 7.8M 8.0G#RAM:Mem: 3.9G 745M 1.1G 34M 2.0G 2.7G#Disk:Filesystem Size Used Avail Use% Mounted on /dev/mapper/sopvpyves--vg-root 39G 11G 27G 29% /#Load:loadaverage:0.01,#Network:Iface MTU Met RX-OK RX-ERR RX-DRP RX-OVR TX-OK TX-ERR TX-DRP TX-OVR Flg ens160 1500 0 363679807 0 3 0 359886926 0 0 0 BMRU #iostat:avg-cpu: %user %nice %system %iowait %steal %idle 1.48 0.00 2.97 0.02 0.00 95.53#iooperation:Device: tps kB_read/s kB_wrtn/s kB_read kB_wrtn sda 0.47 2.22 9.06 2989621 12192830 dm-0 0.92 2.18 9.02 2933994 12131048 dm-1 0.00 0.00 0.01 5938 7548#mpstat:03:41:40 PM CPU %usr %nice %sys %iowait %irq %soft %steal %guest %gnice %idle 03:41:40 PM all 1.48 0.00 2.81 0.02 0.00 0.17 0.00 0.00 0.00 95.53 03:41:40 PM 0 1.45 0.00 3.20 0.01 0.00 0.00 0.00 0.00 0.00 95.33 03:41:40 PM 1 1.50 0.01 2.42 0.02 0.00 0.33 0.00 0.00 0.00 95.72#vmstat:procs -----------memory---------- ---swap-- -----io---- -system-- ------cpu----- r b swpd free buff cache si so bi bo in cs us sy id wa st 0 0 7948 1143096 328904 1802188 0 0 1 5 7 9 1 3 96 0 0
#date:Mon Jul 15 15:42:40 CEST 2019#hostname:10.214.222.202 #SWAP:Swap: 8.0G 7.8M 8.0G#RAM:Mem: 3.9G 760M 1.1G 34M 2.0G 2.7G#Disk:Filesystem Size Used Avail Use% Mounted on /dev/mapper/sopvpyves--vg-root 39G 11G 27G 29% /#Load:loadaverage:0.00,#Network:Iface MTU Met RX-OK RX-ERR RX-DRP RX-OVR TX-OK TX-ERR TX-DRP TX-OVR Flg ens160 1500 0 363685045 0 3 0 359891627 0 0 0 BMRU #iostat:avg-cpu: %user %nice %system %iowait %steal %idle 1.48 0.00 2.97 0.02 0.00 95.53#iooperation:Device: tps kB_read/s kB_wrtn/s kB_read kB_wrtn sda 0.47 2.22 9.06 2989621 12193562 dm-0 0.92 2.18 9.02 2933994 12131780 dm-1 0.00 0.00 0.01 5938 7548#mpstat:03:42:40 PM CPU %usr %nice %sys %iowait %irq %soft %steal %guest %gnice %idle 03:42:40 PM all 1.48 0.00 2.81 0.02 0.00 0.17 0.00 0.00 0.00 95.53 03:42:40 PM 0 1.45 0.00 3.20 0.01 0.00 0.00 0.00 0.00 0.00 95.33 03:42:40 PM 1 1.50 0.01 2.42 0.02 0.00 0.33 0.00 0.00 0.00 95.72#vmstat:procs -----------memory---------- ---swap-- -----io---- -system-- ------cpu----- r b swpd free buff cache si so bi bo in cs us sy id wa st 0 0 7948 1127700 328912 1802732 0 0 1 5 7 9 1 3 96 0 0
#date:Mon Jul 15 15:43:40 CEST 2019#hostname:10.214.222.202 #SWAP:Swap: 8.0G 7.8M 8.0G#RAM:Mem: 3.9G 723M 1.1G 34M 2.0G 2.8G#Disk:Filesystem Size Used Avail Use% Mounted on /dev/mapper/sopvpyves--vg-root 39G 11G 27G 29% /#Load:loadaverage:0.00,#Network:Iface MTU Met RX-OK RX-ERR RX-DRP RX-OVR TX-OK TX-ERR TX-DRP TX-OVR Flg ens160 1500 0 363690281 0 3 0 359896332 0 0 0 BMRU #iostat:avg-cpu: %user %nice %system %iowait %steal %idle 1.48 0.00 2.97 0.02 0.00 95.53#iooperation:Device: tps kB_read/s kB_wrtn/s kB_read kB_wrtn sda 0.47 2.22 9.06 2989621 12194306 dm-0 0.92 2.18 9.02 2933994 12132524 dm-1 0.00 0.00 0.01 5938 7548#mpstat:03:43:41 PM CPU %usr %nice %sys %iowait %irq %soft %steal %guest %gnice %idle 03:43:41 PM all 1.48 0.00 2.81 0.02 0.00 0.17 0.00 0.00 0.00 95.53 03:43:41 PM 0 1.45 0.00 3.20 0.01 0.00 0.00 0.00 0.00 0.00 95.33 03:43:41 PM 1 1.50 0.01 2.42 0.02 0.00 0.33 0.00 0.00 0.00 95.72#vmstat:procs -----------memory---------- ---swap-- -----io---- -system-- ------cpu----- r b swpd free buff cache si so bi bo in cs us sy id wa st 0 0 7948 1165728 328916 1803228 0 0 1 5 7 9 1 3 96 0 0
#date:Mon Jul 15 15:44:41 CEST 2019#hostname:10.214.222.202 #SWAP:Swap: 8.0G 7.8M 8.0G#RAM:Mem: 3.9G 757M 1.1G 34M 2.0G 2.7G#Disk:Filesystem Size Used Avail Use% Mounted on /dev/mapper/sopvpyves--vg-root 39G 11G 27G 29% /#Load:loadaverage:0.00,#Network:Iface MTU Met RX-OK RX-ERR RX-DRP RX-OVR TX-OK TX-ERR TX-DRP TX-OVR Flg ens160 1500 0 363695482 0 3 0 359901094 0 0 0 BMRU #iostat:avg-cpu: %user %nice %system %iowait %steal %idle 1.48 0.00 2.97 0.02 0.00 95.53#iooperation:Device: tps kB_read/s kB_wrtn/s kB_read kB_wrtn sda 0.47 2.22 9.06 2989621 12195182 dm-0 0.92 2.18 9.02 2933994 12133400 dm-1 0.00 0.00 0.01 5938 7548#mpstat:03:44:41 PM CPU %usr %nice %sys %iowait %irq %soft %steal %guest %gnice %idle 03:44:41 PM all 1.48 0.00 2.81 0.02 0.00 0.17 0.00 0.00 0.00 95.53 03:44:41 PM 0 1.45 0.00 3.20 0.01 0.00 0.00 0.00 0.00 0.00 95.34 03:44:41 PM 1 1.50 0.01 2.42 0.02 0.00 0.33 0.00 0.00 0.00 95.72#vmstat:procs -----------memory---------- ---swap-- -----io---- -system-- ------cpu----- r b swpd free buff cache si so bi bo in cs us sy id wa st 0 0 7948 1129604 328920 1803652 0 0 1 5 7 9 1 3 96 0 0
#date:Mon Jul 15 15:45:41 CEST 2019#hostname:10.214.222.202 #SWAP:Swap: 8.0G 7.8M 8.0G#RAM:Mem: 3.9G 753M 1.1G 34M 2.0G 2.7G#Disk:Filesystem Size Used Avail Use% Mounted on /dev/mapper/sopvpyves--vg-root 39G 11G 27G 29% /#Load:loadaverage:0.00,#Network:Iface MTU Met RX-OK RX-ERR RX-DRP RX-OVR TX-OK TX-ERR TX-DRP TX-OVR Flg ens160 1500 0 363700788 0 3 0 359905939 0 0 0 BMRU #iostat:avg-cpu: %user %nice %system %iowait %steal %idle 1.48 0.00 2.97 0.02 0.00 95.53#iooperation:Device: tps kB_read/s kB_wrtn/s kB_read kB_wrtn sda 0.47 2.22 9.06 2989621 12195950 dm-0 0.92 2.18 9.02 2933994 12134168 dm-1 0.00 0.00 0.01 5938 7548#mpstat:03:45:41 PM CPU %usr %nice %sys %iowait %irq %soft %steal %guest %gnice %idle 03:45:41 PM all 1.48 0.00 2.81 0.02 0.00 0.17 0.00 0.00 0.00 95.53 03:45:41 PM 0 1.45 0.00 3.20 0.01 0.00 0.00 0.00 0.00 0.00 95.34 03:45:41 PM 1 1.50 0.01 2.42 0.02 0.00 0.33 0.00 0.00 0.00 95.72#vmstat:procs -----------memory---------- ---swap-- -----io---- -system-- ------cpu----- r b swpd free buff cache si so bi bo in cs us sy id wa st 0 0 7948 1132832 328924 1804220 0 0 1 5 7 9 1 3 96 0 0
#date:Mon Jul 15 15:46:41 CEST 2019#hostname:10.214.222.202 #SWAP:Swap: 8.0G 7.8M 8.0G#RAM:Mem: 3.9G 721M 1.1G 34M 2.0G 2.8G#Disk:Filesystem Size Used Avail Use% Mounted on /dev/mapper/sopvpyves--vg-root 39G 11G 27G 29% /#Load:loadaverage:0.28,#Network:Iface MTU Met RX-OK RX-ERR RX-DRP RX-OVR TX-OK TX-ERR TX-DRP TX-OVR Flg ens160 1500 0 363706153 0 3 0 359910761 0 0 0 BMRU #iostat:avg-cpu: %user %nice %system %iowait %steal %idle 1.48 0.00 2.97 0.02 0.00 95.53#iooperation:Device: tps kB_read/s kB_wrtn/s kB_read kB_wrtn sda 0.47 2.22 9.06 2989621 12196662 dm-0 0.92 2.18 9.02 2933994 12134880 dm-1 0.00 0.00 0.01 5938 7548#mpstat:03:46:41 PM CPU %usr %nice %sys %iowait %irq %soft %steal %guest %gnice %idle 03:46:41 PM all 1.48 0.00 2.81 0.02 0.00 0.17 0.00 0.00 0.00 95.53 03:46:41 PM 0 1.45 0.00 3.20 0.01 0.00 0.00 0.00 0.00 0.00 95.34 03:46:41 PM 1 1.50 0.01 2.42 0.02 0.00 0.33 0.00 0.00 0.00 95.72#vmstat:procs -----------memory---------- ---swap-- -----io---- -system-- ------cpu----- r b swpd free buff cache si so bi bo in cs us sy id wa st 0 0 7948 1166016 328928 1804796 0 0 1 5 7 9 1 3 96 0 0
#date:Mon Jul 15 15:47:41 CEST 2019#hostname:10.214.222.202 #SWAP:Swap: 8.0G 7.8M 8.0G#RAM:Mem: 3.9G 757M 1.1G 34M 2.0G 2.7G#Disk:Filesystem Size Used Avail Use% Mounted on /dev/mapper/sopvpyves--vg-root 39G 11G 27G 29% /#Load:loadaverage:0.31,#Network:Iface MTU Met RX-OK RX-ERR RX-DRP RX-OVR TX-OK TX-ERR TX-DRP TX-OVR Flg ens160 1500 0 363711467 0 3 0 359915602 0 0 0 BMRU #iostat:avg-cpu: %user %nice %system %iowait %steal %idle 1.48 0.00 2.97 0.02 0.00 95.53#iooperation:Device: tps kB_read/s kB_wrtn/s kB_read kB_wrtn sda 0.47 2.22 9.06 2989621 12197354 dm-0 0.92 2.18 9.02 2933994 12135572 dm-1 0.00 0.00 0.01 5938 7548#mpstat:03:47:41 PM CPU %usr %nice %sys %iowait %irq %soft %steal %guest %gnice %idle 03:47:41 PM all 1.48 0.00 2.81 0.02 0.00 0.17 0.00 0.00 0.00 95.53 03:47:41 PM 0 1.45 0.00 3.20 0.01 0.00 0.00 0.00 0.00 0.00 95.34 03:47:41 PM 1 1.50 0.01 2.42 0.02 0.00 0.33 0.00 0.00 0.00 95.72#vmstat:procs -----------memory---------- ---swap-- -----io---- -system-- ------cpu----- r b swpd free buff cache si so bi bo in cs us sy id wa st 0 0 7948 1128576 328928 1805164 0 0 1 5 7 9 1 3 96 0 0
#date:Mon Jul 15 15:48:41 CEST 2019#hostname:10.214.222.202 #SWAP:Swap: 8.0G 7.8M 8.0G#RAM:Mem: 3.9G 753M 1.1G 34M 2.0G 2.7G#Disk:Filesystem Size Used Avail Use% Mounted on /dev/mapper/sopvpyves--vg-root 39G 11G 27G 29% /#Load:loadaverage:0.34,#Network:Iface MTU Met RX-OK RX-ERR RX-DRP RX-OVR TX-OK TX-ERR TX-DRP TX-OVR Flg ens160 1500 0 363716712 0 3 0 359920420 0 0 0 BMRU #iostat:avg-cpu: %user %nice %system %iowait %steal %idle 1.48 0.00 2.97 0.02 0.00 95.53#iooperation:Device: tps kB_read/s kB_wrtn/s kB_read kB_wrtn sda 0.47 2.22 9.06 2989621 12198002 dm-0 0.92 2.18 9.02 2933994 12136220 dm-1 0.00 0.00 0.01 5938 7548#mpstat:03:48:42 PM CPU %usr %nice %sys %iowait %irq %soft %steal %guest %gnice %idle 03:48:42 PM all 1.48 0.00 2.81 0.02 0.00 0.17 0.00 0.00 0.00 95.53 03:48:42 PM 0 1.45 0.00 3.20 0.01 0.00 0.00 0.00 0.00 0.00 95.34 03:48:42 PM 1 1.50 0.01 2.42 0.02 0.00 0.33 0.00 0.00 0.00 95.72#vmstat:procs -----------memory---------- ---swap-- -----io---- -system-- ------cpu----- r b swpd free buff cache si so bi bo in cs us sy id wa st 0 0 7948 1133428 328940 1805676 0 0 1 5 7 9 1 3 96 0 0
#date:Mon Jul 15 15:49:42 CEST 2019#hostname:10.214.222.202 #SWAP:Swap: 8.0G 7.8M 8.0G#RAM:Mem: 3.9G 727M 1.1G 34M 2.0G 2.8G#Disk:Filesystem Size Used Avail Use% Mounted on /dev/mapper/sopvpyves--vg-root 39G 11G 27G 29% /#Load:loadaverage:0.12,#Network:Iface MTU Met RX-OK RX-ERR RX-DRP RX-OVR TX-OK TX-ERR TX-DRP TX-OVR Flg ens160 1500 0 363722178 0 3 0 359925399 0 0 0 BMRU #iostat:avg-cpu: %user %nice %system %iowait %steal %idle 1.48 0.00 2.97 0.02 0.00 95.53#iooperation:Device: tps kB_read/s kB_wrtn/s kB_read kB_wrtn sda 0.47 2.22 9.06 2989621 12198958 dm-0 0.92 2.18 9.02 2933994 12137176 dm-1 0.00 0.00 0.01 5938 7548#mpstat:03:49:42 PM CPU %usr %nice %sys %iowait %irq %soft %steal %guest %gnice %idle 03:49:42 PM all 1.48 0.00 2.81 0.02 0.00 0.17 0.00 0.00 0.00 95.53 03:49:42 PM 0 1.45 0.00 3.20 0.01 0.00 0.00 0.00 0.00 0.00 95.34 03:49:42 PM 1 1.50 0.01 2.41 0.02 0.00 0.33 0.00 0.00 0.00 95.72#vmstat:procs -----------memory---------- ---swap-- -----io---- -system-- ------cpu----- r b swpd free buff cache si so bi bo in cs us sy id wa st 0 0 7948 1157876 328940 1806208 0 0 1 5 7 9 1 3 96 0 0
#date:Mon Jul 15 15:50:42 CEST 2019#hostname:10.214.222.202 #SWAP:Swap: 8.0G 7.8M 8.0G#RAM:Mem: 3.9G 757M 1.1G 34M 2.0G 2.7G#Disk:Filesystem Size Used Avail Use% Mounted on /dev/mapper/sopvpyves--vg-root 39G 11G 27G 29% /#Load:loadaverage:0.04,#Network:Iface MTU Met RX-OK RX-ERR RX-DRP RX-OVR TX-OK TX-ERR TX-DRP TX-OVR Flg ens160 1500 0 363727599 0 3 0 359930369 0 0 0 BMRU #iostat:avg-cpu: %user %nice %system %iowait %steal %idle 1.48 0.00 2.97 0.02 0.00 95.53#iooperation:Device: tps kB_read/s kB_wrtn/s kB_read kB_wrtn sda 0.47 2.22 9.07 2989621 12199682 dm-0 0.92 2.18 9.02 2933994 12137900 dm-1 0.00 0.00 0.01 5938 7548#mpstat:03:50:42 PM CPU %usr %nice %sys %iowait %irq %soft %steal %guest %gnice %idle 03:50:42 PM all 1.48 0.00 2.81 0.02 0.00 0.17 0.00 0.00 0.00 95.53 03:50:42 PM 0 1.45 0.00 3.20 0.01 0.00 0.00 0.00 0.00 0.00 95.34 03:50:42 PM 1 1.50 0.01 2.41 0.02 0.00 0.33 0.00 0.00 0.00 95.72#vmstat:procs -----------memory---------- ---swap-- -----io---- -system-- ------cpu----- r b swpd free buff cache si so bi bo in cs us sy id wa st 0 0 7948 1127592 328944 1806796 0 0 1 5 7 9 1 3 96 0 0
#date:Mon Jul 15 15:51:42 CEST 2019#hostname:10.214.222.202 #SWAP:Swap: 8.0G 7.8M 8.0G#RAM:Mem: 3.9G 725M 1.1G 34M 2.0G 2.8G#Disk:Filesystem Size Used Avail Use% Mounted on /dev/mapper/sopvpyves--vg-root 39G 11G 27G 29% /#Load:loadaverage:0.01,#Network:Iface MTU Met RX-OK RX-ERR RX-DRP RX-OVR TX-OK TX-ERR TX-DRP TX-OVR Flg ens160 1500 0 363733086 0 3 0 359935346 0 0 0 BMRU #iostat:avg-cpu: %user %nice %system %iowait %steal %idle 1.48 0.00 2.97 0.02 0.00 95.53#iooperation:Device: tps kB_read/s kB_wrtn/s kB_read kB_wrtn sda 0.47 2.22 9.07 2989621 12200514 dm-0 0.92 2.18 9.02 2933994 12138732 dm-1 0.00 0.00 0.01 5938 7548#mpstat:03:51:42 PM CPU %usr %nice %sys %iowait %irq %soft %steal %guest %gnice %idle 03:51:42 PM all 1.48 0.00 2.81 0.02 0.00 0.17 0.00 0.00 0.00 95.53 03:51:42 PM 0 1.45 0.00 3.20 0.01 0.00 0.00 0.00 0.00 0.00 95.34 03:51:42 PM 1 1.50 0.01 2.41 0.02 0.00 0.33 0.00 0.00 0.00 95.72#vmstat:procs -----------memory---------- ---swap-- -----io---- -system-- ------cpu----- r b swpd free buff cache si so bi bo in cs us sy id wa st 0 0 7948 1157856 328944 1807100 0 0 1 5 7 9 1 3 96 0 0
#date:Mon Jul 15 15:52:42 CEST 2019#hostname:10.214.222.202 #SWAP:Swap: 8.0G 7.8M 8.0G#RAM:Mem: 3.9G 757M 1.1G 34M 2.0G 2.7G#Disk:Filesystem Size Used Avail Use% Mounted on /dev/mapper/sopvpyves--vg-root 39G 11G 27G 29% /#Load:loadaverage:0.00,#Network:Iface MTU Met RX-OK RX-ERR RX-DRP RX-OVR TX-OK TX-ERR TX-DRP TX-OVR Flg ens160 1500 0 363738510 0 3 0 359940296 0 0 0 BMRU #iostat:avg-cpu: %user %nice %system %iowait %steal %idle 1.48 0.00 2.97 0.02 0.00 95.53#iooperation:Device: tps kB_read/s kB_wrtn/s kB_read kB_wrtn sda 0.47 2.22 9.07 2989621 12201202 dm-0 0.92 2.18 9.02 2933994 12139420 dm-1 0.00 0.00 0.01 5938 7548#mpstat:03:52:42 PM CPU %usr %nice %sys %iowait %irq %soft %steal %guest %gnice %idle 03:52:42 PM all 1.48 0.00 2.81 0.02 0.00 0.17 0.00 0.00 0.00 95.53 03:52:42 PM 0 1.45 0.00 3.20 0.01 0.00 0.00 0.00 0.00 0.00 95.34 03:52:42 PM 1 1.50 0.01 2.41 0.02 0.00 0.33 0.00 0.00 0.00 95.72#vmstat:procs -----------memory---------- ---swap-- -----io---- -system-- ------cpu----- r b swpd free buff cache si so bi bo in cs us sy id wa st 0 0 7948 1125848 328948 1807596 0 0 1 5 7 9 1 3 96 0 0
#date:Mon Jul 15 15:53:42 CEST 2019#hostname:10.214.222.202 #SWAP:Swap: 8.0G 7.8M 8.0G#RAM:Mem: 3.9G 755M 1.1G 34M 2.0G 2.7G#Disk:Filesystem Size Used Avail Use% Mounted on /dev/mapper/sopvpyves--vg-root 39G 11G 27G 29% /#Load:loadaverage:0.07,#Network:Iface MTU Met RX-OK RX-ERR RX-DRP RX-OVR TX-OK TX-ERR TX-DRP TX-OVR Flg ens160 1500 0 363744006 0 3 0 359945352 0 0 0 BMRU #iostat:avg-cpu: %user %nice %system %iowait %steal %idle 1.48 0.00 2.97 0.02 0.00 95.53#iooperation:Device: tps kB_read/s kB_wrtn/s kB_read kB_wrtn sda 0.47 2.22 9.07 2989621 12201790 dm-0 0.92 2.18 9.02 2933994 12140008 dm-1 0.00 0.00 0.01 5938 7548#mpstat:03:53:43 PM CPU %usr %nice %sys %iowait %irq %soft %steal %guest %gnice %idle 03:53:43 PM all 1.48 0.00 2.81 0.02 0.00 0.17 0.00 0.00 0.00 95.53 03:53:43 PM 0 1.45 0.00 3.20 0.01 0.00 0.00 0.00 0.00 0.00 95.34 03:53:43 PM 1 1.50 0.01 2.41 0.02 0.00 0.33 0.00 0.00 0.00 95.72#vmstat:procs -----------memory---------- ---swap-- -----io---- -system-- ------cpu----- r b swpd free buff cache si so bi bo in cs us sy id wa st 0 0 7948 1127924 328948 1807976 0 0 1 5 7 9 1 3 96 0 0
#date:Mon Jul 15 15:54:43 CEST 2019#hostname:10.214.222.202 #SWAP:Swap: 8.0G 7.8M 8.0G#RAM:Mem: 3.9G 745M 1.1G 34M 2.0G 2.7G#Disk:Filesystem Size Used Avail Use% Mounted on /dev/mapper/sopvpyves--vg-root 39G 11G 27G 29% /#Load:loadaverage:0.02,#Network:Iface MTU Met RX-OK RX-ERR RX-DRP RX-OVR TX-OK TX-ERR TX-DRP TX-OVR Flg ens160 1500 0 363749612 0 3 0 359950453 0 0 0 BMRU #iostat:avg-cpu: %user %nice %system %iowait %steal %idle 1.48 0.00 2.97 0.02 0.00 95.53#iooperation:Device: tps kB_read/s kB_wrtn/s kB_read kB_wrtn sda 0.47 2.22 9.07 2989621 12202610 dm-0 0.92 2.18 9.02 2933994 12140828 dm-1 0.00 0.00 0.01 5938 7548#mpstat:03:54:43 PM CPU %usr %nice %sys %iowait %irq %soft %steal %guest %gnice %idle 03:54:43 PM all 1.48 0.00 2.81 0.02 0.00 0.17 0.00 0.00 0.00 95.53 03:54:43 PM 0 1.45 0.00 3.20 0.01 0.00 0.00 0.00 0.00 0.00 95.34 03:54:43 PM 1 1.50 0.01 2.41 0.02 0.00 0.33 0.00 0.00 0.00 95.72#vmstat:procs -----------memory---------- ---swap-- -----io---- -system-- ------cpu----- r b swpd free buff cache si so bi bo in cs us sy id wa st 0 0 7948 1137656 328952 1808500 0 0 1 5 7 9 1 3 96 0 0
#date:Mon Jul 15 15:55:43 CEST 2019#hostname:10.214.222.202 #SWAP:Swap: 8.0G 7.8M 8.0G#RAM:Mem: 3.9G 739M 1.1G 34M 2.0G 2.8G#Disk:Filesystem Size Used Avail Use% Mounted on /dev/mapper/sopvpyves--vg-root 39G 11G 27G 29% /#Load:loadaverage:0.01,#Network:Iface MTU Met RX-OK RX-ERR RX-DRP RX-OVR TX-OK TX-ERR TX-DRP TX-OVR Flg ens160 1500 0 363755146 0 3 0 359955446 0 0 0 BMRU #iostat:avg-cpu: %user %nice %system %iowait %steal %idle 1.48 0.00 2.97 0.02 0.00 95.53#iooperation:Device: tps kB_read/s kB_wrtn/s kB_read kB_wrtn sda 0.47 2.22 9.07 2989621 12203386 dm-0 0.92 2.18 9.02 2933994 12141604 dm-1 0.00 0.00 0.01 5938 7548#mpstat:03:55:43 PM CPU %usr %nice %sys %iowait %irq %soft %steal %guest %gnice %idle 03:55:43 PM all 1.48 0.00 2.81 0.02 0.00 0.17 0.00 0.00 0.00 95.53 03:55:43 PM 0 1.45 0.00 3.20 0.01 0.00 0.00 0.00 0.00 0.00 95.34 03:55:43 PM 1 1.50 0.01 2.41 0.02 0.00 0.33 0.00 0.00 0.00 95.72#vmstat:procs -----------memory---------- ---swap-- -----io---- -system-- ------cpu----- r b swpd free buff cache si so bi bo in cs us sy id wa st 0 0 7948 1143416 328960 1809000 0 0 1 5 7 9 1 3 96 0 0
#date:Mon Jul 15 15:56:43 CEST 2019#hostname:10.214.222.202 #SWAP:Swap: 8.0G 7.8M 8.0G#RAM:Mem: 3.9G 720M 1.1G 34M 2.0G 2.8G#Disk:Filesystem Size Used Avail Use% Mounted on /dev/mapper/sopvpyves--vg-root 39G 11G 27G 29% /#Load:loadaverage:0.00,#Network:Iface MTU Met RX-OK RX-ERR RX-DRP RX-OVR TX-OK TX-ERR TX-DRP TX-OVR Flg ens160 1500 0 363760768 0 3 0 359960541 0 0 0 BMRU #iostat:avg-cpu: %user %nice %system %iowait %steal %idle 1.48 0.00 2.97 0.02 0.00 95.53#iooperation:Device: tps kB_read/s kB_wrtn/s kB_read kB_wrtn sda 0.47 2.22 9.07 2989621 12204094 dm-0 0.92 2.18 9.02 2933994 12142312 dm-1 0.00 0.00 0.01 5938 7548#mpstat:03:56:43 PM CPU %usr %nice %sys %iowait %irq %soft %steal %guest %gnice %idle 03:56:43 PM all 1.48 0.00 2.81 0.02 0.00 0.17 0.00 0.00 0.00 95.53 03:56:43 PM 0 1.45 0.00 3.20 0.01 0.00 0.00 0.00 0.00 0.00 95.34 03:56:43 PM 1 1.50 0.01 2.41 0.02 0.00 0.33 0.00 0.00 0.00 95.72#vmstat:procs -----------memory---------- ---swap-- -----io---- -system-- ------cpu----- r b swpd free buff cache si so bi bo in cs us sy id wa st 0 0 7948 1163208 328964 1809532 0 0 1 5 7 9 1 3 96 0 0
#date:Mon Jul 15 15:57:43 CEST 2019#hostname:10.214.222.202 #SWAP:Swap: 8.0G 7.8M 8.0G#RAM:Mem: 3.9G 761M 1.1G 34M 2.0G 2.7G#Disk:Filesystem Size Used Avail Use% Mounted on /dev/mapper/sopvpyves--vg-root 39G 11G 27G 29% /#Load:loadaverage:0.07,#Network:Iface MTU Met RX-OK RX-ERR RX-DRP RX-OVR TX-OK TX-ERR TX-DRP TX-OVR Flg ens160 1500 0 363766382 0 3 0 359965689 0 0 0 BMRU #iostat:avg-cpu: %user %nice %system %iowait %steal %idle 1.48 0.00 2.97 0.02 0.00 95.53#iooperation:Device: tps kB_read/s kB_wrtn/s kB_read kB_wrtn sda 0.47 2.22 9.07 2989621 12204826 dm-0 0.92 2.18 9.02 2933994 12143044 dm-1 0.00 0.00 0.01 5938 7548#mpstat:03:57:43 PM CPU %usr %nice %sys %iowait %irq %soft %steal %guest %gnice %idle 03:57:43 PM all 1.48 0.00 2.81 0.02 0.00 0.17 0.00 0.00 0.00 95.53 03:57:43 PM 0 1.45 0.00 3.20 0.01 0.00 0.00 0.00 0.00 0.00 95.34 03:57:43 PM 1 1.50 0.01 2.41 0.02 0.00 0.33 0.00 0.00 0.00 95.72#vmstat:procs -----------memory---------- ---swap-- -----io---- -system-- ------cpu----- r b swpd free buff cache si so bi bo in cs us sy id wa st 0 0 7948 1119544 328968 1810036 0 0 1 5 7 9 1 3 96 0 0
#date:Mon Jul 15 15:58:43 CEST 2019#hostname:10.214.222.202 #SWAP:Swap: 8.0G 7.8M 8.0G#RAM:Mem: 3.9G 732M 1.1G 34M 2.0G 2.8G#Disk:Filesystem Size Used Avail Use% Mounted on /dev/mapper/sopvpyves--vg-root 39G 11G 27G 29% /#Load:loadaverage:0.07,#Network:Iface MTU Met RX-OK RX-ERR RX-DRP RX-OVR TX-OK TX-ERR TX-DRP TX-OVR Flg ens160 1500 0 363771935 0 3 0 359970792 0 0 0 BMRU #iostat:avg-cpu: %user %nice %system %iowait %steal %idle 1.48 0.00 2.97 0.02 0.00 95.53#iooperation:Device: tps kB_read/s kB_wrtn/s kB_read kB_wrtn sda 0.47 2.22 9.07 2989621 12205562 dm-0 0.92 2.18 9.02 2933994 12143780 dm-1 0.00 0.00 0.01 5938 7548#mpstat:03:58:43 PM CPU %usr %nice %sys %iowait %irq %soft %steal %guest %gnice %idle 03:58:43 PM all 1.48 0.00 2.81 0.02 0.00 0.17 0.00 0.00 0.00 95.53 03:58:43 PM 0 1.45 0.00 3.20 0.01 0.00 0.00 0.00 0.00 0.00 95.34 03:58:43 PM 1 1.50 0.01 2.41 0.02 0.00 0.33 0.00 0.00 0.00 95.72#vmstat:procs -----------memory---------- ---swap-- -----io---- -system-- ------cpu----- r b swpd free buff cache si so bi bo in cs us sy id wa st 0 0 7948 1149428 328972 1810508 0 0 1 5 7 9 1 3 96 0 0
#date:Mon Jul 15 15:59:44 CEST 2019#hostname:10.214.222.202 #SWAP:Swap: 8.0G 7.8M 8.0G#RAM:Mem: 3.9G 762M 1.1G 34M 2.0G 2.7G#Disk:Filesystem Size Used Avail Use% Mounted on /dev/mapper/sopvpyves--vg-root 39G 11G 27G 29% /#Load:loadaverage:0.06,#Network:Iface MTU Met RX-OK RX-ERR RX-DRP RX-OVR TX-OK TX-ERR TX-DRP TX-OVR Flg ens160 1500 0 363777676 0 3 0 359976003 0 0 0 BMRU #iostat:avg-cpu: %user %nice %system %iowait %steal %idle 1.48 0.00 2.97 0.02 0.00 95.53#iooperation:Device: tps kB_read/s kB_wrtn/s kB_read kB_wrtn sda 0.47 2.22 9.07 2989621 12206302 dm-0 0.92 2.18 9.02 2933994 12144520 dm-1 0.00 0.00 0.01 5938 7548#mpstat:03:59:44 PM CPU %usr %nice %sys %iowait %irq %soft %steal %guest %gnice %idle 03:59:44 PM all 1.48 0.00 2.81 0.02 0.00 0.17 0.00 0.00 0.00 95.53 03:59:44 PM 0 1.45 0.00 3.20 0.01 0.00 0.00 0.00 0.00 0.00 95.34 03:59:44 PM 1 1.50 0.01 2.41 0.02 0.00 0.33 0.00 0.00 0.00 95.72#vmstat:procs -----------memory---------- ---swap-- -----io---- -system-- ------cpu----- r b swpd free buff cache si so bi bo in cs us sy id wa st 0 0 7948 1117404 328980 1810972 0 0 1 5 7 9 1 3 96 0 0
#date:Mon Jul 15 16:00:44 CEST 2019#hostname:10.214.222.202 #SWAP:Swap: 8.0G 7.8M 8.0G#RAM:Mem: 3.9G 764M 1.1G 34M 2.0G 2.7G#Disk:Filesystem Size Used Avail Use% Mounted on /dev/mapper/sopvpyves--vg-root 39G 11G 27G 29% /#Load:loadaverage:0.07,#Network:Iface MTU Met RX-OK RX-ERR RX-DRP RX-OVR TX-OK TX-ERR TX-DRP TX-OVR Flg ens160 1500 0 363783340 0 3 0 359981310 0 0 0 BMRU #iostat:avg-cpu: %user %nice %system %iowait %steal %idle 1.48 0.00 2.97 0.02 0.00 95.53#iooperation:Device: tps kB_read/s kB_wrtn/s kB_read kB_wrtn sda 0.47 2.22 9.07 2989621 12207074 dm-0 0.92 2.18 9.02 2933994 12145292 dm-1 0.00 0.00 0.01 5938 7548#mpstat:04:00:44 PM CPU %usr %nice %sys %iowait %irq %soft %steal %guest %gnice %idle 04:00:44 PM all 1.48 0.00 2.81 0.02 0.00 0.17 0.00 0.00 0.00 95.53 04:00:44 PM 0 1.45 0.00 3.20 0.01 0.00 0.00 0.00 0.00 0.00 95.34 04:00:44 PM 1 1.50 0.01 2.41 0.02 0.00 0.33 0.00 0.00 0.00 95.72#vmstat:procs -----------memory---------- ---swap-- -----io---- -system-- ------cpu----- r b swpd free buff cache si so bi bo in cs us sy id wa st 0 0 7948 1115548 328984 1811384 0 0 1 5 7 9 1 3 96 0 0
#date:Mon Jul 15 16:01:44 CEST 2019#hostname:10.214.222.202 #SWAP:Swap: 8.0G 7.8M 8.0G#RAM:Mem: 3.9G 766M 1.1G 34M 2.0G 2.7G#Disk:Filesystem Size Used Avail Use% Mounted on /dev/mapper/sopvpyves--vg-root 39G 11G 27G 29% /#Load:loadaverage:0.02,#Network:Iface MTU Met RX-OK RX-ERR RX-DRP RX-OVR TX-OK TX-ERR TX-DRP TX-OVR Flg ens160 1500 0 363789091 0 3 0 359986535 0 0 0 BMRU #iostat:avg-cpu: %user %nice %system %iowait %steal %idle 1.48 0.00 2.97 0.02 0.00 95.53#iooperation:Device: tps kB_read/s kB_wrtn/s kB_read kB_wrtn sda 0.47 2.22 9.07 2989621 12207790 dm-0 0.92 2.18 9.02 2933994 12146008 dm-1 0.00 0.00 0.01 5938 7548#mpstat:04:01:44 PM CPU %usr %nice %sys %iowait %irq %soft %steal %guest %gnice %idle 04:01:44 PM all 1.48 0.00 2.80 0.02 0.00 0.17 0.00 0.00 0.00 95.53 04:01:44 PM 0 1.45 0.00 3.19 0.01 0.00 0.00 0.00 0.00 0.00 95.34 04:01:44 PM 1 1.50 0.01 2.41 0.02 0.00 0.33 0.00 0.00 0.00 95.72#vmstat:procs -----------memory---------- ---swap-- -----io---- -system-- ------cpu----- r b swpd free buff cache si so bi bo in cs us sy id wa st 0 0 7948 1113360 328984 1812212 0 0 1 5 7 9 1 3 96 0 0
#date:Mon Jul 15 16:02:44 CEST 2019#hostname:10.214.222.202 #SWAP:Swap: 8.0G 7.8M 8.0G#RAM:Mem: 3.9G 766M 1.1G 34M 2.0G 2.7G#Disk:Filesystem Size Used Avail Use% Mounted on /dev/mapper/sopvpyves--vg-root 39G 11G 27G 29% /#Load:loadaverage:0.01,#Network:Iface MTU Met RX-OK RX-ERR RX-DRP RX-OVR TX-OK TX-ERR TX-DRP TX-OVR Flg ens160 1500 0 363794722 0 3 0 359991687 0 0 0 BMRU #iostat:avg-cpu: %user %nice %system %iowait %steal %idle 1.48 0.00 2.97 0.02 0.00 95.53#iooperation:Device: tps kB_read/s kB_wrtn/s kB_read kB_wrtn sda 0.47 2.22 9.07 2989621 12208542 dm-0 0.92 2.18 9.02 2933994 12146760 dm-1 0.00 0.00 0.01 5938 7548#mpstat:04:02:44 PM CPU %usr %nice %sys %iowait %irq %soft %steal %guest %gnice %idle 04:02:44 PM all 1.48 0.00 2.80 0.02 0.00 0.17 0.00 0.00 0.00 95.53 04:02:44 PM 0 1.45 0.00 3.19 0.01 0.00 0.00 0.00 0.00 0.00 95.34 04:02:44 PM 1 1.50 0.01 2.41 0.02 0.00 0.33 0.00 0.00 0.00 95.72#vmstat:procs -----------memory---------- ---swap-- -----io---- -system-- ------cpu----- r b swpd free buff cache si so bi bo in cs us sy id wa st 0 0 7948 1111816 328988 1812672 0 0 1 5 7 9 1 3 96 0 0
#date:Mon Jul 15 16:03:44 CEST 2019#hostname:10.214.222.202 #SWAP:Swap: 8.0G 7.8M 8.0G#RAM:Mem: 3.9G 766M 1.1G 34M 2.0G 2.7G#Disk:Filesystem Size Used Avail Use% Mounted on /dev/mapper/sopvpyves--vg-root 39G 11G 27G 29% /#Load:loadaverage:0.00,#Network:Iface MTU Met RX-OK RX-ERR RX-DRP RX-OVR TX-OK TX-ERR TX-DRP TX-OVR Flg ens160 1500 0 363800422 0 3 0 359996896 0 0 0 BMRU #iostat:avg-cpu: %user %nice %system %iowait %steal %idle 1.48 0.00 2.97 0.02 0.00 95.53#iooperation:Device: tps kB_read/s kB_wrtn/s kB_read kB_wrtn sda 0.47 2.22 9.07 2989621 12209338 dm-0 0.92 2.18 9.02 2933994 12147556 dm-1 0.00 0.00 0.01 5938 7548#mpstat:04:03:44 PM CPU %usr %nice %sys %iowait %irq %soft %steal %guest %gnice %idle 04:03:44 PM all 1.48 0.00 2.80 0.02 0.00 0.17 0.00 0.00 0.00 95.53 04:03:44 PM 0 1.45 0.00 3.19 0.01 0.00 0.00 0.00 0.00 0.00 95.34 04:03:44 PM 1 1.50 0.01 2.41 0.02 0.00 0.33 0.00 0.00 0.00 95.72#vmstat:procs -----------memory---------- ---swap-- -----io---- -system-- ------cpu----- r b swpd free buff cache si so bi bo in cs us sy id wa st 0 0 7948 1110900 328992 1813136 0 0 1 5 7 9 1 3 96 0 0
#date:Mon Jul 15 16:04:44 CEST 2019#hostname:10.214.222.202 #SWAP:Swap: 8.0G 7.8M 8.0G#RAM:Mem: 3.9G 770M 1.1G 34M 2.0G 2.7G#Disk:Filesystem Size Used Avail Use% Mounted on /dev/mapper/sopvpyves--vg-root 39G 11G 27G 29% /#Load:loadaverage:0.00,#Network:Iface MTU Met RX-OK RX-ERR RX-DRP RX-OVR TX-OK TX-ERR TX-DRP TX-OVR Flg ens160 1500 0 363806353 0 3 0 360002315 0 0 0 BMRU #iostat:avg-cpu: %user %nice %system %iowait %steal %idle 1.48 0.00 2.97 0.02 0.00 95.53#iooperation:Device: tps kB_read/s kB_wrtn/s kB_read kB_wrtn sda 0.47 2.22 9.07 2989621 12210166 dm-0 0.92 2.18 9.02 2933994 12148384 dm-1 0.00 0.00 0.01 5938 7548#mpstat:04:04:45 PM CPU %usr %nice %sys %iowait %irq %soft %steal %guest %gnice %idle 04:04:45 PM all 1.48 0.00 2.80 0.02 0.00 0.17 0.00 0.00 0.00 95.53 04:04:45 PM 0 1.45 0.00 3.19 0.01 0.00 0.00 0.00 0.00 0.00 95.34 04:04:45 PM 1 1.50 0.01 2.41 0.02 0.00 0.33 0.00 0.00 0.00 95.72#vmstat:procs -----------memory---------- ---swap-- -----io---- -system-- ------cpu----- r b swpd free buff cache si so bi bo in cs us sy id wa st 0 0 7948 1108204 328996 1813632 0 0 1 5 7 9 1 3 96 0 0
#date:Mon Jul 15 16:05:45 CEST 2019#hostname:10.214.222.202 #SWAP:Swap: 8.0G 7.8M 8.0G#RAM:Mem: 3.9G 769M 1.1G 34M 2.0G 2.7G#Disk:Filesystem Size Used Avail Use% Mounted on /dev/mapper/sopvpyves--vg-root 39G 11G 27G 29% /#Load:loadaverage:0.00,#Network:Iface MTU Met RX-OK RX-ERR RX-DRP RX-OVR TX-OK TX-ERR TX-DRP TX-OVR Flg ens160 1500 0 363812200 0 3 0 360007649 0 0 0 BMRU #iostat:avg-cpu: %user %nice %system %iowait %steal %idle 1.48 0.00 2.97 0.02 0.00 95.53#iooperation:Device: tps kB_read/s kB_wrtn/s kB_read kB_wrtn sda 0.47 2.22 9.07 2989621 12210962 dm-0 0.92 2.18 9.02 2933994 12149180 dm-1 0.00 0.00 0.01 5938 7548#mpstat:04:05:45 PM CPU %usr %nice %sys %iowait %irq %soft %steal %guest %gnice %idle 04:05:45 PM all 1.48 0.00 2.80 0.02 0.00 0.17 0.00 0.00 0.00 95.53 04:05:45 PM 0 1.45 0.00 3.19 0.01 0.00 0.00 0.00 0.00 0.00 95.34 04:05:45 PM 1 1.50 0.01 2.41 0.02 0.00 0.33 0.00 0.00 0.00 95.72#vmstat:procs -----------memory---------- ---swap-- -----io---- -system-- ------cpu----- r b swpd free buff cache si so bi bo in cs us sy id wa st 0 0 7948 1106820 329000 1814168 0 0 1 5 7 9 1 3 96 0 0
#date:Mon Jul 15 16:06:45 CEST 2019#hostname:10.214.222.202 #SWAP:Swap: 8.0G 7.8M 8.0G#RAM:Mem: 3.9G 742M 1.1G 34M 2.0G 2.8G#Disk:Filesystem Size Used Avail Use% Mounted on /dev/mapper/sopvpyves--vg-root 39G 11G 27G 29% /#Load:loadaverage:0.00,#Network:Iface MTU Met RX-OK RX-ERR RX-DRP RX-OVR TX-OK TX-ERR TX-DRP TX-OVR Flg ens160 1500 0 363818188 0 3 0 360012986 0 0 0 BMRU #iostat:avg-cpu: %user %nice %system %iowait %steal %idle 1.48 0.00 2.97 0.02 0.00 95.53#iooperation:Device: tps kB_read/s kB_wrtn/s kB_read kB_wrtn sda 0.47 2.22 9.07 2989621 12211638 dm-0 0.92 2.18 9.02 2933994 12149856 dm-1 0.00 0.00 0.01 5938 7548#mpstat:04:06:45 PM CPU %usr %nice %sys %iowait %irq %soft %steal %guest %gnice %idle 04:06:45 PM all 1.48 0.00 2.80 0.02 0.00 0.17 0.00 0.00 0.00 95.53 04:06:45 PM 0 1.45 0.00 3.19 0.01 0.00 0.00 0.00 0.00 0.00 95.34 04:06:45 PM 1 1.50 0.01 2.41 0.02 0.00 0.33 0.00 0.00 0.00 95.72#vmstat:procs -----------memory---------- ---swap-- -----io---- -system-- ------cpu----- r b swpd free buff cache si so bi bo in cs us sy id wa st 0 0 7948 1134956 329000 1814788 0 0 1 5 8 9 1 3 96 0 0
#date:Mon Jul 15 16:07:45 CEST 2019#hostname:10.214.222.202 #SWAP:Swap: 8.0G 7.8M 8.0G#RAM:Mem: 3.9G 761M 1.1G 34M 2.0G 2.7G#Disk:Filesystem Size Used Avail Use% Mounted on /dev/mapper/sopvpyves--vg-root 39G 11G 27G 29% /#Load:loadaverage:0.00,#Network:Iface MTU Met RX-OK RX-ERR RX-DRP RX-OVR TX-OK TX-ERR TX-DRP TX-OVR Flg ens160 1500 0 363824116 0 3 0 360018317 0 0 0 BMRU #iostat:avg-cpu: %user %nice %system %iowait %steal %idle 1.48 0.00 2.97 0.02 0.00 95.53#iooperation:Device: tps kB_read/s kB_wrtn/s kB_read kB_wrtn sda 0.47 2.22 9.07 2989621 12212418 dm-0 0.92 2.18 9.02 2933994 12150636 dm-1 0.00 0.00 0.01 5938 7548#mpstat:04:07:45 PM CPU %usr %nice %sys %iowait %irq %soft %steal %guest %gnice %idle 04:07:45 PM all 1.48 0.00 2.80 0.02 0.00 0.17 0.00 0.00 0.00 95.53 04:07:45 PM 0 1.45 0.00 3.19 0.01 0.00 0.00 0.00 0.00 0.00 95.34 04:07:45 PM 1 1.50 0.01 2.41 0.02 0.00 0.33 0.00 0.00 0.00 95.72#vmstat:procs -----------memory---------- ---swap-- -----io---- -system-- ------cpu----- r b swpd free buff cache si so bi bo in cs us sy id wa st 0 0 7948 1114908 329008 1815224 0 0 1 5 8 9 1 3 96 0 0
#date:Mon Jul 15 16:08:45 CEST 2019#hostname:10.214.222.202 #SWAP:Swap: 8.0G 7.8M 8.0G#RAM:Mem: 3.9G 764M 1.1G 34M 2.0G 2.7G#Disk:Filesystem Size Used Avail Use% Mounted on /dev/mapper/sopvpyves--vg-root 39G 11G 27G 29% /#Load:loadaverage:0.12,#Network:Iface MTU Met RX-OK RX-ERR RX-DRP RX-OVR TX-OK TX-ERR TX-DRP TX-OVR Flg ens160 1500 0 363830085 0 3 0 360023671 0 0 0 BMRU #iostat:avg-cpu: %user %nice %system %iowait %steal %idle 1.48 0.00 2.97 0.02 0.00 95.53#iooperation:Device: tps kB_read/s kB_wrtn/s kB_read kB_wrtn sda 0.47 2.22 9.07 2989621 12213026 dm-0 0.92 2.18 9.02 2933994 12151244 dm-1 0.00 0.00 0.01 5938 7548#mpstat:04:08:45 PM CPU %usr %nice %sys %iowait %irq %soft %steal %guest %gnice %idle 04:08:45 PM all 1.48 0.00 2.80 0.02 0.00 0.17 0.00 0.00 0.00 95.53 04:08:45 PM 0 1.45 0.00 3.19 0.01 0.00 0.00 0.00 0.00 0.00 95.34 04:08:45 PM 1 1.50 0.01 2.41 0.02 0.00 0.33 0.00 0.00 0.00 95.72#vmstat:procs -----------memory---------- ---swap-- -----io---- -system-- ------cpu----- r b swpd free buff cache si so bi bo in cs us sy id wa st 0 0 7948 1110608 329012 1815740 0 0 1 5 8 9 1 3 96 0 0
#date:Mon Jul 15 16:09:45 CEST 2019#hostname:10.214.222.202 #SWAP:Swap: 8.0G 7.8M 8.0G#RAM:Mem: 3.9G 761M 1.1G 34M 2.0G 2.7G#Disk:Filesystem Size Used Avail Use% Mounted on /dev/mapper/sopvpyves--vg-root 39G 11G 27G 29% /#Load:loadaverage:0.04,#Network:Iface MTU Met RX-OK RX-ERR RX-DRP RX-OVR TX-OK TX-ERR TX-DRP TX-OVR Flg ens160 1500 0 363836316 0 3 0 360029183 0 0 0 BMRU #iostat:avg-cpu: %user %nice %system %iowait %steal %idle 1.48 0.00 2.97 0.02 0.00 95.53#iooperation:Device: tps kB_read/s kB_wrtn/s kB_read kB_wrtn sda 0.47 2.22 9.07 2989621 12214122 dm-0 0.92 2.18 9.02 2933994 12152340 dm-1 0.00 0.00 0.01 5938 7548#mpstat:04:09:46 PM CPU %usr %nice %sys %iowait %irq %soft %steal %guest %gnice %idle 04:09:46 PM all 1.48 0.00 2.80 0.02 0.00 0.17 0.00 0.00 0.00 95.53 04:09:46 PM 0 1.45 0.00 3.19 0.01 0.00 0.00 0.00 0.00 0.00 95.34 04:09:46 PM 1 1.50 0.01 2.41 0.02 0.00 0.33 0.00 0.00 0.00 95.72#vmstat:procs -----------memory---------- ---swap-- -----io---- -system-- ------cpu----- r b swpd free buff cache si so bi bo in cs us sy id wa st 0 0 7948 1113268 329020 1816176 0 0 1 5 8 9 1 3 96 0 0
