#date:Mon Jul 15 14:35:25 CEST 2019#hostname:10.214.221.229 172.17.0.1 172.19.0.1 #SWAP:Swap: 8.0G 40M 8.0G#RAM:Mem: 3.9G 1.1G 140M 23M 2.6G 2.4G#Disk:Filesystem Size Used Avail Use% Mounted on /dev/mapper/sopvpyves--vg-root 39G 13G 24G 36% /#Load:loadaverage:2.18,#Network:Iface MTU Met RX-OK RX-ERR RX-DRP RX-OVR TX-OK TX-ERR TX-DRP TX-OVR Flg ens160 1500 0 324571225 0 0 0 295581629 0 0 0 BMRU #iostat:avg-cpu: %user %nice %system %iowait %steal %idle 75.49 0.00 0.59 0.02 0.00 23.89#iooperation:Device: tps kB_read/s kB_wrtn/s kB_read kB_wrtn sda 0.90 8.03 11.20 10081700 14048125 dm-0 1.58 7.99 11.12 10024130 13951520 dm-1 0.01 0.01 0.03 7962 42364#mpstat:02:35:25 PM CPU %usr %nice %sys %iowait %irq %soft %steal %guest %gnice %idle 02:35:25 PM all 75.49 0.00 0.29 0.02 0.00 0.31 0.00 0.00 0.00 23.89 02:35:25 PM 0 75.77 0.00 0.28 0.02 0.00 0.00 0.00 0.00 0.00 23.92 02:35:25 PM 1 75.21 0.00 0.29 0.02 0.00 0.61 0.00 0.00 0.00 23.86#vmstat:procs -----------memory---------- ---swap-- -----io---- -system-- ------cpu----- r b swpd free buff cache si so bi bo in cs us sy id wa st 2 0 41168 143928 326680 2430324 0 0 4 6 6 15 75 1 24 0 0
#date:Mon Jul 15 14:36:25 CEST 2019#hostname:10.214.221.229 172.17.0.1 172.19.0.1 #SWAP:Swap: 8.0G 40M 8.0G#RAM:Mem: 3.9G 1.1G 147M 23M 2.6G 2.4G#Disk:Filesystem Size Used Avail Use% Mounted on /dev/mapper/sopvpyves--vg-root 39G 13G 24G 36% /#Load:loadaverage:2.11,#Network:Iface MTU Met RX-OK RX-ERR RX-DRP RX-OVR TX-OK TX-ERR TX-DRP TX-OVR Flg ens160 1500 0 324573436 0 0 0 295582525 0 0 0 BMRU #iostat:avg-cpu: %user %nice %system %iowait %steal %idle 75.49 0.00 0.59 0.02 0.00 23.89#iooperation:Device: tps kB_read/s kB_wrtn/s kB_read kB_wrtn sda 0.90 8.03 11.20 10081716 14048801 dm-0 1.58 7.99 11.12 10024146 13952196 dm-1 0.01 0.01 0.03 7962 42364#mpstat:02:36:25 PM CPU %usr %nice %sys %iowait %irq %soft %steal %guest %gnice %idle 02:36:25 PM all 75.49 0.00 0.29 0.02 0.00 0.31 0.00 0.00 0.00 23.89 02:36:25 PM 0 75.77 0.00 0.28 0.02 0.00 0.00 0.00 0.00 0.00 23.92 02:36:25 PM 1 75.21 0.00 0.29 0.02 0.00 0.61 0.00 0.00 0.00 23.86#vmstat:procs -----------memory---------- ---swap-- -----io---- -system-- ------cpu----- r b swpd free buff cache si so bi bo in cs us sy id wa st 2 0 41168 151216 326696 2430496 0 0 4 6 6 15 75 1 24 0 0
#date:Mon Jul 15 14:37:25 CEST 2019#hostname:10.214.221.229 172.17.0.1 172.19.0.1 #SWAP:Swap: 8.0G 40M 8.0G#RAM:Mem: 3.9G 1.1G 148M 23M 2.6G 2.4G#Disk:Filesystem Size Used Avail Use% Mounted on /dev/mapper/sopvpyves--vg-root 39G 13G 24G 36% /#Load:loadaverage:2.08,#Network:Iface MTU Met RX-OK RX-ERR RX-DRP RX-OVR TX-OK TX-ERR TX-DRP TX-OVR Flg ens160 1500 0 324575470 0 0 0 295583424 0 0 0 BMRU #iostat:avg-cpu: %user %nice %system %iowait %steal %idle 75.49 0.00 0.59 0.02 0.00 23.89#iooperation:Device: tps kB_read/s kB_wrtn/s kB_read kB_wrtn sda 0.90 8.03 11.20 10081716 14049277 dm-0 1.58 7.99 11.12 10024146 13952672 dm-1 0.01 0.01 0.03 7962 42364#mpstat:02:37:26 PM CPU %usr %nice %sys %iowait %irq %soft %steal %guest %gnice %idle 02:37:26 PM all 75.49 0.00 0.29 0.02 0.00 0.31 0.00 0.00 0.00 23.89 02:37:26 PM 0 75.77 0.00 0.28 0.02 0.00 0.00 0.00 0.00 0.00 23.92 02:37:26 PM 1 75.21 0.00 0.29 0.02 0.00 0.61 0.00 0.00 0.00 23.86#vmstat:procs -----------memory---------- ---swap-- -----io---- -system-- ------cpu----- r b swpd free buff cache si so bi bo in cs us sy id wa st 2 0 41168 152100 326732 2430532 0 0 4 6 6 15 75 1 24 0 0
#date:Mon Jul 15 14:38:26 CEST 2019#hostname:10.214.221.229 172.17.0.1 172.19.0.1 #SWAP:Swap: 8.0G 40M 8.0G#RAM:Mem: 3.9G 1.1G 148M 23M 2.6G 2.4G#Disk:Filesystem Size Used Avail Use% Mounted on /dev/mapper/sopvpyves--vg-root 39G 13G 24G 36% /#Load:loadaverage:2.07,#Network:Iface MTU Met RX-OK RX-ERR RX-DRP RX-OVR TX-OK TX-ERR TX-DRP TX-OVR Flg ens160 1500 0 324577496 0 0 0 295584290 0 0 0 BMRU #iostat:avg-cpu: %user %nice %system %iowait %steal %idle 75.49 0.00 0.59 0.02 0.00 23.89#iooperation:Device: tps kB_read/s kB_wrtn/s kB_read kB_wrtn sda 0.90 8.03 11.20 10081716 14049653 dm-0 1.58 7.99 11.12 10024146 13953048 dm-1 0.01 0.01 0.03 7962 42364#mpstat:02:38:26 PM CPU %usr %nice %sys %iowait %irq %soft %steal %guest %gnice %idle 02:38:26 PM all 75.49 0.00 0.29 0.02 0.00 0.31 0.00 0.00 0.00 23.89 02:38:26 PM 0 75.77 0.00 0.28 0.02 0.00 0.00 0.00 0.00 0.00 23.92 02:38:26 PM 1 75.21 0.00 0.29 0.02 0.00 0.61 0.00 0.00 0.00 23.86#vmstat:procs -----------memory---------- ---swap-- -----io---- -system-- ------cpu----- r b swpd free buff cache si so bi bo in cs us sy id wa st 2 0 41168 152680 326772 2430628 0 0 4 6 6 15 75 1 24 0 0
#date:Mon Jul 15 14:39:26 CEST 2019#hostname:10.214.221.229 172.17.0.1 172.19.0.1 #SWAP:Swap: 8.0G 40M 8.0G#RAM:Mem: 3.9G 1.1G 148M 23M 2.6G 2.4G#Disk:Filesystem Size Used Avail Use% Mounted on /dev/mapper/sopvpyves--vg-root 39G 13G 24G 36% /#Load:loadaverage:2.02,#Network:Iface MTU Met RX-OK RX-ERR RX-DRP RX-OVR TX-OK TX-ERR TX-DRP TX-OVR Flg ens160 1500 0 324579499 0 0 0 295585124 0 0 0 BMRU #iostat:avg-cpu: %user %nice %system %iowait %steal %idle 75.49 0.00 0.59 0.02 0.00 23.89#iooperation:Device: tps kB_read/s kB_wrtn/s kB_read kB_wrtn sda 0.90 8.03 11.20 10081716 14050197 dm-0 1.58 7.99 11.12 10024146 13953592 dm-1 0.01 0.01 0.03 7962 42364#mpstat:02:39:26 PM CPU %usr %nice %sys %iowait %irq %soft %steal %guest %gnice %idle 02:39:26 PM all 75.49 0.00 0.29 0.02 0.00 0.31 0.00 0.00 0.00 23.89 02:39:26 PM 0 75.78 0.00 0.28 0.02 0.00 0.00 0.00 0.00 0.00 23.92 02:39:26 PM 1 75.21 0.00 0.29 0.02 0.00 0.61 0.00 0.00 0.00 23.86#vmstat:procs -----------memory---------- ---swap-- -----io---- -system-- ------cpu----- r b swpd free buff cache si so bi bo in cs us sy id wa st 2 0 41168 151484 326788 2430776 0 0 4 6 6 15 75 1 24 0 0
#date:Mon Jul 15 14:40:27 CEST 2019#hostname:10.214.221.229 172.17.0.1 172.19.0.1 #SWAP:Swap: 8.0G 40M 8.0G#RAM:Mem: 3.9G 1.1G 147M 23M 2.6G 2.4G#Disk:Filesystem Size Used Avail Use% Mounted on /dev/mapper/sopvpyves--vg-root 39G 13G 24G 36% /#Load:loadaverage:2.07,#Network:Iface MTU Met RX-OK RX-ERR RX-DRP RX-OVR TX-OK TX-ERR TX-DRP TX-OVR Flg ens160 1500 0 324581591 0 0 0 295586256 0 0 0 BMRU #iostat:avg-cpu: %user %nice %system %iowait %steal %idle 75.49 0.00 0.59 0.02 0.00 23.89#iooperation:Device: tps kB_read/s kB_wrtn/s kB_read kB_wrtn sda 0.90 8.03 11.20 10081716 14050621 dm-0 1.58 7.99 11.12 10024146 13954016 dm-1 0.01 0.01 0.03 7962 42364#mpstat:02:40:27 PM CPU %usr %nice %sys %iowait %irq %soft %steal %guest %gnice %idle 02:40:27 PM all 75.49 0.00 0.29 0.02 0.00 0.31 0.00 0.00 0.00 23.89 02:40:27 PM 0 75.78 0.00 0.28 0.02 0.00 0.00 0.00 0.00 0.00 23.92 02:40:27 PM 1 75.21 0.00 0.29 0.02 0.00 0.61 0.00 0.00 0.00 23.86#vmstat:procs -----------memory---------- ---swap-- -----io---- -system-- ------cpu----- r b swpd free buff cache si so bi bo in cs us sy id wa st 2 0 41168 151788 326804 2430788 0 0 4 6 6 15 75 1 24 0 0
#date:Mon Jul 15 14:41:27 CEST 2019#hostname:10.214.221.229 172.17.0.1 172.19.0.1 #SWAP:Swap: 8.0G 40M 8.0G#RAM:Mem: 3.9G 1.1G 147M 23M 2.6G 2.4G#Disk:Filesystem Size Used Avail Use% Mounted on /dev/mapper/sopvpyves--vg-root 39G 13G 24G 36% /#Load:loadaverage:2.11,#Network:Iface MTU Met RX-OK RX-ERR RX-DRP RX-OVR TX-OK TX-ERR TX-DRP TX-OVR Flg ens160 1500 0 324583613 0 0 0 295587222 0 0 0 BMRU #iostat:avg-cpu: %user %nice %system %iowait %steal %idle 75.50 0.00 0.59 0.02 0.00 23.88#iooperation:Device: tps kB_read/s kB_wrtn/s kB_read kB_wrtn sda 0.90 8.03 11.20 10081716 14051097 dm-0 1.58 7.99 11.12 10024146 13954492 dm-1 0.01 0.01 0.03 7962 42364#mpstat:02:41:27 PM CPU %usr %nice %sys %iowait %irq %soft %steal %guest %gnice %idle 02:41:27 PM all 75.50 0.00 0.29 0.02 0.00 0.31 0.00 0.00 0.00 23.88 02:41:27 PM 0 75.78 0.00 0.28 0.02 0.00 0.00 0.00 0.00 0.00 23.92 02:41:27 PM 1 75.21 0.00 0.29 0.02 0.00 0.61 0.00 0.00 0.00 23.85#vmstat:procs -----------memory---------- ---swap-- -----io---- -system-- ------cpu----- r b swpd free buff cache si so bi bo in cs us sy id wa st 2 0 41168 150848 326828 2430892 0 0 4 6 6 15 75 1 24 0 0
#date:Mon Jul 15 14:42:27 CEST 2019#hostname:10.214.221.229 172.17.0.1 172.19.0.1 #SWAP:Swap: 8.0G 40M 8.0G#RAM:Mem: 3.9G 1.1G 146M 23M 2.6G 2.4G#Disk:Filesystem Size Used Avail Use% Mounted on /dev/mapper/sopvpyves--vg-root 39G 13G 24G 36% /#Load:loadaverage:2.11,#Network:Iface MTU Met RX-OK RX-ERR RX-DRP RX-OVR TX-OK TX-ERR TX-DRP TX-OVR Flg ens160 1500 0 324585606 0 0 0 295588198 0 0 0 BMRU #iostat:avg-cpu: %user %nice %system %iowait %steal %idle 75.50 0.00 0.59 0.02 0.00 23.88#iooperation:Device: tps kB_read/s kB_wrtn/s kB_read kB_wrtn sda 0.90 8.03 11.20 10081716 14051517 dm-0 1.58 7.99 11.12 10024146 13954912 dm-1 0.01 0.01 0.03 7962 42364#mpstat:02:42:28 PM CPU %usr %nice %sys %iowait %irq %soft %steal %guest %gnice %idle 02:42:28 PM all 75.50 0.00 0.29 0.02 0.00 0.31 0.00 0.00 0.00 23.88 02:42:28 PM 0 75.78 0.00 0.28 0.02 0.00 0.00 0.00 0.00 0.00 23.91 02:42:28 PM 1 75.22 0.00 0.29 0.02 0.00 0.61 0.00 0.00 0.00 23.85#vmstat:procs -----------memory---------- ---swap-- -----io---- -system-- ------cpu----- r b swpd free buff cache si so bi bo in cs us sy id wa st 2 0 41168 149932 326860 2430972 0 0 4 6 6 15 76 1 24 0 0
#date:Mon Jul 15 14:43:28 CEST 2019#hostname:10.214.221.229 172.17.0.1 172.19.0.1 #SWAP:Swap: 8.0G 40M 8.0G#RAM:Mem: 3.9G 1.1G 146M 23M 2.6G 2.4G#Disk:Filesystem Size Used Avail Use% Mounted on /dev/mapper/sopvpyves--vg-root 39G 13G 24G 36% /#Load:loadaverage:2.04,#Network:Iface MTU Met RX-OK RX-ERR RX-DRP RX-OVR TX-OK TX-ERR TX-DRP TX-OVR Flg ens160 1500 0 324587615 0 0 0 295589092 0 0 0 BMRU #iostat:avg-cpu: %user %nice %system %iowait %steal %idle 75.50 0.00 0.59 0.02 0.00 23.88#iooperation:Device: tps kB_read/s kB_wrtn/s kB_read kB_wrtn sda 0.90 8.03 11.19 10081724 14052053 dm-0 1.58 7.99 11.12 10024154 13955448 dm-1 0.01 0.01 0.03 7962 42364#mpstat:02:43:28 PM CPU %usr %nice %sys %iowait %irq %soft %steal %guest %gnice %idle 02:43:28 PM all 75.50 0.00 0.29 0.02 0.00 0.31 0.00 0.00 0.00 23.88 02:43:28 PM 0 75.78 0.00 0.28 0.02 0.00 0.00 0.00 0.00 0.00 23.91 02:43:28 PM 1 75.22 0.00 0.29 0.02 0.00 0.61 0.00 0.00 0.00 23.85#vmstat:procs -----------memory---------- ---swap-- -----io---- -system-- ------cpu----- r b swpd free buff cache si so bi bo in cs us sy id wa st 2 0 41168 149956 326880 2431116 0 0 4 6 6 15 76 1 24 0 0
#date:Mon Jul 15 14:44:28 CEST 2019#hostname:10.214.221.229 172.17.0.1 172.19.0.1 #SWAP:Swap: 8.0G 40M 8.0G#RAM:Mem: 3.9G 1.1G 146M 23M 2.6G 2.4G#Disk:Filesystem Size Used Avail Use% Mounted on /dev/mapper/sopvpyves--vg-root 39G 13G 24G 36% /#Load:loadaverage:2.06,#Network:Iface MTU Met RX-OK RX-ERR RX-DRP RX-OVR TX-OK TX-ERR TX-DRP TX-OVR Flg ens160 1500 0 324589520 0 0 0 295589967 0 0 0 BMRU #iostat:avg-cpu: %user %nice %system %iowait %steal %idle 75.50 0.00 0.59 0.02 0.00 23.88#iooperation:Device: tps kB_read/s kB_wrtn/s kB_read kB_wrtn sda 0.90 8.03 11.19 10081724 14052481 dm-0 1.58 7.99 11.12 10024154 13955876 dm-1 0.01 0.01 0.03 7962 42364#mpstat:02:44:28 PM CPU %usr %nice %sys %iowait %irq %soft %steal %guest %gnice %idle 02:44:28 PM all 75.50 0.00 0.29 0.02 0.00 0.31 0.00 0.00 0.00 23.88 02:44:28 PM 0 75.78 0.00 0.28 0.02 0.00 0.00 0.00 0.00 0.00 23.91 02:44:28 PM 1 75.22 0.00 0.29 0.02 0.00 0.61 0.00 0.00 0.00 23.85#vmstat:procs -----------memory---------- ---swap-- -----io---- -system-- ------cpu----- r b swpd free buff cache si so bi bo in cs us sy id wa st 2 0 41168 149560 326908 2431184 0 0 4 6 6 15 76 1 24 0 0
#date:Mon Jul 15 14:45:29 CEST 2019#hostname:10.214.221.229 172.17.0.1 172.19.0.1 #SWAP:Swap: 8.0G 40M 8.0G#RAM:Mem: 3.9G 1.1G 145M 23M 2.6G 2.4G#Disk:Filesystem Size Used Avail Use% Mounted on /dev/mapper/sopvpyves--vg-root 39G 13G 24G 36% /#Load:loadaverage:2.02,#Network:Iface MTU Met RX-OK RX-ERR RX-DRP RX-OVR TX-OK TX-ERR TX-DRP TX-OVR Flg ens160 1500 0 324591499 0 0 0 295590900 0 0 0 BMRU #iostat:avg-cpu: %user %nice %system %iowait %steal %idle 75.50 0.00 0.59 0.02 0.00 23.88#iooperation:Device: tps kB_read/s kB_wrtn/s kB_read kB_wrtn sda 0.90 8.03 11.19 10081724 14052833 dm-0 1.58 7.99 11.12 10024154 13956228 dm-1 0.01 0.01 0.03 7962 42364#mpstat:02:45:29 PM CPU %usr %nice %sys %iowait %irq %soft %steal %guest %gnice %idle 02:45:29 PM all 75.50 0.00 0.29 0.02 0.00 0.31 0.00 0.00 0.00 23.88 02:45:29 PM 0 75.78 0.00 0.28 0.02 0.00 0.00 0.00 0.00 0.00 23.91 02:45:29 PM 1 75.22 0.00 0.29 0.02 0.00 0.61 0.00 0.00 0.00 23.85#vmstat:procs -----------memory---------- ---swap-- -----io---- -system-- ------cpu----- r b swpd free buff cache si so bi bo in cs us sy id wa st 2 0 41168 148296 326940 2431232 0 0 4 6 6 15 76 1 24 0 0
#date:Mon Jul 15 14:46:29 CEST 2019#hostname:10.214.221.229 172.17.0.1 172.19.0.1 #SWAP:Swap: 8.0G 40M 8.0G#RAM:Mem: 3.9G 1.1G 144M 23M 2.6G 2.4G#Disk:Filesystem Size Used Avail Use% Mounted on /dev/mapper/sopvpyves--vg-root 39G 13G 24G 36% /#Load:loadaverage:2.04,#Network:Iface MTU Met RX-OK RX-ERR RX-DRP RX-OVR TX-OK TX-ERR TX-DRP TX-OVR Flg ens160 1500 0 324593572 0 0 0 295591841 0 0 0 BMRU #iostat:avg-cpu: %user %nice %system %iowait %steal %idle 75.50 0.00 0.59 0.02 0.00 23.88#iooperation:Device: tps kB_read/s kB_wrtn/s kB_read kB_wrtn sda 0.90 8.03 11.19 10081724 14053373 dm-0 1.58 7.98 11.12 10024154 13956768 dm-1 0.01 0.01 0.03 7962 42364#mpstat:02:46:29 PM CPU %usr %nice %sys %iowait %irq %soft %steal %guest %gnice %idle 02:46:29 PM all 75.50 0.00 0.29 0.02 0.00 0.31 0.00 0.00 0.00 23.88 02:46:29 PM 0 75.78 0.00 0.28 0.02 0.00 0.00 0.00 0.00 0.00 23.91 02:46:29 PM 1 75.22 0.00 0.29 0.02 0.00 0.61 0.00 0.00 0.00 23.85#vmstat:procs -----------memory---------- ---swap-- -----io---- -system-- ------cpu----- r b swpd free buff cache si so bi bo in cs us sy id wa st 2 0 41168 147556 326960 2431240 0 0 4 6 6 15 76 1 24 0 0
#date:Mon Jul 15 14:47:29 CEST 2019#hostname:10.214.221.229 172.17.0.1 172.19.0.1 #SWAP:Swap: 8.0G 40M 8.0G#RAM:Mem: 3.9G 1.1G 144M 23M 2.6G 2.4G#Disk:Filesystem Size Used Avail Use% Mounted on /dev/mapper/sopvpyves--vg-root 39G 13G 24G 36% /#Load:loadaverage:2.01,#Network:Iface MTU Met RX-OK RX-ERR RX-DRP RX-OVR TX-OK TX-ERR TX-DRP TX-OVR Flg ens160 1500 0 324595510 0 0 0 295592728 0 0 0 BMRU #iostat:avg-cpu: %user %nice %system %iowait %steal %idle 75.50 0.00 0.59 0.02 0.00 23.88#iooperation:Device: tps kB_read/s kB_wrtn/s kB_read kB_wrtn sda 0.90 8.03 11.19 10081724 14053889 dm-0 1.58 7.98 11.12 10024154 13957284 dm-1 0.01 0.01 0.03 7962 42364#mpstat:02:47:30 PM CPU %usr %nice %sys %iowait %irq %soft %steal %guest %gnice %idle 02:47:30 PM all 75.50 0.00 0.29 0.02 0.00 0.31 0.00 0.00 0.00 23.88 02:47:30 PM 0 75.78 0.00 0.28 0.02 0.00 0.00 0.00 0.00 0.00 23.91 02:47:30 PM 1 75.22 0.00 0.29 0.02 0.00 0.61 0.00 0.00 0.00 23.85#vmstat:procs -----------memory---------- ---swap-- -----io---- -system-- ------cpu----- r b swpd free buff cache si so bi bo in cs us sy id wa st 2 0 41168 148344 326996 2431200 0 0 4 6 6 15 76 1 24 0 0
#date:Mon Jul 15 14:48:30 CEST 2019#hostname:10.214.221.229 172.17.0.1 172.19.0.1 #SWAP:Swap: 8.0G 40M 8.0G#RAM:Mem: 3.9G 1.1G 144M 23M 2.6G 2.4G#Disk:Filesystem Size Used Avail Use% Mounted on /dev/mapper/sopvpyves--vg-root 39G 13G 24G 36% /#Load:loadaverage:2.00,#Network:Iface MTU Met RX-OK RX-ERR RX-DRP RX-OVR TX-OK TX-ERR TX-DRP TX-OVR Flg ens160 1500 0 324597451 0 0 0 295593684 0 0 0 BMRU #iostat:avg-cpu: %user %nice %system %iowait %steal %idle 75.50 0.00 0.59 0.02 0.00 23.88#iooperation:Device: tps kB_read/s kB_wrtn/s kB_read kB_wrtn sda 0.90 8.03 11.19 10081724 14054389 dm-0 1.58 7.98 11.12 10024154 13957784 dm-1 0.01 0.01 0.03 7962 42364#mpstat:02:48:30 PM CPU %usr %nice %sys %iowait %irq %soft %steal %guest %gnice %idle 02:48:30 PM all 75.50 0.00 0.29 0.02 0.00 0.31 0.00 0.00 0.00 23.88 02:48:30 PM 0 75.79 0.00 0.28 0.02 0.00 0.00 0.00 0.00 0.00 23.91 02:48:30 PM 1 75.22 0.00 0.29 0.02 0.00 0.61 0.00 0.00 0.00 23.85#vmstat:procs -----------memory---------- ---swap-- -----io---- -system-- ------cpu----- r b swpd free buff cache si so bi bo in cs us sy id wa st 2 0 41168 147412 327020 2431296 0 0 4 6 6 15 76 1 24 0 0
#date:Mon Jul 15 14:49:30 CEST 2019#hostname:10.214.221.229 172.17.0.1 172.19.0.1 #SWAP:Swap: 8.0G 40M 8.0G#RAM:Mem: 3.9G 1.1G 144M 23M 2.6G 2.4G#Disk:Filesystem Size Used Avail Use% Mounted on /dev/mapper/sopvpyves--vg-root 39G 13G 24G 36% /#Load:loadaverage:2.00,#Network:Iface MTU Met RX-OK RX-ERR RX-DRP RX-OVR TX-OK TX-ERR TX-DRP TX-OVR Flg ens160 1500 0 324599444 0 0 0 295594629 0 0 0 BMRU #iostat:avg-cpu: %user %nice %system %iowait %steal %idle 75.51 0.00 0.59 0.02 0.00 23.88#iooperation:Device: tps kB_read/s kB_wrtn/s kB_read kB_wrtn sda 0.90 8.03 11.19 10081724 14054837 dm-0 1.58 7.98 11.12 10024154 13958232 dm-1 0.01 0.01 0.03 7962 42364#mpstat:02:49:31 PM CPU %usr %nice %sys %iowait %irq %soft %steal %guest %gnice %idle 02:49:31 PM all 75.51 0.00 0.29 0.02 0.00 0.31 0.00 0.00 0.00 23.88 02:49:31 PM 0 75.79 0.00 0.28 0.02 0.00 0.00 0.00 0.00 0.00 23.91 02:49:31 PM 1 75.22 0.00 0.29 0.02 0.00 0.61 0.00 0.00 0.00 23.85#vmstat:procs -----------memory---------- ---swap-- -----io---- -system-- ------cpu----- r b swpd free buff cache si so bi bo in cs us sy id wa st 2 0 41168 148152 327044 2431420 0 0 4 6 6 15 76 1 24 0 0
#date:Mon Jul 15 14:50:31 CEST 2019#hostname:10.214.221.229 172.17.0.1 172.19.0.1 #SWAP:Swap: 8.0G 40M 8.0G#RAM:Mem: 3.9G 1.1G 144M 23M 2.6G 2.4G#Disk:Filesystem Size Used Avail Use% Mounted on /dev/mapper/sopvpyves--vg-root 39G 13G 24G 36% /#Load:loadaverage:2.14,#Network:Iface MTU Met RX-OK RX-ERR RX-DRP RX-OVR TX-OK TX-ERR TX-DRP TX-OVR Flg ens160 1500 0 324601462 0 0 0 295595512 0 0 0 BMRU #iostat:avg-cpu: %user %nice %system %iowait %steal %idle 75.51 0.00 0.59 0.02 0.00 23.87#iooperation:Device: tps kB_read/s kB_wrtn/s kB_read kB_wrtn sda 0.90 8.03 11.19 10081724 14055205 dm-0 1.58 7.98 11.12 10024154 13958600 dm-1 0.01 0.01 0.03 7962 42364#mpstat:02:50:31 PM CPU %usr %nice %sys %iowait %irq %soft %steal %guest %gnice %idle 02:50:31 PM all 75.51 0.00 0.29 0.02 0.00 0.31 0.00 0.00 0.00 23.87 02:50:31 PM 0 75.79 0.00 0.28 0.02 0.00 0.00 0.00 0.00 0.00 23.91 02:50:31 PM 1 75.22 0.00 0.29 0.02 0.00 0.61 0.00 0.00 0.00 23.84#vmstat:procs -----------memory---------- ---swap-- -----io---- -system-- ------cpu----- r b swpd free buff cache si so bi bo in cs us sy id wa st 2 0 41168 147336 327072 2431480 0 0 4 6 6 15 76 1 24 0 0
#date:Mon Jul 15 14:51:31 CEST 2019#hostname:10.214.221.229 172.17.0.1 172.19.0.1 #SWAP:Swap: 8.0G 40M 8.0G#RAM:Mem: 3.9G 1.1G 142M 23M 2.6G 2.4G#Disk:Filesystem Size Used Avail Use% Mounted on /dev/mapper/sopvpyves--vg-root 39G 13G 24G 36% /#Load:loadaverage:2.05,#Network:Iface MTU Met RX-OK RX-ERR RX-DRP RX-OVR TX-OK TX-ERR TX-DRP TX-OVR Flg ens160 1500 0 324603532 0 0 0 295596749 0 0 0 BMRU #iostat:avg-cpu: %user %nice %system %iowait %steal %idle 75.51 0.00 0.59 0.02 0.00 23.87#iooperation:Device: tps kB_read/s kB_wrtn/s kB_read kB_wrtn sda 0.90 8.03 11.19 10081724 14055713 dm-0 1.58 7.98 11.12 10024154 13959108 dm-1 0.01 0.01 0.03 7962 42364#mpstat:02:51:31 PM CPU %usr %nice %sys %iowait %irq %soft %steal %guest %gnice %idle 02:51:31 PM all 75.51 0.00 0.29 0.02 0.00 0.31 0.00 0.00 0.00 23.87 02:51:31 PM 0 75.79 0.00 0.28 0.02 0.00 0.00 0.00 0.00 0.00 23.90 02:51:31 PM 1 75.23 0.00 0.29 0.02 0.00 0.61 0.00 0.00 0.00 23.84#vmstat:procs -----------memory---------- ---swap-- -----io---- -system-- ------cpu----- r b swpd free buff cache si so bi bo in cs us sy id wa st 2 0 41168 145524 327104 2431584 0 0 4 6 6 15 76 1 24 0 0
#date:Mon Jul 15 14:52:31 CEST 2019#hostname:10.214.221.229 172.17.0.1 172.19.0.1 #SWAP:Swap: 8.0G 40M 8.0G#RAM:Mem: 3.9G 1.1G 142M 23M 2.6G 2.4G#Disk:Filesystem Size Used Avail Use% Mounted on /dev/mapper/sopvpyves--vg-root 39G 13G 24G 36% /#Load:loadaverage:2.02,#Network:Iface MTU Met RX-OK RX-ERR RX-DRP RX-OVR TX-OK TX-ERR TX-DRP TX-OVR Flg ens160 1500 0 324605529 0 0 0 295597738 0 0 0 BMRU #iostat:avg-cpu: %user %nice %system %iowait %steal %idle 75.51 0.00 0.59 0.02 0.00 23.87#iooperation:Device: tps kB_read/s kB_wrtn/s kB_read kB_wrtn sda 0.90 8.03 11.19 10081724 14056193 dm-0 1.58 7.98 11.12 10024154 13959588 dm-1 0.01 0.01 0.03 7962 42364#mpstat:02:52:32 PM CPU %usr %nice %sys %iowait %irq %soft %steal %guest %gnice %idle 02:52:32 PM all 75.51 0.00 0.29 0.02 0.00 0.31 0.00 0.00 0.00 23.87 02:52:32 PM 0 75.79 0.00 0.28 0.02 0.00 0.00 0.00 0.00 0.00 23.90 02:52:32 PM 1 75.23 0.00 0.29 0.02 0.00 0.61 0.00 0.00 0.00 23.84#vmstat:procs -----------memory---------- ---swap-- -----io---- -system-- ------cpu----- r b swpd free buff cache si so bi bo in cs us sy id wa st 2 0 41168 145736 327132 2431652 0 0 4 6 7 15 76 1 24 0 0
#date:Mon Jul 15 14:53:32 CEST 2019#hostname:10.214.221.229 172.17.0.1 172.19.0.1 #SWAP:Swap: 8.0G 40M 8.0G#RAM:Mem: 3.9G 1.1G 142M 23M 2.6G 2.4G#Disk:Filesystem Size Used Avail Use% Mounted on /dev/mapper/sopvpyves--vg-root 39G 13G 24G 36% /#Load:loadaverage:2.06,#Network:Iface MTU Met RX-OK RX-ERR RX-DRP RX-OVR TX-OK TX-ERR TX-DRP TX-OVR Flg ens160 1500 0 324607548 0 0 0 295598742 0 0 0 BMRU #iostat:avg-cpu: %user %nice %system %iowait %steal %idle 75.51 0.00 0.59 0.02 0.00 23.87#iooperation:Device: tps kB_read/s kB_wrtn/s kB_read kB_wrtn sda 0.90 8.03 11.19 10081724 14056625 dm-0 1.58 7.98 11.12 10024154 13960020 dm-1 0.01 0.01 0.03 7962 42364#mpstat:02:53:32 PM CPU %usr %nice %sys %iowait %irq %soft %steal %guest %gnice %idle 02:53:32 PM all 75.51 0.00 0.29 0.02 0.00 0.31 0.00 0.00 0.00 23.87 02:53:32 PM 0 75.79 0.00 0.28 0.02 0.00 0.00 0.00 0.00 0.00 23.90 02:53:32 PM 1 75.23 0.00 0.29 0.02 0.00 0.61 0.00 0.00 0.00 23.84#vmstat:procs -----------memory---------- ---swap-- -----io---- -system-- ------cpu----- r b swpd free buff cache si so bi bo in cs us sy id wa st 2 0 41168 145364 327144 2431744 0 0 4 6 7 15 76 1 24 0 0
#date:Mon Jul 15 14:54:32 CEST 2019#hostname:10.214.221.229 172.17.0.1 172.19.0.1 #SWAP:Swap: 8.0G 40M 8.0G#RAM:Mem: 3.9G 1.1G 142M 23M 2.6G 2.4G#Disk:Filesystem Size Used Avail Use% Mounted on /dev/mapper/sopvpyves--vg-root 39G 13G 24G 36% /#Load:loadaverage:2.26,#Network:Iface MTU Met RX-OK RX-ERR RX-DRP RX-OVR TX-OK TX-ERR TX-DRP TX-OVR Flg ens160 1500 0 324609504 0 0 0 295599568 0 0 0 BMRU #iostat:avg-cpu: %user %nice %system %iowait %steal %idle 75.51 0.00 0.59 0.02 0.00 23.87#iooperation:Device: tps kB_read/s kB_wrtn/s kB_read kB_wrtn sda 0.90 8.03 11.19 10081724 14057029 dm-0 1.58 7.98 11.12 10024154 13960424 dm-1 0.01 0.01 0.03 7962 42364#mpstat:02:54:33 PM CPU %usr %nice %sys %iowait %irq %soft %steal %guest %gnice %idle 02:54:33 PM all 75.51 0.00 0.29 0.02 0.00 0.31 0.00 0.00 0.00 23.87 02:54:33 PM 0 75.79 0.00 0.28 0.02 0.00 0.00 0.00 0.00 0.00 23.90 02:54:33 PM 1 75.23 0.00 0.29 0.02 0.00 0.61 0.00 0.00 0.00 23.84#vmstat:procs -----------memory---------- ---swap-- -----io---- -system-- ------cpu----- r b swpd free buff cache si so bi bo in cs us sy id wa st 2 0 41168 145288 327176 2431720 0 0 4 6 7 15 76 1 24 0 0
#date:Mon Jul 15 14:55:33 CEST 2019#hostname:10.214.221.229 172.17.0.1 172.19.0.1 #SWAP:Swap: 8.0G 40M 8.0G#RAM:Mem: 3.9G 1.1G 142M 23M 2.6G 2.4G#Disk:Filesystem Size Used Avail Use% Mounted on /dev/mapper/sopvpyves--vg-root 39G 13G 24G 36% /#Load:loadaverage:2.09,#Network:Iface MTU Met RX-OK RX-ERR RX-DRP RX-OVR TX-OK TX-ERR TX-DRP TX-OVR Flg ens160 1500 0 324611574 0 0 0 295600448 0 0 0 BMRU #iostat:avg-cpu: %user %nice %system %iowait %steal %idle 75.51 0.00 0.59 0.02 0.00 23.87#iooperation:Device: tps kB_read/s kB_wrtn/s kB_read kB_wrtn sda 0.90 8.03 11.19 10081724 14057541 dm-0 1.58 7.98 11.12 10024154 13960936 dm-1 0.01 0.01 0.03 7962 42364#mpstat:02:55:33 PM CPU %usr %nice %sys %iowait %irq %soft %steal %guest %gnice %idle 02:55:33 PM all 75.51 0.00 0.29 0.02 0.00 0.31 0.00 0.00 0.00 23.87 02:55:33 PM 0 75.79 0.00 0.28 0.02 0.00 0.00 0.00 0.00 0.00 23.90 02:55:33 PM 1 75.23 0.00 0.29 0.02 0.00 0.61 0.00 0.00 0.00 23.84#vmstat:procs -----------memory---------- ---swap-- -----io---- -system-- ------cpu----- r b swpd free buff cache si so bi bo in cs us sy id wa st 2 0 41168 145856 327200 2431836 0 0 4 6 7 15 76 1 24 0 0
#date:Mon Jul 15 14:56:33 CEST 2019#hostname:10.214.221.229 172.17.0.1 172.19.0.1 #SWAP:Swap: 8.0G 40M 8.0G#RAM:Mem: 3.9G 1.1G 141M 23M 2.6G 2.4G#Disk:Filesystem Size Used Avail Use% Mounted on /dev/mapper/sopvpyves--vg-root 39G 13G 24G 36% /#Load:loadaverage:2.11,#Network:Iface MTU Met RX-OK RX-ERR RX-DRP RX-OVR TX-OK TX-ERR TX-DRP TX-OVR Flg ens160 1500 0 324613586 0 0 0 295601386 0 0 0 BMRU #iostat:avg-cpu: %user %nice %system %iowait %steal %idle 75.51 0.00 0.59 0.02 0.00 23.87#iooperation:Device: tps kB_read/s kB_wrtn/s kB_read kB_wrtn sda 0.90 8.03 11.19 10081724 14058013 dm-0 1.58 7.98 11.12 10024154 13961408 dm-1 0.01 0.01 0.03 7962 42364#mpstat:02:56:33 PM CPU %usr %nice %sys %iowait %irq %soft %steal %guest %gnice %idle 02:56:33 PM all 75.51 0.00 0.29 0.02 0.00 0.31 0.00 0.00 0.00 23.87 02:56:33 PM 0 75.79 0.00 0.28 0.02 0.00 0.00 0.00 0.00 0.00 23.90 02:56:33 PM 1 75.23 0.00 0.29 0.02 0.00 0.61 0.00 0.00 0.00 23.84#vmstat:procs -----------memory---------- ---swap-- -----io---- -system-- ------cpu----- r b swpd free buff cache si so bi bo in cs us sy id wa st 2 0 41168 145348 327228 2431932 0 0 4 6 7 15 76 1 24 0 0
#date:Mon Jul 15 14:57:33 CEST 2019#hostname:10.214.221.229 172.17.0.1 172.19.0.1 #SWAP:Swap: 8.0G 40M 8.0G#RAM:Mem: 3.9G 1.1G 142M 23M 2.6G 2.4G#Disk:Filesystem Size Used Avail Use% Mounted on /dev/mapper/sopvpyves--vg-root 39G 13G 24G 36% /#Load:loadaverage:2.12,#Network:Iface MTU Met RX-OK RX-ERR RX-DRP RX-OVR TX-OK TX-ERR TX-DRP TX-OVR Flg ens160 1500 0 324615455 0 0 0 295602195 0 0 0 BMRU #iostat:avg-cpu: %user %nice %system %iowait %steal %idle 75.51 0.00 0.59 0.02 0.00 23.87#iooperation:Device: tps kB_read/s kB_wrtn/s kB_read kB_wrtn sda 0.90 8.03 11.19 10081724 14058497 dm-0 1.58 7.98 11.12 10024154 13961892 dm-1 0.01 0.01 0.03 7962 42364#mpstat:02:57:34 PM CPU %usr %nice %sys %iowait %irq %soft %steal %guest %gnice %idle 02:57:34 PM all 75.51 0.00 0.29 0.02 0.00 0.31 0.00 0.00 0.00 23.87 02:57:34 PM 0 75.80 0.00 0.28 0.02 0.00 0.00 0.00 0.00 0.00 23.90 02:57:34 PM 1 75.23 0.00 0.29 0.02 0.00 0.61 0.00 0.00 0.00 23.84#vmstat:procs -----------memory---------- ---swap-- -----io---- -system-- ------cpu----- r b swpd free buff cache si so bi bo in cs us sy id wa st 3 0 41168 145276 327256 2431976 0 0 4 6 7 15 76 1 24 0 0
#date:Mon Jul 15 14:58:34 CEST 2019#hostname:10.214.221.229 172.17.0.1 172.19.0.1 #SWAP:Swap: 8.0G 40M 8.0G#RAM:Mem: 3.9G 1.1G 141M 23M 2.6G 2.4G#Disk:Filesystem Size Used Avail Use% Mounted on /dev/mapper/sopvpyves--vg-root 39G 13G 24G 36% /#Load:loadaverage:2.04,#Network:Iface MTU Met RX-OK RX-ERR RX-DRP RX-OVR TX-OK TX-ERR TX-DRP TX-OVR Flg ens160 1500 0 324617412 0 0 0 295603105 0 0 0 BMRU #iostat:avg-cpu: %user %nice %system %iowait %steal %idle 75.52 0.00 0.59 0.02 0.00 23.87#iooperation:Device: tps kB_read/s kB_wrtn/s kB_read kB_wrtn sda 0.90 8.03 11.19 10081724 14058909 dm-0 1.58 7.98 11.12 10024154 13962304 dm-1 0.01 0.01 0.03 7962 42364#mpstat:02:58:34 PM CPU %usr %nice %sys %iowait %irq %soft %steal %guest %gnice %idle 02:58:34 PM all 75.52 0.00 0.29 0.02 0.00 0.31 0.00 0.00 0.00 23.87 02:58:34 PM 0 75.80 0.00 0.28 0.02 0.00 0.00 0.00 0.00 0.00 23.90 02:58:34 PM 1 75.23 0.00 0.29 0.02 0.00 0.61 0.00 0.00 0.00 23.84#vmstat:procs -----------memory---------- ---swap-- -----io---- -system-- ------cpu----- r b swpd free buff cache si so bi bo in cs us sy id wa st 2 0 41168 144068 327292 2432108 0 0 4 6 7 15 76 1 24 0 0
#date:Mon Jul 15 14:59:34 CEST 2019#hostname:10.214.221.229 172.17.0.1 172.19.0.1 #SWAP:Swap: 8.0G 40M 8.0G#RAM:Mem: 3.9G 1.1G 141M 23M 2.6G 2.4G#Disk:Filesystem Size Used Avail Use% Mounted on /dev/mapper/sopvpyves--vg-root 39G 13G 24G 36% /#Load:loadaverage:2.08,#Network:Iface MTU Met RX-OK RX-ERR RX-DRP RX-OVR TX-OK TX-ERR TX-DRP TX-OVR Flg ens160 1500 0 324619410 0 0 0 295604009 0 0 0 BMRU #iostat:avg-cpu: %user %nice %system %iowait %steal %idle 75.52 0.00 0.59 0.02 0.00 23.86#iooperation:Device: tps kB_read/s kB_wrtn/s kB_read kB_wrtn sda 0.90 8.03 11.19 10081724 14059373 dm-0 1.58 7.98 11.12 10024154 13962768 dm-1 0.01 0.01 0.03 7962 42364#mpstat:02:59:34 PM CPU %usr %nice %sys %iowait %irq %soft %steal %guest %gnice %idle 02:59:34 PM all 75.52 0.00 0.29 0.02 0.00 0.31 0.00 0.00 0.00 23.86 02:59:34 PM 0 75.80 0.00 0.28 0.02 0.00 0.00 0.00 0.00 0.00 23.89 02:59:34 PM 1 75.23 0.00 0.29 0.02 0.00 0.61 0.00 0.00 0.00 23.83#vmstat:procs -----------memory---------- ---swap-- -----io---- -system-- ------cpu----- r b swpd free buff cache si so bi bo in cs us sy id wa st 2 0 41168 144300 327316 2432196 0 0 4 6 7 15 76 1 24 0 0
#date:Mon Jul 15 15:00:34 CEST 2019#hostname:10.214.221.229 172.17.0.1 172.19.0.1 #SWAP:Swap: 8.0G 40M 8.0G#RAM:Mem: 3.9G 1.1G 206M 23M 2.6G 2.4G#Disk:Filesystem Size Used Avail Use% Mounted on /dev/mapper/sopvpyves--vg-root 39G 13G 24G 36% /#Load:loadaverage:2.14,#Network:Iface MTU Met RX-OK RX-ERR RX-DRP RX-OVR TX-OK TX-ERR TX-DRP TX-OVR Flg ens160 1500 0 324621424 0 0 0 295605283 0 0 0 BMRU #iostat:avg-cpu: %user %nice %system %iowait %steal %idle 75.52 0.00 0.59 0.02 0.00 23.86#iooperation:Device: tps kB_read/s kB_wrtn/s kB_read kB_wrtn sda 0.90 8.07 11.19 10134296 14061717 dm-0 1.58 8.02 11.12 10076666 13965112 dm-1 0.01 0.01 0.03 7982 42364#mpstat:03:00:35 PM CPU %usr %nice %sys %iowait %irq %soft %steal %guest %gnice %idle 03:00:35 PM all 75.52 0.00 0.29 0.02 0.00 0.31 0.00 0.00 0.00 23.86 03:00:35 PM 0 75.80 0.00 0.28 0.02 0.00 0.00 0.00 0.00 0.00 23.89 03:00:35 PM 1 75.24 0.00 0.29 0.02 0.00 0.61 0.00 0.00 0.00 23.83#vmstat:procs -----------memory---------- ---swap-- -----io---- -system-- ------cpu----- r b swpd free buff cache si so bi bo in cs us sy id wa st 2 0 41168 211572 327352 2365428 0 0 4 6 7 15 76 1 24 0 0
#date:Mon Jul 15 15:01:35 CEST 2019#hostname:10.214.221.229 172.17.0.1 172.19.0.1 #SWAP:Swap: 8.0G 40M 8.0G#RAM:Mem: 3.9G 1.1G 206M 23M 2.6G 2.4G#Disk:Filesystem Size Used Avail Use% Mounted on /dev/mapper/sopvpyves--vg-root 39G 13G 24G 36% /#Load:loadaverage:2.16,#Network:Iface MTU Met RX-OK RX-ERR RX-DRP RX-OVR TX-OK TX-ERR TX-DRP TX-OVR Flg ens160 1500 0 324623429 0 0 0 295606218 0 0 0 BMRU #iostat:avg-cpu: %user %nice %system %iowait %steal %idle 75.52 0.00 0.59 0.02 0.00 23.86#iooperation:Device: tps kB_read/s kB_wrtn/s kB_read kB_wrtn sda 0.90 8.07 11.19 10134300 14063473 dm-0 1.58 8.02 11.12 10076670 13966868 dm-1 0.01 0.01 0.03 7982 42364#mpstat:03:01:35 PM CPU %usr %nice %sys %iowait %irq %soft %steal %guest %gnice %idle 03:01:35 PM all 75.52 0.00 0.29 0.02 0.00 0.31 0.00 0.00 0.00 23.86 03:01:35 PM 0 75.80 0.00 0.28 0.02 0.00 0.00 0.00 0.00 0.00 23.89 03:01:35 PM 1 75.24 0.00 0.29 0.02 0.00 0.61 0.00 0.00 0.00 23.83#vmstat:procs -----------memory---------- ---swap-- -----io---- -system-- ------cpu----- r b swpd free buff cache si so bi bo in cs us sy id wa st 2 0 41168 211080 327380 2365564 0 0 4 6 7 15 76 1 24 0 0
#date:Mon Jul 15 15:02:35 CEST 2019#hostname:10.214.221.229 172.17.0.1 172.19.0.1 #SWAP:Swap: 8.0G 40M 8.0G#RAM:Mem: 3.9G 1.1G 205M 23M 2.6G 2.4G#Disk:Filesystem Size Used Avail Use% Mounted on /dev/mapper/sopvpyves--vg-root 39G 13G 24G 36% /#Load:loadaverage:2.06,#Network:Iface MTU Met RX-OK RX-ERR RX-DRP RX-OVR TX-OK TX-ERR TX-DRP TX-OVR Flg ens160 1500 0 324625364 0 0 0 295607070 0 0 0 BMRU #iostat:avg-cpu: %user %nice %system %iowait %steal %idle 75.52 0.00 0.59 0.02 0.00 23.86#iooperation:Device: tps kB_read/s kB_wrtn/s kB_read kB_wrtn sda 0.90 8.07 11.19 10134300 14063917 dm-0 1.58 8.02 11.12 10076670 13967312 dm-1 0.01 0.01 0.03 7982 42364#mpstat:03:02:36 PM CPU %usr %nice %sys %iowait %irq %soft %steal %guest %gnice %idle 03:02:36 PM all 75.52 0.00 0.29 0.02 0.00 0.31 0.00 0.00 0.00 23.86 03:02:36 PM 0 75.80 0.00 0.28 0.02 0.00 0.00 0.00 0.00 0.00 23.89 03:02:36 PM 1 75.24 0.00 0.29 0.02 0.00 0.61 0.00 0.00 0.00 23.83#vmstat:procs -----------memory---------- ---swap-- -----io---- -system-- ------cpu----- r b swpd free buff cache si so bi bo in cs us sy id wa st 4 0 41168 210452 327408 2365676 0 0 4 6 7 15 76 1 24 0 0
#date:Mon Jul 15 15:03:36 CEST 2019#hostname:10.214.221.229 172.17.0.1 172.19.0.1 #SWAP:Swap: 8.0G 40M 8.0G#RAM:Mem: 3.9G 1.1G 205M 23M 2.6G 2.4G#Disk:Filesystem Size Used Avail Use% Mounted on /dev/mapper/sopvpyves--vg-root 39G 13G 24G 36% /#Load:loadaverage:2.02,#Network:Iface MTU Met RX-OK RX-ERR RX-DRP RX-OVR TX-OK TX-ERR TX-DRP TX-OVR Flg ens160 1500 0 324627306 0 0 0 295607955 0 0 0 BMRU #iostat:avg-cpu: %user %nice %system %iowait %steal %idle 75.52 0.00 0.59 0.02 0.00 23.86#iooperation:Device: tps kB_read/s kB_wrtn/s kB_read kB_wrtn sda 0.90 8.07 11.19 10134300 14064341 dm-0 1.58 8.02 11.12 10076670 13967736 dm-1 0.01 0.01 0.03 7982 42364#mpstat:03:03:36 PM CPU %usr %nice %sys %iowait %irq %soft %steal %guest %gnice %idle 03:03:36 PM all 75.52 0.00 0.29 0.02 0.00 0.31 0.00 0.00 0.00 23.86 03:03:36 PM 0 75.80 0.00 0.28 0.02 0.00 0.00 0.00 0.00 0.00 23.89 03:03:36 PM 1 75.24 0.00 0.29 0.02 0.00 0.61 0.00 0.00 0.00 23.83#vmstat:procs -----------memory---------- ---swap-- -----io---- -system-- ------cpu----- r b swpd free buff cache si so bi bo in cs us sy id wa st 2 0 41168 210304 327432 2365704 0 0 4 6 7 15 76 1 24 0 0
#date:Mon Jul 15 15:04:36 CEST 2019#hostname:10.214.221.229 172.17.0.1 172.19.0.1 #SWAP:Swap: 8.0G 40M 8.0G#RAM:Mem: 3.9G 1.1G 204M 23M 2.6G 2.4G#Disk:Filesystem Size Used Avail Use% Mounted on /dev/mapper/sopvpyves--vg-root 39G 13G 24G 36% /#Load:loadaverage:2.07,#Network:Iface MTU Met RX-OK RX-ERR RX-DRP RX-OVR TX-OK TX-ERR TX-DRP TX-OVR Flg ens160 1500 0 324629208 0 0 0 295608813 0 0 0 BMRU #iostat:avg-cpu: %user %nice %system %iowait %steal %idle 75.52 0.00 0.59 0.02 0.00 23.86#iooperation:Device: tps kB_read/s kB_wrtn/s kB_read kB_wrtn sda 0.90 8.07 11.19 10134300 14064921 dm-0 1.58 8.02 11.12 10076670 13968316 dm-1 0.01 0.01 0.03 7982 42364#mpstat:03:04:36 PM CPU %usr %nice %sys %iowait %irq %soft %steal %guest %gnice %idle 03:04:36 PM all 75.52 0.00 0.29 0.02 0.00 0.31 0.00 0.00 0.00 23.86 03:04:36 PM 0 75.80 0.00 0.28 0.02 0.00 0.00 0.00 0.00 0.00 23.89 03:04:36 PM 1 75.24 0.00 0.29 0.02 0.00 0.61 0.00 0.00 0.00 23.83#vmstat:procs -----------memory---------- ---swap-- -----io---- -system-- ------cpu----- r b swpd free buff cache si so bi bo in cs us sy id wa st 2 0 41168 210460 327468 2365808 0 0 4 6 7 15 76 1 24 0 0
#date:Mon Jul 15 15:05:36 CEST 2019#hostname:10.214.221.229 172.17.0.1 172.19.0.1 #SWAP:Swap: 8.0G 40M 8.0G#RAM:Mem: 3.9G 1.1G 205M 23M 2.6G 2.4G#Disk:Filesystem Size Used Avail Use% Mounted on /dev/mapper/sopvpyves--vg-root 39G 13G 24G 36% /#Load:loadaverage:2.02,#Network:Iface MTU Met RX-OK RX-ERR RX-DRP RX-OVR TX-OK TX-ERR TX-DRP TX-OVR Flg ens160 1500 0 324631079 0 0 0 295609661 0 0 0 BMRU #iostat:avg-cpu: %user %nice %system %iowait %steal %idle 75.52 0.00 0.59 0.02 0.00 23.86#iooperation:Device: tps kB_read/s kB_wrtn/s kB_read kB_wrtn sda 0.90 8.07 11.19 10134300 14065381 dm-0 1.58 8.02 11.12 10076670 13968776 dm-1 0.01 0.01 0.03 7982 42364#mpstat:03:05:37 PM CPU %usr %nice %sys %iowait %irq %soft %steal %guest %gnice %idle 03:05:37 PM all 75.52 0.00 0.29 0.02 0.00 0.31 0.00 0.00 0.00 23.86 03:05:37 PM 0 75.80 0.00 0.28 0.02 0.00 0.00 0.00 0.00 0.00 23.89 03:05:37 PM 1 75.24 0.00 0.29 0.02 0.00 0.61 0.00 0.00 0.00 23.83#vmstat:procs -----------memory---------- ---swap-- -----io---- -system-- ------cpu----- r b swpd free buff cache si so bi bo in cs us sy id wa st 2 0 41168 209844 327488 2365884 0 0 4 6 7 15 76 1 24 0 0
#date:Mon Jul 15 15:06:37 CEST 2019#hostname:10.214.221.229 172.17.0.1 172.19.0.1 #SWAP:Swap: 8.0G 40M 8.0G#RAM:Mem: 3.9G 1.1G 204M 23M 2.6G 2.4G#Disk:Filesystem Size Used Avail Use% Mounted on /dev/mapper/sopvpyves--vg-root 39G 13G 24G 36% /#Load:loadaverage:2.01,#Network:Iface MTU Met RX-OK RX-ERR RX-DRP RX-OVR TX-OK TX-ERR TX-DRP TX-OVR Flg ens160 1500 0 324633076 0 0 0 295610499 0 0 0 BMRU #iostat:avg-cpu: %user %nice %system %iowait %steal %idle 75.52 0.00 0.59 0.02 0.00 23.86#iooperation:Device: tps kB_read/s kB_wrtn/s kB_read kB_wrtn sda 0.90 8.06 11.19 10134300 14065889 dm-0 1.58 8.02 11.12 10076670 13969284 dm-1 0.01 0.01 0.03 7982 42364#mpstat:03:06:37 PM CPU %usr %nice %sys %iowait %irq %soft %steal %guest %gnice %idle 03:06:37 PM all 75.52 0.00 0.29 0.02 0.00 0.31 0.00 0.00 0.00 23.86 03:06:37 PM 0 75.81 0.00 0.28 0.02 0.00 0.00 0.00 0.00 0.00 23.89 03:06:37 PM 1 75.24 0.00 0.29 0.02 0.00 0.61 0.00 0.00 0.00 23.83#vmstat:procs -----------memory---------- ---swap-- -----io---- -system-- ------cpu----- r b swpd free buff cache si so bi bo in cs us sy id wa st 2 0 41168 209488 327520 2365984 0 0 4 6 7 15 76 1 24 0 0
#date:Mon Jul 15 15:07:37 CEST 2019#hostname:10.214.221.229 172.17.0.1 172.19.0.1 #SWAP:Swap: 8.0G 40M 8.0G#RAM:Mem: 3.9G 1.1G 204M 23M 2.6G 2.4G#Disk:Filesystem Size Used Avail Use% Mounted on /dev/mapper/sopvpyves--vg-root 39G 13G 24G 36% /#Load:loadaverage:2.00,#Network:Iface MTU Met RX-OK RX-ERR RX-DRP RX-OVR TX-OK TX-ERR TX-DRP TX-OVR Flg ens160 1500 0 324635135 0 0 0 295611410 0 0 0 BMRU #iostat:avg-cpu: %user %nice %system %iowait %steal %idle 75.53 0.00 0.59 0.02 0.00 23.86#iooperation:Device: tps kB_read/s kB_wrtn/s kB_read kB_wrtn sda 0.90 8.06 11.19 10134300 14066413 dm-0 1.58 8.02 11.12 10076670 13969808 dm-1 0.01 0.01 0.03 7982 42364#mpstat:03:07:38 PM CPU %usr %nice %sys %iowait %irq %soft %steal %guest %gnice %idle 03:07:38 PM all 75.53 0.00 0.29 0.02 0.00 0.31 0.00 0.00 0.00 23.86 03:07:38 PM 0 75.81 0.00 0.28 0.02 0.00 0.00 0.00 0.00 0.00 23.89 03:07:38 PM 1 75.24 0.00 0.29 0.02 0.00 0.61 0.00 0.00 0.00 23.83#vmstat:procs -----------memory---------- ---swap-- -----io---- -system-- ------cpu----- r b swpd free buff cache si so bi bo in cs us sy id wa st 2 0 41168 209036 327544 2366052 0 0 4 6 7 15 76 1 24 0 0
#date:Mon Jul 15 15:08:38 CEST 2019#hostname:10.214.221.229 172.17.0.1 172.19.0.1 #SWAP:Swap: 8.0G 40M 8.0G#RAM:Mem: 3.9G 1.1G 204M 23M 2.6G 2.4G#Disk:Filesystem Size Used Avail Use% Mounted on /dev/mapper/sopvpyves--vg-root 39G 13G 24G 36% /#Load:loadaverage:2.00,#Network:Iface MTU Met RX-OK RX-ERR RX-DRP RX-OVR TX-OK TX-ERR TX-DRP TX-OVR Flg ens160 1500 0 324637192 0 0 0 295612305 0 0 0 BMRU #iostat:avg-cpu: %user %nice %system %iowait %steal %idle 75.53 0.00 0.59 0.02 0.00 23.85#iooperation:Device: tps kB_read/s kB_wrtn/s kB_read kB_wrtn sda 0.90 8.06 11.19 10134300 14066861 dm-0 1.58 8.02 11.12 10076670 13970256 dm-1 0.01 0.01 0.03 7982 42364#mpstat:03:08:38 PM CPU %usr %nice %sys %iowait %irq %soft %steal %guest %gnice %idle 03:08:38 PM all 75.53 0.00 0.29 0.02 0.00 0.31 0.00 0.00 0.00 23.85 03:08:38 PM 0 75.81 0.00 0.28 0.02 0.00 0.00 0.00 0.00 0.00 23.88 03:08:38 PM 1 75.25 0.00 0.29 0.02 0.00 0.61 0.00 0.00 0.00 23.82#vmstat:procs -----------memory---------- ---swap-- -----io---- -system-- ------cpu----- r b swpd free buff cache si so bi bo in cs us sy id wa st 2 0 41168 208812 327572 2366116 0 0 4 6 7 15 76 1 24 0 0
#date:Mon Jul 15 15:09:38 CEST 2019#hostname:10.214.221.229 172.17.0.1 172.19.0.1 #SWAP:Swap: 8.0G 40M 8.0G#RAM:Mem: 3.9G 1.1G 203M 23M 2.6G 2.4G#Disk:Filesystem Size Used Avail Use% Mounted on /dev/mapper/sopvpyves--vg-root 39G 13G 24G 36% /#Load:loadaverage:2.08,#Network:Iface MTU Met RX-OK RX-ERR RX-DRP RX-OVR TX-OK TX-ERR TX-DRP TX-OVR Flg ens160 1500 0 324639242 0 0 0 295613203 0 0 0 BMRU #iostat:avg-cpu: %user %nice %system %iowait %steal %idle 75.53 0.00 0.59 0.02 0.00 23.85#iooperation:Device: tps kB_read/s kB_wrtn/s kB_read kB_wrtn sda 0.90 8.06 11.19 10134300 14067469 dm-0 1.58 8.02 11.12 10076670 13970864 dm-1 0.01 0.01 0.03 7982 42364#mpstat:03:09:38 PM CPU %usr %nice %sys %iowait %irq %soft %steal %guest %gnice %idle 03:09:38 PM all 75.53 0.00 0.29 0.02 0.00 0.31 0.00 0.00 0.00 23.85 03:09:38 PM 0 75.81 0.00 0.28 0.02 0.00 0.00 0.00 0.00 0.00 23.88 03:09:38 PM 1 75.25 0.00 0.29 0.02 0.00 0.61 0.00 0.00 0.00 23.82#vmstat:procs -----------memory---------- ---swap-- -----io---- -system-- ------cpu----- r b swpd free buff cache si so bi bo in cs us sy id wa st 2 0 41168 208684 327608 2366180 0 0 4 6 7 15 76 1 24 0 0
#date:Mon Jul 15 15:10:38 CEST 2019#hostname:10.214.221.229 172.17.0.1 172.19.0.1 #SWAP:Swap: 8.0G 40M 8.0G#RAM:Mem: 3.9G 1.1G 203M 23M 2.6G 2.4G#Disk:Filesystem Size Used Avail Use% Mounted on /dev/mapper/sopvpyves--vg-root 39G 13G 24G 36% /#Load:loadaverage:2.03,#Network:Iface MTU Met RX-OK RX-ERR RX-DRP RX-OVR TX-OK TX-ERR TX-DRP TX-OVR Flg ens160 1500 0 324641379 0 0 0 295614099 0 0 0 BMRU #iostat:avg-cpu: %user %nice %system %iowait %steal %idle 75.53 0.00 0.59 0.02 0.00 23.85#iooperation:Device: tps kB_read/s kB_wrtn/s kB_read kB_wrtn sda 0.90 8.06 11.19 10134300 14067913 dm-0 1.58 8.02 11.12 10076670 13971308 dm-1 0.01 0.01 0.03 7982 42364#mpstat:03:10:39 PM CPU %usr %nice %sys %iowait %irq %soft %steal %guest %gnice %idle 03:10:39 PM all 75.53 0.00 0.29 0.02 0.00 0.31 0.00 0.00 0.00 23.85 03:10:39 PM 0 75.81 0.00 0.28 0.02 0.00 0.00 0.00 0.00 0.00 23.88 03:10:39 PM 1 75.25 0.00 0.29 0.02 0.00 0.61 0.00 0.00 0.00 23.82#vmstat:procs -----------memory---------- ---swap-- -----io---- -system-- ------cpu----- r b swpd free buff cache si so bi bo in cs us sy id wa st 2 0 41168 208724 327648 2366208 0 0 4 6 7 15 76 1 24 0 0
#date:Mon Jul 15 15:11:39 CEST 2019#hostname:10.214.221.229 172.17.0.1 172.19.0.1 #SWAP:Swap: 8.0G 40M 8.0G#RAM:Mem: 3.9G 1.1G 203M 23M 2.6G 2.4G#Disk:Filesystem Size Used Avail Use% Mounted on /dev/mapper/sopvpyves--vg-root 39G 13G 24G 36% /#Load:loadaverage:2.06,#Network:Iface MTU Met RX-OK RX-ERR RX-DRP RX-OVR TX-OK TX-ERR TX-DRP TX-OVR Flg ens160 1500 0 324643632 0 0 0 295615005 0 0 0 BMRU #iostat:avg-cpu: %user %nice %system %iowait %steal %idle 75.53 0.00 0.59 0.02 0.00 23.85#iooperation:Device: tps kB_read/s kB_wrtn/s kB_read kB_wrtn sda 0.90 8.06 11.19 10134300 14068421 dm-0 1.58 8.02 11.12 10076670 13971816 dm-1 0.01 0.01 0.03 7982 42364#mpstat:03:11:39 PM CPU %usr %nice %sys %iowait %irq %soft %steal %guest %gnice %idle 03:11:39 PM all 75.53 0.00 0.29 0.02 0.00 0.31 0.00 0.00 0.00 23.85 03:11:39 PM 0 75.81 0.00 0.28 0.02 0.00 0.00 0.00 0.00 0.00 23.88 03:11:39 PM 1 75.25 0.00 0.29 0.02 0.00 0.61 0.00 0.00 0.00 23.82#vmstat:procs -----------memory---------- ---swap-- -----io---- -system-- ------cpu----- r b swpd free buff cache si so bi bo in cs us sy id wa st 2 0 41168 208340 327684 2366316 0 0 4 6 7 15 76 1 24 0 0
#date:Mon Jul 15 15:12:39 CEST 2019#hostname:10.214.221.229 172.17.0.1 172.19.0.1 #SWAP:Swap: 8.0G 40M 8.0G#RAM:Mem: 3.9G 1.1G 203M 23M 2.6G 2.4G#Disk:Filesystem Size Used Avail Use% Mounted on /dev/mapper/sopvpyves--vg-root 39G 13G 24G 36% /#Load:loadaverage:2.07,#Network:Iface MTU Met RX-OK RX-ERR RX-DRP RX-OVR TX-OK TX-ERR TX-DRP TX-OVR Flg ens160 1500 0 324645641 0 0 0 295615843 0 0 0 BMRU #iostat:avg-cpu: %user %nice %system %iowait %steal %idle 75.53 0.00 0.59 0.02 0.00 23.85#iooperation:Device: tps kB_read/s kB_wrtn/s kB_read kB_wrtn sda 0.90 8.06 11.19 10134300 14068845 dm-0 1.58 8.02 11.12 10076670 13972240 dm-1 0.01 0.01 0.03 7982 42364#mpstat:03:12:39 PM CPU %usr %nice %sys %iowait %irq %soft %steal %guest %gnice %idle 03:12:39 PM all 75.53 0.00 0.29 0.02 0.00 0.31 0.00 0.00 0.00 23.85 03:12:39 PM 0 75.81 0.00 0.28 0.02 0.00 0.00 0.00 0.00 0.00 23.88 03:12:39 PM 1 75.25 0.00 0.29 0.02 0.00 0.61 0.00 0.00 0.00 23.82#vmstat:procs -----------memory---------- ---swap-- -----io---- -system-- ------cpu----- r b swpd free buff cache si so bi bo in cs us sy id wa st 2 0 41168 208228 327724 2366424 0 0 4 6 7 15 76 1 24 0 0
#date:Mon Jul 15 15:13:40 CEST 2019#hostname:10.214.221.229 172.17.0.1 172.19.0.1 #SWAP:Swap: 8.0G 40M 8.0G#RAM:Mem: 3.9G 1.1G 203M 23M 2.6G 2.4G#Disk:Filesystem Size Used Avail Use% Mounted on /dev/mapper/sopvpyves--vg-root 39G 13G 24G 36% /#Load:loadaverage:2.10,#Network:Iface MTU Met RX-OK RX-ERR RX-DRP RX-OVR TX-OK TX-ERR TX-DRP TX-OVR Flg ens160 1500 0 324647606 0 0 0 295616737 0 0 0 BMRU #iostat:avg-cpu: %user %nice %system %iowait %steal %idle 75.53 0.00 0.59 0.02 0.00 23.85#iooperation:Device: tps kB_read/s kB_wrtn/s kB_read kB_wrtn sda 0.90 8.06 11.19 10134300 14069297 dm-0 1.58 8.02 11.12 10076670 13972692 dm-1 0.01 0.01 0.03 7982 42364#mpstat:03:13:40 PM CPU %usr %nice %sys %iowait %irq %soft %steal %guest %gnice %idle 03:13:40 PM all 75.53 0.00 0.29 0.02 0.00 0.31 0.00 0.00 0.00 23.85 03:13:40 PM 0 75.81 0.00 0.28 0.02 0.00 0.00 0.00 0.00 0.00 23.88 03:13:40 PM 1 75.25 0.00 0.29 0.02 0.00 0.61 0.00 0.00 0.00 23.82#vmstat:procs -----------memory---------- ---swap-- -----io---- -system-- ------cpu----- r b swpd free buff cache si so bi bo in cs us sy id wa st 2 0 41168 207504 327768 2366432 0 0 4 6 7 15 76 1 24 0 0
#date:Mon Jul 15 15:14:40 CEST 2019#hostname:10.214.221.229 172.17.0.1 172.19.0.1 #SWAP:Swap: 8.0G 40M 8.0G#RAM:Mem: 3.9G 1.1G 202M 23M 2.6G 2.4G#Disk:Filesystem Size Used Avail Use% Mounted on /dev/mapper/sopvpyves--vg-root 39G 13G 24G 36% /#Load:loadaverage:2.07,#Network:Iface MTU Met RX-OK RX-ERR RX-DRP RX-OVR TX-OK TX-ERR TX-DRP TX-OVR Flg ens160 1500 0 324649575 0 0 0 295617787 0 0 0 BMRU #iostat:avg-cpu: %user %nice %system %iowait %steal %idle 75.53 0.00 0.59 0.02 0.00 23.85#iooperation:Device: tps kB_read/s kB_wrtn/s kB_read kB_wrtn sda 0.90 8.06 11.19 10134300 14069705 dm-0 1.58 8.02 11.12 10076670 13973100 dm-1 0.01 0.01 0.03 7982 42364#mpstat:03:14:40 PM CPU %usr %nice %sys %iowait %irq %soft %steal %guest %gnice %idle 03:14:40 PM all 75.53 0.00 0.29 0.02 0.00 0.31 0.00 0.00 0.00 23.85 03:14:40 PM 0 75.81 0.00 0.28 0.02 0.00 0.00 0.00 0.00 0.00 23.88 03:14:40 PM 1 75.25 0.00 0.29 0.02 0.00 0.61 0.00 0.00 0.00 23.82#vmstat:procs -----------memory---------- ---swap-- -----io---- -system-- ------cpu----- r b swpd free buff cache si so bi bo in cs us sy id wa st 2 0 41168 207896 327792 2366552 0 0 4 6 7 15 76 1 24 0 0
#date:Mon Jul 15 15:15:40 CEST 2019#hostname:10.214.221.229 172.17.0.1 172.19.0.1 #SWAP:Swap: 8.0G 40M 8.0G#RAM:Mem: 3.9G 1.1G 202M 23M 2.6G 2.4G#Disk:Filesystem Size Used Avail Use% Mounted on /dev/mapper/sopvpyves--vg-root 39G 13G 24G 36% /#Load:loadaverage:2.17,#Network:Iface MTU Met RX-OK RX-ERR RX-DRP RX-OVR TX-OK TX-ERR TX-DRP TX-OVR Flg ens160 1500 0 324651544 0 0 0 295618651 0 0 0 BMRU #iostat:avg-cpu: %user %nice %system %iowait %steal %idle 75.53 0.00 0.59 0.02 0.00 23.85#iooperation:Device: tps kB_read/s kB_wrtn/s kB_read kB_wrtn sda 0.90 8.06 11.19 10134300 14070241 dm-0 1.58 8.02 11.12 10076670 13973636 dm-1 0.01 0.01 0.03 7982 42364#mpstat:03:15:41 PM CPU %usr %nice %sys %iowait %irq %soft %steal %guest %gnice %idle 03:15:41 PM all 75.53 0.00 0.29 0.02 0.00 0.31 0.00 0.00 0.00 23.85 03:15:41 PM 0 75.82 0.00 0.28 0.02 0.00 0.00 0.00 0.00 0.00 23.88 03:15:41 PM 1 75.25 0.00 0.29 0.02 0.00 0.61 0.00 0.00 0.00 23.82#vmstat:procs -----------memory---------- ---swap-- -----io---- -system-- ------cpu----- r b swpd free buff cache si so bi bo in cs us sy id wa st 2 0 41168 207636 327816 2366596 0 0 4 6 7 15 76 1 24 0 0
#date:Mon Jul 15 15:16:41 CEST 2019#hostname:10.214.221.229 172.17.0.1 172.19.0.1 #SWAP:Swap: 8.0G 40M 8.0G#RAM:Mem: 3.9G 1.1G 201M 23M 2.6G 2.4G#Disk:Filesystem Size Used Avail Use% Mounted on /dev/mapper/sopvpyves--vg-root 39G 13G 24G 36% /#Load:loadaverage:2.06,#Network:Iface MTU Met RX-OK RX-ERR RX-DRP RX-OVR TX-OK TX-ERR TX-DRP TX-OVR Flg ens160 1500 0 324653546 0 0 0 295619535 0 0 0 BMRU #iostat:avg-cpu: %user %nice %system %iowait %steal %idle 75.54 0.00 0.59 0.02 0.00 23.85#iooperation:Device: tps kB_read/s kB_wrtn/s kB_read kB_wrtn sda 0.90 8.06 11.19 10134300 14070701 dm-0 1.58 8.02 11.12 10076670 13974096 dm-1 0.01 0.01 0.03 7982 42364#mpstat:03:16:41 PM CPU %usr %nice %sys %iowait %irq %soft %steal %guest %gnice %idle 03:16:41 PM all 75.54 0.00 0.29 0.02 0.00 0.31 0.00 0.00 0.00 23.85 03:16:41 PM 0 75.82 0.00 0.28 0.02 0.00 0.00 0.00 0.00 0.00 23.88 03:16:41 PM 1 75.25 0.00 0.29 0.02 0.00 0.61 0.00 0.00 0.00 23.82#vmstat:procs -----------memory---------- ---swap-- -----io---- -system-- ------cpu----- r b swpd free buff cache si so bi bo in cs us sy id wa st 2 0 41168 206624 327844 2366664 0 0 4 6 7 15 76 1 24 0 0
#date:Mon Jul 15 15:17:41 CEST 2019#hostname:10.214.221.229 172.17.0.1 172.19.0.1 #SWAP:Swap: 8.0G 40M 8.0G#RAM:Mem: 3.9G 1.1G 201M 23M 2.6G 2.4G#Disk:Filesystem Size Used Avail Use% Mounted on /dev/mapper/sopvpyves--vg-root 39G 13G 24G 36% /#Load:loadaverage:1.95,#Network:Iface MTU Met RX-OK RX-ERR RX-DRP RX-OVR TX-OK TX-ERR TX-DRP TX-OVR Flg ens160 1500 0 324655528 0 0 0 295620672 0 0 0 BMRU #iostat:avg-cpu: %user %nice %system %iowait %steal %idle 75.54 0.00 0.59 0.02 0.00 23.84#iooperation:Device: tps kB_read/s kB_wrtn/s kB_read kB_wrtn sda 0.90 8.06 11.19 10134300 14071169 dm-0 1.58 8.01 11.11 10076670 13974564 dm-1 0.01 0.01 0.03 7982 42364#mpstat:03:17:41 PM CPU %usr %nice %sys %iowait %irq %soft %steal %guest %gnice %idle 03:17:41 PM all 75.54 0.00 0.29 0.02 0.00 0.31 0.00 0.00 0.00 23.84 03:17:41 PM 0 75.82 0.00 0.28 0.02 0.00 0.00 0.00 0.00 0.00 23.87 03:17:41 PM 1 75.26 0.00 0.29 0.02 0.00 0.61 0.00 0.00 0.00 23.81#vmstat:procs -----------memory---------- ---swap-- -----io---- -system-- ------cpu----- r b swpd free buff cache si so bi bo in cs us sy id wa st 2 0 41168 206452 327872 2366804 0 0 4 6 7 15 76 1 24 0 0
#date:Mon Jul 15 15:18:41 CEST 2019#hostname:10.214.221.229 172.17.0.1 172.19.0.1 #SWAP:Swap: 8.0G 40M 8.0G#RAM:Mem: 3.9G 1.1G 201M 23M 2.6G 2.4G#Disk:Filesystem Size Used Avail Use% Mounted on /dev/mapper/sopvpyves--vg-root 39G 13G 24G 36% /#Load:loadaverage:2.05,#Network:Iface MTU Met RX-OK RX-ERR RX-DRP RX-OVR TX-OK TX-ERR TX-DRP TX-OVR Flg ens160 1500 0 324657448 0 0 0 295621646 0 0 0 BMRU #iostat:avg-cpu: %user %nice %system %iowait %steal %idle 75.54 0.00 0.59 0.02 0.00 23.84#iooperation:Device: tps kB_read/s kB_wrtn/s kB_read kB_wrtn sda 0.90 8.06 11.19 10134300 14071633 dm-0 1.58 8.01 11.11 10076670 13975028 dm-1 0.01 0.01 0.03 7982 42364#mpstat:03:18:42 PM CPU %usr %nice %sys %iowait %irq %soft %steal %guest %gnice %idle 03:18:42 PM all 75.54 0.00 0.29 0.02 0.00 0.31 0.00 0.00 0.00 23.84 03:18:42 PM 0 75.82 0.00 0.28 0.02 0.00 0.00 0.00 0.00 0.00 23.87 03:18:42 PM 1 75.26 0.00 0.29 0.02 0.00 0.61 0.00 0.00 0.00 23.81#vmstat:procs -----------memory---------- ---swap-- -----io---- -system-- ------cpu----- r b swpd free buff cache si so bi bo in cs us sy id wa st 2 0 41168 205928 327908 2366836 0 0 4 6 7 15 76 1 24 0 0
#date:Mon Jul 15 15:19:42 CEST 2019#hostname:10.214.221.229 172.17.0.1 172.19.0.1 #SWAP:Swap: 8.0G 40M 8.0G#RAM:Mem: 3.9G 1.1G 201M 23M 2.6G 2.4G#Disk:Filesystem Size Used Avail Use% Mounted on /dev/mapper/sopvpyves--vg-root 39G 13G 24G 36% /#Load:loadaverage:2.07,#Network:Iface MTU Met RX-OK RX-ERR RX-DRP RX-OVR TX-OK TX-ERR TX-DRP TX-OVR Flg ens160 1500 0 324659552 0 0 0 295622540 0 0 0 BMRU #iostat:avg-cpu: %user %nice %system %iowait %steal %idle 75.54 0.00 0.59 0.02 0.00 23.84#iooperation:Device: tps kB_read/s kB_wrtn/s kB_read kB_wrtn sda 0.90 8.06 11.19 10134300 14072093 dm-0 1.58 8.01 11.11 10076670 13975488 dm-1 0.01 0.01 0.03 7982 42364#mpstat:03:19:42 PM CPU %usr %nice %sys %iowait %irq %soft %steal %guest %gnice %idle 03:19:42 PM all 75.54 0.00 0.29 0.02 0.00 0.31 0.00 0.00 0.00 23.84 03:19:42 PM 0 75.82 0.00 0.28 0.02 0.00 0.00 0.00 0.00 0.00 23.87 03:19:42 PM 1 75.26 0.00 0.29 0.02 0.00 0.61 0.00 0.00 0.00 23.81#vmstat:procs -----------memory---------- ---swap-- -----io---- -system-- ------cpu----- r b swpd free buff cache si so bi bo in cs us sy id wa st 2 0 41168 205840 327940 2366924 0 0 4 6 7 15 76 1 24 0 0
#date:Mon Jul 15 15:20:42 CEST 2019#hostname:10.214.221.229 172.17.0.1 172.19.0.1 #SWAP:Swap: 8.0G 40M 8.0G#RAM:Mem: 3.9G 1.1G 200M 23M 2.6G 2.4G#Disk:Filesystem Size Used Avail Use% Mounted on /dev/mapper/sopvpyves--vg-root 39G 13G 24G 36% /#Load:loadaverage:2.03,#Network:Iface MTU Met RX-OK RX-ERR RX-DRP RX-OVR TX-OK TX-ERR TX-DRP TX-OVR Flg ens160 1500 0 324661543 0 0 0 295623310 0 0 0 BMRU #iostat:avg-cpu: %user %nice %system %iowait %steal %idle 75.54 0.00 0.59 0.02 0.00 23.84#iooperation:Device: tps kB_read/s kB_wrtn/s kB_read kB_wrtn sda 0.90 8.06 11.19 10134300 14072593 dm-0 1.58 8.01 11.11 10076670 13975988 dm-1 0.01 0.01 0.03 7982 42364#mpstat:03:20:43 PM CPU %usr %nice %sys %iowait %irq %soft %steal %guest %gnice %idle 03:20:43 PM all 75.54 0.00 0.29 0.02 0.00 0.31 0.00 0.00 0.00 23.84 03:20:43 PM 0 75.82 0.00 0.28 0.02 0.00 0.00 0.00 0.00 0.00 23.87 03:20:43 PM 1 75.26 0.00 0.29 0.02 0.00 0.61 0.00 0.00 0.00 23.81#vmstat:procs -----------memory---------- ---swap-- -----io---- -system-- ------cpu----- r b swpd free buff cache si so bi bo in cs us sy id wa st 2 0 41168 204268 327968 2366992 0 0 4 6 7 15 76 1 24 0 0
#date:Mon Jul 15 15:21:43 CEST 2019#hostname:10.214.221.229 172.17.0.1 172.19.0.1 #SWAP:Swap: 8.0G 40M 8.0G#RAM:Mem: 3.9G 1.1G 200M 23M 2.6G 2.4G#Disk:Filesystem Size Used Avail Use% Mounted on /dev/mapper/sopvpyves--vg-root 39G 13G 24G 36% /#Load:loadaverage:2.01,#Network:Iface MTU Met RX-OK RX-ERR RX-DRP RX-OVR TX-OK TX-ERR TX-DRP TX-OVR Flg ens160 1500 0 324663410 0 0 0 295624193 0 0 0 BMRU #iostat:avg-cpu: %user %nice %system %iowait %steal %idle 75.54 0.00 0.59 0.02 0.00 23.84#iooperation:Device: tps kB_read/s kB_wrtn/s kB_read kB_wrtn sda 0.90 8.06 11.19 10134300 14073061 dm-0 1.58 8.01 11.11 10076670 13976456 dm-1 0.01 0.01 0.03 7982 42364#mpstat:03:21:43 PM CPU %usr %nice %sys %iowait %irq %soft %steal %guest %gnice %idle 03:21:43 PM all 75.54 0.00 0.29 0.02 0.00 0.31 0.00 0.00 0.00 23.84 03:21:43 PM 0 75.82 0.00 0.28 0.02 0.00 0.00 0.00 0.00 0.00 23.87 03:21:43 PM 1 75.26 0.00 0.29 0.02 0.00 0.61 0.00 0.00 0.00 23.81#vmstat:procs -----------memory---------- ---swap-- -----io---- -system-- ------cpu----- r b swpd free buff cache si so bi bo in cs us sy id wa st 2 0 41168 205364 328000 2367016 0 0 4 6 7 15 76 1 24 0 0
#date:Mon Jul 15 15:22:43 CEST 2019#hostname:10.214.221.229 172.17.0.1 172.19.0.1 #SWAP:Swap: 8.0G 40M 8.0G#RAM:Mem: 3.9G 1.1G 200M 23M 2.6G 2.4G#Disk:Filesystem Size Used Avail Use% Mounted on /dev/mapper/sopvpyves--vg-root 39G 13G 24G 36% /#Load:loadaverage:2.04,#Network:Iface MTU Met RX-OK RX-ERR RX-DRP RX-OVR TX-OK TX-ERR TX-DRP TX-OVR Flg ens160 1500 0 324665262 0 0 0 295625247 0 0 0 BMRU #iostat:avg-cpu: %user %nice %system %iowait %steal %idle 75.54 0.00 0.59 0.02 0.00 23.84#iooperation:Device: tps kB_read/s kB_wrtn/s kB_read kB_wrtn sda 0.90 8.06 11.19 10134300 14073521 dm-0 1.58 8.01 11.11 10076670 13976916 dm-1 0.01 0.01 0.03 7982 42364#mpstat:03:22:43 PM CPU %usr %nice %sys %iowait %irq %soft %steal %guest %gnice %idle 03:22:43 PM all 75.54 0.00 0.29 0.02 0.00 0.31 0.00 0.00 0.00 23.84 03:22:43 PM 0 75.82 0.00 0.28 0.02 0.00 0.00 0.00 0.00 0.00 23.87 03:22:43 PM 1 75.26 0.00 0.29 0.02 0.00 0.61 0.00 0.00 0.00 23.81#vmstat:procs -----------memory---------- ---swap-- -----io---- -system-- ------cpu----- r b swpd free buff cache si so bi bo in cs us sy id wa st 2 0 41168 205488 328020 2367128 0 0 4 6 7 15 76 1 24 0 0
#date:Mon Jul 15 15:23:43 CEST 2019#hostname:10.214.221.229 172.17.0.1 172.19.0.1 #SWAP:Swap: 8.0G 40M 8.0G#RAM:Mem: 3.9G 1.1G 200M 23M 2.6G 2.4G#Disk:Filesystem Size Used Avail Use% Mounted on /dev/mapper/sopvpyves--vg-root 39G 13G 24G 36% /#Load:loadaverage:2.01,#Network:Iface MTU Met RX-OK RX-ERR RX-DRP RX-OVR TX-OK TX-ERR TX-DRP TX-OVR Flg ens160 1500 0 324667098 0 0 0 295626165 0 0 0 BMRU #iostat:avg-cpu: %user %nice %system %iowait %steal %idle 75.54 0.00 0.59 0.02 0.00 23.84#iooperation:Device: tps kB_read/s kB_wrtn/s kB_read kB_wrtn sda 0.90 8.06 11.19 10134300 14074025 dm-0 1.58 8.01 11.11 10076670 13977420 dm-1 0.01 0.01 0.03 7982 42364#mpstat:03:23:44 PM CPU %usr %nice %sys %iowait %irq %soft %steal %guest %gnice %idle 03:23:44 PM all 75.54 0.00 0.29 0.02 0.00 0.31 0.00 0.00 0.00 23.84 03:23:44 PM 0 75.83 0.00 0.28 0.02 0.00 0.00 0.00 0.00 0.00 23.87 03:23:44 PM 1 75.26 0.00 0.29 0.02 0.00 0.61 0.00 0.00 0.00 23.81#vmstat:procs -----------memory---------- ---swap-- -----io---- -system-- ------cpu----- r b swpd free buff cache si so bi bo in cs us sy id wa st 2 0 41168 205540 328048 2367280 0 0 4 6 7 15 76 1 24 0 0
#date:Mon Jul 15 15:24:44 CEST 2019#hostname:10.214.221.229 172.17.0.1 172.19.0.1 #SWAP:Swap: 8.0G 40M 8.0G#RAM:Mem: 3.9G 1.1G 200M 23M 2.6G 2.4G#Disk:Filesystem Size Used Avail Use% Mounted on /dev/mapper/sopvpyves--vg-root 39G 13G 24G 36% /#Load:loadaverage:2.12,#Network:Iface MTU Met RX-OK RX-ERR RX-DRP RX-OVR TX-OK TX-ERR TX-DRP TX-OVR Flg ens160 1500 0 324669006 0 0 0 295626973 0 0 0 BMRU #iostat:avg-cpu: %user %nice %system %iowait %steal %idle 75.55 0.00 0.59 0.02 0.00 23.84#iooperation:Device: tps kB_read/s kB_wrtn/s kB_read kB_wrtn sda 0.90 8.06 11.19 10134300 14074381 dm-0 1.58 8.01 11.11 10076670 13977776 dm-1 0.01 0.01 0.03 7982 42364#mpstat:03:24:44 PM CPU %usr %nice %sys %iowait %irq %soft %steal %guest %gnice %idle 03:24:44 PM all 75.55 0.00 0.29 0.02 0.00 0.31 0.00 0.00 0.00 23.84 03:24:44 PM 0 75.83 0.00 0.28 0.02 0.00 0.00 0.00 0.00 0.00 23.87 03:24:44 PM 1 75.26 0.00 0.29 0.02 0.00 0.61 0.00 0.00 0.00 23.81#vmstat:procs -----------memory---------- ---swap-- -----io---- -system-- ------cpu----- r b swpd free buff cache si so bi bo in cs us sy id wa st 2 0 41168 204936 328072 2367304 0 0 4 6 7 15 76 1 24 0 0
#date:Mon Jul 15 15:25:44 CEST 2019#hostname:10.214.221.229 172.17.0.1 172.19.0.1 #SWAP:Swap: 8.0G 40M 8.0G#RAM:Mem: 3.9G 1.1G 199M 23M 2.6G 2.4G#Disk:Filesystem Size Used Avail Use% Mounted on /dev/mapper/sopvpyves--vg-root 39G 13G 24G 36% /#Load:loadaverage:2.10,#Network:Iface MTU Met RX-OK RX-ERR RX-DRP RX-OVR TX-OK TX-ERR TX-DRP TX-OVR Flg ens160 1500 0 324670751 0 0 0 295627731 0 0 0 BMRU #iostat:avg-cpu: %user %nice %system %iowait %steal %idle 75.55 0.00 0.59 0.02 0.00 23.84#iooperation:Device: tps kB_read/s kB_wrtn/s kB_read kB_wrtn sda 0.90 8.06 11.19 10134300 14074945 dm-0 1.58 8.01 11.11 10076670 13978340 dm-1 0.01 0.01 0.03 7982 42364#mpstat:03:25:44 PM CPU %usr %nice %sys %iowait %irq %soft %steal %guest %gnice %idle 03:25:44 PM all 75.55 0.00 0.29 0.02 0.00 0.31 0.00 0.00 0.00 23.84 03:25:44 PM 0 75.83 0.00 0.28 0.02 0.00 0.00 0.00 0.00 0.00 23.87 03:25:44 PM 1 75.26 0.00 0.29 0.02 0.00 0.61 0.00 0.00 0.00 23.80#vmstat:procs -----------memory---------- ---swap-- -----io---- -system-- ------cpu----- r b swpd free buff cache si so bi bo in cs us sy id wa st 2 0 41168 204232 328096 2367404 0 0 4 6 7 15 76 1 24 0 0
#date:Mon Jul 15 15:26:44 CEST 2019#hostname:10.214.221.229 172.17.0.1 172.19.0.1 #SWAP:Swap: 8.0G 40M 8.0G#RAM:Mem: 3.9G 1.1G 197M 23M 2.6G 2.4G#Disk:Filesystem Size Used Avail Use% Mounted on /dev/mapper/sopvpyves--vg-root 39G 13G 24G 36% /#Load:loadaverage:2.12,#Network:Iface MTU Met RX-OK RX-ERR RX-DRP RX-OVR TX-OK TX-ERR TX-DRP TX-OVR Flg ens160 1500 0 324672505 0 0 0 295628520 0 0 0 BMRU #iostat:avg-cpu: %user %nice %system %iowait %steal %idle 75.55 0.00 0.59 0.02 0.00 23.83#iooperation:Device: tps kB_read/s kB_wrtn/s kB_read kB_wrtn sda 0.90 8.06 11.19 10134300 14075425 dm-0 1.58 8.01 11.11 10076670 13978820 dm-1 0.01 0.01 0.03 7982 42364#mpstat:03:26:45 PM CPU %usr %nice %sys %iowait %irq %soft %steal %guest %gnice %idle 03:26:45 PM all 75.55 0.00 0.29 0.02 0.00 0.31 0.00 0.00 0.00 23.83 03:26:45 PM 0 75.83 0.00 0.28 0.02 0.00 0.00 0.00 0.00 0.00 23.86 03:26:45 PM 1 75.27 0.00 0.29 0.02 0.00 0.61 0.00 0.00 0.00 23.80#vmstat:procs -----------memory---------- ---swap-- -----io---- -system-- ------cpu----- r b swpd free buff cache si so bi bo in cs us sy id wa st 2 0 41168 202568 328120 2367476 0 0 4 6 7 15 76 1 24 0 0
#date:Mon Jul 15 15:27:45 CEST 2019#hostname:10.214.221.229 172.17.0.1 172.19.0.1 #SWAP:Swap: 8.0G 40M 8.0G#RAM:Mem: 3.9G 1.1G 198M 23M 2.6G 2.4G#Disk:Filesystem Size Used Avail Use% Mounted on /dev/mapper/sopvpyves--vg-root 39G 13G 24G 36% /#Load:loadaverage:2.04,#Network:Iface MTU Met RX-OK RX-ERR RX-DRP RX-OVR TX-OK TX-ERR TX-DRP TX-OVR Flg ens160 1500 0 324674270 0 0 0 295629370 0 0 0 BMRU #iostat:avg-cpu: %user %nice %system %iowait %steal %idle 75.55 0.00 0.59 0.02 0.00 23.83#iooperation:Device: tps kB_read/s kB_wrtn/s kB_read kB_wrtn sda 0.90 8.06 11.19 10134300 14075813 dm-0 1.58 8.01 11.11 10076670 13979208 dm-1 0.01 0.01 0.03 7982 42364#mpstat:03:27:45 PM CPU %usr %nice %sys %iowait %irq %soft %steal %guest %gnice %idle 03:27:45 PM all 75.55 0.00 0.29 0.02 0.00 0.31 0.00 0.00 0.00 23.83 03:27:45 PM 0 75.83 0.00 0.28 0.02 0.00 0.00 0.00 0.00 0.00 23.86 03:27:45 PM 1 75.27 0.00 0.29 0.02 0.00 0.61 0.00 0.00 0.00 23.80#vmstat:procs -----------memory---------- ---swap-- -----io---- -system-- ------cpu----- r b swpd free buff cache si so bi bo in cs us sy id wa st 3 0 41168 203092 328148 2367512 0 0 4 6 7 15 76 1 24 0 0
#date:Mon Jul 15 15:28:45 CEST 2019#hostname:10.214.221.229 172.17.0.1 172.19.0.1 #SWAP:Swap: 8.0G 40M 8.0G#RAM:Mem: 3.9G 1.1G 198M 23M 2.6G 2.4G#Disk:Filesystem Size Used Avail Use% Mounted on /dev/mapper/sopvpyves--vg-root 39G 13G 24G 36% /#Load:loadaverage:2.01,#Network:Iface MTU Met RX-OK RX-ERR RX-DRP RX-OVR TX-OK TX-ERR TX-DRP TX-OVR Flg ens160 1500 0 324675935 0 0 0 295630185 0 0 0 BMRU #iostat:avg-cpu: %user %nice %system %iowait %steal %idle 75.55 0.00 0.59 0.02 0.00 23.83#iooperation:Device: tps kB_read/s kB_wrtn/s kB_read kB_wrtn sda 0.90 8.06 11.19 10134300 14076249 dm-0 1.58 8.01 11.11 10076670 13979644 dm-1 0.01 0.01 0.03 7982 42364#mpstat:03:28:46 PM CPU %usr %nice %sys %iowait %irq %soft %steal %guest %gnice %idle 03:28:46 PM all 75.55 0.00 0.29 0.02 0.00 0.31 0.00 0.00 0.00 23.83 03:28:46 PM 0 75.83 0.00 0.28 0.02 0.00 0.00 0.00 0.00 0.00 23.86 03:28:46 PM 1 75.27 0.00 0.29 0.02 0.00 0.61 0.00 0.00 0.00 23.80#vmstat:procs -----------memory---------- ---swap-- -----io---- -system-- ------cpu----- r b swpd free buff cache si so bi bo in cs us sy id wa st 2 0 41168 202828 328184 2367608 0 0 4 6 7 15 76 1 24 0 0
#date:Mon Jul 15 15:29:46 CEST 2019#hostname:10.214.221.229 172.17.0.1 172.19.0.1 #SWAP:Swap: 8.0G 40M 8.0G#RAM:Mem: 3.9G 1.1G 198M 23M 2.6G 2.4G#Disk:Filesystem Size Used Avail Use% Mounted on /dev/mapper/sopvpyves--vg-root 39G 13G 24G 36% /#Load:loadaverage:2.00,#Network:Iface MTU Met RX-OK RX-ERR RX-DRP RX-OVR TX-OK TX-ERR TX-DRP TX-OVR Flg ens160 1500 0 324677881 0 0 0 295631018 0 0 0 BMRU #iostat:avg-cpu: %user %nice %system %iowait %steal %idle 75.55 0.00 0.59 0.02 0.00 23.83#iooperation:Device: tps kB_read/s kB_wrtn/s kB_read kB_wrtn sda 0.90 8.06 11.19 10134300 14076625 dm-0 1.58 8.01 11.11 10076670 13980020 dm-1 0.01 0.01 0.03 7982 42364#mpstat:03:29:46 PM CPU %usr %nice %sys %iowait %irq %soft %steal %guest %gnice %idle 03:29:46 PM all 75.55 0.00 0.29 0.02 0.00 0.31 0.00 0.00 0.00 23.83 03:29:46 PM 0 75.83 0.00 0.28 0.02 0.00 0.00 0.00 0.00 0.00 23.86 03:29:46 PM 1 75.27 0.00 0.29 0.02 0.00 0.61 0.00 0.00 0.00 23.80#vmstat:procs -----------memory---------- ---swap-- -----io---- -system-- ------cpu----- r b swpd free buff cache si so bi bo in cs us sy id wa st 2 0 41168 203212 328220 2367672 0 0 4 6 7 15 76 1 24 0 0
#date:Mon Jul 15 15:30:46 CEST 2019#hostname:10.214.221.229 172.17.0.1 172.19.0.1 #SWAP:Swap: 8.0G 40M 8.0G#RAM:Mem: 3.9G 1.1G 197M 23M 2.6G 2.4G#Disk:Filesystem Size Used Avail Use% Mounted on /dev/mapper/sopvpyves--vg-root 39G 13G 24G 36% /#Load:loadaverage:2.04,#Network:Iface MTU Met RX-OK RX-ERR RX-DRP RX-OVR TX-OK TX-ERR TX-DRP TX-OVR Flg ens160 1500 0 324679799 0 0 0 295631781 0 0 0 BMRU #iostat:avg-cpu: %user %nice %system %iowait %steal %idle 75.55 0.00 0.59 0.02 0.00 23.83#iooperation:Device: tps kB_read/s kB_wrtn/s kB_read kB_wrtn sda 0.90 8.06 11.19 10134300 14077125 dm-0 1.58 8.01 11.11 10076670 13980520 dm-1 0.01 0.01 0.03 7982 42364#mpstat:03:30:46 PM CPU %usr %nice %sys %iowait %irq %soft %steal %guest %gnice %idle 03:30:46 PM all 75.55 0.00 0.29 0.02 0.00 0.31 0.00 0.00 0.00 23.83 03:30:46 PM 0 75.83 0.00 0.28 0.02 0.00 0.00 0.00 0.00 0.00 23.86 03:30:46 PM 1 75.27 0.00 0.29 0.02 0.00 0.61 0.00 0.00 0.00 23.80#vmstat:procs -----------memory---------- ---swap-- -----io---- -system-- ------cpu----- r b swpd free buff cache si so bi bo in cs us sy id wa st 2 0 41168 202436 328244 2367800 0 0 4 6 7 15 76 1 24 0 0
#date:Mon Jul 15 15:31:46 CEST 2019#hostname:10.214.221.229 172.17.0.1 172.19.0.1 #SWAP:Swap: 8.0G 40M 8.0G#RAM:Mem: 3.9G 1.1G 198M 23M 2.6G 2.4G#Disk:Filesystem Size Used Avail Use% Mounted on /dev/mapper/sopvpyves--vg-root 39G 13G 24G 36% /#Load:loadaverage:2.01,#Network:Iface MTU Met RX-OK RX-ERR RX-DRP RX-OVR TX-OK TX-ERR TX-DRP TX-OVR Flg ens160 1500 0 324681801 0 0 0 295632547 0 0 0 BMRU #iostat:avg-cpu: %user %nice %system %iowait %steal %idle 75.55 0.00 0.59 0.02 0.00 23.83#iooperation:Device: tps kB_read/s kB_wrtn/s kB_read kB_wrtn sda 0.90 8.06 11.19 10134300 14077541 dm-0 1.58 8.01 11.11 10076670 13980936 dm-1 0.01 0.01 0.03 7982 42364#mpstat:03:31:47 PM CPU %usr %nice %sys %iowait %irq %soft %steal %guest %gnice %idle 03:31:47 PM all 75.55 0.00 0.29 0.02 0.00 0.31 0.00 0.00 0.00 23.83 03:31:47 PM 0 75.83 0.00 0.28 0.02 0.00 0.00 0.00 0.00 0.00 23.86 03:31:47 PM 1 75.27 0.00 0.29 0.02 0.00 0.61 0.00 0.00 0.00 23.80#vmstat:procs -----------memory---------- ---swap-- -----io---- -system-- ------cpu----- r b swpd free buff cache si so bi bo in cs us sy id wa st 2 0 41168 202384 328280 2367816 0 0 4 6 7 15 76 1 24 0 0
#date:Mon Jul 15 15:32:47 CEST 2019#hostname:10.214.221.229 172.17.0.1 172.19.0.1 #SWAP:Swap: 8.0G 40M 8.0G#RAM:Mem: 3.9G 1.1G 198M 23M 2.6G 2.4G#Disk:Filesystem Size Used Avail Use% Mounted on /dev/mapper/sopvpyves--vg-root 39G 13G 24G 36% /#Load:loadaverage:2.10,#Network:Iface MTU Met RX-OK RX-ERR RX-DRP RX-OVR TX-OK TX-ERR TX-DRP TX-OVR Flg ens160 1500 0 324683709 0 0 0 295633401 0 0 0 BMRU #iostat:avg-cpu: %user %nice %system %iowait %steal %idle 75.55 0.00 0.59 0.02 0.00 23.83#iooperation:Device: tps kB_read/s kB_wrtn/s kB_read kB_wrtn sda 0.90 8.05 11.19 10134300 14078025 dm-0 1.58 8.01 11.11 10076670 13981420 dm-1 0.01 0.01 0.03 7982 42364#mpstat:03:32:47 PM CPU %usr %nice %sys %iowait %irq %soft %steal %guest %gnice %idle 03:32:47 PM all 75.55 0.00 0.29 0.02 0.00 0.31 0.00 0.00 0.00 23.83 03:32:47 PM 0 75.84 0.00 0.28 0.02 0.00 0.00 0.00 0.00 0.00 23.86 03:32:47 PM 1 75.27 0.00 0.29 0.02 0.00 0.61 0.00 0.00 0.00 23.80#vmstat:procs -----------memory---------- ---swap-- -----io---- -system-- ------cpu----- r b swpd free buff cache si so bi bo in cs us sy id wa st 2 0 41168 203732 328312 2367984 0 0 4 6 7 15 76 1 24 0 0
#date:Mon Jul 15 15:33:47 CEST 2019#hostname:10.214.221.229 172.17.0.1 172.19.0.1 #SWAP:Swap: 8.0G 40M 8.0G#RAM:Mem: 3.9G 1.1G 199M 23M 2.6G 2.4G#Disk:Filesystem Size Used Avail Use% Mounted on /dev/mapper/sopvpyves--vg-root 39G 13G 24G 36% /#Load:loadaverage:2.10,#Network:Iface MTU Met RX-OK RX-ERR RX-DRP RX-OVR TX-OK TX-ERR TX-DRP TX-OVR Flg ens160 1500 0 324685530 0 0 0 295634213 0 0 0 BMRU #iostat:avg-cpu: %user %nice %system %iowait %steal %idle 75.56 0.00 0.59 0.02 0.00 23.83#iooperation:Device: tps kB_read/s kB_wrtn/s kB_read kB_wrtn sda 0.90 8.05 11.19 10134300 14078473 dm-0 1.58 8.01 11.11 10076670 13981868 dm-1 0.01 0.01 0.03 7982 42364#mpstat:03:33:48 PM CPU %usr %nice %sys %iowait %irq %soft %steal %guest %gnice %idle 03:33:48 PM all 75.56 0.00 0.29 0.02 0.00 0.31 0.00 0.00 0.00 23.83 03:33:48 PM 0 75.84 0.00 0.28 0.02 0.00 0.00 0.00 0.00 0.00 23.86 03:33:48 PM 1 75.27 0.00 0.29 0.02 0.00 0.61 0.00 0.00 0.00 23.80#vmstat:procs -----------memory---------- ---swap-- -----io---- -system-- ------cpu----- r b swpd free buff cache si so bi bo in cs us sy id wa st 2 0 41168 203652 328340 2368104 0 0 4 6 7 15 76 1 24 0 0
#date:Mon Jul 15 15:34:48 CEST 2019#hostname:10.214.221.229 172.17.0.1 172.19.0.1 #SWAP:Swap: 8.0G 40M 8.0G#RAM:Mem: 3.9G 1.1G 198M 23M 2.6G 2.4G#Disk:Filesystem Size Used Avail Use% Mounted on /dev/mapper/sopvpyves--vg-root 39G 13G 24G 36% /#Load:loadaverage:2.03,#Network:Iface MTU Met RX-OK RX-ERR RX-DRP RX-OVR TX-OK TX-ERR TX-DRP TX-OVR Flg ens160 1500 0 324687317 0 0 0 295634957 0 0 0 BMRU #iostat:avg-cpu: %user %nice %system %iowait %steal %idle 75.56 0.00 0.59 0.02 0.00 23.83#iooperation:Device: tps kB_read/s kB_wrtn/s kB_read kB_wrtn sda 0.90 8.05 11.19 10134300 14078857 dm-0 1.58 8.01 11.11 10076670 13982252 dm-1 0.01 0.01 0.03 7982 42364#mpstat:03:34:48 PM CPU %usr %nice %sys %iowait %irq %soft %steal %guest %gnice %idle 03:34:48 PM all 75.56 0.00 0.29 0.02 0.00 0.31 0.00 0.00 0.00 23.83 03:34:48 PM 0 75.84 0.00 0.28 0.02 0.00 0.00 0.00 0.00 0.00 23.86 03:34:48 PM 1 75.28 0.00 0.29 0.02 0.00 0.61 0.00 0.00 0.00 23.79#vmstat:procs -----------memory---------- ---swap-- -----io---- -system-- ------cpu----- r b swpd free buff cache si so bi bo in cs us sy id wa st 2 0 41168 203084 328364 2368148 0 0 4 6 7 15 76 1 24 0 0
#date:Mon Jul 15 15:35:48 CEST 2019#hostname:10.214.221.229 172.17.0.1 172.19.0.1 #SWAP:Swap: 8.0G 40M 8.0G#RAM:Mem: 3.9G 1.1G 197M 23M 2.6G 2.4G#Disk:Filesystem Size Used Avail Use% Mounted on /dev/mapper/sopvpyves--vg-root 39G 13G 24G 36% /#Load:loadaverage:2.01,#Network:Iface MTU Met RX-OK RX-ERR RX-DRP RX-OVR TX-OK TX-ERR TX-DRP TX-OVR Flg ens160 1500 0 324689139 0 0 0 295635770 0 0 0 BMRU #iostat:avg-cpu: %user %nice %system %iowait %steal %idle 75.56 0.00 0.59 0.02 0.00 23.82#iooperation:Device: tps kB_read/s kB_wrtn/s kB_read kB_wrtn sda 0.90 8.05 11.19 10134300 14079381 dm-0 1.58 8.01 11.11 10076670 13982776 dm-1 0.01 0.01 0.03 7982 42364#mpstat:03:35:48 PM CPU %usr %nice %sys %iowait %irq %soft %steal %guest %gnice %idle 03:35:48 PM all 75.56 0.00 0.29 0.02 0.00 0.31 0.00 0.00 0.00 23.82 03:35:48 PM 0 75.84 0.00 0.28 0.02 0.00 0.00 0.00 0.00 0.00 23.85 03:35:48 PM 1 75.28 0.00 0.29 0.02 0.00 0.61 0.00 0.00 0.00 23.79#vmstat:procs -----------memory---------- ---swap-- -----io---- -system-- ------cpu----- r b swpd free buff cache si so bi bo in cs us sy id wa st 2 0 41168 202316 328412 2368076 0 0 4 6 7 15 76 1 24 0 0
#date:Mon Jul 15 15:36:48 CEST 2019#hostname:10.214.221.229 172.17.0.1 172.19.0.1 #SWAP:Swap: 8.0G 40M 8.0G#RAM:Mem: 3.9G 1.1G 198M 23M 2.6G 2.4G#Disk:Filesystem Size Used Avail Use% Mounted on /dev/mapper/sopvpyves--vg-root 39G 13G 24G 36% /#Load:loadaverage:2.00,#Network:Iface MTU Met RX-OK RX-ERR RX-DRP RX-OVR TX-OK TX-ERR TX-DRP TX-OVR Flg ens160 1500 0 324690973 0 0 0 295636541 0 0 0 BMRU #iostat:avg-cpu: %user %nice %system %iowait %steal %idle 75.56 0.00 0.59 0.02 0.00 23.82#iooperation:Device: tps kB_read/s kB_wrtn/s kB_read kB_wrtn sda 0.90 8.05 11.19 10134300 14079873 dm-0 1.58 8.01 11.11 10076670 13983268 dm-1 0.01 0.01 0.03 7982 42364#mpstat:03:36:49 PM CPU %usr %nice %sys %iowait %irq %soft %steal %guest %gnice %idle 03:36:49 PM all 75.56 0.00 0.29 0.02 0.00 0.31 0.00 0.00 0.00 23.82 03:36:49 PM 0 75.84 0.00 0.28 0.02 0.00 0.00 0.00 0.00 0.00 23.85 03:36:49 PM 1 75.28 0.00 0.29 0.02 0.00 0.61 0.00 0.00 0.00 23.79#vmstat:procs -----------memory---------- ---swap-- -----io---- -system-- ------cpu----- r b swpd free buff cache si so bi bo in cs us sy id wa st 2 0 41168 202604 328428 2368132 0 0 4 6 7 15 76 1 24 0 0
#date:Mon Jul 15 15:37:49 CEST 2019#hostname:10.214.221.229 172.17.0.1 172.19.0.1 #SWAP:Swap: 8.0G 40M 8.0G#RAM:Mem: 3.9G 1.1G 198M 23M 2.6G 2.4G#Disk:Filesystem Size Used Avail Use% Mounted on /dev/mapper/sopvpyves--vg-root 39G 13G 24G 36% /#Load:loadaverage:2.00,#Network:Iface MTU Met RX-OK RX-ERR RX-DRP RX-OVR TX-OK TX-ERR TX-DRP TX-OVR Flg ens160 1500 0 324692690 0 0 0 295637307 0 0 0 BMRU #iostat:avg-cpu: %user %nice %system %iowait %steal %idle 75.56 0.00 0.59 0.02 0.00 23.82#iooperation:Device: tps kB_read/s kB_wrtn/s kB_read kB_wrtn sda 0.90 8.05 11.19 10134308 14080313 dm-0 1.58 8.01 11.11 10076678 13983708 dm-1 0.01 0.01 0.03 7982 42364#mpstat:03:37:49 PM CPU %usr %nice %sys %iowait %irq %soft %steal %guest %gnice %idle 03:37:49 PM all 75.56 0.00 0.29 0.02 0.00 0.31 0.00 0.00 0.00 23.82 03:37:49 PM 0 75.84 0.00 0.28 0.02 0.00 0.00 0.00 0.00 0.00 23.85 03:37:49 PM 1 75.28 0.00 0.29 0.02 0.00 0.61 0.00 0.00 0.00 23.79#vmstat:procs -----------memory---------- ---swap-- -----io---- -system-- ------cpu----- r b swpd free buff cache si so bi bo in cs us sy id wa st 2 0 41168 203176 328472 2368188 0 0 4 6 7 15 76 1 24 0 0
#date:Mon Jul 15 15:38:49 CEST 2019#hostname:10.214.221.229 172.17.0.1 172.19.0.1 #SWAP:Swap: 8.0G 40M 8.0G#RAM:Mem: 3.9G 1.1G 198M 23M 2.6G 2.4G#Disk:Filesystem Size Used Avail Use% Mounted on /dev/mapper/sopvpyves--vg-root 39G 13G 24G 36% /#Load:loadaverage:2.04,#Network:Iface MTU Met RX-OK RX-ERR RX-DRP RX-OVR TX-OK TX-ERR TX-DRP TX-OVR Flg ens160 1500 0 324694372 0 0 0 295638044 0 0 0 BMRU #iostat:avg-cpu: %user %nice %system %iowait %steal %idle 75.56 0.00 0.59 0.02 0.00 23.82#iooperation:Device: tps kB_read/s kB_wrtn/s kB_read kB_wrtn sda 0.90 8.05 11.19 10134308 14080709 dm-0 1.58 8.01 11.11 10076678 13984104 dm-1 0.01 0.01 0.03 7982 42364#mpstat:03:38:50 PM CPU %usr %nice %sys %iowait %irq %soft %steal %guest %gnice %idle 03:38:50 PM all 75.56 0.00 0.29 0.02 0.00 0.31 0.00 0.00 0.00 23.82 03:38:50 PM 0 75.84 0.00 0.28 0.02 0.00 0.00 0.00 0.00 0.00 23.85 03:38:50 PM 1 75.28 0.00 0.29 0.02 0.00 0.61 0.00 0.00 0.00 23.79#vmstat:procs -----------memory---------- ---swap-- -----io---- -system-- ------cpu----- r b swpd free buff cache si so bi bo in cs us sy id wa st 2 0 41168 202880 328508 2368264 0 0 4 6 7 15 76 1 24 0 0
#date:Mon Jul 15 15:39:50 CEST 2019#hostname:10.214.221.229 172.17.0.1 172.19.0.1 #SWAP:Swap: 8.0G 40M 8.0G#RAM:Mem: 3.9G 1.1G 183M 23M 2.6G 2.4G#Disk:Filesystem Size Used Avail Use% Mounted on /dev/mapper/sopvpyves--vg-root 39G 13G 24G 36% /#Load:loadaverage:2.01,#Network:Iface MTU Met RX-OK RX-ERR RX-DRP RX-OVR TX-OK TX-ERR TX-DRP TX-OVR Flg ens160 1500 0 324700102 0 0 0 295642502 0 0 0 BMRU #iostat:avg-cpu: %user %nice %system %iowait %steal %idle 75.56 0.00 0.59 0.02 0.00 23.82#iooperation:Device: tps kB_read/s kB_wrtn/s kB_read kB_wrtn sda 0.90 8.05 11.19 10136516 14081653 dm-0 1.58 8.01 11.11 10078886 13985048 dm-1 0.01 0.01 0.03 7982 42364#mpstat:03:39:50 PM CPU %usr %nice %sys %iowait %irq %soft %steal %guest %gnice %idle 03:39:50 PM all 75.56 0.00 0.29 0.02 0.00 0.31 0.00 0.00 0.00 23.82 03:39:50 PM 0 75.84 0.00 0.28 0.02 0.00 0.00 0.00 0.00 0.00 23.85 03:39:50 PM 1 75.28 0.00 0.29 0.02 0.00 0.61 0.00 0.00 0.00 23.79#vmstat:procs -----------memory---------- ---swap-- -----io---- -system-- ------cpu----- r b swpd free buff cache si so bi bo in cs us sy id wa st 2 0 41168 188320 328536 2372148 0 0 4 6 7 15 76 1 24 0 0
#date:Mon Jul 15 15:40:50 CEST 2019#hostname:10.214.221.229 172.17.0.1 172.19.0.1 #SWAP:Swap: 8.0G 40M 8.0G#RAM:Mem: 3.9G 1.1G 167M 23M 2.6G 2.4G#Disk:Filesystem Size Used Avail Use% Mounted on /dev/mapper/sopvpyves--vg-root 39G 13G 24G 36% /#Load:loadaverage:2.06,#Network:Iface MTU Met RX-OK RX-ERR RX-DRP RX-OVR TX-OK TX-ERR TX-DRP TX-OVR Flg ens160 1500 0 324706011 0 0 0 295646584 0 0 0 BMRU #iostat:avg-cpu: %user %nice %system %iowait %steal %idle 75.56 0.00 0.59 0.02 0.00 23.82#iooperation:Device: tps kB_read/s kB_wrtn/s kB_read kB_wrtn sda 0.90 8.05 11.19 10136516 14082125 dm-0 1.58 8.01 11.11 10078886 13985520 dm-1 0.01 0.01 0.03 7982 42364#mpstat:03:40:50 PM CPU %usr %nice %sys %iowait %irq %soft %steal %guest %gnice %idle 03:40:50 PM all 75.56 0.00 0.29 0.02 0.00 0.31 0.00 0.00 0.00 23.82 03:40:50 PM 0 75.84 0.00 0.28 0.02 0.00 0.00 0.00 0.00 0.00 23.85 03:40:50 PM 1 75.28 0.00 0.29 0.02 0.00 0.61 0.00 0.00 0.00 23.79#vmstat:procs -----------memory---------- ---swap-- -----io---- -system-- ------cpu----- r b swpd free buff cache si so bi bo in cs us sy id wa st 2 0 41168 166740 328564 2374152 0 0 4 6 7 15 76 1 24 0 0
#date:Mon Jul 15 15:41:50 CEST 2019#hostname:10.214.221.229 172.17.0.1 172.19.0.1 #SWAP:Swap: 8.0G 40M 8.0G#RAM:Mem: 3.9G 1.1G 161M 23M 2.6G 2.4G#Disk:Filesystem Size Used Avail Use% Mounted on /dev/mapper/sopvpyves--vg-root 39G 13G 24G 36% /#Load:loadaverage:2.02,#Network:Iface MTU Met RX-OK RX-ERR RX-DRP RX-OVR TX-OK TX-ERR TX-DRP TX-OVR Flg ens160 1500 0 324713624 0 0 0 295653140 0 0 0 BMRU #iostat:avg-cpu: %user %nice %system %iowait %steal %idle 75.56 0.00 0.59 0.02 0.00 23.82#iooperation:Device: tps kB_read/s kB_wrtn/s kB_read kB_wrtn sda 0.90 8.05 11.19 10136544 14082717 dm-0 1.58 8.01 11.11 10078914 13986112 dm-1 0.01 0.01 0.03 7982 42364#mpstat:03:41:51 PM CPU %usr %nice %sys %iowait %irq %soft %steal %guest %gnice %idle 03:41:51 PM all 75.56 0.00 0.29 0.02 0.00 0.31 0.00 0.00 0.00 23.82 03:41:51 PM 0 75.85 0.00 0.28 0.02 0.00 0.00 0.00 0.00 0.00 23.85 03:41:51 PM 1 75.28 0.00 0.29 0.02 0.00 0.61 0.00 0.00 0.00 23.79#vmstat:procs -----------memory---------- ---swap-- -----io---- -system-- ------cpu----- r b swpd free buff cache si so bi bo in cs us sy id wa st 2 0 41168 164540 328580 2374840 0 0 4 6 7 15 76 1 24 0 0
#date:Mon Jul 15 15:42:51 CEST 2019#hostname:10.214.221.229 172.17.0.1 172.19.0.1 #SWAP:Swap: 8.0G 40M 8.0G#RAM:Mem: 3.9G 1.1G 160M 23M 2.6G 2.4G#Disk:Filesystem Size Used Avail Use% Mounted on /dev/mapper/sopvpyves--vg-root 39G 13G 24G 36% /#Load:loadaverage:2.10,#Network:Iface MTU Met RX-OK RX-ERR RX-DRP RX-OVR TX-OK TX-ERR TX-DRP TX-OVR Flg ens160 1500 0 324720932 0 0 0 295659245 0 0 0 BMRU #iostat:avg-cpu: %user %nice %system %iowait %steal %idle 75.57 0.00 0.59 0.02 0.00 23.82#iooperation:Device: tps kB_read/s kB_wrtn/s kB_read kB_wrtn sda 0.90 8.05 11.19 10136544 14083189 dm-0 1.58 8.01 11.11 10078914 13986584 dm-1 0.01 0.01 0.03 7982 42364#mpstat:03:42:51 PM CPU %usr %nice %sys %iowait %irq %soft %steal %guest %gnice %idle 03:42:51 PM all 75.57 0.00 0.29 0.02 0.00 0.31 0.00 0.00 0.00 23.82 03:42:51 PM 0 75.85 0.00 0.28 0.02 0.00 0.00 0.00 0.00 0.00 23.85 03:42:51 PM 1 75.28 0.00 0.29 0.02 0.00 0.61 0.00 0.00 0.00 23.79#vmstat:procs -----------memory---------- ---swap-- -----io---- -system-- ------cpu----- r b swpd free buff cache si so bi bo in cs us sy id wa st 2 0 41168 163804 328608 2375216 0 0 4 6 7 15 76 1 24 0 0
#date:Mon Jul 15 15:43:51 CEST 2019#hostname:10.214.221.229 172.17.0.1 172.19.0.1 #SWAP:Swap: 8.0G 40M 8.0G#RAM:Mem: 3.9G 1.1G 159M 23M 2.6G 2.4G#Disk:Filesystem Size Used Avail Use% Mounted on /dev/mapper/sopvpyves--vg-root 39G 13G 24G 36% /#Load:loadaverage:2.04,#Network:Iface MTU Met RX-OK RX-ERR RX-DRP RX-OVR TX-OK TX-ERR TX-DRP TX-OVR Flg ens160 1500 0 324727925 0 0 0 295664981 0 0 0 BMRU #iostat:avg-cpu: %user %nice %system %iowait %steal %idle 75.57 0.00 0.59 0.02 0.00 23.82#iooperation:Device: tps kB_read/s kB_wrtn/s kB_read kB_wrtn sda 0.90 8.05 11.19 10136548 14083797 dm-0 1.58 8.01 11.11 10078914 13987192 dm-1 0.01 0.01 0.03 7986 42364#mpstat:03:43:52 PM CPU %usr %nice %sys %iowait %irq %soft %steal %guest %gnice %idle 03:43:52 PM all 75.57 0.00 0.29 0.02 0.00 0.31 0.00 0.00 0.00 23.82 03:43:52 PM 0 75.85 0.00 0.28 0.02 0.00 0.00 0.00 0.00 0.00 23.85 03:43:52 PM 1 75.29 0.00 0.29 0.02 0.00 0.61 0.00 0.00 0.00 23.78#vmstat:procs -----------memory---------- ---swap-- -----io---- -system-- ------cpu----- r b swpd free buff cache si so bi bo in cs us sy id wa st 2 0 41168 161688 328636 2375592 0 0 4 6 7 15 76 1 24 0 0
#date:Mon Jul 15 15:44:52 CEST 2019#hostname:10.214.221.229 172.17.0.1 172.19.0.1 #SWAP:Swap: 8.0G 40M 8.0G#RAM:Mem: 3.9G 1.1G 158M 23M 2.6G 2.4G#Disk:Filesystem Size Used Avail Use% Mounted on /dev/mapper/sopvpyves--vg-root 39G 13G 24G 36% /#Load:loadaverage:2.05,#Network:Iface MTU Met RX-OK RX-ERR RX-DRP RX-OVR TX-OK TX-ERR TX-DRP TX-OVR Flg ens160 1500 0 324735168 0 0 0 295671061 0 0 0 BMRU #iostat:avg-cpu: %user %nice %system %iowait %steal %idle 75.57 0.00 0.59 0.02 0.00 23.81#iooperation:Device: tps kB_read/s kB_wrtn/s kB_read kB_wrtn sda 0.90 8.05 11.19 10136548 14084305 dm-0 1.58 8.01 11.11 10078914 13987700 dm-1 0.01 0.01 0.03 7986 42364#mpstat:03:44:52 PM CPU %usr %nice %sys %iowait %irq %soft %steal %guest %gnice %idle 03:44:52 PM all 75.57 0.00 0.29 0.02 0.00 0.31 0.00 0.00 0.00 23.81 03:44:52 PM 0 75.85 0.00 0.28 0.02 0.00 0.00 0.00 0.00 0.00 23.84 03:44:52 PM 1 75.29 0.00 0.29 0.02 0.00 0.61 0.00 0.00 0.00 23.78#vmstat:procs -----------memory---------- ---swap-- -----io---- -system-- ------cpu----- r b swpd free buff cache si so bi bo in cs us sy id wa st 2 0 41168 161948 328660 2375660 0 0 4 6 7 15 76 1 24 0 0
#date:Mon Jul 15 15:45:52 CEST 2019#hostname:10.214.221.229 172.17.0.1 172.19.0.1 #SWAP:Swap: 8.0G 40M 8.0G#RAM:Mem: 3.9G 1.1G 155M 23M 2.6G 2.4G#Disk:Filesystem Size Used Avail Use% Mounted on /dev/mapper/sopvpyves--vg-root 39G 13G 24G 36% /#Load:loadaverage:2.02,#Network:Iface MTU Met RX-OK RX-ERR RX-DRP RX-OVR TX-OK TX-ERR TX-DRP TX-OVR Flg ens160 1500 0 324742939 0 0 0 295677997 0 0 0 BMRU #iostat:avg-cpu: %user %nice %system %iowait %steal %idle 75.57 0.00 0.59 0.02 0.00 23.81#iooperation:Device: tps kB_read/s kB_wrtn/s kB_read kB_wrtn sda 0.90 8.05 11.19 10136548 14084981 dm-0 1.58 8.01 11.11 10078914 13988376 dm-1 0.01 0.01 0.03 7986 42364#mpstat:03:45:52 PM CPU %usr %nice %sys %iowait %irq %soft %steal %guest %gnice %idle 03:45:52 PM all 75.57 0.00 0.29 0.02 0.00 0.31 0.00 0.00 0.00 23.81 03:45:52 PM 0 75.85 0.00 0.28 0.02 0.00 0.00 0.00 0.00 0.00 23.84 03:45:52 PM 1 75.29 0.00 0.29 0.02 0.00 0.61 0.00 0.00 0.00 23.78#vmstat:procs -----------memory---------- ---swap-- -----io---- -system-- ------cpu----- r b swpd free buff cache si so bi bo in cs us sy id wa st 2 0 41168 158836 328704 2376040 0 0 4 6 7 15 76 1 24 0 0
#date:Mon Jul 15 15:46:52 CEST 2019#hostname:10.214.221.229 172.17.0.1 172.19.0.1 #SWAP:Swap: 8.0G 40M 8.0G#RAM:Mem: 3.9G 1.1G 154M 23M 2.6G 2.4G#Disk:Filesystem Size Used Avail Use% Mounted on /dev/mapper/sopvpyves--vg-root 39G 13G 24G 36% /#Load:loadaverage:2.22,#Network:Iface MTU Met RX-OK RX-ERR RX-DRP RX-OVR TX-OK TX-ERR TX-DRP TX-OVR Flg ens160 1500 0 324749957 0 0 0 295683824 0 0 0 BMRU #iostat:avg-cpu: %user %nice %system %iowait %steal %idle 75.57 0.00 0.59 0.02 0.00 23.81#iooperation:Device: tps kB_read/s kB_wrtn/s kB_read kB_wrtn sda 0.90 8.05 11.19 10136548 14085529 dm-0 1.58 8.01 11.11 10078914 13988924 dm-1 0.01 0.01 0.03 7986 42364#mpstat:03:46:53 PM CPU %usr %nice %sys %iowait %irq %soft %steal %guest %gnice %idle 03:46:53 PM all 75.57 0.00 0.29 0.02 0.00 0.31 0.00 0.00 0.00 23.81 03:46:53 PM 0 75.85 0.00 0.28 0.02 0.00 0.00 0.00 0.00 0.00 23.84 03:46:53 PM 1 75.29 0.00 0.29 0.02 0.00 0.61 0.00 0.00 0.00 23.78#vmstat:procs -----------memory---------- ---swap-- -----io---- -system-- ------cpu----- r b swpd free buff cache si so bi bo in cs us sy id wa st 2 0 41168 158656 328732 2376052 0 0 4 6 7 15 76 1 24 0 0
#date:Mon Jul 15 15:47:53 CEST 2019#hostname:10.214.221.229 172.17.0.1 172.19.0.1 #SWAP:Swap: 8.0G 40M 8.0G#RAM:Mem: 3.9G 1.1G 154M 23M 2.6G 2.4G#Disk:Filesystem Size Used Avail Use% Mounted on /dev/mapper/sopvpyves--vg-root 39G 13G 24G 36% /#Load:loadaverage:2.08,#Network:Iface MTU Met RX-OK RX-ERR RX-DRP RX-OVR TX-OK TX-ERR TX-DRP TX-OVR Flg ens160 1500 0 324757119 0 0 0 295689780 0 0 0 BMRU #iostat:avg-cpu: %user %nice %system %iowait %steal %idle 75.57 0.00 0.59 0.02 0.00 23.81#iooperation:Device: tps kB_read/s kB_wrtn/s kB_read kB_wrtn sda 0.90 8.05 11.19 10136548 14086213 dm-0 1.58 8.00 11.11 10078914 13989608 dm-1 0.01 0.01 0.03 7986 42364#mpstat:03:47:53 PM CPU %usr %nice %sys %iowait %irq %soft %steal %guest %gnice %idle 03:47:53 PM all 75.57 0.00 0.29 0.02 0.00 0.31 0.00 0.00 0.00 23.81 03:47:53 PM 0 75.85 0.00 0.28 0.02 0.00 0.00 0.00 0.00 0.00 23.84 03:47:53 PM 1 75.29 0.00 0.29 0.02 0.00 0.61 0.00 0.00 0.00 23.78#vmstat:procs -----------memory---------- ---swap-- -----io---- -system-- ------cpu----- r b swpd free buff cache si so bi bo in cs us sy id wa st 2 0 41168 157840 328764 2376064 0 0 4 6 7 15 76 1 24 0 0
#date:Mon Jul 15 15:48:53 CEST 2019#hostname:10.214.221.229 172.17.0.1 172.19.0.1 #SWAP:Swap: 8.0G 40M 8.0G#RAM:Mem: 3.9G 1.1G 154M 23M 2.6G 2.4G#Disk:Filesystem Size Used Avail Use% Mounted on /dev/mapper/sopvpyves--vg-root 39G 13G 24G 36% /#Load:loadaverage:2.03,#Network:Iface MTU Met RX-OK RX-ERR RX-DRP RX-OVR TX-OK TX-ERR TX-DRP TX-OVR Flg ens160 1500 0 324764549 0 0 0 295696209 0 0 0 BMRU #iostat:avg-cpu: %user %nice %system %iowait %steal %idle 75.57 0.00 0.59 0.02 0.00 23.81#iooperation:Device: tps kB_read/s kB_wrtn/s kB_read kB_wrtn sda 0.90 8.05 11.19 10136548 14086805 dm-0 1.58 8.00 11.11 10078914 13990200 dm-1 0.01 0.01 0.03 7986 42364#mpstat:03:48:53 PM CPU %usr %nice %sys %iowait %irq %soft %steal %guest %gnice %idle 03:48:53 PM all 75.57 0.00 0.29 0.02 0.00 0.31 0.00 0.00 0.00 23.81 03:48:53 PM 0 75.85 0.00 0.28 0.02 0.00 0.00 0.00 0.00 0.00 23.84 03:48:53 PM 1 75.29 0.00 0.29 0.02 0.00 0.61 0.00 0.00 0.00 23.78#vmstat:procs -----------memory---------- ---swap-- -----io---- -system-- ------cpu----- r b swpd free buff cache si so bi bo in cs us sy id wa st 2 0 41168 157224 328792 2376288 0 0 4 6 7 15 76 1 24 0 0
#date:Mon Jul 15 15:49:53 CEST 2019#hostname:10.214.221.229 172.17.0.1 172.19.0.1 #SWAP:Swap: 8.0G 40M 8.0G#RAM:Mem: 3.9G 1.1G 153M 23M 2.6G 2.4G#Disk:Filesystem Size Used Avail Use% Mounted on /dev/mapper/sopvpyves--vg-root 39G 13G 24G 36% /#Load:loadaverage:1.95,#Network:Iface MTU Met RX-OK RX-ERR RX-DRP RX-OVR TX-OK TX-ERR TX-DRP TX-OVR Flg ens160 1500 0 324772458 0 0 0 295703318 0 0 0 BMRU #iostat:avg-cpu: %user %nice %system %iowait %steal %idle 75.57 0.00 0.59 0.02 0.00 23.81#iooperation:Device: tps kB_read/s kB_wrtn/s kB_read kB_wrtn sda 0.90 8.05 11.19 10136548 14087417 dm-0 1.58 8.00 11.11 10078914 13990812 dm-1 0.01 0.01 0.03 7986 42364#mpstat:03:49:54 PM CPU %usr %nice %sys %iowait %irq %soft %steal %guest %gnice %idle 03:49:54 PM all 75.57 0.00 0.29 0.02 0.00 0.31 0.00 0.00 0.00 23.81 03:49:54 PM 0 75.85 0.00 0.28 0.02 0.00 0.00 0.00 0.00 0.00 23.84 03:49:54 PM 1 75.29 0.00 0.29 0.02 0.00 0.61 0.00 0.00 0.00 23.78#vmstat:procs -----------memory---------- ---swap-- -----io---- -system-- ------cpu----- r b swpd free buff cache si so bi bo in cs us sy id wa st 2 0 41168 156384 328792 2376572 0 0 4 6 7 15 76 1 24 0 0
#date:Mon Jul 15 15:50:54 CEST 2019#hostname:10.214.221.229 172.17.0.1 172.19.0.1 #SWAP:Swap: 8.0G 40M 8.0G#RAM:Mem: 3.9G 1.1G 150M 23M 2.6G 2.4G#Disk:Filesystem Size Used Avail Use% Mounted on /dev/mapper/sopvpyves--vg-root 39G 13G 24G 36% /#Load:loadaverage:1.98,#Network:Iface MTU Met RX-OK RX-ERR RX-DRP RX-OVR TX-OK TX-ERR TX-DRP TX-OVR Flg ens160 1500 0 324780059 0 0 0 295709983 0 0 0 BMRU #iostat:avg-cpu: %user %nice %system %iowait %steal %idle 75.57 0.00 0.59 0.02 0.00 23.81#iooperation:Device: tps kB_read/s kB_wrtn/s kB_read kB_wrtn sda 0.90 8.05 11.19 10136548 14088037 dm-0 1.58 8.00 11.11 10078914 13991432 dm-1 0.01 0.01 0.03 7986 42364#mpstat:03:50:54 PM CPU %usr %nice %sys %iowait %irq %soft %steal %guest %gnice %idle 03:50:54 PM all 75.57 0.00 0.29 0.02 0.00 0.31 0.00 0.00 0.00 23.81 03:50:54 PM 0 75.86 0.00 0.28 0.02 0.00 0.00 0.00 0.00 0.00 23.84 03:50:54 PM 1 75.29 0.00 0.29 0.02 0.00 0.61 0.00 0.00 0.00 23.78#vmstat:procs -----------memory---------- ---swap-- -----io---- -system-- ------cpu----- r b swpd free buff cache si so bi bo in cs us sy id wa st 2 0 41168 153828 328800 2376800 0 0 4 6 7 15 76 1 24 0 0
#date:Mon Jul 15 15:51:54 CEST 2019#hostname:10.214.221.229 172.17.0.1 172.19.0.1 #SWAP:Swap: 8.0G 40M 8.0G#RAM:Mem: 3.9G 1.1G 149M 23M 2.6G 2.4G#Disk:Filesystem Size Used Avail Use% Mounted on /dev/mapper/sopvpyves--vg-root 39G 13G 24G 36% /#Load:loadaverage:2.00,#Network:Iface MTU Met RX-OK RX-ERR RX-DRP RX-OVR TX-OK TX-ERR TX-DRP TX-OVR Flg ens160 1500 0 324787542 0 0 0 295716224 0 0 0 BMRU #iostat:avg-cpu: %user %nice %system %iowait %steal %idle 75.58 0.00 0.59 0.02 0.00 23.81#iooperation:Device: tps kB_read/s kB_wrtn/s kB_read kB_wrtn sda 0.90 8.05 11.19 10136548 14088665 dm-0 1.58 8.00 11.11 10078914 13992060 dm-1 0.01 0.01 0.03 7986 42364#mpstat:03:51:55 PM CPU %usr %nice %sys %iowait %irq %soft %steal %guest %gnice %idle 03:51:55 PM all 75.58 0.00 0.29 0.02 0.00 0.31 0.00 0.00 0.00 23.81 03:51:55 PM 0 75.86 0.00 0.28 0.02 0.00 0.00 0.00 0.00 0.00 23.84 03:51:55 PM 1 75.29 0.00 0.29 0.02 0.00 0.61 0.00 0.00 0.00 23.78#vmstat:procs -----------memory---------- ---swap-- -----io---- -system-- ------cpu----- r b swpd free buff cache si so bi bo in cs us sy id wa st 2 0 41168 153072 328808 2377088 0 0 4 6 8 15 76 1 24 0 0
#date:Mon Jul 15 15:52:55 CEST 2019#hostname:10.214.221.229 172.17.0.1 172.19.0.1 #SWAP:Swap: 8.0G 40M 8.0G#RAM:Mem: 3.9G 1.1G 148M 23M 2.6G 2.4G#Disk:Filesystem Size Used Avail Use% Mounted on /dev/mapper/sopvpyves--vg-root 39G 13G 24G 36% /#Load:loadaverage:2.05,#Network:Iface MTU Met RX-OK RX-ERR RX-DRP RX-OVR TX-OK TX-ERR TX-DRP TX-OVR Flg ens160 1500 0 324794763 0 0 0 295722373 0 0 0 BMRU #iostat:avg-cpu: %user %nice %system %iowait %steal %idle 75.58 0.00 0.59 0.02 0.00 23.81#iooperation:Device: tps kB_read/s kB_wrtn/s kB_read kB_wrtn sda 0.90 8.05 11.19 10136548 14089325 dm-0 1.58 8.00 11.11 10078914 13992720 dm-1 0.01 0.01 0.03 7986 42364#mpstat:03:52:55 PM CPU %usr %nice %sys %iowait %irq %soft %steal %guest %gnice %idle 03:52:55 PM all 75.58 0.00 0.29 0.02 0.00 0.31 0.00 0.00 0.00 23.81 03:52:55 PM 0 75.86 0.00 0.28 0.02 0.00 0.00 0.00 0.00 0.00 23.84 03:52:55 PM 1 75.30 0.00 0.29 0.02 0.00 0.61 0.00 0.00 0.00 23.77#vmstat:procs -----------memory---------- ---swap-- -----io---- -system-- ------cpu----- r b swpd free buff cache si so bi bo in cs us sy id wa st 2 0 41168 153092 328824 2377212 0 0 4 6 8 15 76 1 24 0 0
#date:Mon Jul 15 15:53:55 CEST 2019#hostname:10.214.221.229 172.17.0.1 172.19.0.1 #SWAP:Swap: 8.0G 40M 8.0G#RAM:Mem: 3.9G 1.1G 149M 23M 2.6G 2.4G#Disk:Filesystem Size Used Avail Use% Mounted on /dev/mapper/sopvpyves--vg-root 39G 13G 24G 36% /#Load:loadaverage:2.08,#Network:Iface MTU Met RX-OK RX-ERR RX-DRP RX-OVR TX-OK TX-ERR TX-DRP TX-OVR Flg ens160 1500 0 324802908 0 0 0 295729601 0 0 0 BMRU #iostat:avg-cpu: %user %nice %system %iowait %steal %idle 75.58 0.00 0.59 0.02 0.00 23.80#iooperation:Device: tps kB_read/s kB_wrtn/s kB_read kB_wrtn sda 0.90 8.05 11.19 10136548 14089777 dm-0 1.58 8.00 11.11 10078914 13993172 dm-1 0.01 0.01 0.03 7986 42364#mpstat:03:53:55 PM CPU %usr %nice %sys %iowait %irq %soft %steal %guest %gnice %idle 03:53:55 PM all 75.58 0.00 0.29 0.02 0.00 0.31 0.00 0.00 0.00 23.80 03:53:55 PM 0 75.86 0.00 0.28 0.02 0.00 0.00 0.00 0.00 0.00 23.83 03:53:55 PM 1 75.30 0.00 0.29 0.02 0.00 0.61 0.00 0.00 0.00 23.77#vmstat:procs -----------memory---------- ---swap-- -----io---- -system-- ------cpu----- r b swpd free buff cache si so bi bo in cs us sy id wa st 2 0 41168 152844 328848 2377440 0 0 4 6 8 15 76 1 24 0 0
#date:Mon Jul 15 15:54:55 CEST 2019#hostname:10.214.221.229 172.17.0.1 172.19.0.1 #SWAP:Swap: 8.0G 40M 8.0G#RAM:Mem: 3.9G 1.1G 148M 23M 2.6G 2.4G#Disk:Filesystem Size Used Avail Use% Mounted on /dev/mapper/sopvpyves--vg-root 39G 13G 24G 36% /#Load:loadaverage:2.17,#Network:Iface MTU Met RX-OK RX-ERR RX-DRP RX-OVR TX-OK TX-ERR TX-DRP TX-OVR Flg ens160 1500 0 324810949 0 0 0 295736680 0 0 0 BMRU #iostat:avg-cpu: %user %nice %system %iowait %steal %idle 75.58 0.00 0.59 0.02 0.00 23.80#iooperation:Device: tps kB_read/s kB_wrtn/s kB_read kB_wrtn sda 0.90 8.05 11.19 10136548 14090493 dm-0 1.58 8.00 11.11 10078914 13993888 dm-1 0.01 0.01 0.03 7986 42364#mpstat:03:54:56 PM CPU %usr %nice %sys %iowait %irq %soft %steal %guest %gnice %idle 03:54:56 PM all 75.58 0.00 0.29 0.02 0.00 0.31 0.00 0.00 0.00 23.80 03:54:56 PM 0 75.86 0.00 0.28 0.02 0.00 0.00 0.00 0.00 0.00 23.83 03:54:56 PM 1 75.30 0.00 0.29 0.02 0.00 0.61 0.00 0.00 0.00 23.77#vmstat:procs -----------memory---------- ---swap-- -----io---- -system-- ------cpu----- r b swpd free buff cache si so bi bo in cs us sy id wa st 2 0 41168 151304 328864 2377812 0 0 4 6 8 15 76 1 24 0 0
#date:Mon Jul 15 15:55:56 CEST 2019#hostname:10.214.221.229 172.17.0.1 172.19.0.1 #SWAP:Swap: 8.0G 40M 8.0G#RAM:Mem: 3.9G 1.1G 147M 23M 2.6G 2.4G#Disk:Filesystem Size Used Avail Use% Mounted on /dev/mapper/sopvpyves--vg-root 39G 13G 24G 36% /#Load:loadaverage:2.34,#Network:Iface MTU Met RX-OK RX-ERR RX-DRP RX-OVR TX-OK TX-ERR TX-DRP TX-OVR Flg ens160 1500 0 324817975 0 0 0 295742487 0 0 0 BMRU #iostat:avg-cpu: %user %nice %system %iowait %steal %idle 75.58 0.00 0.59 0.02 0.00 23.80#iooperation:Device: tps kB_read/s kB_wrtn/s kB_read kB_wrtn sda 0.90 8.05 11.19 10136548 14091121 dm-0 1.58 8.00 11.11 10078914 13994516 dm-1 0.01 0.01 0.03 7986 42364#mpstat:03:55:56 PM CPU %usr %nice %sys %iowait %irq %soft %steal %guest %gnice %idle 03:55:56 PM all 75.58 0.00 0.29 0.02 0.00 0.31 0.00 0.00 0.00 23.80 03:55:56 PM 0 75.86 0.00 0.28 0.02 0.00 0.00 0.00 0.00 0.00 23.83 03:55:56 PM 1 75.30 0.00 0.29 0.02 0.00 0.61 0.00 0.00 0.00 23.77#vmstat:procs -----------memory---------- ---swap-- -----io---- -system-- ------cpu----- r b swpd free buff cache si so bi bo in cs us sy id wa st 2 0 41168 150764 328896 2377924 0 0 4 6 8 15 76 1 24 0 0
#date:Mon Jul 15 15:56:56 CEST 2019#hostname:10.214.221.229 172.17.0.1 172.19.0.1 #SWAP:Swap: 8.0G 40M 8.0G#RAM:Mem: 3.9G 1.1G 147M 23M 2.6G 2.4G#Disk:Filesystem Size Used Avail Use% Mounted on /dev/mapper/sopvpyves--vg-root 39G 13G 24G 36% /#Load:loadaverage:2.12,#Network:Iface MTU Met RX-OK RX-ERR RX-DRP RX-OVR TX-OK TX-ERR TX-DRP TX-OVR Flg ens160 1500 0 324825948 0 0 0 295749340 0 0 0 BMRU #iostat:avg-cpu: %user %nice %system %iowait %steal %idle 75.58 0.00 0.59 0.02 0.00 23.80#iooperation:Device: tps kB_read/s kB_wrtn/s kB_read kB_wrtn sda 0.90 8.05 11.19 10136548 14091629 dm-0 1.58 8.00 11.11 10078914 13995024 dm-1 0.01 0.01 0.03 7986 42364#mpstat:03:56:57 PM CPU %usr %nice %sys %iowait %irq %soft %steal %guest %gnice %idle 03:56:57 PM all 75.58 0.00 0.29 0.02 0.00 0.31 0.00 0.00 0.00 23.80 03:56:57 PM 0 75.86 0.00 0.28 0.02 0.00 0.00 0.00 0.00 0.00 23.83 03:56:57 PM 1 75.30 0.00 0.29 0.02 0.00 0.61 0.00 0.00 0.00 23.77#vmstat:procs -----------memory---------- ---swap-- -----io---- -system-- ------cpu----- r b swpd free buff cache si so bi bo in cs us sy id wa st 2 0 41168 150704 328916 2378132 0 0 4 6 8 15 76 1 24 0 0
#date:Mon Jul 15 15:57:57 CEST 2019#hostname:10.214.221.229 172.17.0.1 172.19.0.1 #SWAP:Swap: 8.0G 40M 8.0G#RAM:Mem: 3.9G 1.1G 146M 23M 2.6G 2.4G#Disk:Filesystem Size Used Avail Use% Mounted on /dev/mapper/sopvpyves--vg-root 39G 13G 24G 36% /#Load:loadaverage:2.12,#Network:Iface MTU Met RX-OK RX-ERR RX-DRP RX-OVR TX-OK TX-ERR TX-DRP TX-OVR Flg ens160 1500 0 324833265 0 0 0 295755553 0 0 0 BMRU #iostat:avg-cpu: %user %nice %system %iowait %steal %idle 75.58 0.00 0.59 0.02 0.00 23.80#iooperation:Device: tps kB_read/s kB_wrtn/s kB_read kB_wrtn sda 0.90 8.05 11.19 10136548 14092261 dm-0 1.58 8.00 11.11 10078914 13995656 dm-1 0.01 0.01 0.03 7986 42364#mpstat:03:57:57 PM CPU %usr %nice %sys %iowait %irq %soft %steal %guest %gnice %idle 03:57:57 PM all 75.58 0.00 0.29 0.02 0.00 0.31 0.00 0.00 0.00 23.80 03:57:57 PM 0 75.86 0.00 0.28 0.02 0.00 0.00 0.00 0.00 0.00 23.83 03:57:57 PM 1 75.30 0.00 0.29 0.02 0.00 0.61 0.00 0.00 0.00 23.77#vmstat:procs -----------memory---------- ---swap-- -----io---- -system-- ------cpu----- r b swpd free buff cache si so bi bo in cs us sy id wa st 3 0 41168 149912 328936 2378492 0 0 4 6 8 15 76 1 24 0 0
#date:Mon Jul 15 15:58:57 CEST 2019#hostname:10.214.221.229 172.17.0.1 172.19.0.1 #SWAP:Swap: 8.0G 40M 8.0G#RAM:Mem: 3.9G 1.1G 145M 23M 2.6G 2.4G#Disk:Filesystem Size Used Avail Use% Mounted on /dev/mapper/sopvpyves--vg-root 39G 13G 24G 36% /#Load:loadaverage:2.04,#Network:Iface MTU Met RX-OK RX-ERR RX-DRP RX-OVR TX-OK TX-ERR TX-DRP TX-OVR Flg ens160 1500 0 324841145 0 0 0 295762404 0 0 0 BMRU #iostat:avg-cpu: %user %nice %system %iowait %steal %idle 75.58 0.00 0.59 0.02 0.00 23.80#iooperation:Device: tps kB_read/s kB_wrtn/s kB_read kB_wrtn sda 0.90 8.05 11.19 10136548 14092885 dm-0 1.58 8.00 11.11 10078914 13996280 dm-1 0.01 0.01 0.03 7986 42364#mpstat:03:58:57 PM CPU %usr %nice %sys %iowait %irq %soft %steal %guest %gnice %idle 03:58:57 PM all 75.58 0.00 0.29 0.02 0.00 0.31 0.00 0.00 0.00 23.80 03:58:57 PM 0 75.86 0.00 0.28 0.02 0.00 0.00 0.00 0.00 0.00 23.83 03:58:57 PM 1 75.30 0.00 0.29 0.02 0.00 0.61 0.00 0.00 0.00 23.77#vmstat:procs -----------memory---------- ---swap-- -----io---- -system-- ------cpu----- r b swpd free buff cache si so bi bo in cs us sy id wa st 2 0 41168 148160 328960 2378708 0 0 4 6 8 15 76 1 24 0 0
#date:Mon Jul 15 15:59:57 CEST 2019#hostname:10.214.221.229 172.17.0.1 172.19.0.1 #SWAP:Swap: 8.0G 40M 8.0G#RAM:Mem: 3.9G 1.1G 141M 23M 2.6G 2.4G#Disk:Filesystem Size Used Avail Use% Mounted on /dev/mapper/sopvpyves--vg-root 39G 13G 24G 36% /#Load:loadaverage:2.01,#Network:Iface MTU Met RX-OK RX-ERR RX-DRP RX-OVR TX-OK TX-ERR TX-DRP TX-OVR Flg ens160 1500 0 324849312 0 0 0 295769466 0 0 0 BMRU #iostat:avg-cpu: %user %nice %system %iowait %steal %idle 75.58 0.00 0.59 0.02 0.00 23.80#iooperation:Device: tps kB_read/s kB_wrtn/s kB_read kB_wrtn sda 0.90 8.05 11.19 10136548 14093489 dm-0 1.58 8.00 11.11 10078914 13996884 dm-1 0.01 0.01 0.03 7986 42364#mpstat:03:59:58 PM CPU %usr %nice %sys %iowait %irq %soft %steal %guest %gnice %idle 03:59:58 PM all 75.58 0.00 0.29 0.02 0.00 0.31 0.00 0.00 0.00 23.80 03:59:58 PM 0 75.87 0.00 0.28 0.02 0.00 0.00 0.00 0.00 0.00 23.83 03:59:58 PM 1 75.30 0.00 0.29 0.02 0.00 0.61 0.00 0.00 0.00 23.77#vmstat:procs -----------memory---------- ---swap-- -----io---- -system-- ------cpu----- r b swpd free buff cache si so bi bo in cs us sy id wa st 2 0 41168 144144 328976 2378888 0 0 4 6 8 15 76 1 24 0 0
#date:Mon Jul 15 16:00:58 CEST 2019#hostname:10.214.221.229 172.17.0.1 172.19.0.1 #SWAP:Swap: 8.0G 40M 8.0G#RAM:Mem: 3.9G 1.1G 138M 23M 2.6G 2.3G#Disk:Filesystem Size Used Avail Use% Mounted on /dev/mapper/sopvpyves--vg-root 39G 13G 24G 36% /#Load:loadaverage:2.00,#Network:Iface MTU Met RX-OK RX-ERR RX-DRP RX-OVR TX-OK TX-ERR TX-DRP TX-OVR Flg ens160 1500 0 324857209 0 0 0 295776489 0 0 0 BMRU #iostat:avg-cpu: %user %nice %system %iowait %steal %idle 75.59 0.00 0.59 0.02 0.00 23.80#iooperation:Device: tps kB_read/s kB_wrtn/s kB_read kB_wrtn sda 0.90 8.05 11.19 10136548 14094181 dm-0 1.58 8.00 11.11 10078914 13997576 dm-1 0.01 0.01 0.03 7986 42364#mpstat:04:00:58 PM CPU %usr %nice %sys %iowait %irq %soft %steal %guest %gnice %idle 04:00:58 PM all 75.59 0.00 0.29 0.02 0.00 0.31 0.00 0.00 0.00 23.80 04:00:58 PM 0 75.87 0.00 0.28 0.02 0.00 0.00 0.00 0.00 0.00 23.83 04:00:58 PM 1 75.30 0.00 0.29 0.02 0.00 0.61 0.00 0.00 0.00 23.77#vmstat:procs -----------memory---------- ---swap-- -----io---- -system-- ------cpu----- r b swpd free buff cache si so bi bo in cs us sy id wa st 2 0 41168 141816 328980 2379156 0 0 4 6 8 16 76 1 24 0 0
#date:Mon Jul 15 16:01:58 CEST 2019#hostname:10.214.221.229 172.17.0.1 172.19.0.1 #SWAP:Swap: 8.0G 40M 8.0G#RAM:Mem: 3.9G 1.1G 137M 23M 2.6G 2.3G#Disk:Filesystem Size Used Avail Use% Mounted on /dev/mapper/sopvpyves--vg-root 39G 13G 24G 36% /#Load:loadaverage:2.06,#Network:Iface MTU Met RX-OK RX-ERR RX-DRP RX-OVR TX-OK TX-ERR TX-DRP TX-OVR Flg ens160 1500 0 324864680 0 0 0 295782713 0 0 0 BMRU #iostat:avg-cpu: %user %nice %system %iowait %steal %idle 75.59 0.00 0.59 0.02 0.00 23.80#iooperation:Device: tps kB_read/s kB_wrtn/s kB_read kB_wrtn sda 0.90 8.05 11.19 10136548 14094877 dm-0 1.58 8.00 11.11 10078914 13998272 dm-1 0.01 0.01 0.03 7986 42364#mpstat:04:01:59 PM CPU %usr %nice %sys %iowait %irq %soft %steal %guest %gnice %idle 04:01:59 PM all 75.59 0.00 0.29 0.02 0.00 0.31 0.00 0.00 0.00 23.80 04:01:59 PM 0 75.87 0.00 0.28 0.02 0.00 0.00 0.00 0.00 0.00 23.83 04:01:59 PM 1 75.31 0.00 0.29 0.02 0.00 0.61 0.00 0.00 0.00 23.77#vmstat:procs -----------memory---------- ---swap-- -----io---- -system-- ------cpu----- r b swpd free buff cache si so bi bo in cs us sy id wa st 2 0 41168 140264 328996 2379260 0 0 4 6 8 16 76 1 24 0 0
