#date:Mon Jul 15 14:38:25 CEST 2019#hostname:10.214.222.80 #SWAP:Swap: 8.0G 14M 8.0G#RAM:Mem: 3.9G 1.1G 118M 28M 2.7G 2.4G#Disk:Filesystem Size Used Avail Use% Mounted on /dev/mapper/sopvpyves--vg-root 39G 8.0G 29G 22% /#Load:loadaverage:2.12,#Network:Iface MTU Met RX-OK RX-ERR RX-DRP RX-OVR TX-OK TX-ERR TX-DRP TX-OVR Flg ens160 1500 0 71486875 0 6 0 57514471 0 0 0 BMRU #iostat:avg-cpu: %user %nice %system %iowait %steal %idle 0.34 0.04 0.11 0.01 0.00 99.50#iooperation:Device: tps kB_read/s kB_wrtn/s kB_read kB_wrtn sda 0.19 0.84 7.63 1128462 10235341 dm-0 0.35 0.79 7.58 1062963 10166892 dm-1 0.00 0.00 0.01 4702 14176#mpstat:02:38:26 PM CPU %usr %nice %sys %iowait %irq %soft %steal %guest %gnice %idle 02:38:26 PM all 0.34 0.04 0.07 0.01 0.00 0.04 0.00 0.00 0.00 99.50 02:38:26 PM 0 0.23 0.02 0.04 0.01 0.00 0.00 0.00 0.00 0.00 99.70 02:38:26 PM 1 0.46 0.06 0.10 0.01 0.00 0.07 0.00 0.00 0.00 99.30#vmstat:procs -----------memory---------- ---swap-- -----io---- -system-- ------cpu----- r b swpd free buff cache si so bi bo in cs us sy id wa st 2 0 14604 118988 119784 2685352 0 0 0 4 9 9 0 0 100 0 0
#date:Mon Jul 15 14:39:26 CEST 2019#hostname:10.214.222.80 #SWAP:Swap: 8.0G 15M 8.0G#RAM:Mem: 3.9G 1.1G 212M 27M 2.6G 2.4G#Disk:Filesystem Size Used Avail Use% Mounted on /dev/mapper/sopvpyves--vg-root 39G 7.1G 30G 20% /#Load:loadaverage:2.04,#Network:Iface MTU Met RX-OK RX-ERR RX-DRP RX-OVR TX-OK TX-ERR TX-DRP TX-OVR Flg ens160 1500 0 71496373 0 6 0 57523862 0 0 0 BMRU #iostat:avg-cpu: %user %nice %system %iowait %steal %idle 0.35 0.04 0.11 0.01 0.00 99.50#iooperation:Device: tps kB_read/s kB_wrtn/s kB_read kB_wrtn sda 0.19 0.85 7.74 1134470 10386681 dm-0 0.35 0.80 7.69 1068971 10317048 dm-1 0.00 0.00 0.01 4702 15360#mpstat:02:39:26 PM CPU %usr %nice %sys %iowait %irq %soft %steal %guest %gnice %idle 02:39:26 PM all 0.35 0.04 0.07 0.01 0.00 0.04 0.00 0.00 0.00 99.50 02:39:26 PM 0 0.23 0.02 0.04 0.01 0.00 0.00 0.00 0.00 0.00 99.70 02:39:26 PM 1 0.47 0.06 0.10 0.01 0.00 0.07 0.00 0.00 0.00 99.30#vmstat:procs -----------memory---------- ---swap-- -----io---- -system-- ------cpu----- r b swpd free buff cache si so bi bo in cs us sy id wa st 2 0 15628 217660 109336 2603608 0 0 0 4 9 9 0 0 99 0 0
#date:Mon Jul 15 14:40:26 CEST 2019#hostname:10.214.222.80 #SWAP:Swap: 8.0G 15M 8.0G#RAM:Mem: 3.9G 1.0G 224M 27M 2.6G 2.5G#Disk:Filesystem Size Used Avail Use% Mounted on /dev/mapper/sopvpyves--vg-root 39G 7.1G 30G 20% /#Load:loadaverage:2.06,#Network:Iface MTU Met RX-OK RX-ERR RX-DRP RX-OVR TX-OK TX-ERR TX-DRP TX-OVR Flg ens160 1500 0 71505584 0 6 0 57532572 0 0 0 BMRU #iostat:avg-cpu: %user %nice %system %iowait %steal %idle 0.35 0.04 0.11 0.01 0.00 99.49#iooperation:Device: tps kB_read/s kB_wrtn/s kB_read kB_wrtn sda 0.19 0.85 7.78 1134490 10433773 dm-0 0.35 0.80 7.73 1068991 10364140 dm-1 0.00 0.00 0.01 4702 15360#mpstat:02:40:26 PM CPU %usr %nice %sys %iowait %irq %soft %steal %guest %gnice %idle 02:40:26 PM all 0.35 0.04 0.07 0.01 0.00 0.04 0.00 0.00 0.00 99.49 02:40:26 PM 0 0.23 0.02 0.04 0.01 0.00 0.00 0.00 0.00 0.00 99.69 02:40:26 PM 1 0.47 0.06 0.10 0.01 0.00 0.07 0.00 0.00 0.00 99.29#vmstat:procs -----------memory---------- ---swap-- -----io---- -system-- ------cpu----- r b swpd free buff cache si so bi bo in cs us sy id wa st 3 0 15628 229492 109360 2603500 0 0 0 4 9 9 0 0 99 0 0
#date:Mon Jul 15 14:41:26 CEST 2019#hostname:10.214.222.80 #SWAP:Swap: 8.0G 15M 8.0G#RAM:Mem: 3.9G 1.0G 223M 27M 2.6G 2.5G#Disk:Filesystem Size Used Avail Use% Mounted on /dev/mapper/sopvpyves--vg-root 39G 7.1G 30G 20% /#Load:loadaverage:2.11,#Network:Iface MTU Met RX-OK RX-ERR RX-DRP RX-OVR TX-OK TX-ERR TX-DRP TX-OVR Flg ens160 1500 0 71515077 0 6 0 57541554 0 0 0 BMRU #iostat:avg-cpu: %user %nice %system %iowait %steal %idle 0.36 0.04 0.11 0.01 0.00 99.49#iooperation:Device: tps kB_read/s kB_wrtn/s kB_read kB_wrtn sda 0.19 0.85 7.78 1134938 10434301 dm-0 0.35 0.80 7.73 1069427 10364668 dm-1 0.00 0.00 0.01 4714 15360#mpstat:02:41:27 PM CPU %usr %nice %sys %iowait %irq %soft %steal %guest %gnice %idle 02:41:27 PM all 0.36 0.04 0.07 0.01 0.00 0.04 0.00 0.00 0.00 99.49 02:41:27 PM 0 0.24 0.02 0.04 0.01 0.00 0.00 0.00 0.00 0.00 99.69 02:41:27 PM 1 0.47 0.06 0.10 0.01 0.00 0.07 0.00 0.00 0.00 99.29#vmstat:procs -----------memory---------- ---swap-- -----io---- -system-- ------cpu----- r b swpd free buff cache si so bi bo in cs us sy id wa st 2 0 15628 228512 109408 2603988 0 0 0 4 9 9 0 0 99 0 0
#date:Mon Jul 15 14:42:27 CEST 2019#hostname:10.214.222.80 #SWAP:Swap: 8.0G 15M 8.0G#RAM:Mem: 3.9G 1.0G 223M 27M 2.6G 2.5G#Disk:Filesystem Size Used Avail Use% Mounted on /dev/mapper/sopvpyves--vg-root 39G 7.1G 30G 20% /#Load:loadaverage:2.04,#Network:Iface MTU Met RX-OK RX-ERR RX-DRP RX-OVR TX-OK TX-ERR TX-DRP TX-OVR Flg ens160 1500 0 71524245 0 6 0 57550265 0 0 0 BMRU #iostat:avg-cpu: %user %nice %system %iowait %steal %idle 0.36 0.04 0.11 0.01 0.00 99.48#iooperation:Device: tps kB_read/s kB_wrtn/s kB_read kB_wrtn sda 0.19 0.85 7.78 1134954 10434773 dm-0 0.35 0.80 7.73 1069443 10365140 dm-1 0.00 0.00 0.01 4714 15360#mpstat:02:42:27 PM CPU %usr %nice %sys %iowait %irq %soft %steal %guest %gnice %idle 02:42:27 PM all 0.36 0.04 0.07 0.01 0.00 0.04 0.00 0.00 0.00 99.48 02:42:27 PM 0 0.24 0.02 0.04 0.01 0.00 0.00 0.00 0.00 0.00 99.68 02:42:27 PM 1 0.48 0.06 0.10 0.01 0.00 0.07 0.00 0.00 0.00 99.28#vmstat:procs -----------memory---------- ---swap-- -----io---- -system-- ------cpu----- r b swpd free buff cache si so bi bo in cs us sy id wa st 2 0 15628 228276 109440 2604408 0 0 0 4 9 9 0 0 99 0 0
#date:Mon Jul 15 14:43:27 CEST 2019#hostname:10.214.222.80 #SWAP:Swap: 8.0G 15M 8.0G#RAM:Mem: 3.9G 1.0G 197M 27M 2.6G 2.5G#Disk:Filesystem Size Used Avail Use% Mounted on /dev/mapper/sopvpyves--vg-root 39G 7.1G 30G 20% /#Load:loadaverage:2.01,#Network:Iface MTU Met RX-OK RX-ERR RX-DRP RX-OVR TX-OK TX-ERR TX-DRP TX-OVR Flg ens160 1500 0 71533554 0 6 0 57559215 0 0 0 BMRU #iostat:avg-cpu: %user %nice %system %iowait %steal %idle 0.37 0.04 0.11 0.01 0.00 99.48#iooperation:Device: tps kB_read/s kB_wrtn/s kB_read kB_wrtn sda 0.19 0.90 7.82 1209686 10493617 dm-0 0.36 0.85 7.77 1144175 10423984 dm-1 0.00 0.00 0.01 4714 15360#mpstat:02:43:27 PM CPU %usr %nice %sys %iowait %irq %soft %steal %guest %gnice %idle 02:43:27 PM all 0.37 0.04 0.07 0.01 0.00 0.04 0.00 0.00 0.00 99.48 02:43:27 PM 0 0.25 0.02 0.04 0.01 0.00 0.00 0.00 0.00 0.00 99.68 02:43:27 PM 1 0.48 0.06 0.10 0.01 0.00 0.07 0.00 0.00 0.00 99.28#vmstat:procs -----------memory---------- ---swap-- -----io---- -system-- ------cpu----- r b swpd free buff cache si so bi bo in cs us sy id wa st 2 0 15628 201412 109624 2646020 0 0 0 4 9 9 0 0 99 0 0
#date:Mon Jul 15 14:44:27 CEST 2019#hostname:10.214.222.80 #SWAP:Swap: 8.0G 15M 8.0G#RAM:Mem: 3.9G 1.0G 196M 27M 2.6G 2.5G#Disk:Filesystem Size Used Avail Use% Mounted on /dev/mapper/sopvpyves--vg-root 39G 7.1G 30G 20% /#Load:loadaverage:2.04,#Network:Iface MTU Met RX-OK RX-ERR RX-DRP RX-OVR TX-OK TX-ERR TX-DRP TX-OVR Flg ens160 1500 0 71543110 0 6 0 57568367 0 0 0 BMRU #iostat:avg-cpu: %user %nice %system %iowait %steal %idle 0.37 0.04 0.11 0.01 0.00 99.47#iooperation:Device: tps kB_read/s kB_wrtn/s kB_read kB_wrtn sda 0.19 0.90 7.82 1209686 10494221 dm-0 0.36 0.85 7.77 1144175 10424588 dm-1 0.00 0.00 0.01 4714 15360#mpstat:02:44:28 PM CPU %usr %nice %sys %iowait %irq %soft %steal %guest %gnice %idle 02:44:28 PM all 0.37 0.04 0.07 0.01 0.00 0.04 0.00 0.00 0.00 99.47 02:44:28 PM 0 0.25 0.02 0.04 0.01 0.00 0.00 0.00 0.00 0.00 99.67 02:44:28 PM 1 0.49 0.06 0.10 0.01 0.00 0.07 0.00 0.00 0.00 99.27#vmstat:procs -----------memory---------- ---swap-- -----io---- -system-- ------cpu----- r b swpd free buff cache si so bi bo in cs us sy id wa st 2 0 15628 201692 109692 2646208 0 0 0 4 9 9 0 0 99 0 0
#date:Mon Jul 15 14:45:28 CEST 2019#hostname:10.214.222.80 #SWAP:Swap: 8.0G 15M 8.0G#RAM:Mem: 3.9G 885M 365M 27M 2.6G 2.6G#Disk:Filesystem Size Used Avail Use% Mounted on /dev/mapper/sopvpyves--vg-root 39G 7.1G 30G 20% /#Load:loadaverage:2.01,#Network:Iface MTU Met RX-OK RX-ERR RX-DRP RX-OVR TX-OK TX-ERR TX-DRP TX-OVR Flg ens160 1500 0 71556356 0 6 0 57580288 0 0 0 BMRU #iostat:avg-cpu: %user %nice %system %iowait %steal %idle 0.37 0.04 0.11 0.01 0.00 99.47#iooperation:Device: tps kB_read/s kB_wrtn/s kB_read kB_wrtn sda 0.19 0.90 7.82 1209686 10494725 dm-0 0.36 0.85 7.77 1144175 10425092 dm-1 0.00 0.00 0.01 4714 15360#mpstat:02:45:28 PM CPU %usr %nice %sys %iowait %irq %soft %steal %guest %gnice %idle 02:45:28 PM all 0.37 0.04 0.07 0.01 0.00 0.04 0.00 0.00 0.00 99.47 02:45:28 PM 0 0.26 0.02 0.04 0.01 0.00 0.00 0.00 0.00 0.00 99.67 02:45:28 PM 1 0.49 0.06 0.10 0.01 0.00 0.07 0.00 0.00 0.00 99.27#vmstat:procs -----------memory---------- ---swap-- -----io---- -system-- ------cpu----- r b swpd free buff cache si so bi bo in cs us sy id wa st 2 0 15628 373888 109740 2648892 0 0 0 4 9 9 0 0 99 0 0
#date:Mon Jul 15 14:46:28 CEST 2019#hostname:10.214.222.80 #SWAP:Swap: 8.0G 15M 8.0G#RAM:Mem: 3.9G 891M 359M 27M 2.6G 2.6G#Disk:Filesystem Size Used Avail Use% Mounted on /dev/mapper/sopvpyves--vg-root 39G 7.1G 30G 20% /#Load:loadaverage:2.07,#Network:Iface MTU Met RX-OK RX-ERR RX-DRP RX-OVR TX-OK TX-ERR TX-DRP TX-OVR Flg ens160 1500 0 71566194 0 6 0 57589617 0 0 0 BMRU #iostat:avg-cpu: %user %nice %system %iowait %steal %idle 0.38 0.04 0.11 0.01 0.00 99.47#iooperation:Device: tps kB_read/s kB_wrtn/s kB_read kB_wrtn sda 0.19 0.90 7.82 1209686 10495293 dm-0 0.36 0.85 7.77 1144175 10425660 dm-1 0.00 0.00 0.01 4714 15360#mpstat:02:46:29 PM CPU %usr %nice %sys %iowait %irq %soft %steal %guest %gnice %idle 02:46:29 PM all 0.38 0.04 0.07 0.01 0.00 0.04 0.00 0.00 0.00 99.47 02:46:29 PM 0 0.26 0.02 0.04 0.01 0.00 0.00 0.00 0.00 0.00 99.67 02:46:29 PM 1 0.50 0.06 0.10 0.01 0.00 0.07 0.00 0.00 0.00 99.27#vmstat:procs -----------memory---------- ---swap-- -----io---- -system-- ------cpu----- r b swpd free buff cache si so bi bo in cs us sy id wa st 2 0 15628 368608 109788 2648804 0 0 0 4 9 9 0 0 99 0 0
#date:Mon Jul 15 14:47:29 CEST 2019#hostname:10.214.222.80 #SWAP:Swap: 8.0G 15M 8.0G#RAM:Mem: 3.9G 892M 360M 27M 2.6G 2.6G#Disk:Filesystem Size Used Avail Use% Mounted on /dev/mapper/sopvpyves--vg-root 39G 7.1G 30G 20% /#Load:loadaverage:2.07,#Network:Iface MTU Met RX-OK RX-ERR RX-DRP RX-OVR TX-OK TX-ERR TX-DRP TX-OVR Flg ens160 1500 0 71576581 0 6 0 57600413 0 0 0 BMRU #iostat:avg-cpu: %user %nice %system %iowait %steal %idle 0.38 0.04 0.11 0.01 0.00 99.46#iooperation:Device: tps kB_read/s kB_wrtn/s kB_read kB_wrtn sda 0.19 0.90 7.82 1209710 10495833 dm-0 0.36 0.85 7.77 1144199 10426200 dm-1 0.00 0.00 0.01 4714 15360#mpstat:02:47:29 PM CPU %usr %nice %sys %iowait %irq %soft %steal %guest %gnice %idle 02:47:29 PM all 0.38 0.04 0.07 0.01 0.00 0.04 0.00 0.00 0.00 99.46 02:47:29 PM 0 0.27 0.02 0.04 0.01 0.00 0.00 0.00 0.00 0.00 99.66 02:47:29 PM 1 0.50 0.06 0.10 0.01 0.00 0.07 0.00 0.00 0.00 99.26#vmstat:procs -----------memory---------- ---swap-- -----io---- -system-- ------cpu----- r b swpd free buff cache si so bi bo in cs us sy id wa st 2 0 15628 369484 109852 2647280 0 0 0 4 9 9 0 0 99 0 0
#date:Mon Jul 15 14:48:29 CEST 2019#hostname:10.214.222.80 #SWAP:Swap: 8.0G 15M 8.0G#RAM:Mem: 3.9G 886M 366M 27M 2.6G 2.6G#Disk:Filesystem Size Used Avail Use% Mounted on /dev/mapper/sopvpyves--vg-root 39G 7.1G 30G 20% /#Load:loadaverage:2.21,#Network:Iface MTU Met RX-OK RX-ERR RX-DRP RX-OVR TX-OK TX-ERR TX-DRP TX-OVR Flg ens160 1500 0 71585840 0 6 0 57609225 0 0 0 BMRU #iostat:avg-cpu: %user %nice %system %iowait %steal %idle 0.39 0.04 0.11 0.01 0.00 99.46#iooperation:Device: tps kB_read/s kB_wrtn/s kB_read kB_wrtn sda 0.19 0.90 7.82 1209714 10496449 dm-0 0.36 0.85 7.77 1144203 10426816 dm-1 0.00 0.00 0.01 4714 15360#mpstat:02:48:29 PM CPU %usr %nice %sys %iowait %irq %soft %steal %guest %gnice %idle 02:48:29 PM all 0.39 0.04 0.07 0.01 0.00 0.04 0.00 0.00 0.00 99.46 02:48:29 PM 0 0.27 0.02 0.04 0.01 0.00 0.00 0.00 0.00 0.00 99.66 02:48:29 PM 1 0.51 0.06 0.10 0.01 0.00 0.07 0.00 0.00 0.00 99.26#vmstat:procs -----------memory---------- ---swap-- -----io---- -system-- ------cpu----- r b swpd free buff cache si so bi bo in cs us sy id wa st 2 0 15628 375288 109888 2646732 0 0 0 4 9 9 0 0 99 0 0
#date:Mon Jul 15 14:49:29 CEST 2019#hostname:10.214.222.80 #SWAP:Swap: 8.0G 15M 8.0G#RAM:Mem: 3.9G 886M 366M 27M 2.6G 2.6G#Disk:Filesystem Size Used Avail Use% Mounted on /dev/mapper/sopvpyves--vg-root 39G 7.1G 30G 20% /#Load:loadaverage:2.11,#Network:Iface MTU Met RX-OK RX-ERR RX-DRP RX-OVR TX-OK TX-ERR TX-DRP TX-OVR Flg ens160 1500 0 71596324 0 6 0 57619010 0 0 0 BMRU #iostat:avg-cpu: %user %nice %system %iowait %steal %idle 0.39 0.04 0.11 0.01 0.00 99.45#iooperation:Device: tps kB_read/s kB_wrtn/s kB_read kB_wrtn sda 0.19 0.90 7.82 1209714 10496985 dm-0 0.36 0.85 7.77 1144203 10427352 dm-1 0.00 0.00 0.01 4714 15360#mpstat:02:49:30 PM CPU %usr %nice %sys %iowait %irq %soft %steal %guest %gnice %idle 02:49:30 PM all 0.39 0.04 0.07 0.01 0.00 0.04 0.00 0.00 0.00 99.45 02:49:30 PM 0 0.27 0.02 0.04 0.01 0.00 0.00 0.00 0.00 0.00 99.65 02:49:30 PM 1 0.51 0.06 0.10 0.01 0.00 0.07 0.00 0.00 0.00 99.25#vmstat:procs -----------memory---------- ---swap-- -----io---- -system-- ------cpu----- r b swpd free buff cache si so bi bo in cs us sy id wa st 2 0 15628 374684 109936 2647372 0 0 0 4 9 9 0 0 99 0 0
#date:Mon Jul 15 14:50:30 CEST 2019#hostname:10.214.222.80 #SWAP:Swap: 8.0G 15M 8.0G#RAM:Mem: 3.9G 883M 368M 27M 2.6G 2.6G#Disk:Filesystem Size Used Avail Use% Mounted on /dev/mapper/sopvpyves--vg-root 39G 7.1G 30G 20% /#Load:loadaverage:2.09,#Network:Iface MTU Met RX-OK RX-ERR RX-DRP RX-OVR TX-OK TX-ERR TX-DRP TX-OVR Flg ens160 1500 0 71606855 0 6 0 57628920 0 0 0 BMRU #iostat:avg-cpu: %user %nice %system %iowait %steal %idle 0.40 0.04 0.11 0.01 0.00 99.45#iooperation:Device: tps kB_read/s kB_wrtn/s kB_read kB_wrtn sda 0.19 0.90 7.82 1209714 10497445 dm-0 0.36 0.85 7.77 1144203 10427812 dm-1 0.00 0.00 0.01 4714 15360#mpstat:02:50:30 PM CPU %usr %nice %sys %iowait %irq %soft %steal %guest %gnice %idle 02:50:30 PM all 0.40 0.04 0.07 0.01 0.00 0.04 0.00 0.00 0.00 99.45 02:50:30 PM 0 0.28 0.02 0.04 0.01 0.00 0.00 0.00 0.00 0.00 99.65 02:50:30 PM 1 0.51 0.06 0.10 0.01 0.00 0.07 0.00 0.00 0.00 99.25#vmstat:procs -----------memory---------- ---swap-- -----io---- -system-- ------cpu----- r b swpd free buff cache si so bi bo in cs us sy id wa st 2 0 15628 377244 109988 2648152 0 0 0 4 9 9 0 0 99 0 0
#date:Mon Jul 15 14:51:30 CEST 2019#hostname:10.214.222.80 #SWAP:Swap: 8.0G 15M 8.0G#RAM:Mem: 3.9G 883M 367M 27M 2.6G 2.6G#Disk:Filesystem Size Used Avail Use% Mounted on /dev/mapper/sopvpyves--vg-root 39G 7.1G 30G 20% /#Load:loadaverage:2.09,#Network:Iface MTU Met RX-OK RX-ERR RX-DRP RX-OVR TX-OK TX-ERR TX-DRP TX-OVR Flg ens160 1500 0 71617524 0 6 0 57638861 0 0 0 BMRU #iostat:avg-cpu: %user %nice %system %iowait %steal %idle 0.40 0.04 0.11 0.01 0.00 99.44#iooperation:Device: tps kB_read/s kB_wrtn/s kB_read kB_wrtn sda 0.19 0.90 7.82 1209714 10497913 dm-0 0.36 0.85 7.77 1144203 10428280 dm-1 0.00 0.00 0.01 4714 15360#mpstat:02:51:31 PM CPU %usr %nice %sys %iowait %irq %soft %steal %guest %gnice %idle 02:51:31 PM all 0.40 0.04 0.07 0.01 0.00 0.04 0.00 0.00 0.00 99.44 02:51:31 PM 0 0.28 0.02 0.04 0.01 0.00 0.00 0.00 0.00 0.00 99.64 02:51:31 PM 1 0.52 0.06 0.10 0.01 0.00 0.07 0.00 0.00 0.00 99.24#vmstat:procs -----------memory---------- ---swap-- -----io---- -system-- ------cpu----- r b swpd free buff cache si so bi bo in cs us sy id wa st 4 0 15628 376524 110048 2648312 0 0 0 4 9 9 0 0 99 0 0
#date:Mon Jul 15 14:52:31 CEST 2019#hostname:10.214.222.80 #SWAP:Swap: 8.0G 15M 8.0G#RAM:Mem: 3.9G 884M 367M 27M 2.6G 2.6G#Disk:Filesystem Size Used Avail Use% Mounted on /dev/mapper/sopvpyves--vg-root 39G 7.1G 30G 20% /#Load:loadaverage:2.19,#Network:Iface MTU Met RX-OK RX-ERR RX-DRP RX-OVR TX-OK TX-ERR TX-DRP TX-OVR Flg ens160 1500 0 71627338 0 6 0 57648527 0 0 0 BMRU #iostat:avg-cpu: %user %nice %system %iowait %steal %idle 0.40 0.04 0.11 0.01 0.00 99.44#iooperation:Device: tps kB_read/s kB_wrtn/s kB_read kB_wrtn sda 0.19 0.90 7.82 1209714 10498409 dm-0 0.36 0.85 7.77 1144203 10428776 dm-1 0.00 0.00 0.01 4714 15360#mpstat:02:52:31 PM CPU %usr %nice %sys %iowait %irq %soft %steal %guest %gnice %idle 02:52:31 PM all 0.40 0.04 0.07 0.01 0.00 0.04 0.00 0.00 0.00 99.44 02:52:31 PM 0 0.29 0.02 0.04 0.01 0.00 0.00 0.00 0.00 0.00 99.64 02:52:31 PM 1 0.52 0.06 0.10 0.01 0.00 0.07 0.00 0.00 0.00 99.24#vmstat:procs -----------memory---------- ---swap-- -----io---- -system-- ------cpu----- r b swpd free buff cache si so bi bo in cs us sy id wa st 2 0 15628 374900 110092 2647984 0 0 0 4 9 9 0 0 99 0 0
#date:Mon Jul 15 14:53:31 CEST 2019#hostname:10.214.222.80 #SWAP:Swap: 8.0G 15M 8.0G#RAM:Mem: 3.9G 880M 372M 27M 2.6G 2.6G#Disk:Filesystem Size Used Avail Use% Mounted on /dev/mapper/sopvpyves--vg-root 39G 7.1G 30G 20% /#Load:loadaverage:2.15,#Network:Iface MTU Met RX-OK RX-ERR RX-DRP RX-OVR TX-OK TX-ERR TX-DRP TX-OVR Flg ens160 1500 0 71636990 0 6 0 57657817 0 0 0 BMRU #iostat:avg-cpu: %user %nice %system %iowait %steal %idle 0.41 0.04 0.11 0.01 0.00 99.43#iooperation:Device: tps kB_read/s kB_wrtn/s kB_read kB_wrtn sda 0.19 0.90 7.82 1209714 10499081 dm-0 0.36 0.85 7.77 1144203 10429448 dm-1 0.00 0.00 0.01 4714 15360#mpstat:02:53:31 PM CPU %usr %nice %sys %iowait %irq %soft %steal %guest %gnice %idle 02:53:31 PM all 0.41 0.04 0.07 0.01 0.00 0.04 0.00 0.00 0.00 99.43 02:53:31 PM 0 0.29 0.02 0.04 0.01 0.00 0.00 0.00 0.00 0.00 99.63 02:53:31 PM 1 0.53 0.06 0.10 0.01 0.00 0.07 0.00 0.00 0.00 99.23#vmstat:procs -----------memory---------- ---swap-- -----io---- -system-- ------cpu----- r b swpd free buff cache si so bi bo in cs us sy id wa st 2 0 15628 381052 110160 2647524 0 0 0 4 9 9 0 0 99 0 0
#date:Mon Jul 15 14:54:31 CEST 2019#hostname:10.214.222.80 #SWAP:Swap: 8.0G 15M 8.0G#RAM:Mem: 3.9G 879M 372M 27M 2.6G 2.6G#Disk:Filesystem Size Used Avail Use% Mounted on /dev/mapper/sopvpyves--vg-root 39G 7.1G 30G 20% /#Load:loadaverage:2.11,#Network:Iface MTU Met RX-OK RX-ERR RX-DRP RX-OVR TX-OK TX-ERR TX-DRP TX-OVR Flg ens160 1500 0 71647192 0 6 0 57667420 0 0 0 BMRU #iostat:avg-cpu: %user %nice %system %iowait %steal %idle 0.41 0.04 0.11 0.01 0.00 99.43#iooperation:Device: tps kB_read/s kB_wrtn/s kB_read kB_wrtn sda 0.19 0.90 7.82 1209714 10499585 dm-0 0.36 0.85 7.77 1144203 10429952 dm-1 0.00 0.00 0.01 4714 15360#mpstat:02:54:32 PM CPU %usr %nice %sys %iowait %irq %soft %steal %guest %gnice %idle 02:54:32 PM all 0.41 0.04 0.07 0.01 0.00 0.04 0.00 0.00 0.00 99.43 02:54:32 PM 0 0.30 0.02 0.04 0.01 0.00 0.00 0.00 0.00 0.00 99.63 02:54:32 PM 1 0.53 0.06 0.10 0.01 0.00 0.07 0.00 0.00 0.00 99.23#vmstat:procs -----------memory---------- ---swap-- -----io---- -system-- ------cpu----- r b swpd free buff cache si so bi bo in cs us sy id wa st 2 0 15628 379360 110220 2648084 0 0 0 4 9 9 0 0 99 0 0
#date:Mon Jul 15 14:55:32 CEST 2019#hostname:10.214.222.80 #SWAP:Swap: 8.0G 15M 8.0G#RAM:Mem: 3.9G 876M 374M 27M 2.6G 2.6G#Disk:Filesystem Size Used Avail Use% Mounted on /dev/mapper/sopvpyves--vg-root 39G 7.1G 30G 20% /#Load:loadaverage:2.04,#Network:Iface MTU Met RX-OK RX-ERR RX-DRP RX-OVR TX-OK TX-ERR TX-DRP TX-OVR Flg ens160 1500 0 71656804 0 6 0 57676625 0 0 0 BMRU #iostat:avg-cpu: %user %nice %system %iowait %steal %idle 0.42 0.04 0.11 0.01 0.00 99.43#iooperation:Device: tps kB_read/s kB_wrtn/s kB_read kB_wrtn sda 0.19 0.90 7.82 1209926 10500389 dm-0 0.36 0.85 7.77 1144415 10430756 dm-1 0.00 0.00 0.01 4714 15360#mpstat:02:55:32 PM CPU %usr %nice %sys %iowait %irq %soft %steal %guest %gnice %idle 02:55:32 PM all 0.42 0.04 0.07 0.01 0.00 0.04 0.00 0.00 0.00 99.43 02:55:32 PM 0 0.30 0.02 0.04 0.01 0.00 0.00 0.00 0.00 0.00 99.63 02:55:32 PM 1 0.54 0.06 0.10 0.01 0.00 0.07 0.00 0.00 0.00 99.23#vmstat:procs -----------memory---------- ---swap-- -----io---- -system-- ------cpu----- r b swpd free buff cache si so bi bo in cs us sy id wa st 2 0 15628 383796 110484 2648460 0 0 0 4 9 9 0 0 99 0 0
#date:Mon Jul 15 14:56:32 CEST 2019#hostname:10.214.222.80 #SWAP:Swap: 8.0G 15M 8.0G#RAM:Mem: 3.9G 876M 374M 27M 2.6G 2.6G#Disk:Filesystem Size Used Avail Use% Mounted on /dev/mapper/sopvpyves--vg-root 39G 7.1G 30G 20% /#Load:loadaverage:2.14,#Network:Iface MTU Met RX-OK RX-ERR RX-DRP RX-OVR TX-OK TX-ERR TX-DRP TX-OVR Flg ens160 1500 0 71666890 0 6 0 57686321 0 0 0 BMRU #iostat:avg-cpu: %user %nice %system %iowait %steal %idle 0.42 0.04 0.11 0.01 0.00 99.42#iooperation:Device: tps kB_read/s kB_wrtn/s kB_read kB_wrtn sda 0.19 0.90 7.82 1209926 10500897 dm-0 0.36 0.85 7.77 1144415 10431264 dm-1 0.00 0.00 0.01 4714 15360#mpstat:02:56:32 PM CPU %usr %nice %sys %iowait %irq %soft %steal %guest %gnice %idle 02:56:32 PM all 0.42 0.04 0.07 0.01 0.00 0.04 0.00 0.00 0.00 99.42 02:56:32 PM 0 0.30 0.02 0.04 0.01 0.00 0.00 0.00 0.00 0.00 99.62 02:56:32 PM 1 0.54 0.06 0.10 0.01 0.00 0.07 0.00 0.00 0.00 99.22#vmstat:procs -----------memory---------- ---swap-- -----io---- -system-- ------cpu----- r b swpd free buff cache si so bi bo in cs us sy id wa st 2 0 15628 383676 110540 2648224 0 0 0 4 9 9 0 0 99 0 0
#date:Mon Jul 15 14:57:32 CEST 2019#hostname:10.214.222.80 #SWAP:Swap: 8.0G 15M 8.0G#RAM:Mem: 3.9G 876M 374M 27M 2.6G 2.6G#Disk:Filesystem Size Used Avail Use% Mounted on /dev/mapper/sopvpyves--vg-root 39G 7.1G 30G 20% /#Load:loadaverage:2.05,#Network:Iface MTU Met RX-OK RX-ERR RX-DRP RX-OVR TX-OK TX-ERR TX-DRP TX-OVR Flg ens160 1500 0 71676580 0 6 0 57695607 0 0 0 BMRU #iostat:avg-cpu: %user %nice %system %iowait %steal %idle 0.43 0.04 0.11 0.01 0.00 99.42#iooperation:Device: tps kB_read/s kB_wrtn/s kB_read kB_wrtn sda 0.19 0.90 7.82 1209926 10501433 dm-0 0.36 0.85 7.77 1144415 10431800 dm-1 0.00 0.00 0.01 4714 15360#mpstat:02:57:33 PM CPU %usr %nice %sys %iowait %irq %soft %steal %guest %gnice %idle 02:57:33 PM all 0.43 0.04 0.07 0.01 0.00 0.04 0.00 0.00 0.00 99.42 02:57:33 PM 0 0.31 0.02 0.04 0.01 0.00 0.00 0.00 0.00 0.00 99.62 02:57:33 PM 1 0.54 0.06 0.10 0.01 0.00 0.07 0.00 0.00 0.00 99.22#vmstat:procs -----------memory---------- ---swap-- -----io---- -system-- ------cpu----- r b swpd free buff cache si so bi bo in cs us sy id wa st 2 0 15628 383856 110592 2648332 0 0 0 4 9 9 0 0 99 0 0
#date:Mon Jul 15 14:58:33 CEST 2019#hostname:10.214.222.80 #SWAP:Swap: 8.0G 15M 8.0G#RAM:Mem: 3.9G 872M 377M 27M 2.6G 2.6G#Disk:Filesystem Size Used Avail Use% Mounted on /dev/mapper/sopvpyves--vg-root 39G 7.1G 30G 20% /#Load:loadaverage:2.02,#Network:Iface MTU Met RX-OK RX-ERR RX-DRP RX-OVR TX-OK TX-ERR TX-DRP TX-OVR Flg ens160 1500 0 71686696 0 6 0 57705194 0 0 0 BMRU #iostat:avg-cpu: %user %nice %system %iowait %steal %idle 0.43 0.04 0.11 0.01 0.00 99.41#iooperation:Device: tps kB_read/s kB_wrtn/s kB_read kB_wrtn sda 0.19 0.90 7.82 1209926 10502049 dm-0 0.36 0.85 7.77 1144415 10432416 dm-1 0.00 0.00 0.01 4714 15360#mpstat:02:58:33 PM CPU %usr %nice %sys %iowait %irq %soft %steal %guest %gnice %idle 02:58:33 PM all 0.43 0.04 0.07 0.01 0.00 0.04 0.00 0.00 0.00 99.41 02:58:33 PM 0 0.31 0.02 0.04 0.01 0.00 0.00 0.00 0.00 0.00 99.61 02:58:33 PM 1 0.55 0.06 0.10 0.01 0.00 0.07 0.00 0.00 0.00 99.21#vmstat:procs -----------memory---------- ---swap-- -----io---- -system-- ------cpu----- r b swpd free buff cache si so bi bo in cs us sy id wa st 2 0 15628 387140 110644 2648580 0 0 0 4 9 9 0 0 99 0 0
#date:Mon Jul 15 14:59:33 CEST 2019#hostname:10.214.222.80 #SWAP:Swap: 8.0G 15M 8.0G#RAM:Mem: 3.9G 872M 378M 27M 2.6G 2.7G#Disk:Filesystem Size Used Avail Use% Mounted on /dev/mapper/sopvpyves--vg-root 39G 7.1G 30G 20% /#Load:loadaverage:2.00,#Network:Iface MTU Met RX-OK RX-ERR RX-DRP RX-OVR TX-OK TX-ERR TX-DRP TX-OVR Flg ens160 1500 0 71696407 0 6 0 57714406 0 0 0 BMRU #iostat:avg-cpu: %user %nice %system %iowait %steal %idle 0.44 0.04 0.11 0.01 0.00 99.41#iooperation:Device: tps kB_read/s kB_wrtn/s kB_read kB_wrtn sda 0.19 0.90 7.82 1209926 10502601 dm-0 0.36 0.85 7.77 1144415 10432968 dm-1 0.00 0.00 0.01 4714 15360#mpstat:02:59:34 PM CPU %usr %nice %sys %iowait %irq %soft %steal %guest %gnice %idle 02:59:34 PM all 0.44 0.04 0.07 0.01 0.00 0.04 0.00 0.00 0.00 99.41 02:59:34 PM 0 0.32 0.02 0.04 0.01 0.00 0.00 0.00 0.00 0.00 99.61 02:59:34 PM 1 0.55 0.06 0.10 0.01 0.00 0.07 0.00 0.00 0.00 99.21#vmstat:procs -----------memory---------- ---swap-- -----io---- -system-- ------cpu----- r b swpd free buff cache si so bi bo in cs us sy id wa st 2 0 15628 386892 110688 2648544 0 0 0 4 9 9 0 0 99 0 0
#date:Mon Jul 15 15:00:34 CEST 2019#hostname:10.214.222.80 #SWAP:Swap: 8.0G 15M 8.0G#RAM:Mem: 3.9G 869M 349M 27M 2.7G 2.7G#Disk:Filesystem Size Used Avail Use% Mounted on /dev/mapper/sopvpyves--vg-root 39G 7.1G 30G 20% /#Load:loadaverage:2.16,#Network:Iface MTU Met RX-OK RX-ERR RX-DRP RX-OVR TX-OK TX-ERR TX-DRP TX-OVR Flg ens160 1500 0 71706664 0 6 0 57723888 0 0 0 BMRU #iostat:avg-cpu: %user %nice %system %iowait %steal %idle 0.44 0.04 0.11 0.01 0.00 99.40#iooperation:Device: tps kB_read/s kB_wrtn/s kB_read kB_wrtn sda 0.20 0.92 7.82 1238142 10505965 dm-0 0.36 0.87 7.77 1172559 10436332 dm-1 0.00 0.00 0.01 4746 15360#mpstat:03:00:34 PM CPU %usr %nice %sys %iowait %irq %soft %steal %guest %gnice %idle 03:00:34 PM all 0.44 0.04 0.07 0.01 0.00 0.04 0.00 0.00 0.00 99.40 03:00:34 PM 0 0.32 0.02 0.04 0.01 0.00 0.00 0.00 0.00 0.00 99.60 03:00:34 PM 1 0.56 0.06 0.10 0.01 0.00 0.07 0.00 0.00 0.00 99.20#vmstat:procs -----------memory---------- ---swap-- -----io---- -system-- ------cpu----- r b swpd free buff cache si so bi bo in cs us sy id wa st 2 0 15628 357908 120748 2671624 0 0 0 4 9 9 0 0 99 0 0
#date:Mon Jul 15 15:01:34 CEST 2019#hostname:10.214.222.80 #SWAP:Swap: 8.0G 15M 8.0G#RAM:Mem: 3.9G 868M 349M 27M 2.7G 2.7G#Disk:Filesystem Size Used Avail Use% Mounted on /dev/mapper/sopvpyves--vg-root 39G 7.1G 30G 20% /#Load:loadaverage:2.13,#Network:Iface MTU Met RX-OK RX-ERR RX-DRP RX-OVR TX-OK TX-ERR TX-DRP TX-OVR Flg ens160 1500 0 71716439 0 6 0 57733177 0 0 0 BMRU #iostat:avg-cpu: %user %nice %system %iowait %steal %idle 0.44 0.04 0.11 0.01 0.00 99.40#iooperation:Device: tps kB_read/s kB_wrtn/s kB_read kB_wrtn sda 0.20 0.92 7.83 1238342 10508125 dm-0 0.36 0.87 7.77 1172743 10438492 dm-1 0.00 0.00 0.01 4762 15360#mpstat:03:01:34 PM CPU %usr %nice %sys %iowait %irq %soft %steal %guest %gnice %idle 03:01:34 PM all 0.44 0.04 0.07 0.01 0.00 0.04 0.00 0.00 0.00 99.40 03:01:34 PM 0 0.33 0.02 0.04 0.01 0.00 0.00 0.00 0.00 0.00 99.60 03:01:34 PM 1 0.56 0.06 0.10 0.01 0.00 0.07 0.00 0.00 0.00 99.20#vmstat:procs -----------memory---------- ---swap-- -----io---- -system-- ------cpu----- r b swpd free buff cache si so bi bo in cs us sy id wa st 2 0 15628 357668 120824 2672160 0 0 0 4 9 9 0 0 99 0 0
#date:Mon Jul 15 15:02:35 CEST 2019#hostname:10.214.222.80 #SWAP:Swap: 8.0G 15M 8.0G#RAM:Mem: 3.9G 869M 347M 27M 2.7G 2.7G#Disk:Filesystem Size Used Avail Use% Mounted on /dev/mapper/sopvpyves--vg-root 39G 7.1G 30G 20% /#Load:loadaverage:2.05,#Network:Iface MTU Met RX-OK RX-ERR RX-DRP RX-OVR TX-OK TX-ERR TX-DRP TX-OVR Flg ens160 1500 0 71726350 0 6 0 57742781 0 0 0 BMRU #iostat:avg-cpu: %user %nice %system %iowait %steal %idle 0.45 0.04 0.11 0.01 0.00 99.40#iooperation:Device: tps kB_read/s kB_wrtn/s kB_read kB_wrtn sda 0.20 0.92 7.83 1238342 10508741 dm-0 0.36 0.87 7.77 1172743 10439108 dm-1 0.00 0.00 0.01 4762 15360#mpstat:03:02:35 PM CPU %usr %nice %sys %iowait %irq %soft %steal %guest %gnice %idle 03:02:35 PM all 0.45 0.04 0.07 0.01 0.00 0.04 0.00 0.00 0.00 99.40 03:02:35 PM 0 0.33 0.02 0.04 0.01 0.00 0.00 0.00 0.00 0.00 99.59 03:02:35 PM 1 0.57 0.06 0.10 0.01 0.00 0.07 0.00 0.00 0.00 99.20#vmstat:procs -----------memory---------- ---swap-- -----io---- -system-- ------cpu----- r b swpd free buff cache si so bi bo in cs us sy id wa st 2 0 15628 355564 120876 2672460 0 0 0 4 9 9 0 0 99 0 0
#date:Mon Jul 15 15:03:35 CEST 2019#hostname:10.214.222.80 #SWAP:Swap: 8.0G 15M 8.0G#RAM:Mem: 3.9G 869M 347M 27M 2.7G 2.7G#Disk:Filesystem Size Used Avail Use% Mounted on /dev/mapper/sopvpyves--vg-root 39G 7.1G 30G 20% /#Load:loadaverage:2.20,#Network:Iface MTU Met RX-OK RX-ERR RX-DRP RX-OVR TX-OK TX-ERR TX-DRP TX-OVR Flg ens160 1500 0 71736216 0 6 0 57752299 0 0 0 BMRU #iostat:avg-cpu: %user %nice %system %iowait %steal %idle 0.45 0.04 0.11 0.01 0.00 99.39#iooperation:Device: tps kB_read/s kB_wrtn/s kB_read kB_wrtn sda 0.20 0.92 7.83 1238530 10509365 dm-0 0.36 0.87 7.77 1172899 10439732 dm-1 0.00 0.00 0.01 4794 15360#mpstat:03:03:35 PM CPU %usr %nice %sys %iowait %irq %soft %steal %guest %gnice %idle 03:03:35 PM all 0.45 0.04 0.07 0.01 0.00 0.04 0.00 0.00 0.00 99.39 03:03:35 PM 0 0.34 0.02 0.04 0.01 0.00 0.00 0.00 0.00 0.00 99.59 03:03:35 PM 1 0.57 0.06 0.10 0.01 0.00 0.07 0.00 0.00 0.00 99.19#vmstat:procs -----------memory---------- ---swap-- -----io---- -system-- ------cpu----- r b swpd free buff cache si so bi bo in cs us sy id wa st 2 0 15628 355136 120948 2672900 0 0 0 4 9 9 0 0 99 0 0
#date:Mon Jul 15 15:04:35 CEST 2019#hostname:10.214.222.80 #SWAP:Swap: 8.0G 15M 8.0G#RAM:Mem: 3.9G 870M 346M 27M 2.7G 2.7G#Disk:Filesystem Size Used Avail Use% Mounted on /dev/mapper/sopvpyves--vg-root 39G 7.1G 30G 20% /#Load:loadaverage:2.17,#Network:Iface MTU Met RX-OK RX-ERR RX-DRP RX-OVR TX-OK TX-ERR TX-DRP TX-OVR Flg ens160 1500 0 71745715 0 6 0 57761431 0 0 0 BMRU #iostat:avg-cpu: %user %nice %system %iowait %steal %idle 0.46 0.04 0.11 0.01 0.00 99.39#iooperation:Device: tps kB_read/s kB_wrtn/s kB_read kB_wrtn sda 0.20 0.92 7.83 1238590 10510077 dm-0 0.36 0.87 7.77 1172959 10440444 dm-1 0.00 0.00 0.01 4794 15360#mpstat:03:04:36 PM CPU %usr %nice %sys %iowait %irq %soft %steal %guest %gnice %idle 03:04:36 PM all 0.46 0.04 0.07 0.01 0.00 0.04 0.00 0.00 0.00 99.39 03:04:36 PM 0 0.34 0.02 0.04 0.01 0.00 0.00 0.00 0.00 0.00 99.59 03:04:36 PM 1 0.58 0.06 0.10 0.01 0.00 0.07 0.00 0.00 0.00 99.19#vmstat:procs -----------memory---------- ---swap-- -----io---- -system-- ------cpu----- r b swpd free buff cache si so bi bo in cs us sy id wa st 2 0 15628 354624 121016 2672652 0 0 0 4 9 9 0 0 99 0 0
#date:Mon Jul 15 15:05:36 CEST 2019#hostname:10.214.222.80 #SWAP:Swap: 8.0G 15M 8.0G#RAM:Mem: 3.9G 870M 347M 27M 2.7G 2.7G#Disk:Filesystem Size Used Avail Use% Mounted on /dev/mapper/sopvpyves--vg-root 39G 7.1G 30G 20% /#Load:loadaverage:2.09,#Network:Iface MTU Met RX-OK RX-ERR RX-DRP RX-OVR TX-OK TX-ERR TX-DRP TX-OVR Flg ens160 1500 0 71755170 0 6 0 57770443 0 0 0 BMRU #iostat:avg-cpu: %user %nice %system %iowait %steal %idle 0.46 0.04 0.11 0.01 0.00 99.38#iooperation:Device: tps kB_read/s kB_wrtn/s kB_read kB_wrtn sda 0.20 0.92 7.83 1238590 10510589 dm-0 0.36 0.87 7.77 1172959 10440956 dm-1 0.00 0.00 0.01 4794 15360#mpstat:03:05:36 PM CPU %usr %nice %sys %iowait %irq %soft %steal %guest %gnice %idle 03:05:36 PM all 0.46 0.04 0.07 0.01 0.00 0.04 0.00 0.00 0.00 99.38 03:05:36 PM 0 0.34 0.02 0.04 0.01 0.00 0.00 0.00 0.00 0.00 99.58 03:05:36 PM 1 0.58 0.06 0.10 0.01 0.00 0.07 0.00 0.00 0.00 99.18#vmstat:procs -----------memory---------- ---swap-- -----io---- -system-- ------cpu----- r b swpd free buff cache si so bi bo in cs us sy id wa st 2 0 15628 355560 121076 2672548 0 0 0 4 9 9 1 0 99 0 0
#date:Mon Jul 15 15:06:36 CEST 2019#hostname:10.214.222.80 #SWAP:Swap: 8.0G 15M 8.0G#RAM:Mem: 3.9G 869M 347M 27M 2.7G 2.7G#Disk:Filesystem Size Used Avail Use% Mounted on /dev/mapper/sopvpyves--vg-root 39G 7.1G 30G 20% /#Load:loadaverage:2.12,#Network:Iface MTU Met RX-OK RX-ERR RX-DRP RX-OVR TX-OK TX-ERR TX-DRP TX-OVR Flg ens160 1500 0 71764737 0 6 0 57779430 0 0 0 BMRU #iostat:avg-cpu: %user %nice %system %iowait %steal %idle 0.47 0.04 0.11 0.01 0.00 99.38#iooperation:Device: tps kB_read/s kB_wrtn/s kB_read kB_wrtn sda 0.20 0.92 7.83 1238590 10511073 dm-0 0.36 0.87 7.77 1172959 10441440 dm-1 0.00 0.00 0.01 4794 15360#mpstat:03:06:36 PM CPU %usr %nice %sys %iowait %irq %soft %steal %guest %gnice %idle 03:06:36 PM all 0.47 0.04 0.07 0.01 0.00 0.04 0.00 0.00 0.00 99.38 03:06:36 PM 0 0.35 0.02 0.04 0.01 0.00 0.00 0.00 0.00 0.00 99.58 03:06:36 PM 1 0.58 0.06 0.10 0.01 0.00 0.07 0.00 0.00 0.00 99.18#vmstat:procs -----------memory---------- ---swap-- -----io---- -system-- ------cpu----- r b swpd free buff cache si so bi bo in cs us sy id wa st 2 0 15628 355760 121144 2672468 0 0 0 4 10 9 1 0 99 0 0
#date:Mon Jul 15 15:07:36 CEST 2019#hostname:10.214.222.80 #SWAP:Swap: 8.0G 15M 8.0G#RAM:Mem: 3.9G 869M 347M 27M 2.7G 2.7G#Disk:Filesystem Size Used Avail Use% Mounted on /dev/mapper/sopvpyves--vg-root 39G 7.1G 30G 20% /#Load:loadaverage:2.20,#Network:Iface MTU Met RX-OK RX-ERR RX-DRP RX-OVR TX-OK TX-ERR TX-DRP TX-OVR Flg ens160 1500 0 71773752 0 6 0 57787863 0 0 0 BMRU #iostat:avg-cpu: %user %nice %system %iowait %steal %idle 0.47 0.04 0.11 0.01 0.00 99.37#iooperation:Device: tps kB_read/s kB_wrtn/s kB_read kB_wrtn sda 0.20 0.92 7.83 1238590 10511529 dm-0 0.36 0.87 7.77 1172959 10441896 dm-1 0.00 0.00 0.01 4794 15360#mpstat:03:07:37 PM CPU %usr %nice %sys %iowait %irq %soft %steal %guest %gnice %idle 03:07:37 PM all 0.47 0.04 0.07 0.01 0.00 0.04 0.00 0.00 0.00 99.37 03:07:37 PM 0 0.35 0.02 0.04 0.01 0.00 0.00 0.00 0.00 0.00 99.57 03:07:37 PM 1 0.59 0.06 0.10 0.01 0.00 0.07 0.00 0.00 0.00 99.17#vmstat:procs -----------memory---------- ---swap-- -----io---- -system-- ------cpu----- r b swpd free buff cache si so bi bo in cs us sy id wa st 3 0 15628 355148 121220 2672544 0 0 0 4 10 9 1 0 99 0 0
#date:Mon Jul 15 15:08:37 CEST 2019#hostname:10.214.222.80 #SWAP:Swap: 8.0G 15M 8.0G#RAM:Mem: 3.9G 870M 346M 27M 2.7G 2.7G#Disk:Filesystem Size Used Avail Use% Mounted on /dev/mapper/sopvpyves--vg-root 39G 7.1G 30G 20% /#Load:loadaverage:2.25,#Network:Iface MTU Met RX-OK RX-ERR RX-DRP RX-OVR TX-OK TX-ERR TX-DRP TX-OVR Flg ens160 1500 0 71783044 0 6 0 57796613 0 0 0 BMRU #iostat:avg-cpu: %user %nice %system %iowait %steal %idle 0.48 0.04 0.11 0.01 0.00 99.37#iooperation:Device: tps kB_read/s kB_wrtn/s kB_read kB_wrtn sda 0.20 0.92 7.83 1238590 10512161 dm-0 0.36 0.87 7.77 1172959 10442528 dm-1 0.00 0.00 0.01 4794 15360#mpstat:03:08:37 PM CPU %usr %nice %sys %iowait %irq %soft %steal %guest %gnice %idle 03:08:37 PM all 0.48 0.04 0.07 0.01 0.00 0.04 0.00 0.00 0.00 99.37 03:08:37 PM 0 0.36 0.02 0.04 0.01 0.00 0.00 0.00 0.00 0.00 99.57 03:08:37 PM 1 0.59 0.06 0.10 0.01 0.00 0.07 0.00 0.00 0.00 99.17#vmstat:procs -----------memory---------- ---swap-- -----io---- -system-- ------cpu----- r b swpd free buff cache si so bi bo in cs us sy id wa st 2 0 15628 355408 121288 2672640 0 0 0 4 10 9 1 0 99 0 0
#date:Mon Jul 15 15:09:37 CEST 2019#hostname:10.214.222.80 #SWAP:Swap: 8.0G 15M 8.0G#RAM:Mem: 3.9G 869M 347M 27M 2.7G 2.7G#Disk:Filesystem Size Used Avail Use% Mounted on /dev/mapper/sopvpyves--vg-root 39G 7.1G 30G 20% /#Load:loadaverage:2.15,#Network:Iface MTU Met RX-OK RX-ERR RX-DRP RX-OVR TX-OK TX-ERR TX-DRP TX-OVR Flg ens160 1500 0 71792086 0 6 0 57805045 0 0 0 BMRU #iostat:avg-cpu: %user %nice %system %iowait %steal %idle 0.48 0.04 0.11 0.01 0.00 99.36#iooperation:Device: tps kB_read/s kB_wrtn/s kB_read kB_wrtn sda 0.20 0.92 7.83 1238598 10512633 dm-0 0.36 0.87 7.77 1172967 10443000 dm-1 0.00 0.00 0.01 4794 15360#mpstat:03:09:38 PM CPU %usr %nice %sys %iowait %irq %soft %steal %guest %gnice %idle 03:09:38 PM all 0.48 0.04 0.07 0.01 0.00 0.04 0.00 0.00 0.00 99.36 03:09:38 PM 0 0.36 0.02 0.04 0.01 0.00 0.00 0.00 0.00 0.00 99.56 03:09:38 PM 1 0.60 0.06 0.10 0.01 0.00 0.07 0.00 0.00 0.00 99.16#vmstat:procs -----------memory---------- ---swap-- -----io---- -system-- ------cpu----- r b swpd free buff cache si so bi bo in cs us sy id wa st 2 0 15628 355452 121332 2672520 0 0 0 4 10 9 1 0 99 0 0
#date:Mon Jul 15 15:10:38 CEST 2019#hostname:10.214.222.80 #SWAP:Swap: 8.0G 15M 8.0G#RAM:Mem: 3.9G 866M 350M 27M 2.7G 2.7G#Disk:Filesystem Size Used Avail Use% Mounted on /dev/mapper/sopvpyves--vg-root 39G 7.1G 30G 20% /#Load:loadaverage:2.05,#Network:Iface MTU Met RX-OK RX-ERR RX-DRP RX-OVR TX-OK TX-ERR TX-DRP TX-OVR Flg ens160 1500 0 71801378 0 6 0 57813610 0 0 0 BMRU #iostat:avg-cpu: %user %nice %system %iowait %steal %idle 0.48 0.04 0.11 0.01 0.00 99.36#iooperation:Device: tps kB_read/s kB_wrtn/s kB_read kB_wrtn sda 0.20 0.92 7.83 1238598 10513225 dm-0 0.36 0.87 7.77 1172967 10443592 dm-1 0.00 0.00 0.01 4794 15360#mpstat:03:10:38 PM CPU %usr %nice %sys %iowait %irq %soft %steal %guest %gnice %idle 03:10:38 PM all 0.48 0.04 0.07 0.01 0.00 0.04 0.00 0.00 0.00 99.36 03:10:38 PM 0 0.37 0.02 0.04 0.01 0.00 0.00 0.00 0.00 0.00 99.56 03:10:38 PM 1 0.60 0.06 0.10 0.01 0.00 0.07 0.00 0.00 0.00 99.16#vmstat:procs -----------memory---------- ---swap-- -----io---- -system-- ------cpu----- r b swpd free buff cache si so bi bo in cs us sy id wa st 2 0 15628 358096 121392 2672596 0 0 0 4 10 9 1 0 99 0 0
#date:Mon Jul 15 15:11:38 CEST 2019#hostname:10.214.222.80 #SWAP:Swap: 8.0G 15M 8.0G#RAM:Mem: 3.9G 865M 350M 27M 2.7G 2.7G#Disk:Filesystem Size Used Avail Use% Mounted on /dev/mapper/sopvpyves--vg-root 39G 7.1G 30G 20% /#Load:loadaverage:2.08,#Network:Iface MTU Met RX-OK RX-ERR RX-DRP RX-OVR TX-OK TX-ERR TX-DRP TX-OVR Flg ens160 1500 0 71810872 0 6 0 57822269 0 0 0 BMRU #iostat:avg-cpu: %user %nice %system %iowait %steal %idle 0.49 0.04 0.11 0.01 0.00 99.36#iooperation:Device: tps kB_read/s kB_wrtn/s kB_read kB_wrtn sda 0.20 0.92 7.83 1238598 10513681 dm-0 0.36 0.87 7.77 1172967 10444048 dm-1 0.00 0.00 0.01 4794 15360#mpstat:03:11:38 PM CPU %usr %nice %sys %iowait %irq %soft %steal %guest %gnice %idle 03:11:38 PM all 0.49 0.04 0.07 0.01 0.00 0.04 0.00 0.00 0.00 99.36 03:11:38 PM 0 0.37 0.02 0.04 0.01 0.00 0.00 0.00 0.00 0.00 99.55 03:11:38 PM 1 0.61 0.06 0.10 0.01 0.00 0.07 0.00 0.00 0.00 99.16#vmstat:procs -----------memory---------- ---swap-- -----io---- -system-- ------cpu----- r b swpd free buff cache si so bi bo in cs us sy id wa st 3 0 15628 358244 121464 2672964 0 0 0 4 10 9 1 0 99 0 0
#date:Mon Jul 15 15:12:38 CEST 2019#hostname:10.214.222.80 #SWAP:Swap: 8.0G 15M 8.0G#RAM:Mem: 3.9G 866M 349M 27M 2.7G 2.7G#Disk:Filesystem Size Used Avail Use% Mounted on /dev/mapper/sopvpyves--vg-root 39G 7.1G 30G 20% /#Load:loadaverage:2.03,#Network:Iface MTU Met RX-OK RX-ERR RX-DRP RX-OVR TX-OK TX-ERR TX-DRP TX-OVR Flg ens160 1500 0 71820441 0 6 0 57831142 0 0 0 BMRU #iostat:avg-cpu: %user %nice %system %iowait %steal %idle 0.49 0.04 0.11 0.01 0.00 99.35#iooperation:Device: tps kB_read/s kB_wrtn/s kB_read kB_wrtn sda 0.20 0.92 7.83 1238598 10514169 dm-0 0.36 0.87 7.77 1172967 10444536 dm-1 0.00 0.00 0.01 4794 15360#mpstat:03:12:39 PM CPU %usr %nice %sys %iowait %irq %soft %steal %guest %gnice %idle 03:12:39 PM all 0.49 0.04 0.07 0.01 0.00 0.04 0.00 0.00 0.00 99.35 03:12:39 PM 0 0.38 0.02 0.04 0.01 0.00 0.00 0.00 0.00 0.00 99.55 03:12:39 PM 1 0.61 0.06 0.10 0.01 0.00 0.07 0.00 0.00 0.00 99.15#vmstat:procs -----------memory---------- ---swap-- -----io---- -system-- ------cpu----- r b swpd free buff cache si so bi bo in cs us sy id wa st 2 0 15628 357456 121536 2673352 0 0 0 4 10 9 1 0 99 0 0
#date:Mon Jul 15 15:13:39 CEST 2019#hostname:10.214.222.80 #SWAP:Swap: 8.0G 15M 8.0G#RAM:Mem: 3.9G 866M 348M 27M 2.7G 2.7G#Disk:Filesystem Size Used Avail Use% Mounted on /dev/mapper/sopvpyves--vg-root 39G 7.1G 30G 20% /#Load:loadaverage:2.13,#Network:Iface MTU Met RX-OK RX-ERR RX-DRP RX-OVR TX-OK TX-ERR TX-DRP TX-OVR Flg ens160 1500 0 71830162 0 6 0 57840286 0 0 0 BMRU #iostat:avg-cpu: %user %nice %system %iowait %steal %idle 0.50 0.04 0.11 0.01 0.00 99.35#iooperation:Device: tps kB_read/s kB_wrtn/s kB_read kB_wrtn sda 0.20 0.92 7.83 1238598 10514765 dm-0 0.36 0.87 7.77 1172967 10445132 dm-1 0.00 0.00 0.01 4794 15360#mpstat:03:13:39 PM CPU %usr %nice %sys %iowait %irq %soft %steal %guest %gnice %idle 03:13:39 PM all 0.50 0.04 0.07 0.01 0.00 0.04 0.00 0.00 0.00 99.35 03:13:39 PM 0 0.38 0.02 0.04 0.01 0.00 0.00 0.00 0.00 0.00 99.55 03:13:39 PM 1 0.61 0.06 0.10 0.01 0.00 0.07 0.00 0.00 0.00 99.15#vmstat:procs -----------memory---------- ---swap-- -----io---- -system-- ------cpu----- r b swpd free buff cache si so bi bo in cs us sy id wa st 2 0 15628 357364 121604 2673708 0 0 0 4 10 9 1 0 99 0 0
#date:Mon Jul 15 15:14:39 CEST 2019#hostname:10.214.222.80 #SWAP:Swap: 8.0G 15M 8.0G#RAM:Mem: 3.9G 866M 348M 27M 2.7G 2.7G#Disk:Filesystem Size Used Avail Use% Mounted on /dev/mapper/sopvpyves--vg-root 39G 7.1G 30G 20% /#Load:loadaverage:2.01,#Network:Iface MTU Met RX-OK RX-ERR RX-DRP RX-OVR TX-OK TX-ERR TX-DRP TX-OVR Flg ens160 1500 0 71839325 0 6 0 57849210 0 0 0 BMRU #iostat:avg-cpu: %user %nice %system %iowait %steal %idle 0.50 0.04 0.11 0.01 0.00 99.34#iooperation:Device: tps kB_read/s kB_wrtn/s kB_read kB_wrtn sda 0.20 0.92 7.83 1238598 10515189 dm-0 0.36 0.87 7.77 1172967 10445556 dm-1 0.00 0.00 0.01 4794 15360#mpstat:03:14:40 PM CPU %usr %nice %sys %iowait %irq %soft %steal %guest %gnice %idle 03:14:40 PM all 0.50 0.04 0.07 0.01 0.00 0.04 0.00 0.00 0.00 99.34 03:14:40 PM 0 0.38 0.02 0.04 0.01 0.00 0.00 0.00 0.00 0.00 99.54 03:14:40 PM 1 0.62 0.06 0.10 0.01 0.00 0.07 0.00 0.00 0.00 99.14#vmstat:procs -----------memory---------- ---swap-- -----io---- -system-- ------cpu----- r b swpd free buff cache si so bi bo in cs us sy id wa st 2 0 15628 355016 121664 2673724 0 0 0 4 10 9 1 0 99 0 0
#date:Mon Jul 15 15:15:40 CEST 2019#hostname:10.214.222.80 #SWAP:Swap: 8.0G 15M 8.0G#RAM:Mem: 3.9G 867M 347M 27M 2.7G 2.7G#Disk:Filesystem Size Used Avail Use% Mounted on /dev/mapper/sopvpyves--vg-root 39G 7.1G 30G 20% /#Load:loadaverage:2.00,#Network:Iface MTU Met RX-OK RX-ERR RX-DRP RX-OVR TX-OK TX-ERR TX-DRP TX-OVR Flg ens160 1500 0 71848929 0 6 0 57858502 0 0 0 BMRU #iostat:avg-cpu: %user %nice %system %iowait %steal %idle 0.51 0.04 0.11 0.01 0.00 99.34#iooperation:Device: tps kB_read/s kB_wrtn/s kB_read kB_wrtn sda 0.20 0.92 7.83 1238598 10515753 dm-0 0.36 0.87 7.77 1172967 10446120 dm-1 0.00 0.00 0.01 4794 15360#mpstat:03:15:40 PM CPU %usr %nice %sys %iowait %irq %soft %steal %guest %gnice %idle 03:15:40 PM all 0.51 0.04 0.07 0.01 0.00 0.04 0.00 0.00 0.00 99.34 03:15:40 PM 0 0.39 0.02 0.04 0.01 0.00 0.00 0.00 0.00 0.00 99.54 03:15:40 PM 1 0.62 0.06 0.10 0.01 0.00 0.07 0.00 0.00 0.00 99.14#vmstat:procs -----------memory---------- ---swap-- -----io---- -system-- ------cpu----- r b swpd free buff cache si so bi bo in cs us sy id wa st 2 0 15628 355960 121708 2674004 0 0 0 4 10 9 1 0 99 0 0
#date:Mon Jul 15 15:16:40 CEST 2019#hostname:10.214.222.80 #SWAP:Swap: 8.0G 15M 8.0G#RAM:Mem: 3.9G 873M 340M 27M 2.7G 2.6G#Disk:Filesystem Size Used Avail Use% Mounted on /dev/mapper/sopvpyves--vg-root 39G 7.1G 30G 20% /#Load:loadaverage:2.06,#Network:Iface MTU Met RX-OK RX-ERR RX-DRP RX-OVR TX-OK TX-ERR TX-DRP TX-OVR Flg ens160 1500 0 71859143 0 6 0 57868208 0 0 0 BMRU #iostat:avg-cpu: %user %nice %system %iowait %steal %idle 0.51 0.04 0.11 0.01 0.00 99.33#iooperation:Device: tps kB_read/s kB_wrtn/s kB_read kB_wrtn sda 0.20 0.92 7.83 1238598 10516241 dm-0 0.36 0.87 7.77 1172967 10446608 dm-1 0.00 0.00 0.01 4794 15360#mpstat:03:16:40 PM CPU %usr %nice %sys %iowait %irq %soft %steal %guest %gnice %idle 03:16:40 PM all 0.51 0.04 0.07 0.01 0.00 0.04 0.00 0.00 0.00 99.33 03:16:40 PM 0 0.39 0.02 0.04 0.01 0.00 0.00 0.00 0.00 0.00 99.53 03:16:40 PM 1 0.63 0.06 0.10 0.01 0.00 0.07 0.00 0.00 0.00 99.13#vmstat:procs -----------memory---------- ---swap-- -----io---- -system-- ------cpu----- r b swpd free buff cache si so bi bo in cs us sy id wa st 2 0 15628 348700 121776 2674764 0 0 0 4 10 9 1 0 99 0 0
#date:Mon Jul 15 15:17:40 CEST 2019#hostname:10.214.222.80 #SWAP:Swap: 8.0G 15M 8.0G#RAM:Mem: 3.9G 874M 339M 27M 2.7G 2.6G#Disk:Filesystem Size Used Avail Use% Mounted on /dev/mapper/sopvpyves--vg-root 39G 7.1G 30G 20% /#Load:loadaverage:2.02,#Network:Iface MTU Met RX-OK RX-ERR RX-DRP RX-OVR TX-OK TX-ERR TX-DRP TX-OVR Flg ens160 1500 0 71869014 0 6 0 57877695 0 0 0 BMRU #iostat:avg-cpu: %user %nice %system %iowait %steal %idle 0.51 0.04 0.11 0.01 0.00 99.33#iooperation:Device: tps kB_read/s kB_wrtn/s kB_read kB_wrtn sda 0.20 0.92 7.83 1238602 10516805 dm-0 0.36 0.87 7.77 1172971 10447172 dm-1 0.00 0.00 0.01 4794 15360#mpstat:03:17:41 PM CPU %usr %nice %sys %iowait %irq %soft %steal %guest %gnice %idle 03:17:41 PM all 0.51 0.04 0.07 0.01 0.00 0.04 0.00 0.00 0.00 99.33 03:17:41 PM 0 0.40 0.02 0.04 0.01 0.00 0.00 0.00 0.00 0.00 99.53 03:17:41 PM 1 0.63 0.06 0.10 0.01 0.00 0.07 0.00 0.00 0.00 99.13#vmstat:procs -----------memory---------- ---swap-- -----io---- -system-- ------cpu----- r b swpd free buff cache si so bi bo in cs us sy id wa st 2 0 15628 347144 121844 2674932 0 0 0 4 10 9 1 0 99 0 0
#date:Mon Jul 15 15:18:41 CEST 2019#hostname:10.214.222.80 #SWAP:Swap: 8.0G 15M 8.0G#RAM:Mem: 3.9G 875M 339M 27M 2.7G 2.6G#Disk:Filesystem Size Used Avail Use% Mounted on /dev/mapper/sopvpyves--vg-root 39G 7.1G 30G 20% /#Load:loadaverage:2.01,#Network:Iface MTU Met RX-OK RX-ERR RX-DRP RX-OVR TX-OK TX-ERR TX-DRP TX-OVR Flg ens160 1500 0 71879138 0 6 0 57887518 0 0 0 BMRU #iostat:avg-cpu: %user %nice %system %iowait %steal %idle 0.52 0.04 0.11 0.01 0.00 99.32#iooperation:Device: tps kB_read/s kB_wrtn/s kB_read kB_wrtn sda 0.20 0.92 7.83 1238606 10517413 dm-0 0.36 0.87 7.77 1172975 10447780 dm-1 0.00 0.00 0.01 4794 15360#mpstat:03:18:41 PM CPU %usr %nice %sys %iowait %irq %soft %steal %guest %gnice %idle 03:18:41 PM all 0.52 0.04 0.07 0.01 0.00 0.04 0.00 0.00 0.00 99.32 03:18:41 PM 0 0.40 0.02 0.04 0.01 0.00 0.00 0.00 0.00 0.00 99.52 03:18:41 PM 1 0.64 0.06 0.10 0.01 0.00 0.07 0.00 0.00 0.00 99.12#vmstat:procs -----------memory---------- ---swap-- -----io---- -system-- ------cpu----- r b swpd free buff cache si so bi bo in cs us sy id wa st 2 0 15628 348184 121920 2673820 0 0 0 4 10 9 1 0 99 0 0
#date:Mon Jul 15 15:19:41 CEST 2019#hostname:10.214.222.80 #SWAP:Swap: 8.0G 15M 8.0G#RAM:Mem: 3.9G 874M 340M 27M 2.7G 2.6G#Disk:Filesystem Size Used Avail Use% Mounted on /dev/mapper/sopvpyves--vg-root 39G 7.1G 30G 20% /#Load:loadaverage:2.00,#Network:Iface MTU Met RX-OK RX-ERR RX-DRP RX-OVR TX-OK TX-ERR TX-DRP TX-OVR Flg ens160 1500 0 71888469 0 6 0 57896495 0 0 0 BMRU #iostat:avg-cpu: %user %nice %system %iowait %steal %idle 0.52 0.04 0.11 0.01 0.00 99.32#iooperation:Device: tps kB_read/s kB_wrtn/s kB_read kB_wrtn sda 0.20 0.92 7.83 1238606 10517949 dm-0 0.36 0.87 7.77 1172975 10448316 dm-1 0.00 0.00 0.01 4794 15360#mpstat:03:19:42 PM CPU %usr %nice %sys %iowait %irq %soft %steal %guest %gnice %idle 03:19:42 PM all 0.52 0.04 0.07 0.01 0.00 0.04 0.00 0.00 0.00 99.32 03:19:42 PM 0 0.41 0.02 0.04 0.01 0.00 0.00 0.00 0.00 0.00 99.52 03:19:42 PM 1 0.64 0.06 0.10 0.01 0.00 0.07 0.00 0.00 0.00 99.12#vmstat:procs -----------memory---------- ---swap-- -----io---- -system-- ------cpu----- r b swpd free buff cache si so bi bo in cs us sy id wa st 2 0 15628 348484 121976 2673844 0 0 0 4 10 9 1 0 99 0 0
#date:Mon Jul 15 15:20:42 CEST 2019#hostname:10.214.222.80 #SWAP:Swap: 8.0G 15M 8.0G#RAM:Mem: 3.9G 874M 340M 27M 2.7G 2.6G#Disk:Filesystem Size Used Avail Use% Mounted on /dev/mapper/sopvpyves--vg-root 39G 7.1G 30G 20% /#Load:loadaverage:2.10,#Network:Iface MTU Met RX-OK RX-ERR RX-DRP RX-OVR TX-OK TX-ERR TX-DRP TX-OVR Flg ens160 1500 0 71898034 0 6 0 57905833 0 0 0 BMRU #iostat:avg-cpu: %user %nice %system %iowait %steal %idle 0.53 0.04 0.11 0.01 0.00 99.32#iooperation:Device: tps kB_read/s kB_wrtn/s kB_read kB_wrtn sda 0.20 0.92 7.83 1238606 10518445 dm-0 0.36 0.87 7.77 1172975 10448812 dm-1 0.00 0.00 0.01 4794 15360#mpstat:03:20:42 PM CPU %usr %nice %sys %iowait %irq %soft %steal %guest %gnice %idle 03:20:42 PM all 0.53 0.04 0.07 0.01 0.00 0.04 0.00 0.00 0.00 99.32 03:20:42 PM 0 0.41 0.02 0.04 0.01 0.00 0.00 0.00 0.00 0.00 99.52 03:20:42 PM 1 0.65 0.06 0.10 0.01 0.00 0.07 0.00 0.00 0.00 99.12#vmstat:procs -----------memory---------- ---swap-- -----io---- -system-- ------cpu----- r b swpd free buff cache si so bi bo in cs us sy id wa st 2 0 15628 348180 122040 2673824 0 0 0 4 10 9 1 0 99 0 0
#date:Mon Jul 15 15:21:42 CEST 2019#hostname:10.214.222.80 #SWAP:Swap: 8.0G 15M 8.0G#RAM:Mem: 3.9G 874M 340M 27M 2.7G 2.6G#Disk:Filesystem Size Used Avail Use% Mounted on /dev/mapper/sopvpyves--vg-root 39G 7.1G 30G 20% /#Load:loadaverage:2.04,#Network:Iface MTU Met RX-OK RX-ERR RX-DRP RX-OVR TX-OK TX-ERR TX-DRP TX-OVR Flg ens160 1500 0 71907345 0 6 0 57914837 0 0 0 BMRU #iostat:avg-cpu: %user %nice %system %iowait %steal %idle 0.53 0.04 0.11 0.01 0.00 99.31#iooperation:Device: tps kB_read/s kB_wrtn/s kB_read kB_wrtn sda 0.20 0.92 7.83 1238606 10518953 dm-0 0.36 0.87 7.77 1172975 10449320 dm-1 0.00 0.00 0.01 4794 15360#mpstat:03:21:42 PM CPU %usr %nice %sys %iowait %irq %soft %steal %guest %gnice %idle 03:21:42 PM all 0.53 0.04 0.07 0.01 0.00 0.04 0.00 0.00 0.00 99.31 03:21:42 PM 0 0.41 0.02 0.04 0.01 0.00 0.00 0.00 0.00 0.00 99.51 03:21:42 PM 1 0.65 0.06 0.10 0.01 0.00 0.07 0.00 0.00 0.00 99.11#vmstat:procs -----------memory---------- ---swap-- -----io---- -system-- ------cpu----- r b swpd free buff cache si so bi bo in cs us sy id wa st 2 0 15628 348408 122100 2673640 0 0 0 4 10 9 1 0 99 0 0
#date:Mon Jul 15 15:22:42 CEST 2019#hostname:10.214.222.80 #SWAP:Swap: 8.0G 15M 8.0G#RAM:Mem: 3.9G 876M 338M 27M 2.7G 2.6G#Disk:Filesystem Size Used Avail Use% Mounted on /dev/mapper/sopvpyves--vg-root 39G 7.1G 30G 20% /#Load:loadaverage:2.01,#Network:Iface MTU Met RX-OK RX-ERR RX-DRP RX-OVR TX-OK TX-ERR TX-DRP TX-OVR Flg ens160 1500 0 71916910 0 6 0 57924041 0 0 0 BMRU #iostat:avg-cpu: %user %nice %system %iowait %steal %idle 0.54 0.04 0.11 0.01 0.00 99.31#iooperation:Device: tps kB_read/s kB_wrtn/s kB_read kB_wrtn sda 0.20 0.92 7.83 1238606 10519525 dm-0 0.36 0.87 7.77 1172975 10449892 dm-1 0.00 0.00 0.01 4794 15360#mpstat:03:22:43 PM CPU %usr %nice %sys %iowait %irq %soft %steal %guest %gnice %idle 03:22:43 PM all 0.54 0.04 0.07 0.01 0.00 0.04 0.00 0.00 0.00 99.31 03:22:43 PM 0 0.42 0.02 0.04 0.01 0.00 0.00 0.00 0.00 0.00 99.51 03:22:43 PM 1 0.65 0.06 0.10 0.01 0.00 0.07 0.00 0.00 0.00 99.11#vmstat:procs -----------memory---------- ---swap-- -----io---- -system-- ------cpu----- r b swpd free buff cache si so bi bo in cs us sy id wa st 2 0 15628 345940 122160 2674028 0 0 0 4 10 9 1 0 99 0 0
#date:Mon Jul 15 15:23:43 CEST 2019#hostname:10.214.222.80 #SWAP:Swap: 8.0G 15M 8.0G#RAM:Mem: 3.9G 875M 339M 27M 2.7G 2.6G#Disk:Filesystem Size Used Avail Use% Mounted on /dev/mapper/sopvpyves--vg-root 39G 7.1G 30G 20% /#Load:loadaverage:2.05,#Network:Iface MTU Met RX-OK RX-ERR RX-DRP RX-OVR TX-OK TX-ERR TX-DRP TX-OVR Flg ens160 1500 0 71925996 0 6 0 57932914 0 0 0 BMRU #iostat:avg-cpu: %user %nice %system %iowait %steal %idle 0.54 0.04 0.11 0.01 0.00 99.30#iooperation:Device: tps kB_read/s kB_wrtn/s kB_read kB_wrtn sda 0.20 0.92 7.83 1238606 10520201 dm-0 0.36 0.87 7.77 1172975 10450568 dm-1 0.00 0.00 0.01 4794 15360#mpstat:03:23:43 PM CPU %usr %nice %sys %iowait %irq %soft %steal %guest %gnice %idle 03:23:43 PM all 0.54 0.04 0.07 0.01 0.00 0.04 0.00 0.00 0.00 99.30 03:23:43 PM 0 0.42 0.02 0.04 0.01 0.00 0.00 0.00 0.00 0.00 99.50 03:23:43 PM 1 0.66 0.06 0.10 0.01 0.00 0.07 0.00 0.00 0.00 99.10#vmstat:procs -----------memory---------- ---swap-- -----io---- -system-- ------cpu----- r b swpd free buff cache si so bi bo in cs us sy id wa st 2 0 15628 347204 122220 2674120 0 0 0 4 10 9 1 0 99 0 0
#date:Mon Jul 15 15:24:43 CEST 2019#hostname:10.214.222.80 #SWAP:Swap: 8.0G 15M 8.0G#RAM:Mem: 3.9G 874M 340M 27M 2.7G 2.6G#Disk:Filesystem Size Used Avail Use% Mounted on /dev/mapper/sopvpyves--vg-root 39G 7.1G 30G 20% /#Load:loadaverage:2.02,#Network:Iface MTU Met RX-OK RX-ERR RX-DRP RX-OVR TX-OK TX-ERR TX-DRP TX-OVR Flg ens160 1500 0 71935356 0 6 0 57941698 0 0 0 BMRU #iostat:avg-cpu: %user %nice %system %iowait %steal %idle 0.55 0.04 0.11 0.01 0.00 99.30#iooperation:Device: tps kB_read/s kB_wrtn/s kB_read kB_wrtn sda 0.20 0.92 7.83 1238606 10520617 dm-0 0.36 0.87 7.77 1172975 10450984 dm-1 0.00 0.00 0.01 4794 15360#mpstat:03:24:44 PM CPU %usr %nice %sys %iowait %irq %soft %steal %guest %gnice %idle 03:24:44 PM all 0.55 0.04 0.07 0.01 0.00 0.04 0.00 0.00 0.00 99.30 03:24:44 PM 0 0.43 0.02 0.04 0.01 0.00 0.00 0.00 0.00 0.00 99.50 03:24:44 PM 1 0.66 0.06 0.10 0.01 0.00 0.07 0.00 0.00 0.00 99.10#vmstat:procs -----------memory---------- ---swap-- -----io---- -system-- ------cpu----- r b swpd free buff cache si so bi bo in cs us sy id wa st 2 0 15628 348148 122284 2673860 0 0 0 4 10 9 1 0 99 0 0
#date:Mon Jul 15 15:25:44 CEST 2019#hostname:10.214.222.80 #SWAP:Swap: 8.0G 15M 8.0G#RAM:Mem: 3.9G 873M 341M 27M 2.7G 2.6G#Disk:Filesystem Size Used Avail Use% Mounted on /dev/mapper/sopvpyves--vg-root 39G 7.1G 30G 20% /#Load:loadaverage:2.00,#Network:Iface MTU Met RX-OK RX-ERR RX-DRP RX-OVR TX-OK TX-ERR TX-DRP TX-OVR Flg ens160 1500 0 71944526 0 6 0 57950130 0 0 0 BMRU #iostat:avg-cpu: %user %nice %system %iowait %steal %idle 0.55 0.04 0.11 0.01 0.00 99.29#iooperation:Device: tps kB_read/s kB_wrtn/s kB_read kB_wrtn sda 0.20 0.92 7.83 1238606 10521177 dm-0 0.36 0.87 7.77 1172975 10451544 dm-1 0.00 0.00 0.01 4794 15360#mpstat:03:25:44 PM CPU %usr %nice %sys %iowait %irq %soft %steal %guest %gnice %idle 03:25:44 PM all 0.55 0.04 0.07 0.01 0.00 0.04 0.00 0.00 0.00 99.29 03:25:44 PM 0 0.43 0.02 0.04 0.01 0.00 0.00 0.00 0.00 0.00 99.49 03:25:44 PM 1 0.67 0.06 0.10 0.01 0.00 0.07 0.00 0.00 0.00 99.09#vmstat:procs -----------memory---------- ---swap-- -----io---- -system-- ------cpu----- r b swpd free buff cache si so bi bo in cs us sy id wa st 2 0 15628 349052 122324 2673856 0 0 0 4 10 9 1 0 99 0 0
#date:Mon Jul 15 15:26:44 CEST 2019#hostname:10.214.222.80 #SWAP:Swap: 8.0G 15M 8.0G#RAM:Mem: 3.9G 873M 341M 27M 2.7G 2.6G#Disk:Filesystem Size Used Avail Use% Mounted on /dev/mapper/sopvpyves--vg-root 39G 7.1G 30G 20% /#Load:loadaverage:2.04,#Network:Iface MTU Met RX-OK RX-ERR RX-DRP RX-OVR TX-OK TX-ERR TX-DRP TX-OVR Flg ens160 1500 0 71953720 0 6 0 57958504 0 0 0 BMRU #iostat:avg-cpu: %user %nice %system %iowait %steal %idle 0.55 0.04 0.11 0.01 0.00 99.29#iooperation:Device: tps kB_read/s kB_wrtn/s kB_read kB_wrtn sda 0.20 0.92 7.83 1238606 10521641 dm-0 0.36 0.87 7.77 1172975 10452008 dm-1 0.00 0.00 0.01 4794 15360#mpstat:03:26:44 PM CPU %usr %nice %sys %iowait %irq %soft %steal %guest %gnice %idle 03:26:44 PM all 0.55 0.04 0.07 0.01 0.00 0.04 0.00 0.00 0.00 99.29 03:26:44 PM 0 0.44 0.02 0.04 0.01 0.00 0.00 0.00 0.00 0.00 99.49 03:26:44 PM 1 0.67 0.06 0.10 0.01 0.00 0.07 0.00 0.00 0.00 99.09#vmstat:procs -----------memory---------- ---swap-- -----io---- -system-- ------cpu----- r b swpd free buff cache si so bi bo in cs us sy id wa st 2 0 15628 348532 122376 2673876 0 0 0 4 10 9 1 0 99 0 0
#date:Mon Jul 15 15:27:44 CEST 2019#hostname:10.214.222.80 #SWAP:Swap: 8.0G 15M 8.0G#RAM:Mem: 3.9G 874M 340M 27M 2.7G 2.6G#Disk:Filesystem Size Used Avail Use% Mounted on /dev/mapper/sopvpyves--vg-root 39G 7.1G 30G 20% /#Load:loadaverage:2.14,#Network:Iface MTU Met RX-OK RX-ERR RX-DRP RX-OVR TX-OK TX-ERR TX-DRP TX-OVR Flg ens160 1500 0 71963002 0 6 0 57966901 0 0 0 BMRU #iostat:avg-cpu: %user %nice %system %iowait %steal %idle 0.56 0.04 0.11 0.01 0.00 99.28#iooperation:Device: tps kB_read/s kB_wrtn/s kB_read kB_wrtn sda 0.20 0.92 7.83 1238606 10522129 dm-0 0.36 0.87 7.77 1172975 10452496 dm-1 0.00 0.00 0.01 4794 15360#mpstat:03:27:45 PM CPU %usr %nice %sys %iowait %irq %soft %steal %guest %gnice %idle 03:27:45 PM all 0.56 0.04 0.07 0.01 0.00 0.04 0.00 0.00 0.00 99.28 03:27:45 PM 0 0.44 0.02 0.04 0.01 0.00 0.00 0.00 0.00 0.00 99.48 03:27:45 PM 1 0.68 0.06 0.10 0.01 0.00 0.07 0.00 0.00 0.00 99.08#vmstat:procs -----------memory---------- ---swap-- -----io---- -system-- ------cpu----- r b swpd free buff cache si so bi bo in cs us sy id wa st 3 0 15628 348624 122448 2674056 0 0 0 4 10 9 1 0 99 0 0
#date:Mon Jul 15 15:28:45 CEST 2019#hostname:10.214.222.80 #SWAP:Swap: 8.0G 15M 8.0G#RAM:Mem: 3.9G 871M 342M 27M 2.7G 2.6G#Disk:Filesystem Size Used Avail Use% Mounted on /dev/mapper/sopvpyves--vg-root 39G 7.1G 30G 20% /#Load:loadaverage:2.10,#Network:Iface MTU Met RX-OK RX-ERR RX-DRP RX-OVR TX-OK TX-ERR TX-DRP TX-OVR Flg ens160 1500 0 71972223 0 6 0 57975248 0 0 0 BMRU #iostat:avg-cpu: %user %nice %system %iowait %steal %idle 0.56 0.04 0.11 0.01 0.00 99.28#iooperation:Device: tps kB_read/s kB_wrtn/s kB_read kB_wrtn sda 0.20 0.92 7.83 1238606 10522629 dm-0 0.36 0.87 7.77 1172975 10452996 dm-1 0.00 0.00 0.01 4794 15360#mpstat:03:28:45 PM CPU %usr %nice %sys %iowait %irq %soft %steal %guest %gnice %idle 03:28:45 PM all 0.56 0.04 0.07 0.01 0.00 0.04 0.00 0.00 0.00 99.28 03:28:45 PM 0 0.45 0.02 0.04 0.01 0.00 0.00 0.00 0.00 0.00 99.48 03:28:45 PM 1 0.68 0.06 0.10 0.01 0.00 0.07 0.00 0.00 0.00 99.08#vmstat:procs -----------memory---------- ---swap-- -----io---- -system-- ------cpu----- r b swpd free buff cache si so bi bo in cs us sy id wa st 2 0 15628 351324 122508 2674140 0 0 0 4 10 9 1 0 99 0 0
#date:Mon Jul 15 15:29:45 CEST 2019#hostname:10.214.222.80 #SWAP:Swap: 8.0G 15M 8.0G#RAM:Mem: 3.9G 871M 342M 27M 2.7G 2.6G#Disk:Filesystem Size Used Avail Use% Mounted on /dev/mapper/sopvpyves--vg-root 39G 7.1G 30G 20% /#Load:loadaverage:2.04,#Network:Iface MTU Met RX-OK RX-ERR RX-DRP RX-OVR TX-OK TX-ERR TX-DRP TX-OVR Flg ens160 1500 0 71982188 0 6 0 57984197 0 0 0 BMRU #iostat:avg-cpu: %user %nice %system %iowait %steal %idle 0.57 0.04 0.11 0.01 0.00 99.28#iooperation:Device: tps kB_read/s kB_wrtn/s kB_read kB_wrtn sda 0.20 0.92 7.83 1238606 10523021 dm-0 0.36 0.87 7.77 1172975 10453388 dm-1 0.00 0.00 0.01 4794 15360#mpstat:03:29:46 PM CPU %usr %nice %sys %iowait %irq %soft %steal %guest %gnice %idle 03:29:46 PM all 0.57 0.04 0.07 0.01 0.00 0.04 0.00 0.00 0.00 99.28 03:29:46 PM 0 0.45 0.02 0.04 0.01 0.00 0.00 0.00 0.00 0.00 99.48 03:29:46 PM 1 0.68 0.06 0.10 0.01 0.00 0.07 0.00 0.00 0.00 99.08#vmstat:procs -----------memory---------- ---swap-- -----io---- -system-- ------cpu----- r b swpd free buff cache si so bi bo in cs us sy id wa st 2 0 15628 350536 122548 2674724 0 0 0 4 10 9 1 0 99 0 0
#date:Mon Jul 15 15:30:46 CEST 2019#hostname:10.214.222.80 #SWAP:Swap: 8.0G 15M 8.0G#RAM:Mem: 3.9G 870M 343M 27M 2.7G 2.7G#Disk:Filesystem Size Used Avail Use% Mounted on /dev/mapper/sopvpyves--vg-root 39G 7.1G 30G 20% /#Load:loadaverage:2.11,#Network:Iface MTU Met RX-OK RX-ERR RX-DRP RX-OVR TX-OK TX-ERR TX-DRP TX-OVR Flg ens160 1500 0 71991579 0 6 0 57992628 0 0 0 BMRU #iostat:avg-cpu: %user %nice %system %iowait %steal %idle 0.57 0.04 0.11 0.01 0.00 99.27#iooperation:Device: tps kB_read/s kB_wrtn/s kB_read kB_wrtn sda 0.20 0.92 7.83 1238606 10523573 dm-0 0.36 0.87 7.77 1172975 10453940 dm-1 0.00 0.00 0.01 4794 15360#mpstat:03:30:46 PM CPU %usr %nice %sys %iowait %irq %soft %steal %guest %gnice %idle 03:30:46 PM all 0.57 0.04 0.07 0.01 0.00 0.04 0.00 0.00 0.00 99.27 03:30:46 PM 0 0.45 0.02 0.04 0.01 0.00 0.00 0.00 0.00 0.00 99.47 03:30:46 PM 1 0.69 0.06 0.10 0.01 0.00 0.07 0.00 0.00 0.00 99.07#vmstat:procs -----------memory---------- ---swap-- -----io---- -system-- ------cpu----- r b swpd free buff cache si so bi bo in cs us sy id wa st 2 0 15628 351384 122608 2674732 0 0 0 4 10 9 1 0 99 0 0
#date:Mon Jul 15 15:31:46 CEST 2019#hostname:10.214.222.80 #SWAP:Swap: 8.0G 15M 8.0G#RAM:Mem: 3.9G 870M 343M 27M 2.7G 2.7G#Disk:Filesystem Size Used Avail Use% Mounted on /dev/mapper/sopvpyves--vg-root 39G 7.1G 30G 20% /#Load:loadaverage:2.04,#Network:Iface MTU Met RX-OK RX-ERR RX-DRP RX-OVR TX-OK TX-ERR TX-DRP TX-OVR Flg ens160 1500 0 72001805 0 6 0 58001724 0 0 0 BMRU #iostat:avg-cpu: %user %nice %system %iowait %steal %idle 0.58 0.04 0.11 0.01 0.00 99.27#iooperation:Device: tps kB_read/s kB_wrtn/s kB_read kB_wrtn sda 0.20 0.92 7.83 1238606 10524025 dm-0 0.36 0.87 7.77 1172975 10454392 dm-1 0.00 0.00 0.01 4794 15360#mpstat:03:31:46 PM CPU %usr %nice %sys %iowait %irq %soft %steal %guest %gnice %idle 03:31:46 PM all 0.58 0.04 0.07 0.01 0.00 0.04 0.00 0.00 0.00 99.27 03:31:46 PM 0 0.46 0.02 0.04 0.01 0.00 0.00 0.00 0.00 0.00 99.47 03:31:46 PM 1 0.69 0.06 0.10 0.01 0.00 0.07 0.00 0.00 0.00 99.07#vmstat:procs -----------memory---------- ---swap-- -----io---- -system-- ------cpu----- r b swpd free buff cache si so bi bo in cs us sy id wa st 2 0 15628 351184 122644 2674872 0 0 0 4 10 9 1 0 99 0 0
#date:Mon Jul 15 15:32:46 CEST 2019#hostname:10.214.222.80 #SWAP:Swap: 8.0G 15M 8.0G#RAM:Mem: 3.9G 870M 341M 27M 2.7G 2.6G#Disk:Filesystem Size Used Avail Use% Mounted on /dev/mapper/sopvpyves--vg-root 39G 7.1G 30G 20% /#Load:loadaverage:2.08,#Network:Iface MTU Met RX-OK RX-ERR RX-DRP RX-OVR TX-OK TX-ERR TX-DRP TX-OVR Flg ens160 1500 0 72011919 0 6 0 58010655 0 0 0 BMRU #iostat:avg-cpu: %user %nice %system %iowait %steal %idle 0.58 0.04 0.11 0.01 0.00 99.26#iooperation:Device: tps kB_read/s kB_wrtn/s kB_read kB_wrtn sda 0.20 0.92 7.83 1238606 10524533 dm-0 0.36 0.87 7.77 1172975 10454900 dm-1 0.00 0.00 0.01 4794 15360#mpstat:03:32:47 PM CPU %usr %nice %sys %iowait %irq %soft %steal %guest %gnice %idle 03:32:47 PM all 0.58 0.04 0.07 0.01 0.00 0.04 0.00 0.00 0.00 99.26 03:32:47 PM 0 0.46 0.02 0.04 0.01 0.00 0.00 0.00 0.00 0.00 99.46 03:32:47 PM 1 0.70 0.06 0.10 0.01 0.00 0.07 0.00 0.00 0.00 99.06#vmstat:procs -----------memory---------- ---swap-- -----io---- -system-- ------cpu----- r b swpd free buff cache si so bi bo in cs us sy id wa st 2 0 15628 350228 122704 2675368 0 0 0 4 10 9 1 0 99 0 0
#date:Mon Jul 15 15:33:47 CEST 2019#hostname:10.214.222.80 #SWAP:Swap: 8.0G 15M 8.0G#RAM:Mem: 3.9G 871M 340M 27M 2.7G 2.6G#Disk:Filesystem Size Used Avail Use% Mounted on /dev/mapper/sopvpyves--vg-root 39G 7.1G 30G 20% /#Load:loadaverage:2.06,#Network:Iface MTU Met RX-OK RX-ERR RX-DRP RX-OVR TX-OK TX-ERR TX-DRP TX-OVR Flg ens160 1500 0 72021817 0 6 0 58019692 0 0 0 BMRU #iostat:avg-cpu: %user %nice %system %iowait %steal %idle 0.58 0.04 0.11 0.01 0.00 99.26#iooperation:Device: tps kB_read/s kB_wrtn/s kB_read kB_wrtn sda 0.20 0.92 7.83 1238606 10525137 dm-0 0.36 0.87 7.77 1172975 10455504 dm-1 0.00 0.00 0.01 4794 15360#mpstat:03:33:47 PM CPU %usr %nice %sys %iowait %irq %soft %steal %guest %gnice %idle 03:33:47 PM all 0.58 0.04 0.07 0.01 0.00 0.04 0.00 0.00 0.00 99.26 03:33:47 PM 0 0.47 0.02 0.04 0.01 0.00 0.00 0.00 0.00 0.00 99.46 03:33:47 PM 1 0.70 0.06 0.10 0.01 0.00 0.07 0.00 0.00 0.00 99.06#vmstat:procs -----------memory---------- ---swap-- -----io---- -system-- ------cpu----- r b swpd free buff cache si so bi bo in cs us sy id wa st 2 0 15628 349696 122756 2675444 0 0 0 4 10 9 1 0 99 0 0
#date:Mon Jul 15 15:34:47 CEST 2019#hostname:10.214.222.80 #SWAP:Swap: 8.0G 15M 8.0G#RAM:Mem: 3.9G 871M 340M 27M 2.7G 2.6G#Disk:Filesystem Size Used Avail Use% Mounted on /dev/mapper/sopvpyves--vg-root 39G 7.1G 30G 20% /#Load:loadaverage:2.08,#Network:Iface MTU Met RX-OK RX-ERR RX-DRP RX-OVR TX-OK TX-ERR TX-DRP TX-OVR Flg ens160 1500 0 72031868 0 6 0 58028729 0 0 0 BMRU #iostat:avg-cpu: %user %nice %system %iowait %steal %idle 0.59 0.04 0.11 0.01 0.00 99.25#iooperation:Device: tps kB_read/s kB_wrtn/s kB_read kB_wrtn sda 0.20 0.92 7.83 1238714 10525553 dm-0 0.36 0.87 7.77 1173083 10455920 dm-1 0.00 0.00 0.01 4794 15360#mpstat:03:34:48 PM CPU %usr %nice %sys %iowait %irq %soft %steal %guest %gnice %idle 03:34:48 PM all 0.59 0.04 0.07 0.01 0.00 0.04 0.00 0.00 0.00 99.25 03:34:48 PM 0 0.47 0.02 0.04 0.01 0.00 0.00 0.00 0.00 0.00 99.45 03:34:48 PM 1 0.71 0.06 0.10 0.01 0.00 0.07 0.00 0.00 0.00 99.05#vmstat:procs -----------memory---------- ---swap-- -----io---- -system-- ------cpu----- r b swpd free buff cache si so bi bo in cs us sy id wa st 2 0 15628 348960 122824 2675496 0 0 0 4 10 9 1 0 99 0 0
#date:Mon Jul 15 15:35:48 CEST 2019#hostname:10.214.222.80 #SWAP:Swap: 8.0G 15M 8.0G#RAM:Mem: 3.9G 871M 340M 27M 2.7G 2.6G#Disk:Filesystem Size Used Avail Use% Mounted on /dev/mapper/sopvpyves--vg-root 39G 7.1G 30G 20% /#Load:loadaverage:2.09,#Network:Iface MTU Met RX-OK RX-ERR RX-DRP RX-OVR TX-OK TX-ERR TX-DRP TX-OVR Flg ens160 1500 0 72041478 0 6 0 58037283 0 0 0 BMRU #iostat:avg-cpu: %user %nice %system %iowait %steal %idle 0.59 0.04 0.11 0.01 0.00 99.25#iooperation:Device: tps kB_read/s kB_wrtn/s kB_read kB_wrtn sda 0.20 0.92 7.83 1238714 10526241 dm-0 0.36 0.87 7.78 1173083 10456608 dm-1 0.00 0.00 0.01 4794 15360#mpstat:03:35:48 PM CPU %usr %nice %sys %iowait %irq %soft %steal %guest %gnice %idle 03:35:48 PM all 0.59 0.04 0.07 0.01 0.00 0.04 0.00 0.00 0.00 99.25 03:35:48 PM 0 0.48 0.02 0.04 0.01 0.00 0.00 0.00 0.00 0.00 99.45 03:35:48 PM 1 0.71 0.06 0.10 0.01 0.00 0.07 0.00 0.00 0.00 99.05#vmstat:procs -----------memory---------- ---swap-- -----io---- -system-- ------cpu----- r b swpd free buff cache si so bi bo in cs us sy id wa st 2 0 15628 348788 122864 2675584 0 0 0 4 10 9 1 0 99 0 0
#date:Mon Jul 15 15:36:48 CEST 2019#hostname:10.214.222.80 #SWAP:Swap: 8.0G 15M 8.0G#RAM:Mem: 3.9G 870M 341M 27M 2.7G 2.6G#Disk:Filesystem Size Used Avail Use% Mounted on /dev/mapper/sopvpyves--vg-root 39G 7.1G 30G 20% /#Load:loadaverage:2.03,#Network:Iface MTU Met RX-OK RX-ERR RX-DRP RX-OVR TX-OK TX-ERR TX-DRP TX-OVR Flg ens160 1500 0 72051536 0 6 0 58046286 0 0 0 BMRU #iostat:avg-cpu: %user %nice %system %iowait %steal %idle 0.60 0.04 0.11 0.01 0.00 99.25#iooperation:Device: tps kB_read/s kB_wrtn/s kB_read kB_wrtn sda 0.20 0.92 7.83 1238714 10526673 dm-0 0.36 0.87 7.78 1173083 10457040 dm-1 0.00 0.00 0.01 4794 15360#mpstat:03:36:48 PM CPU %usr %nice %sys %iowait %irq %soft %steal %guest %gnice %idle 03:36:48 PM all 0.60 0.04 0.07 0.01 0.00 0.04 0.00 0.00 0.00 99.25 03:36:48 PM 0 0.48 0.02 0.04 0.01 0.00 0.00 0.00 0.00 0.00 99.44 03:36:48 PM 1 0.72 0.06 0.10 0.01 0.00 0.07 0.00 0.00 0.00 99.05#vmstat:procs -----------memory---------- ---swap-- -----io---- -system-- ------cpu----- r b swpd free buff cache si so bi bo in cs us sy id wa st 2 0 15628 349376 122928 2675620 0 0 0 4 10 9 1 0 99 0 0
#date:Mon Jul 15 15:37:49 CEST 2019#hostname:10.214.222.80 #SWAP:Swap: 8.0G 15M 8.0G#RAM:Mem: 3.9G 871M 341M 27M 2.7G 2.6G#Disk:Filesystem Size Used Avail Use% Mounted on /dev/mapper/sopvpyves--vg-root 39G 7.1G 30G 20% /#Load:loadaverage:2.07,#Network:Iface MTU Met RX-OK RX-ERR RX-DRP RX-OVR TX-OK TX-ERR TX-DRP TX-OVR Flg ens160 1500 0 72060820 0 6 0 58054640 0 0 0 BMRU #iostat:avg-cpu: %user %nice %system %iowait %steal %idle 0.60 0.04 0.11 0.01 0.00 99.24#iooperation:Device: tps kB_read/s kB_wrtn/s kB_read kB_wrtn sda 0.20 0.92 7.83 1238714 10527229 dm-0 0.36 0.87 7.78 1173083 10457596 dm-1 0.00 0.00 0.01 4794 15360#mpstat:03:37:49 PM CPU %usr %nice %sys %iowait %irq %soft %steal %guest %gnice %idle 03:37:49 PM all 0.60 0.04 0.07 0.01 0.00 0.04 0.00 0.00 0.00 99.24 03:37:49 PM 0 0.49 0.02 0.04 0.01 0.00 0.00 0.00 0.00 0.00 99.44 03:37:49 PM 1 0.72 0.06 0.10 0.01 0.00 0.07 0.00 0.00 0.00 99.04#vmstat:procs -----------memory---------- ---swap-- -----io---- -system-- ------cpu----- r b swpd free buff cache si so bi bo in cs us sy id wa st 2 0 15628 349016 122980 2675620 0 0 0 4 10 9 1 0 99 0 0
#date:Mon Jul 15 15:38:49 CEST 2019#hostname:10.214.222.80 #SWAP:Swap: 8.0G 15M 8.0G#RAM:Mem: 3.9G 871M 340M 27M 2.7G 2.6G#Disk:Filesystem Size Used Avail Use% Mounted on /dev/mapper/sopvpyves--vg-root 39G 7.1G 30G 20% /#Load:loadaverage:2.08,#Network:Iface MTU Met RX-OK RX-ERR RX-DRP RX-OVR TX-OK TX-ERR TX-DRP TX-OVR Flg ens160 1500 0 72070214 0 6 0 58063094 0 0 0 BMRU #iostat:avg-cpu: %user %nice %system %iowait %steal %idle 0.61 0.04 0.11 0.01 0.00 99.24#iooperation:Device: tps kB_read/s kB_wrtn/s kB_read kB_wrtn sda 0.20 0.92 7.83 1238714 10527729 dm-0 0.36 0.87 7.78 1173083 10458096 dm-1 0.00 0.00 0.01 4794 15360#mpstat:03:38:49 PM CPU %usr %nice %sys %iowait %irq %soft %steal %guest %gnice %idle 03:38:49 PM all 0.61 0.04 0.07 0.01 0.00 0.04 0.00 0.00 0.00 99.24 03:38:49 PM 0 0.49 0.02 0.04 0.01 0.00 0.00 0.00 0.00 0.00 99.44 03:38:49 PM 1 0.72 0.06 0.10 0.01 0.00 0.07 0.00 0.00 0.00 99.04#vmstat:procs -----------memory---------- ---swap-- -----io---- -system-- ------cpu----- r b swpd free buff cache si so bi bo in cs us sy id wa st 2 0 15628 348776 123048 2675648 0 0 0 4 10 9 1 0 99 0 0
#date:Mon Jul 15 15:39:49 CEST 2019#hostname:10.214.222.80 #SWAP:Swap: 8.0G 15M 8.0G#RAM:Mem: 3.9G 871M 340M 27M 2.7G 2.6G#Disk:Filesystem Size Used Avail Use% Mounted on /dev/mapper/sopvpyves--vg-root 39G 7.1G 30G 20% /#Load:loadaverage:2.06,#Network:Iface MTU Met RX-OK RX-ERR RX-DRP RX-OVR TX-OK TX-ERR TX-DRP TX-OVR Flg ens160 1500 0 72080536 0 6 0 58072020 0 0 0 BMRU #iostat:avg-cpu: %user %nice %system %iowait %steal %idle 0.61 0.04 0.11 0.01 0.00 99.23#iooperation:Device: tps kB_read/s kB_wrtn/s kB_read kB_wrtn sda 0.20 0.92 7.83 1238962 10528625 dm-0 0.36 0.87 7.78 1173331 10458992 dm-1 0.00 0.00 0.01 4794 15360#mpstat:03:39:50 PM CPU %usr %nice %sys %iowait %irq %soft %steal %guest %gnice %idle 03:39:50 PM all 0.61 0.04 0.07 0.01 0.00 0.04 0.00 0.00 0.00 99.23 03:39:50 PM 0 0.49 0.02 0.04 0.01 0.00 0.00 0.00 0.00 0.00 99.43 03:39:50 PM 1 0.73 0.06 0.10 0.01 0.00 0.07 0.00 0.00 0.00 99.03#vmstat:procs -----------memory---------- ---swap-- -----io---- -system-- ------cpu----- r b swpd free buff cache si so bi bo in cs us sy id wa st 2 0 15628 347876 123344 2675632 0 0 0 4 10 9 1 0 99 0 0
#date:Mon Jul 15 15:40:50 CEST 2019#hostname:10.214.222.80 #SWAP:Swap: 8.0G 15M 8.0G#RAM:Mem: 3.9G 870M 341M 27M 2.7G 2.7G#Disk:Filesystem Size Used Avail Use% Mounted on /dev/mapper/sopvpyves--vg-root 39G 7.1G 30G 20% /#Load:loadaverage:2.02,#Network:Iface MTU Met RX-OK RX-ERR RX-DRP RX-OVR TX-OK TX-ERR TX-DRP TX-OVR Flg ens160 1500 0 72090197 0 6 0 58080385 0 0 0 BMRU #iostat:avg-cpu: %user %nice %system %iowait %steal %idle 0.62 0.04 0.11 0.01 0.00 99.23#iooperation:Device: tps kB_read/s kB_wrtn/s kB_read kB_wrtn sda 0.20 0.92 7.83 1238962 10529193 dm-0 0.36 0.87 7.78 1173331 10459560 dm-1 0.00 0.00 0.01 4794 15360#mpstat:03:40:50 PM CPU %usr %nice %sys %iowait %irq %soft %steal %guest %gnice %idle 03:40:50 PM all 0.62 0.04 0.07 0.01 0.00 0.04 0.00 0.00 0.00 99.23 03:40:50 PM 0 0.50 0.02 0.04 0.01 0.00 0.00 0.00 0.00 0.00 99.43 03:40:50 PM 1 0.73 0.06 0.10 0.01 0.00 0.07 0.00 0.00 0.00 99.03#vmstat:procs -----------memory---------- ---swap-- -----io---- -system-- ------cpu----- r b swpd free buff cache si so bi bo in cs us sy id wa st 2 0 15628 349040 123412 2675544 0 0 0 4 10 9 1 0 99 0 0
#date:Mon Jul 15 15:41:50 CEST 2019#hostname:10.214.222.80 #SWAP:Swap: 8.0G 15M 8.0G#RAM:Mem: 3.9G 873M 337M 27M 2.7G 2.6G#Disk:Filesystem Size Used Avail Use% Mounted on /dev/mapper/sopvpyves--vg-root 39G 7.1G 30G 20% /#Load:loadaverage:2.01,#Network:Iface MTU Met RX-OK RX-ERR RX-DRP RX-OVR TX-OK TX-ERR TX-DRP TX-OVR Flg ens160 1500 0 72101402 0 6 0 58089818 0 0 0 BMRU #iostat:avg-cpu: %user %nice %system %iowait %steal %idle 0.62 0.04 0.11 0.01 0.00 99.22#iooperation:Device: tps kB_read/s kB_wrtn/s kB_read kB_wrtn sda 0.20 0.92 7.83 1238962 10529745 dm-0 0.36 0.87 7.78 1173331 10460112 dm-1 0.00 0.00 0.01 4794 15360#mpstat:03:41:50 PM CPU %usr %nice %sys %iowait %irq %soft %steal %guest %gnice %idle 03:41:50 PM all 0.62 0.04 0.07 0.01 0.00 0.04 0.00 0.00 0.00 99.22 03:41:50 PM 0 0.50 0.02 0.04 0.01 0.00 0.00 0.00 0.00 0.00 99.42 03:41:50 PM 1 0.74 0.06 0.10 0.01 0.00 0.07 0.00 0.00 0.00 99.02#vmstat:procs -----------memory---------- ---swap-- -----io---- -system-- ------cpu----- r b swpd free buff cache si so bi bo in cs us sy id wa st 2 0 15628 345428 123460 2676036 0 0 0 4 10 9 1 0 99 0 0
#date:Mon Jul 15 15:42:51 CEST 2019#hostname:10.214.222.80 #SWAP:Swap: 8.0G 15M 8.0G#RAM:Mem: 3.9G 875M 336M 27M 2.7G 2.6G#Disk:Filesystem Size Used Avail Use% Mounted on /dev/mapper/sopvpyves--vg-root 39G 7.1G 30G 20% /#Load:loadaverage:2.08,#Network:Iface MTU Met RX-OK RX-ERR RX-DRP RX-OVR TX-OK TX-ERR TX-DRP TX-OVR Flg ens160 1500 0 72111864 0 6 0 58098968 0 0 0 BMRU #iostat:avg-cpu: %user %nice %system %iowait %steal %idle 0.62 0.04 0.11 0.01 0.00 99.22#iooperation:Device: tps kB_read/s kB_wrtn/s kB_read kB_wrtn sda 0.20 0.92 7.83 1238962 10530261 dm-0 0.36 0.87 7.78 1173331 10460628 dm-1 0.00 0.00 0.01 4794 15360#mpstat:03:42:51 PM CPU %usr %nice %sys %iowait %irq %soft %steal %guest %gnice %idle 03:42:51 PM all 0.62 0.04 0.07 0.01 0.00 0.04 0.00 0.00 0.00 99.22 03:42:51 PM 0 0.51 0.02 0.04 0.01 0.00 0.00 0.00 0.00 0.00 99.42 03:42:51 PM 1 0.74 0.06 0.10 0.01 0.00 0.07 0.00 0.00 0.00 99.02#vmstat:procs -----------memory---------- ---swap-- -----io---- -system-- ------cpu----- r b swpd free buff cache si so bi bo in cs us sy id wa st 2 0 15628 343932 123504 2676284 0 0 0 4 10 9 1 0 99 0 0
#date:Mon Jul 15 15:43:51 CEST 2019#hostname:10.214.222.80 #SWAP:Swap: 8.0G 15M 8.0G#RAM:Mem: 3.9G 874M 336M 27M 2.7G 2.6G#Disk:Filesystem Size Used Avail Use% Mounted on /dev/mapper/sopvpyves--vg-root 39G 7.1G 30G 20% /#Load:loadaverage:2.07,#Network:Iface MTU Met RX-OK RX-ERR RX-DRP RX-OVR TX-OK TX-ERR TX-DRP TX-OVR Flg ens160 1500 0 72121814 0 6 0 58107701 0 0 0 BMRU #iostat:avg-cpu: %user %nice %system %iowait %steal %idle 0.63 0.04 0.11 0.01 0.00 99.21#iooperation:Device: tps kB_read/s kB_wrtn/s kB_read kB_wrtn sda 0.20 0.92 7.83 1238962 10530861 dm-0 0.36 0.87 7.78 1173331 10461228 dm-1 0.00 0.00 0.01 4794 15360#mpstat:03:43:51 PM CPU %usr %nice %sys %iowait %irq %soft %steal %guest %gnice %idle 03:43:51 PM all 0.63 0.04 0.07 0.01 0.00 0.04 0.00 0.00 0.00 99.21 03:43:51 PM 0 0.51 0.02 0.04 0.01 0.00 0.00 0.00 0.00 0.00 99.41 03:43:51 PM 1 0.75 0.06 0.10 0.01 0.00 0.07 0.00 0.00 0.00 99.01#vmstat:procs -----------memory---------- ---swap-- -----io---- -system-- ------cpu----- r b swpd free buff cache si so bi bo in cs us sy id wa st 2 0 15628 343892 123560 2676352 0 0 0 4 10 9 1 0 99 0 0
#date:Mon Jul 15 15:44:51 CEST 2019#hostname:10.214.222.80 #SWAP:Swap: 8.0G 15M 8.0G#RAM:Mem: 3.9G 875M 335M 27M 2.7G 2.6G#Disk:Filesystem Size Used Avail Use% Mounted on /dev/mapper/sopvpyves--vg-root 39G 7.1G 30G 20% /#Load:loadaverage:2.06,#Network:Iface MTU Met RX-OK RX-ERR RX-DRP RX-OVR TX-OK TX-ERR TX-DRP TX-OVR Flg ens160 1500 0 72131986 0 6 0 58116434 0 0 0 BMRU #iostat:avg-cpu: %user %nice %system %iowait %steal %idle 0.63 0.04 0.11 0.01 0.00 99.21#iooperation:Device: tps kB_read/s kB_wrtn/s kB_read kB_wrtn sda 0.20 0.92 7.83 1238962 10531381 dm-0 0.36 0.87 7.78 1173331 10461748 dm-1 0.00 0.00 0.01 4794 15360#mpstat:03:44:52 PM CPU %usr %nice %sys %iowait %irq %soft %steal %guest %gnice %idle 03:44:52 PM all 0.63 0.04 0.07 0.01 0.00 0.04 0.00 0.00 0.00 99.21 03:44:52 PM 0 0.52 0.02 0.04 0.01 0.00 0.00 0.00 0.00 0.00 99.41 03:44:52 PM 1 0.75 0.06 0.10 0.01 0.00 0.07 0.00 0.00 0.00 99.01#vmstat:procs -----------memory---------- ---swap-- -----io---- -system-- ------cpu----- r b swpd free buff cache si so bi bo in cs us sy id wa st 2 0 15628 343076 123600 2676256 0 0 0 4 10 9 1 0 99 0 0
#date:Mon Jul 15 15:45:52 CEST 2019#hostname:10.214.222.80 #SWAP:Swap: 8.0G 15M 8.0G#RAM:Mem: 3.9G 880M 330M 27M 2.7G 2.6G#Disk:Filesystem Size Used Avail Use% Mounted on /dev/mapper/sopvpyves--vg-root 39G 7.1G 30G 20% /#Load:loadaverage:2.02,#Network:Iface MTU Met RX-OK RX-ERR RX-DRP RX-OVR TX-OK TX-ERR TX-DRP TX-OVR Flg ens160 1500 0 72144014 0 6 0 58126298 0 0 0 BMRU #iostat:avg-cpu: %user %nice %system %iowait %steal %idle 0.64 0.04 0.11 0.01 0.00 99.21#iooperation:Device: tps kB_read/s kB_wrtn/s kB_read kB_wrtn sda 0.20 0.92 7.83 1238962 10532061 dm-0 0.36 0.87 7.78 1173331 10462428 dm-1 0.00 0.00 0.01 4794 15360#mpstat:03:45:52 PM CPU %usr %nice %sys %iowait %irq %soft %steal %guest %gnice %idle 03:45:52 PM all 0.64 0.04 0.07 0.01 0.00 0.04 0.00 0.00 0.00 99.21 03:45:52 PM 0 0.52 0.02 0.04 0.01 0.00 0.00 0.00 0.00 0.00 99.40 03:45:52 PM 1 0.76 0.06 0.10 0.01 0.00 0.07 0.00 0.00 0.00 99.01#vmstat:procs -----------memory---------- ---swap-- -----io---- -system-- ------cpu----- r b swpd free buff cache si so bi bo in cs us sy id wa st 2 0 15628 338356 123656 2677052 0 0 0 4 10 9 1 0 99 0 0
#date:Mon Jul 15 15:46:52 CEST 2019#hostname:10.214.222.80 #SWAP:Swap: 8.0G 15M 8.0G#RAM:Mem: 3.9G 880M 329M 27M 2.7G 2.6G#Disk:Filesystem Size Used Avail Use% Mounted on /dev/mapper/sopvpyves--vg-root 39G 7.1G 30G 20% /#Load:loadaverage:1.97,#Network:Iface MTU Met RX-OK RX-ERR RX-DRP RX-OVR TX-OK TX-ERR TX-DRP TX-OVR Flg ens160 1500 0 72154339 0 6 0 58135145 0 0 0 BMRU #iostat:avg-cpu: %user %nice %system %iowait %steal %idle 0.64 0.04 0.11 0.01 0.00 99.20#iooperation:Device: tps kB_read/s kB_wrtn/s kB_read kB_wrtn sda 0.20 0.92 7.83 1238962 10532581 dm-0 0.36 0.87 7.78 1173331 10462948 dm-1 0.00 0.00 0.01 4794 15360#mpstat:03:46:52 PM CPU %usr %nice %sys %iowait %irq %soft %steal %guest %gnice %idle 03:46:52 PM all 0.64 0.04 0.07 0.01 0.00 0.04 0.00 0.00 0.00 99.20 03:46:52 PM 0 0.52 0.02 0.04 0.01 0.00 0.00 0.00 0.00 0.00 99.40 03:46:52 PM 1 0.76 0.06 0.10 0.01 0.00 0.07 0.00 0.00 0.00 99.00#vmstat:procs -----------memory---------- ---swap-- -----io---- -system-- ------cpu----- r b swpd free buff cache si so bi bo in cs us sy id wa st 2 0 15628 337332 123712 2677588 0 0 0 4 10 9 1 0 99 0 0
#date:Mon Jul 15 15:47:53 CEST 2019#hostname:10.214.222.80 #SWAP:Swap: 8.0G 15M 8.0G#RAM:Mem: 3.9G 881M 328M 27M 2.7G 2.6G#Disk:Filesystem Size Used Avail Use% Mounted on /dev/mapper/sopvpyves--vg-root 39G 7.1G 30G 20% /#Load:loadaverage:2.03,#Network:Iface MTU Met RX-OK RX-ERR RX-DRP RX-OVR TX-OK TX-ERR TX-DRP TX-OVR Flg ens160 1500 0 72164502 0 6 0 58144214 0 0 0 BMRU #iostat:avg-cpu: %user %nice %system %iowait %steal %idle 0.65 0.04 0.11 0.01 0.00 99.20#iooperation:Device: tps kB_read/s kB_wrtn/s kB_read kB_wrtn sda 0.20 0.92 7.83 1238962 10533137 dm-0 0.36 0.87 7.78 1173331 10463504 dm-1 0.00 0.00 0.01 4794 15360#mpstat:03:47:53 PM CPU %usr %nice %sys %iowait %irq %soft %steal %guest %gnice %idle 03:47:53 PM all 0.65 0.04 0.07 0.01 0.00 0.04 0.00 0.00 0.00 99.20 03:47:53 PM 0 0.53 0.02 0.04 0.01 0.00 0.00 0.00 0.00 0.00 99.40 03:47:53 PM 1 0.76 0.06 0.10 0.01 0.00 0.07 0.00 0.00 0.00 99.00#vmstat:procs -----------memory---------- ---swap-- -----io---- -system-- ------cpu----- r b swpd free buff cache si so bi bo in cs us sy id wa st 2 0 15628 335512 123756 2677332 0 0 0 4 10 9 1 0 99 0 0
#date:Mon Jul 15 15:48:53 CEST 2019#hostname:10.214.222.80 #SWAP:Swap: 8.0G 15M 8.0G#RAM:Mem: 3.9G 881M 328M 27M 2.7G 2.6G#Disk:Filesystem Size Used Avail Use% Mounted on /dev/mapper/sopvpyves--vg-root 39G 7.1G 30G 20% /#Load:loadaverage:2.18,#Network:Iface MTU Met RX-OK RX-ERR RX-DRP RX-OVR TX-OK TX-ERR TX-DRP TX-OVR Flg ens160 1500 0 72175075 0 6 0 58153178 0 0 0 BMRU #iostat:avg-cpu: %user %nice %system %iowait %steal %idle 0.65 0.04 0.11 0.01 0.00 99.19#iooperation:Device: tps kB_read/s kB_wrtn/s kB_read kB_wrtn sda 0.20 0.92 7.83 1238962 10533957 dm-0 0.36 0.87 7.78 1173331 10464324 dm-1 0.00 0.00 0.01 4794 15360#mpstat:03:48:53 PM CPU %usr %nice %sys %iowait %irq %soft %steal %guest %gnice %idle 03:48:53 PM all 0.65 0.04 0.07 0.01 0.00 0.04 0.00 0.00 0.00 99.19 03:48:53 PM 0 0.53 0.02 0.04 0.01 0.00 0.00 0.00 0.00 0.00 99.39 03:48:53 PM 1 0.77 0.06 0.10 0.01 0.00 0.07 0.00 0.00 0.00 98.99#vmstat:procs -----------memory---------- ---swap-- -----io---- -system-- ------cpu----- r b swpd free buff cache si so bi bo in cs us sy id wa st 2 0 15628 336260 123816 2677292 0 0 0 4 10 9 1 0 99 0 0
#date:Mon Jul 15 15:49:53 CEST 2019#hostname:10.214.222.80 #SWAP:Swap: 8.0G 15M 8.0G#RAM:Mem: 3.9G 881M 328M 27M 2.7G 2.6G#Disk:Filesystem Size Used Avail Use% Mounted on /dev/mapper/sopvpyves--vg-root 39G 7.1G 30G 20% /#Load:loadaverage:2.06,#Network:Iface MTU Met RX-OK RX-ERR RX-DRP RX-OVR TX-OK TX-ERR TX-DRP TX-OVR Flg ens160 1500 0 72186759 0 6 0 58162766 0 0 0 BMRU #iostat:avg-cpu: %user %nice %system %iowait %steal %idle 0.66 0.04 0.11 0.01 0.00 99.19#iooperation:Device: tps kB_read/s kB_wrtn/s kB_read kB_wrtn sda 0.20 0.92 7.83 1239026 10534685 dm-0 0.36 0.87 7.78 1173395 10465052 dm-1 0.00 0.00 0.01 4794 15360#mpstat:03:49:54 PM CPU %usr %nice %sys %iowait %irq %soft %steal %guest %gnice %idle 03:49:54 PM all 0.66 0.04 0.07 0.01 0.00 0.04 0.00 0.00 0.00 99.19 03:49:54 PM 0 0.54 0.02 0.04 0.01 0.00 0.00 0.00 0.00 0.00 99.39 03:49:54 PM 1 0.77 0.06 0.10 0.01 0.00 0.07 0.00 0.00 0.00 98.99#vmstat:procs -----------memory---------- ---swap-- -----io---- -system-- ------cpu----- r b swpd free buff cache si so bi bo in cs us sy id wa st 2 0 15628 335792 123876 2677680 0 0 0 4 10 9 1 0 99 0 0
#date:Mon Jul 15 15:50:54 CEST 2019#hostname:10.214.222.80 #SWAP:Swap: 8.0G 15M 8.0G#RAM:Mem: 3.9G 882M 326M 27M 2.7G 2.6G#Disk:Filesystem Size Used Avail Use% Mounted on /dev/mapper/sopvpyves--vg-root 39G 7.1G 30G 20% /#Load:loadaverage:2.02,#Network:Iface MTU Met RX-OK RX-ERR RX-DRP RX-OVR TX-OK TX-ERR TX-DRP TX-OVR Flg ens160 1500 0 72197490 0 6 0 58171854 0 0 0 BMRU #iostat:avg-cpu: %user %nice %system %iowait %steal %idle 0.66 0.04 0.11 0.01 0.00 99.18#iooperation:Device: tps kB_read/s kB_wrtn/s kB_read kB_wrtn sda 0.20 0.92 7.83 1239026 10535193 dm-0 0.36 0.87 7.78 1173395 10465560 dm-1 0.00 0.00 0.01 4794 15360#mpstat:03:50:54 PM CPU %usr %nice %sys %iowait %irq %soft %steal %guest %gnice %idle 03:50:54 PM all 0.66 0.04 0.07 0.01 0.00 0.04 0.00 0.00 0.00 99.18 03:50:54 PM 0 0.54 0.02 0.04 0.01 0.00 0.00 0.00 0.00 0.00 99.38 03:50:54 PM 1 0.78 0.06 0.10 0.01 0.00 0.07 0.00 0.00 0.00 98.98#vmstat:procs -----------memory---------- ---swap-- -----io---- -system-- ------cpu----- r b swpd free buff cache si so bi bo in cs us sy id wa st 2 0 15628 334012 123932 2677836 0 0 0 4 10 9 1 0 99 0 0
#date:Mon Jul 15 15:51:54 CEST 2019#hostname:10.214.222.80 #SWAP:Swap: 8.0G 15M 8.0G#RAM:Mem: 3.9G 883M 325M 27M 2.7G 2.6G#Disk:Filesystem Size Used Avail Use% Mounted on /dev/mapper/sopvpyves--vg-root 39G 7.1G 30G 20% /#Load:loadaverage:2.07,#Network:Iface MTU Met RX-OK RX-ERR RX-DRP RX-OVR TX-OK TX-ERR TX-DRP TX-OVR Flg ens160 1500 0 72207797 0 6 0 58180599 0 0 0 BMRU #iostat:avg-cpu: %user %nice %system %iowait %steal %idle 0.66 0.04 0.11 0.01 0.00 99.18#iooperation:Device: tps kB_read/s kB_wrtn/s kB_read kB_wrtn sda 0.20 0.92 7.83 1239026 10535729 dm-0 0.36 0.87 7.78 1173395 10466096 dm-1 0.00 0.00 0.01 4794 15360#mpstat:03:51:54 PM CPU %usr %nice %sys %iowait %irq %soft %steal %guest %gnice %idle 03:51:54 PM all 0.66 0.04 0.07 0.01 0.00 0.04 0.00 0.00 0.00 99.18 03:51:54 PM 0 0.55 0.02 0.04 0.01 0.00 0.00 0.00 0.00 0.00 99.38 03:51:54 PM 1 0.78 0.06 0.10 0.01 0.00 0.07 0.00 0.00 0.00 98.98#vmstat:procs -----------memory---------- ---swap-- -----io---- -system-- ------cpu----- r b swpd free buff cache si so bi bo in cs us sy id wa st 3 0 15628 333284 124008 2677788 0 0 0 4 10 9 1 0 99 0 0
#date:Mon Jul 15 15:52:54 CEST 2019#hostname:10.214.222.80 #SWAP:Swap: 8.0G 15M 8.0G#RAM:Mem: 3.9G 883M 325M 27M 2.7G 2.6G#Disk:Filesystem Size Used Avail Use% Mounted on /dev/mapper/sopvpyves--vg-root 39G 7.1G 30G 20% /#Load:loadaverage:2.03,#Network:Iface MTU Met RX-OK RX-ERR RX-DRP RX-OVR TX-OK TX-ERR TX-DRP TX-OVR Flg ens160 1500 0 72217778 0 6 0 58189113 0 0 0 BMRU #iostat:avg-cpu: %user %nice %system %iowait %steal %idle 0.67 0.04 0.11 0.01 0.00 99.17#iooperation:Device: tps kB_read/s kB_wrtn/s kB_read kB_wrtn sda 0.20 0.92 7.83 1239026 10536289 dm-0 0.36 0.87 7.78 1173395 10466656 dm-1 0.00 0.00 0.01 4794 15360#mpstat:03:52:55 PM CPU %usr %nice %sys %iowait %irq %soft %steal %guest %gnice %idle 03:52:55 PM all 0.67 0.04 0.07 0.01 0.00 0.04 0.00 0.00 0.00 99.17 03:52:55 PM 0 0.55 0.02 0.04 0.01 0.00 0.00 0.00 0.00 0.00 99.37 03:52:55 PM 1 0.79 0.06 0.10 0.01 0.00 0.07 0.00 0.00 0.00 98.97#vmstat:procs -----------memory---------- ---swap-- -----io---- -system-- ------cpu----- r b swpd free buff cache si so bi bo in cs us sy id wa st 2 0 15628 333888 124072 2677924 0 0 0 4 10 9 1 0 99 0 0
#date:Mon Jul 15 15:53:55 CEST 2019#hostname:10.214.222.80 #SWAP:Swap: 8.0G 15M 8.0G#RAM:Mem: 3.9G 883M 324M 27M 2.7G 2.6G#Disk:Filesystem Size Used Avail Use% Mounted on /dev/mapper/sopvpyves--vg-root 39G 7.1G 30G 20% /#Load:loadaverage:2.01,#Network:Iface MTU Met RX-OK RX-ERR RX-DRP RX-OVR TX-OK TX-ERR TX-DRP TX-OVR Flg ens160 1500 0 72229057 0 6 0 58198491 0 0 0 BMRU #iostat:avg-cpu: %user %nice %system %iowait %steal %idle 0.67 0.04 0.11 0.01 0.00 99.17#iooperation:Device: tps kB_read/s kB_wrtn/s kB_read kB_wrtn sda 0.20 0.92 7.83 1239026 10536921 dm-0 0.36 0.87 7.78 1173395 10467288 dm-1 0.00 0.00 0.01 4794 15360#mpstat:03:53:55 PM CPU %usr %nice %sys %iowait %irq %soft %steal %guest %gnice %idle 03:53:55 PM all 0.67 0.04 0.07 0.01 0.00 0.04 0.00 0.00 0.00 99.17 03:53:55 PM 0 0.56 0.02 0.04 0.01 0.00 0.00 0.00 0.00 0.00 99.37 03:53:55 PM 1 0.79 0.06 0.10 0.01 0.00 0.07 0.00 0.00 0.00 98.97#vmstat:procs -----------memory---------- ---swap-- -----io---- -system-- ------cpu----- r b swpd free buff cache si so bi bo in cs us sy id wa st 2 0 15628 332880 124140 2678140 0 0 0 4 10 9 1 0 99 0 0
#date:Mon Jul 15 15:54:55 CEST 2019#hostname:10.214.222.80 #SWAP:Swap: 8.0G 15M 8.0G#RAM:Mem: 3.9G 885M 323M 27M 2.7G 2.6G#Disk:Filesystem Size Used Avail Use% Mounted on /dev/mapper/sopvpyves--vg-root 39G 7.1G 30G 20% /#Load:loadaverage:2.00,#Network:Iface MTU Met RX-OK RX-ERR RX-DRP RX-OVR TX-OK TX-ERR TX-DRP TX-OVR Flg ens160 1500 0 72240000 0 6 0 58207500 0 0 0 BMRU #iostat:avg-cpu: %user %nice %system %iowait %steal %idle 0.68 0.04 0.11 0.01 0.00 99.17#iooperation:Device: tps kB_read/s kB_wrtn/s kB_read kB_wrtn sda 0.20 0.92 7.83 1239026 10537593 dm-0 0.36 0.87 7.78 1173395 10467960 dm-1 0.00 0.00 0.01 4794 15360#mpstat:03:54:56 PM CPU %usr %nice %sys %iowait %irq %soft %steal %guest %gnice %idle 03:54:56 PM all 0.68 0.04 0.07 0.01 0.00 0.04 0.00 0.00 0.00 99.17 03:54:56 PM 0 0.56 0.02 0.04 0.01 0.00 0.00 0.00 0.00 0.00 99.37 03:54:56 PM 1 0.79 0.06 0.10 0.01 0.00 0.07 0.00 0.00 0.00 98.97#vmstat:procs -----------memory---------- ---swap-- -----io---- -system-- ------cpu----- r b swpd free buff cache si so bi bo in cs us sy id wa st 2 0 15628 329760 124196 2678328 0 0 0 4 10 9 1 0 99 0 0
#date:Mon Jul 15 15:55:56 CEST 2019#hostname:10.214.222.80 #SWAP:Swap: 8.0G 15M 8.0G#RAM:Mem: 3.9G 885M 322M 27M 2.7G 2.6G#Disk:Filesystem Size Used Avail Use% Mounted on /dev/mapper/sopvpyves--vg-root 39G 7.1G 30G 20% /#Load:loadaverage:2.00,#Network:Iface MTU Met RX-OK RX-ERR RX-DRP RX-OVR TX-OK TX-ERR TX-DRP TX-OVR Flg ens160 1500 0 72249874 0 6 0 58215841 0 0 0 BMRU #iostat:avg-cpu: %user %nice %system %iowait %steal %idle 0.68 0.04 0.11 0.01 0.00 99.16#iooperation:Device: tps kB_read/s kB_wrtn/s kB_read kB_wrtn sda 0.20 0.92 7.83 1239026 10538117 dm-0 0.36 0.87 7.78 1173395 10468484 dm-1 0.00 0.00 0.01 4794 15360#mpstat:03:55:56 PM CPU %usr %nice %sys %iowait %irq %soft %steal %guest %gnice %idle 03:55:56 PM all 0.68 0.04 0.07 0.01 0.00 0.04 0.00 0.00 0.00 99.16 03:55:56 PM 0 0.56 0.02 0.04 0.01 0.00 0.00 0.00 0.00 0.00 99.36 03:55:56 PM 1 0.80 0.06 0.10 0.01 0.00 0.07 0.00 0.00 0.00 98.96#vmstat:procs -----------memory---------- ---swap-- -----io---- -system-- ------cpu----- r b swpd free buff cache si so bi bo in cs us sy id wa st 2 0 15628 329972 124252 2678456 0 0 0 4 10 9 1 0 99 0 0
#date:Mon Jul 15 15:56:56 CEST 2019#hostname:10.214.222.80 #SWAP:Swap: 8.0G 15M 8.0G#RAM:Mem: 3.9G 885M 322M 27M 2.7G 2.6G#Disk:Filesystem Size Used Avail Use% Mounted on /dev/mapper/sopvpyves--vg-root 39G 7.1G 30G 20% /#Load:loadaverage:2.05,#Network:Iface MTU Met RX-OK RX-ERR RX-DRP RX-OVR TX-OK TX-ERR TX-DRP TX-OVR Flg ens160 1500 0 72260562 0 6 0 58224707 0 0 0 BMRU #iostat:avg-cpu: %user %nice %system %iowait %steal %idle 0.69 0.04 0.11 0.01 0.00 99.16#iooperation:Device: tps kB_read/s kB_wrtn/s kB_read kB_wrtn sda 0.20 0.92 7.83 1239026 10538725 dm-0 0.36 0.87 7.78 1173395 10469092 dm-1 0.00 0.00 0.01 4794 15360#mpstat:03:56:56 PM CPU %usr %nice %sys %iowait %irq %soft %steal %guest %gnice %idle 03:56:56 PM all 0.69 0.04 0.07 0.01 0.00 0.04 0.00 0.00 0.00 99.16 03:56:56 PM 0 0.57 0.02 0.04 0.01 0.00 0.00 0.00 0.00 0.00 99.36 03:56:56 PM 1 0.80 0.06 0.10 0.01 0.00 0.07 0.00 0.00 0.00 98.96#vmstat:procs -----------memory---------- ---swap-- -----io---- -system-- ------cpu----- r b swpd free buff cache si so bi bo in cs us sy id wa st 2 0 15628 329800 124324 2678652 0 0 0 4 11 9 1 0 99 0 0
#date:Mon Jul 15 15:57:56 CEST 2019#hostname:10.214.222.80 #SWAP:Swap: 8.0G 15M 8.0G#RAM:Mem: 3.9G 883M 324M 27M 2.7G 2.6G#Disk:Filesystem Size Used Avail Use% Mounted on /dev/mapper/sopvpyves--vg-root 39G 7.1G 30G 20% /#Load:loadaverage:2.08,#Network:Iface MTU Met RX-OK RX-ERR RX-DRP RX-OVR TX-OK TX-ERR TX-DRP TX-OVR Flg ens160 1500 0 72270282 0 6 0 58233116 0 0 0 BMRU #iostat:avg-cpu: %user %nice %system %iowait %steal %idle 0.69 0.04 0.11 0.01 0.00 99.15#iooperation:Device: tps kB_read/s kB_wrtn/s kB_read kB_wrtn sda 0.20 0.92 7.83 1239026 10539325 dm-0 0.36 0.87 7.78 1173395 10469692 dm-1 0.00 0.00 0.01 4794 15360#mpstat:03:57:57 PM CPU %usr %nice %sys %iowait %irq %soft %steal %guest %gnice %idle 03:57:57 PM all 0.69 0.04 0.07 0.01 0.00 0.04 0.00 0.00 0.00 99.15 03:57:57 PM 0 0.57 0.02 0.04 0.01 0.00 0.00 0.00 0.00 0.00 99.35 03:57:57 PM 1 0.81 0.05 0.10 0.01 0.00 0.07 0.00 0.00 0.00 98.95#vmstat:procs -----------memory---------- ---swap-- -----io---- -system-- ------cpu----- r b swpd free buff cache si so bi bo in cs us sy id wa st 2 0 15628 332200 124368 2678768 0 0 0 4 11 9 1 0 99 0 0
#date:Mon Jul 15 15:58:57 CEST 2019#hostname:10.214.222.80 #SWAP:Swap: 8.0G 15M 8.0G#RAM:Mem: 3.9G 884M 322M 27M 2.7G 2.6G#Disk:Filesystem Size Used Avail Use% Mounted on /dev/mapper/sopvpyves--vg-root 39G 7.1G 30G 20% /#Load:loadaverage:2.11,#Network:Iface MTU Met RX-OK RX-ERR RX-DRP RX-OVR TX-OK TX-ERR TX-DRP TX-OVR Flg ens160 1500 0 72280744 0 6 0 58241865 0 0 0 BMRU #iostat:avg-cpu: %user %nice %system %iowait %steal %idle 0.69 0.04 0.11 0.01 0.00 99.15#iooperation:Device: tps kB_read/s kB_wrtn/s kB_read kB_wrtn sda 0.20 0.92 7.83 1239026 10539973 dm-0 0.36 0.87 7.78 1173395 10470340 dm-1 0.00 0.00 0.01 4794 15360#mpstat:03:58:57 PM CPU %usr %nice %sys %iowait %irq %soft %steal %guest %gnice %idle 03:58:57 PM all 0.69 0.04 0.07 0.01 0.00 0.04 0.00 0.00 0.00 99.15 03:58:57 PM 0 0.58 0.02 0.04 0.01 0.00 0.00 0.00 0.00 0.00 99.35 03:58:57 PM 1 0.81 0.05 0.10 0.01 0.00 0.07 0.00 0.00 0.00 98.95#vmstat:procs -----------memory---------- ---swap-- -----io---- -system-- ------cpu----- r b swpd free buff cache si so bi bo in cs us sy id wa st 2 0 15628 330176 124420 2678896 0 0 0 4 11 9 1 0 99 0 0
#date:Mon Jul 15 15:59:57 CEST 2019#hostname:10.214.222.80 #SWAP:Swap: 8.0G 15M 8.0G#RAM:Mem: 3.9G 890M 316M 27M 2.7G 2.6G#Disk:Filesystem Size Used Avail Use% Mounted on /dev/mapper/sopvpyves--vg-root 39G 7.1G 30G 20% /#Load:loadaverage:2.04,#Network:Iface MTU Met RX-OK RX-ERR RX-DRP RX-OVR TX-OK TX-ERR TX-DRP TX-OVR Flg ens160 1500 0 72291981 0 6 0 58251145 0 0 0 BMRU #iostat:avg-cpu: %user %nice %system %iowait %steal %idle 0.70 0.04 0.11 0.01 0.00 99.14#iooperation:Device: tps kB_read/s kB_wrtn/s kB_read kB_wrtn sda 0.20 0.92 7.83 1239026 10540629 dm-0 0.36 0.87 7.78 1173395 10470996 dm-1 0.00 0.00 0.01 4794 15360#mpstat:03:59:57 PM CPU %usr %nice %sys %iowait %irq %soft %steal %guest %gnice %idle 03:59:57 PM all 0.70 0.04 0.07 0.01 0.00 0.04 0.00 0.00 0.00 99.14 03:59:57 PM 0 0.58 0.02 0.04 0.01 0.00 0.00 0.00 0.00 0.00 99.34 03:59:57 PM 1 0.82 0.05 0.10 0.01 0.00 0.07 0.00 0.00 0.00 98.94#vmstat:procs -----------memory---------- ---swap-- -----io---- -system-- ------cpu----- r b swpd free buff cache si so bi bo in cs us sy id wa st 2 0 15628 323820 124476 2679344 0 0 0 4 11 9 1 0 99 0 0
#date:Mon Jul 15 16:00:57 CEST 2019#hostname:10.214.222.80 #SWAP:Swap: 8.0G 15M 8.0G#RAM:Mem: 3.9G 892M 314M 27M 2.7G 2.6G#Disk:Filesystem Size Used Avail Use% Mounted on /dev/mapper/sopvpyves--vg-root 39G 7.1G 30G 20% /#Load:loadaverage:2.01,#Network:Iface MTU Met RX-OK RX-ERR RX-DRP RX-OVR TX-OK TX-ERR TX-DRP TX-OVR Flg ens160 1500 0 72302695 0 6 0 58260115 0 0 0 BMRU #iostat:avg-cpu: %user %nice %system %iowait %steal %idle 0.70 0.04 0.11 0.01 0.00 99.14#iooperation:Device: tps kB_read/s kB_wrtn/s kB_read kB_wrtn sda 0.20 0.92 7.83 1239026 10541133 dm-0 0.36 0.87 7.78 1173395 10471500 dm-1 0.00 0.00 0.01 4794 15360#mpstat:04:00:58 PM CPU %usr %nice %sys %iowait %irq %soft %steal %guest %gnice %idle 04:00:58 PM all 0.70 0.04 0.07 0.01 0.00 0.04 0.00 0.00 0.00 99.14 04:00:58 PM 0 0.59 0.02 0.04 0.01 0.00 0.00 0.00 0.00 0.00 99.34 04:00:58 PM 1 0.82 0.05 0.10 0.01 0.00 0.07 0.00 0.00 0.00 98.94#vmstat:procs -----------memory---------- ---swap-- -----io---- -system-- ------cpu----- r b swpd free buff cache si so bi bo in cs us sy id wa st 2 0 15628 321816 124528 2679732 0 0 0 4 11 9 1 0 99 0 0
#date:Mon Jul 15 16:01:58 CEST 2019#hostname:10.214.222.80 #SWAP:Swap: 8.0G 15M 8.0G#RAM:Mem: 3.9G 892M 314M 27M 2.7G 2.6G#Disk:Filesystem Size Used Avail Use% Mounted on /dev/mapper/sopvpyves--vg-root 39G 7.1G 30G 20% /#Load:loadaverage:2.10,#Network:Iface MTU Met RX-OK RX-ERR RX-DRP RX-OVR TX-OK TX-ERR TX-DRP TX-OVR Flg ens160 1500 0 72312949 0 6 0 58268897 0 0 0 BMRU #iostat:avg-cpu: %user %nice %system %iowait %steal %idle 0.71 0.04 0.11 0.01 0.00 99.14#iooperation:Device: tps kB_read/s kB_wrtn/s kB_read kB_wrtn sda 0.20 0.92 7.83 1239026 10541749 dm-0 0.36 0.87 7.78 1173395 10472116 dm-1 0.00 0.00 0.01 4794 15360#mpstat:04:01:58 PM CPU %usr %nice %sys %iowait %irq %soft %steal %guest %gnice %idle 04:01:58 PM all 0.71 0.04 0.07 0.01 0.00 0.04 0.00 0.00 0.00 99.14 04:01:58 PM 0 0.59 0.02 0.04 0.01 0.00 0.00 0.00 0.00 0.00 99.33 04:01:58 PM 1 0.83 0.05 0.10 0.01 0.00 0.07 0.00 0.00 0.00 98.94#vmstat:procs -----------memory---------- ---swap-- -----io---- -system-- ------cpu----- r b swpd free buff cache si so bi bo in cs us sy id wa st 2 0 15628 321836 124580 2679572 0 0 0 4 11 9 1 0 99 0 0
#date:Mon Jul 15 16:02:58 CEST 2019#hostname:10.214.222.80 #SWAP:Swap: 8.0G 15M 8.0G#RAM:Mem: 3.9G 891M 314M 27M 2.7G 2.6G#Disk:Filesystem Size Used Avail Use% Mounted on /dev/mapper/sopvpyves--vg-root 39G 7.1G 30G 20% /#Load:loadaverage:2.04,#Network:Iface MTU Met RX-OK RX-ERR RX-DRP RX-OVR TX-OK TX-ERR TX-DRP TX-OVR Flg ens160 1500 0 72322793 0 6 0 58277368 0 0 0 BMRU #iostat:avg-cpu: %user %nice %system %iowait %steal %idle 0.71 0.04 0.11 0.01 0.00 99.13#iooperation:Device: tps kB_read/s kB_wrtn/s kB_read kB_wrtn sda 0.20 0.92 7.83 1239026 10542249 dm-0 0.36 0.87 7.78 1173395 10472616 dm-1 0.00 0.00 0.01 4794 15360#mpstat:04:02:59 PM CPU %usr %nice %sys %iowait %irq %soft %steal %guest %gnice %idle 04:02:59 PM all 0.71 0.04 0.07 0.01 0.00 0.04 0.00 0.00 0.00 99.13 04:02:59 PM 0 0.60 0.02 0.04 0.01 0.00 0.00 0.00 0.00 0.00 99.33 04:02:59 PM 1 0.83 0.05 0.10 0.01 0.00 0.07 0.00 0.00 0.00 98.93#vmstat:procs -----------memory---------- ---swap-- -----io---- -system-- ------cpu----- r b swpd free buff cache si so bi bo in cs us sy id wa st 2 0 15628 322340 124628 2679760 0 0 0 4 11 10 1 0 99 0 0
#date:Mon Jul 15 16:03:59 CEST 2019#hostname:10.214.222.80 #SWAP:Swap: 8.0G 15M 8.0G#RAM:Mem: 3.9G 893M 313M 27M 2.7G 2.6G#Disk:Filesystem Size Used Avail Use% Mounted on /dev/mapper/sopvpyves--vg-root 39G 7.1G 30G 20% /#Load:loadaverage:2.20,#Network:Iface MTU Met RX-OK RX-ERR RX-DRP RX-OVR TX-OK TX-ERR TX-DRP TX-OVR Flg ens160 1500 0 72333224 0 6 0 58286202 0 0 0 BMRU #iostat:avg-cpu: %user %nice %system %iowait %steal %idle 0.72 0.04 0.11 0.01 0.00 99.13#iooperation:Device: tps kB_read/s kB_wrtn/s kB_read kB_wrtn sda 0.20 0.92 7.83 1239026 10542961 dm-0 0.36 0.87 7.78 1173395 10473328 dm-1 0.00 0.00 0.01 4794 15360#mpstat:04:03:59 PM CPU %usr %nice %sys %iowait %irq %soft %steal %guest %gnice %idle 04:03:59 PM all 0.72 0.04 0.07 0.01 0.00 0.04 0.00 0.00 0.00 99.13 04:03:59 PM 0 0.60 0.02 0.04 0.01 0.00 0.00 0.00 0.00 0.00 99.33 04:03:59 PM 1 0.83 0.05 0.10 0.01 0.00 0.07 0.00 0.00 0.00 98.93#vmstat:procs -----------memory---------- ---swap-- -----io---- -system-- ------cpu----- r b swpd free buff cache si so bi bo in cs us sy id wa st 2 0 15628 321116 124688 2679580 0 0 0 4 11 10 1 0 99 0 0
#date:Mon Jul 15 16:04:59 CEST 2019#hostname:10.214.222.80 #SWAP:Swap: 8.0G 15M 8.0G#RAM:Mem: 3.9G 893M 313M 27M 2.7G 2.6G#Disk:Filesystem Size Used Avail Use% Mounted on /dev/mapper/sopvpyves--vg-root 39G 7.1G 30G 20% /#Load:loadaverage:2.07,#Network:Iface MTU Met RX-OK RX-ERR RX-DRP RX-OVR TX-OK TX-ERR TX-DRP TX-OVR Flg ens160 1500 0 72344082 0 6 0 58295304 0 0 0 BMRU #iostat:avg-cpu: %user %nice %system %iowait %steal %idle 0.72 0.04 0.11 0.01 0.00 99.12#iooperation:Device: tps kB_read/s kB_wrtn/s kB_read kB_wrtn sda 0.20 0.92 7.83 1239026 10543621 dm-0 0.36 0.87 7.78 1173395 10473988 dm-1 0.00 0.00 0.01 4794 15360#mpstat:04:04:59 PM CPU %usr %nice %sys %iowait %irq %soft %steal %guest %gnice %idle 04:04:59 PM all 0.72 0.04 0.07 0.01 0.00 0.04 0.00 0.00 0.00 99.12 04:04:59 PM 0 0.60 0.02 0.04 0.01 0.00 0.00 0.00 0.00 0.00 99.32 04:04:59 PM 1 0.84 0.05 0.10 0.01 0.00 0.07 0.00 0.00 0.00 98.92#vmstat:procs -----------memory---------- ---swap-- -----io---- -system-- ------cpu----- r b swpd free buff cache si so bi bo in cs us sy id wa st 2 0 15628 320552 124736 2679912 0 0 0 4 11 10 1 0 99 0 0
#date:Mon Jul 15 16:05:59 CEST 2019#hostname:10.214.222.80 #SWAP:Swap: 8.0G 15M 8.0G#RAM:Mem: 3.9G 892M 313M 27M 2.7G 2.6G#Disk:Filesystem Size Used Avail Use% Mounted on /dev/mapper/sopvpyves--vg-root 39G 7.1G 30G 20% /#Load:loadaverage:2.02,#Network:Iface MTU Met RX-OK RX-ERR RX-DRP RX-OVR TX-OK TX-ERR TX-DRP TX-OVR Flg ens160 1500 0 72355691 0 6 0 58304847 0 0 0 BMRU #iostat:avg-cpu: %user %nice %system %iowait %steal %idle 0.73 0.04 0.11 0.01 0.00 99.12#iooperation:Device: tps kB_read/s kB_wrtn/s kB_read kB_wrtn sda 0.20 0.92 7.83 1239026 10544373 dm-0 0.36 0.87 7.78 1173395 10474740 dm-1 0.00 0.00 0.01 4794 15360#mpstat:04:06:00 PM CPU %usr %nice %sys %iowait %irq %soft %steal %guest %gnice %idle 04:06:00 PM all 0.73 0.04 0.07 0.01 0.00 0.04 0.00 0.00 0.00 99.12 04:06:00 PM 0 0.61 0.02 0.04 0.01 0.00 0.00 0.00 0.00 0.00 99.32 04:06:00 PM 1 0.84 0.05 0.10 0.01 0.00 0.07 0.00 0.00 0.00 98.92#vmstat:procs -----------memory---------- ---swap-- -----io---- -system-- ------cpu----- r b swpd free buff cache si so bi bo in cs us sy id wa st 2 0 15628 320724 124780 2680232 0 0 0 4 11 10 1 0 99 0 0
#date:Mon Jul 15 16:07:00 CEST 2019#hostname:10.214.222.80 #SWAP:Swap: 8.0G 15M 8.0G#RAM:Mem: 3.9G 893M 311M 27M 2.7G 2.6G#Disk:Filesystem Size Used Avail Use% Mounted on /dev/mapper/sopvpyves--vg-root 39G 7.1G 30G 20% /#Load:loadaverage:2.01,#Network:Iface MTU Met RX-OK RX-ERR RX-DRP RX-OVR TX-OK TX-ERR TX-DRP TX-OVR Flg ens160 1500 0 72365779 0 6 0 58313649 0 0 0 BMRU #iostat:avg-cpu: %user %nice %system %iowait %steal %idle 0.73 0.04 0.11 0.01 0.00 99.11#iooperation:Device: tps kB_read/s kB_wrtn/s kB_read kB_wrtn sda 0.20 0.92 7.83 1239026 10545229 dm-0 0.36 0.87 7.78 1173395 10475596 dm-1 0.00 0.00 0.01 4794 15360#mpstat:04:07:00 PM CPU %usr %nice %sys %iowait %irq %soft %steal %guest %gnice %idle 04:07:00 PM all 0.73 0.04 0.07 0.01 0.00 0.04 0.00 0.00 0.00 99.11 04:07:00 PM 0 0.61 0.02 0.04 0.01 0.00 0.00 0.00 0.00 0.00 99.31 04:07:00 PM 1 0.85 0.05 0.10 0.01 0.00 0.07 0.00 0.00 0.00 98.91#vmstat:procs -----------memory---------- ---swap-- -----io---- -system-- ------cpu----- r b swpd free buff cache si so bi bo in cs us sy id wa st 2 0 15628 319772 124824 2680624 0 0 0 4 11 10 1 0 99 0 0
#date:Mon Jul 15 16:08:00 CEST 2019#hostname:10.214.222.80 #SWAP:Swap: 8.0G 15M 8.0G#RAM:Mem: 3.9G 892M 312M 27M 2.7G 2.6G#Disk:Filesystem Size Used Avail Use% Mounted on /dev/mapper/sopvpyves--vg-root 39G 7.1G 30G 20% /#Load:loadaverage:2.00,#Network:Iface MTU Met RX-OK RX-ERR RX-DRP RX-OVR TX-OK TX-ERR TX-DRP TX-OVR Flg ens160 1500 0 72375810 0 6 0 58322138 0 0 0 BMRU #iostat:avg-cpu: %user %nice %system %iowait %steal %idle 0.73 0.04 0.11 0.01 0.00 99.11#iooperation:Device: tps kB_read/s kB_wrtn/s kB_read kB_wrtn sda 0.20 0.92 7.83 1239026 10545729 dm-0 0.36 0.87 7.78 1173395 10476096 dm-1 0.00 0.00 0.01 4794 15360#mpstat:04:08:01 PM CPU %usr %nice %sys %iowait %irq %soft %steal %guest %gnice %idle 04:08:01 PM all 0.73 0.04 0.07 0.01 0.00 0.04 0.00 0.00 0.00 99.11 04:08:01 PM 0 0.62 0.02 0.04 0.01 0.00 0.00 0.00 0.00 0.00 99.31 04:08:01 PM 1 0.85 0.05 0.10 0.01 0.00 0.07 0.00 0.00 0.00 98.91#vmstat:procs -----------memory---------- ---swap-- -----io---- -system-- ------cpu----- r b swpd free buff cache si so bi bo in cs us sy id wa st 2 0 15628 319772 124884 2680584 0 0 0 4 11 10 1 0 99 0 0
