#date:Tue Jul 16 12:31:08 CEST 2019#hostname:10.214.222.202 #SWAP:Swap: 8.0G 7.8M 8.0G#RAM:Mem: 3.9G 232M 2.7G 34M 928M 3.3G#Disk:Filesystem Size Used Avail Use% Mounted on /dev/mapper/sopvpyves--vg-root 39G 8.1G 29G 22% /#Load:loadaverage:0.05,#Network:Iface MTU Met RX-OK RX-ERR RX-DRP RX-OVR TX-OK TX-ERR TX-DRP TX-OVR Flg ens160 1500 0 364764299 0 3 0 360113157 0 0 0 BMRU #iostat:avg-cpu: %user %nice %system %iowait %steal %idle 1.40 0.00 2.82 0.02 0.00 95.75#iooperation:Device: tps kB_read/s kB_wrtn/s kB_read kB_wrtn sda 0.46 2.11 8.73 2989725 12403874 dm-0 0.90 2.07 8.69 2934098 12342092 dm-1 0.00 0.00 0.01 5938 7548#mpstat:12:31:08 PM CPU %usr %nice %sys %iowait %irq %soft %steal %guest %gnice %idle 12:31:08 PM all 1.40 0.00 2.66 0.02 0.00 0.16 0.00 0.00 0.00 95.75 12:31:08 PM 0 1.38 0.00 3.03 0.01 0.00 0.00 0.00 0.00 0.00 95.57 12:31:08 PM 1 1.43 0.01 2.29 0.02 0.00 0.32 0.00 0.00 0.00 95.94#vmstat:procs -----------memory---------- ---swap-- -----io---- -system-- ------cpu----- r b swpd free buff cache si so bi bo in cs us sy id wa st 0 0 7948 2849484 329548 621672 0 0 1 4 10 12 1 3 96 0 0
#date:Tue Jul 16 12:31:37 CEST 2019#hostname:10.214.222.202 #SWAP:Swap: 8.0G 7.8M 8.0G#RAM:Mem: 3.9G 222M 2.7G 34M 929M 3.3G#Disk:Filesystem Size Used Avail Use% Mounted on /dev/mapper/sopvpyves--vg-root 39G 8.1G 29G 22% /#Load:loadaverage:0.03,#Network:Iface MTU Met RX-OK RX-ERR RX-DRP RX-OVR TX-OK TX-ERR TX-DRP TX-OVR Flg ens160 1500 0 364766268 0 3 0 360114942 0 0 0 BMRU #iostat:avg-cpu: %user %nice %system %iowait %steal %idle 1.40 0.00 2.82 0.02 0.00 95.76#iooperation:Device: tps kB_read/s kB_wrtn/s kB_read kB_wrtn sda 0.46 2.11 8.73 2989725 12404298 dm-0 0.90 2.07 8.69 2934098 12342516 dm-1 0.00 0.00 0.01 5938 7548#mpstat:12:31:37 PM CPU %usr %nice %sys %iowait %irq %soft %steal %guest %gnice %idle 12:31:37 PM all 1.40 0.00 2.66 0.02 0.00 0.16 0.00 0.00 0.00 95.76 12:31:37 PM 0 1.38 0.00 3.03 0.01 0.00 0.00 0.00 0.00 0.00 95.57 12:31:37 PM 1 1.43 0.01 2.29 0.02 0.00 0.32 0.00 0.00 0.00 95.94#vmstat:procs -----------memory---------- ---swap-- -----io---- -system-- ------cpu----- r b swpd free buff cache si so bi bo in cs us sy id wa st 0 0 7948 2858340 329548 622528 0 0 1 4 10 12 1 3 96 0 0
#date:Tue Jul 16 12:32:08 CEST 2019#hostname:10.214.222.202 #SWAP:Swap: 8.0G 7.8M 8.0G#RAM:Mem: 3.9G 294M 2.6G 34M 941M 3.2G#Disk:Filesystem Size Used Avail Use% Mounted on /dev/mapper/sopvpyves--vg-root 39G 8.1G 29G 22% /#Load:loadaverage:0.24,#Network:Iface MTU Met RX-OK RX-ERR RX-DRP RX-OVR TX-OK TX-ERR TX-DRP TX-OVR Flg ens160 1500 0 364768298 0 3 0 360116896 0 0 0 BMRU #iostat:avg-cpu: %user %nice %system %iowait %steal %idle 1.40 0.00 2.82 0.02 0.00 95.75#iooperation:Device: tps kB_read/s kB_wrtn/s kB_read kB_wrtn sda 0.46 2.11 8.74 3000493 12406710 dm-0 0.90 2.07 8.69 2944870 12344928 dm-1 0.00 0.00 0.01 5938 7548#mpstat:12:32:08 PM CPU %usr %nice %sys %iowait %irq %soft %steal %guest %gnice %idle 12:32:08 PM all 1.40 0.00 2.66 0.02 0.00 0.16 0.00 0.00 0.00 95.75 12:32:08 PM 0 1.38 0.00 3.03 0.01 0.00 0.00 0.00 0.00 0.00 95.57 12:32:08 PM 1 1.43 0.01 2.29 0.02 0.00 0.32 0.00 0.00 0.00 95.94#vmstat:procs -----------memory---------- ---swap-- -----io---- -system-- ------cpu----- r b swpd free buff cache si so bi bo in cs us sy id wa st 0 1 7948 2772460 331136 633256 0 0 1 4 10 12 1 3 96 0 0
#date:Tue Jul 16 12:32:37 CEST 2019#hostname:10.214.222.202 #SWAP:Swap: 8.0G 7.8M 8.0G#RAM:Mem: 3.9G 311M 2.6G 34M 957M 3.2G#Disk:Filesystem Size Used Avail Use% Mounted on /dev/mapper/sopvpyves--vg-root 39G 8.1G 29G 22% /#Load:loadaverage:0.50,#Network:Iface MTU Met RX-OK RX-ERR RX-DRP RX-OVR TX-OK TX-ERR TX-DRP TX-OVR Flg ens160 1500 0 364770304 0 3 0 360118825 0 0 0 BMRU #iostat:avg-cpu: %user %nice %system %iowait %steal %idle 1.40 0.00 2.82 0.02 0.00 95.75#iooperation:Device: tps kB_read/s kB_wrtn/s kB_read kB_wrtn sda 0.46 2.12 8.74 3014805 12412510 dm-0 0.91 2.08 8.70 2959194 12350728 dm-1 0.00 0.00 0.01 5938 7548#mpstat:12:32:37 PM CPU %usr %nice %sys %iowait %irq %soft %steal %guest %gnice %idle 12:32:37 PM all 1.40 0.00 2.66 0.02 0.00 0.16 0.00 0.00 0.00 95.75 12:32:37 PM 0 1.38 0.00 3.03 0.01 0.00 0.00 0.00 0.00 0.00 95.57 12:32:37 PM 1 1.43 0.01 2.29 0.03 0.00 0.32 0.00 0.00 0.00 95.93#vmstat:procs -----------memory---------- ---swap-- -----io---- -system-- ------cpu----- r b swpd free buff cache si so bi bo in cs us sy id wa st 0 1 7948 2738716 332860 648016 0 0 1 4 10 12 1 3 96 0 0
#date:Tue Jul 16 12:33:08 CEST 2019#hostname:10.214.222.202 #SWAP:Swap: 8.0G 7.8M 8.0G#RAM:Mem: 3.9G 750M 2.1G 34M 1.0G 2.7G#Disk:Filesystem Size Used Avail Use% Mounted on /dev/mapper/sopvpyves--vg-root 39G 8.1G 29G 22% /#Load:loadaverage:1.08,#Network:Iface MTU Met RX-OK RX-ERR RX-DRP RX-OVR TX-OK TX-ERR TX-DRP TX-OVR Flg ens160 1500 0 364773044 0 3 0 360121143 0 0 0 BMRU #iostat:avg-cpu: %user %nice %system %iowait %steal %idle 1.40 0.00 2.82 0.02 0.00 95.75#iooperation:Device: tps kB_read/s kB_wrtn/s kB_read kB_wrtn sda 0.46 2.15 8.74 3057053 12415482 dm-0 0.91 2.11 8.70 3001426 12353700 dm-1 0.00 0.00 0.01 5938 7548#mpstat:12:33:08 PM CPU %usr %nice %sys %iowait %irq %soft %steal %guest %gnice %idle 12:33:08 PM all 1.40 0.00 2.66 0.02 0.00 0.16 0.00 0.00 0.00 95.75 12:33:08 PM 0 1.38 0.00 3.03 0.01 0.00 0.00 0.00 0.00 0.00 95.57 12:33:08 PM 1 1.43 0.01 2.29 0.03 0.00 0.32 0.00 0.00 0.00 95.93#vmstat:procs -----------memory---------- ---swap-- -----io---- -system-- ------cpu----- r b swpd free buff cache si so bi bo in cs us sy id wa st 1 0 7948 2241124 334296 693456 0 0 1 4 10 12 1 3 96 0 0
#date:Tue Jul 16 12:33:37 CEST 2019#hostname:10.214.222.202 #SWAP:Swap: 8.0G 7.8M 8.0G#RAM:Mem: 3.9G 996M 1.9G 34M 1.0G 2.5G#Disk:Filesystem Size Used Avail Use% Mounted on /dev/mapper/sopvpyves--vg-root 39G 8.1G 29G 22% /#Load:loadaverage:0.77,#Network:Iface MTU Met RX-OK RX-ERR RX-DRP RX-OVR TX-OK TX-ERR TX-DRP TX-OVR Flg ens160 1500 0 364775622 0 3 0 360123334 0 0 0 BMRU #iostat:avg-cpu: %user %nice %system %iowait %steal %idle 1.40 0.00 2.82 0.02 0.00 95.75#iooperation:Device: tps kB_read/s kB_wrtn/s kB_read kB_wrtn sda 0.46 2.16 8.74 3061513 12418782 dm-0 0.91 2.12 8.70 3005886 12357000 dm-1 0.00 0.00 0.01 5938 7548#mpstat:12:33:37 PM CPU %usr %nice %sys %iowait %irq %soft %steal %guest %gnice %idle 12:33:37 PM all 1.40 0.00 2.66 0.02 0.00 0.16 0.00 0.00 0.00 95.75 12:33:37 PM 0 1.38 0.00 3.03 0.01 0.00 0.00 0.00 0.00 0.00 95.57 12:33:37 PM 1 1.43 0.01 2.29 0.03 0.00 0.32 0.00 0.00 0.00 95.93#vmstat:procs -----------memory---------- ---swap-- -----io---- -system-- ------cpu----- r b swpd free buff cache si so bi bo in cs us sy id wa st 0 0 7948 1984440 334296 698648 0 0 1 4 10 12 1 3 96 0 0
#date:Tue Jul 16 12:34:08 CEST 2019#hostname:10.214.222.202 #SWAP:Swap: 8.0G 7.8M 8.0G#RAM:Mem: 3.9G 743M 2.1G 34M 1.0G 2.7G#Disk:Filesystem Size Used Avail Use% Mounted on /dev/mapper/sopvpyves--vg-root 39G 8.1G 29G 22% /#Load:loadaverage:0.49,#Network:Iface MTU Met RX-OK RX-ERR RX-DRP RX-OVR TX-OK TX-ERR TX-DRP TX-OVR Flg ens160 1500 0 364778459 0 3 0 360125739 0 0 0 BMRU #iostat:avg-cpu: %user %nice %system %iowait %steal %idle 1.40 0.00 2.82 0.02 0.00 95.75#iooperation:Device: tps kB_read/s kB_wrtn/s kB_read kB_wrtn sda 0.46 2.16 8.74 3061513 12419594 dm-0 0.91 2.12 8.70 3005886 12357812 dm-1 0.00 0.00 0.01 5938 7548#mpstat:12:34:09 PM CPU %usr %nice %sys %iowait %irq %soft %steal %guest %gnice %idle 12:34:09 PM all 1.40 0.00 2.66 0.02 0.00 0.16 0.00 0.00 0.00 95.75 12:34:09 PM 0 1.38 0.00 3.03 0.01 0.00 0.00 0.00 0.00 0.00 95.57 12:34:09 PM 1 1.43 0.01 2.29 0.03 0.00 0.32 0.00 0.00 0.00 95.93#vmstat:procs -----------memory---------- ---swap-- -----io---- -system-- ------cpu----- r b swpd free buff cache si so bi bo in cs us sy id wa st 0 0 7948 2243668 334296 698960 0 0 1 4 10 12 1 3 96 0 0
#date:Tue Jul 16 12:34:37 CEST 2019#hostname:10.214.222.202 #SWAP:Swap: 8.0G 7.8M 8.0G#RAM:Mem: 3.9G 762M 2.1G 34M 1.0G 2.7G#Disk:Filesystem Size Used Avail Use% Mounted on /dev/mapper/sopvpyves--vg-root 39G 8.1G 29G 22% /#Load:loadaverage:0.32,#Network:Iface MTU Met RX-OK RX-ERR RX-DRP RX-OVR TX-OK TX-ERR TX-DRP TX-OVR Flg ens160 1500 0 364780947 0 3 0 360127881 0 0 0 BMRU #iostat:avg-cpu: %user %nice %system %iowait %steal %idle 1.40 0.00 2.82 0.02 0.00 95.75#iooperation:Device: tps kB_read/s kB_wrtn/s kB_read kB_wrtn sda 0.46 2.16 8.74 3061513 12419942 dm-0 0.91 2.12 8.70 3005886 12358160 dm-1 0.00 0.00 0.01 5938 7548#mpstat:12:34:37 PM CPU %usr %nice %sys %iowait %irq %soft %steal %guest %gnice %idle 12:34:37 PM all 1.40 0.00 2.66 0.02 0.00 0.16 0.00 0.00 0.00 95.75 12:34:37 PM 0 1.38 0.00 3.03 0.01 0.00 0.00 0.00 0.00 0.00 95.57 12:34:37 PM 1 1.43 0.01 2.29 0.03 0.00 0.32 0.00 0.00 0.00 95.93#vmstat:procs -----------memory---------- ---swap-- -----io---- -system-- ------cpu----- r b swpd free buff cache si so bi bo in cs us sy id wa st 0 0 7948 2223844 334296 699084 0 0 1 4 10 12 1 3 96 0 0
#date:Tue Jul 16 12:35:09 CEST 2019#hostname:10.214.222.202 #SWAP:Swap: 8.0G 7.8M 8.0G#RAM:Mem: 3.9G 744M 2.1G 34M 1.0G 2.7G#Disk:Filesystem Size Used Avail Use% Mounted on /dev/mapper/sopvpyves--vg-root 39G 8.1G 29G 22% /#Load:loadaverage:0.18,#Network:Iface MTU Met RX-OK RX-ERR RX-DRP RX-OVR TX-OK TX-ERR TX-DRP TX-OVR Flg ens160 1500 0 364783773 0 3 0 360130312 0 0 0 BMRU #iostat:avg-cpu: %user %nice %system %iowait %steal %idle 1.40 0.00 2.82 0.02 0.00 95.75#iooperation:Device: tps kB_read/s kB_wrtn/s kB_read kB_wrtn sda 0.46 2.16 8.74 3061513 12420366 dm-0 0.91 2.12 8.70 3005886 12358584 dm-1 0.00 0.00 0.01 5938 7548#mpstat:12:35:09 PM CPU %usr %nice %sys %iowait %irq %soft %steal %guest %gnice %idle 12:35:09 PM all 1.40 0.00 2.66 0.02 0.00 0.16 0.00 0.00 0.00 95.75 12:35:09 PM 0 1.38 0.00 3.03 0.01 0.00 0.00 0.00 0.00 0.00 95.57 12:35:09 PM 1 1.43 0.01 2.29 0.03 0.00 0.32 0.00 0.00 0.00 95.93#vmstat:procs -----------memory---------- ---swap-- -----io---- -system-- ------cpu----- r b swpd free buff cache si so bi bo in cs us sy id wa st 0 0 7948 2242660 334300 699276 0 0 1 4 10 12 1 3 96 0 0
#date:Tue Jul 16 12:35:37 CEST 2019#hostname:10.214.222.202 #SWAP:Swap: 8.0G 7.8M 8.0G#RAM:Mem: 3.9G 763M 2.1G 34M 1.0G 2.7G#Disk:Filesystem Size Used Avail Use% Mounted on /dev/mapper/sopvpyves--vg-root 39G 8.1G 29G 22% /#Load:loadaverage:0.12,#Network:Iface MTU Met RX-OK RX-ERR RX-DRP RX-OVR TX-OK TX-ERR TX-DRP TX-OVR Flg ens160 1500 0 364786335 0 3 0 360132519 0 0 0 BMRU #iostat:avg-cpu: %user %nice %system %iowait %steal %idle 1.40 0.00 2.82 0.02 0.00 95.75#iooperation:Device: tps kB_read/s kB_wrtn/s kB_read kB_wrtn sda 0.46 2.16 8.74 3061513 12420730 dm-0 0.91 2.12 8.70 3005886 12358948 dm-1 0.00 0.00 0.01 5938 7548#mpstat:12:35:38 PM CPU %usr %nice %sys %iowait %irq %soft %steal %guest %gnice %idle 12:35:38 PM all 1.40 0.00 2.66 0.02 0.00 0.16 0.00 0.00 0.00 95.75 12:35:38 PM 0 1.38 0.00 3.03 0.01 0.00 0.00 0.00 0.00 0.00 95.57 12:35:38 PM 1 1.43 0.01 2.29 0.03 0.00 0.32 0.00 0.00 0.00 95.93#vmstat:procs -----------memory---------- ---swap-- -----io---- -system-- ------cpu----- r b swpd free buff cache si so bi bo in cs us sy id wa st 0 0 7948 2222792 334300 699572 0 0 1 4 10 12 1 3 96 0 0
#date:Tue Jul 16 12:36:09 CEST 2019#hostname:10.214.222.202 #SWAP:Swap: 8.0G 7.8M 8.0G#RAM:Mem: 3.9G 765M 2.1G 34M 1.0G 2.7G#Disk:Filesystem Size Used Avail Use% Mounted on /dev/mapper/sopvpyves--vg-root 39G 8.1G 29G 22% /#Load:loadaverage:0.06,#Network:Iface MTU Met RX-OK RX-ERR RX-DRP RX-OVR TX-OK TX-ERR TX-DRP TX-OVR Flg ens160 1500 0 364789054 0 3 0 360134908 0 0 0 BMRU #iostat:avg-cpu: %user %nice %system %iowait %steal %idle 1.40 0.00 2.82 0.02 0.00 95.75#iooperation:Device: tps kB_read/s kB_wrtn/s kB_read kB_wrtn sda 0.46 2.16 8.74 3061513 12421094 dm-0 0.91 2.12 8.70 3005886 12359312 dm-1 0.00 0.00 0.01 5938 7548#mpstat:12:36:09 PM CPU %usr %nice %sys %iowait %irq %soft %steal %guest %gnice %idle 12:36:09 PM all 1.40 0.00 2.66 0.02 0.00 0.16 0.00 0.00 0.00 95.75 12:36:09 PM 0 1.38 0.00 3.03 0.01 0.00 0.00 0.00 0.00 0.00 95.57 12:36:09 PM 1 1.43 0.01 2.29 0.03 0.00 0.32 0.00 0.00 0.00 95.93#vmstat:procs -----------memory---------- ---swap-- -----io---- -system-- ------cpu----- r b swpd free buff cache si so bi bo in cs us sy id wa st 0 0 7948 2220732 334308 699704 0 0 1 4 10 12 1 3 96 0 0
#date:Tue Jul 16 12:36:38 CEST 2019#hostname:10.214.222.202 #SWAP:Swap: 8.0G 7.8M 8.0G#RAM:Mem: 3.9G 766M 2.1G 34M 1.0G 2.7G#Disk:Filesystem Size Used Avail Use% Mounted on /dev/mapper/sopvpyves--vg-root 39G 8.1G 29G 22% /#Load:loadaverage:0.04,#Network:Iface MTU Met RX-OK RX-ERR RX-DRP RX-OVR TX-OK TX-ERR TX-DRP TX-OVR Flg ens160 1500 0 364791712 0 3 0 360137129 0 0 0 BMRU #iostat:avg-cpu: %user %nice %system %iowait %steal %idle 1.40 0.00 2.82 0.02 0.00 95.75#iooperation:Device: tps kB_read/s kB_wrtn/s kB_read kB_wrtn sda 0.46 2.16 8.74 3061513 12421342 dm-0 0.91 2.12 8.70 3005886 12359560 dm-1 0.00 0.00 0.01 5938 7548#mpstat:12:36:38 PM CPU %usr %nice %sys %iowait %irq %soft %steal %guest %gnice %idle 12:36:38 PM all 1.40 0.00 2.66 0.02 0.00 0.16 0.00 0.00 0.00 95.75 12:36:38 PM 0 1.38 0.00 3.03 0.01 0.00 0.00 0.00 0.00 0.00 95.57 12:36:38 PM 1 1.43 0.01 2.29 0.03 0.00 0.32 0.00 0.00 0.00 95.93#vmstat:procs -----------memory---------- ---swap-- -----io---- -system-- ------cpu----- r b swpd free buff cache si so bi bo in cs us sy id wa st 0 0 7948 2219608 334308 699928 0 0 1 4 10 12 1 3 96 0 0
#date:Tue Jul 16 12:37:09 CEST 2019#hostname:10.214.222.202 #SWAP:Swap: 8.0G 7.8M 8.0G#RAM:Mem: 3.9G 725M 2.2G 34M 1.0G 2.8G#Disk:Filesystem Size Used Avail Use% Mounted on /dev/mapper/sopvpyves--vg-root 39G 8.1G 29G 22% /#Load:loadaverage:0.02,#Network:Iface MTU Met RX-OK RX-ERR RX-DRP RX-OVR TX-OK TX-ERR TX-DRP TX-OVR Flg ens160 1500 0 364794577 0 3 0 360139517 0 0 0 BMRU #iostat:avg-cpu: %user %nice %system %iowait %steal %idle 1.40 0.00 2.82 0.02 0.00 95.75#iooperation:Device: tps kB_read/s kB_wrtn/s kB_read kB_wrtn sda 0.46 2.16 8.74 3061513 12421738 dm-0 0.91 2.12 8.70 3005886 12359956 dm-1 0.00 0.00 0.01 5938 7548#mpstat:12:37:09 PM CPU %usr %nice %sys %iowait %irq %soft %steal %guest %gnice %idle 12:37:09 PM all 1.40 0.00 2.66 0.02 0.00 0.16 0.00 0.00 0.00 95.75 12:37:09 PM 0 1.38 0.00 3.03 0.01 0.00 0.00 0.00 0.00 0.00 95.57 12:37:09 PM 1 1.43 0.01 2.29 0.03 0.00 0.32 0.00 0.00 0.00 95.93#vmstat:procs -----------memory---------- ---swap-- -----io---- -system-- ------cpu----- r b swpd free buff cache si so bi bo in cs us sy id wa st 0 0 7948 2260604 334308 700300 0 0 1 4 10 12 1 3 96 0 0
#date:Tue Jul 16 12:37:38 CEST 2019#hostname:10.214.222.202 #SWAP:Swap: 8.0G 7.8M 8.0G#RAM:Mem: 3.9G 745M 2.1G 34M 1.0G 2.7G#Disk:Filesystem Size Used Avail Use% Mounted on /dev/mapper/sopvpyves--vg-root 39G 8.1G 29G 22% /#Load:loadaverage:0.01,#Network:Iface MTU Met RX-OK RX-ERR RX-DRP RX-OVR TX-OK TX-ERR TX-DRP TX-OVR Flg ens160 1500 0 364797185 0 3 0 360141733 0 0 0 BMRU #iostat:avg-cpu: %user %nice %system %iowait %steal %idle 1.40 0.00 2.82 0.02 0.00 95.75#iooperation:Device: tps kB_read/s kB_wrtn/s kB_read kB_wrtn sda 0.46 2.16 8.74 3061513 12422046 dm-0 0.91 2.12 8.70 3005886 12360264 dm-1 0.00 0.00 0.01 5938 7548#mpstat:12:37:38 PM CPU %usr %nice %sys %iowait %irq %soft %steal %guest %gnice %idle 12:37:38 PM all 1.40 0.00 2.66 0.02 0.00 0.16 0.00 0.00 0.00 95.75 12:37:38 PM 0 1.38 0.00 3.03 0.01 0.00 0.00 0.00 0.00 0.00 95.57 12:37:38 PM 1 1.43 0.01 2.29 0.03 0.00 0.32 0.00 0.00 0.00 95.93#vmstat:procs -----------memory---------- ---swap-- -----io---- -system-- ------cpu----- r b swpd free buff cache si so bi bo in cs us sy id wa st 0 0 7948 2240180 334308 700448 0 0 1 4 10 12 1 3 96 0 0
#date:Tue Jul 16 12:38:09 CEST 2019#hostname:10.214.222.202 #SWAP:Swap: 8.0G 7.8M 8.0G#RAM:Mem: 3.9G 765M 2.1G 34M 1.0G 2.7G#Disk:Filesystem Size Used Avail Use% Mounted on /dev/mapper/sopvpyves--vg-root 39G 8.1G 29G 22% /#Load:loadaverage:0.01,#Network:Iface MTU Met RX-OK RX-ERR RX-DRP RX-OVR TX-OK TX-ERR TX-DRP TX-OVR Flg ens160 1500 0 364805284 0 3 0 360145617 0 0 0 BMRU #iostat:avg-cpu: %user %nice %system %iowait %steal %idle 1.40 0.00 2.82 0.02 0.00 95.75#iooperation:Device: tps kB_read/s kB_wrtn/s kB_read kB_wrtn sda 0.46 2.16 8.74 3061513 12422542 dm-0 0.91 2.12 8.70 3005886 12360760 dm-1 0.00 0.00 0.01 5938 7548#mpstat:12:38:09 PM CPU %usr %nice %sys %iowait %irq %soft %steal %guest %gnice %idle 12:38:09 PM all 1.40 0.00 2.66 0.02 0.00 0.16 0.00 0.00 0.00 95.75 12:38:09 PM 0 1.38 0.00 3.03 0.01 0.00 0.00 0.00 0.00 0.00 95.57 12:38:09 PM 1 1.43 0.01 2.29 0.03 0.00 0.32 0.00 0.00 0.00 95.93#vmstat:procs -----------memory---------- ---swap-- -----io---- -system-- ------cpu----- r b swpd free buff cache si so bi bo in cs us sy id wa st 0 0 7948 2219340 334312 700728 0 0 1 4 10 12 1 3 96 0 0
#date:Tue Jul 16 12:38:38 CEST 2019#hostname:10.214.222.202 #SWAP:Swap: 8.0G 7.8M 8.0G#RAM:Mem: 3.9G 767M 2.1G 34M 1.0G 2.7G#Disk:Filesystem Size Used Avail Use% Mounted on /dev/mapper/sopvpyves--vg-root 39G 8.1G 29G 22% /#Load:loadaverage:0.00,#Network:Iface MTU Met RX-OK RX-ERR RX-DRP RX-OVR TX-OK TX-ERR TX-DRP TX-OVR Flg ens160 1500 0 364807956 0 3 0 360147866 0 0 0 BMRU #iostat:avg-cpu: %user %nice %system %iowait %steal %idle 1.40 0.00 2.82 0.02 0.00 95.75#iooperation:Device: tps kB_read/s kB_wrtn/s kB_read kB_wrtn sda 0.46 2.15 8.74 3061513 12422786 dm-0 0.91 2.12 8.70 3005886 12361004 dm-1 0.00 0.00 0.01 5938 7548#mpstat:12:38:38 PM CPU %usr %nice %sys %iowait %irq %soft %steal %guest %gnice %idle 12:38:38 PM all 1.40 0.00 2.66 0.02 0.00 0.16 0.00 0.00 0.00 95.75 12:38:38 PM 0 1.38 0.00 3.03 0.01 0.00 0.00 0.00 0.00 0.00 95.57 12:38:38 PM 1 1.43 0.01 2.29 0.03 0.00 0.32 0.00 0.00 0.00 95.93#vmstat:procs -----------memory---------- ---swap-- -----io---- -system-- ------cpu----- r b swpd free buff cache si so bi bo in cs us sy id wa st 0 0 7948 2217144 334316 700980 0 0 1 4 10 12 1 3 96 0 0
#date:Tue Jul 16 12:39:09 CEST 2019#hostname:10.214.222.202 #SWAP:Swap: 8.0G 7.8M 8.0G#RAM:Mem: 3.9G 735M 2.1G 34M 1.0G 2.8G#Disk:Filesystem Size Used Avail Use% Mounted on /dev/mapper/sopvpyves--vg-root 39G 8.1G 29G 22% /#Load:loadaverage:0.00,#Network:Iface MTU Met RX-OK RX-ERR RX-DRP RX-OVR TX-OK TX-ERR TX-DRP TX-OVR Flg ens160 1500 0 364810749 0 3 0 360150293 0 0 0 BMRU #iostat:avg-cpu: %user %nice %system %iowait %steal %idle 1.40 0.00 2.82 0.02 0.00 95.75#iooperation:Device: tps kB_read/s kB_wrtn/s kB_read kB_wrtn sda 0.46 2.15 8.74 3061513 12423570 dm-0 0.91 2.12 8.70 3005886 12361788 dm-1 0.00 0.00 0.01 5938 7548#mpstat:12:39:10 PM CPU %usr %nice %sys %iowait %irq %soft %steal %guest %gnice %idle 12:39:10 PM all 1.40 0.00 2.66 0.02 0.00 0.16 0.00 0.00 0.00 95.75 12:39:10 PM 0 1.38 0.00 3.03 0.01 0.00 0.00 0.00 0.00 0.00 95.57 12:39:10 PM 1 1.43 0.01 2.29 0.03 0.00 0.32 0.00 0.00 0.00 95.93#vmstat:procs -----------memory---------- ---swap-- -----io---- -system-- ------cpu----- r b swpd free buff cache si so bi bo in cs us sy id wa st 0 0 7948 2250116 334316 701184 0 0 1 4 10 12 1 3 96 0 0
#date:Tue Jul 16 12:39:38 CEST 2019#hostname:10.214.222.202 #SWAP:Swap: 8.0G 7.8M 8.0G#RAM:Mem: 3.9G 762M 2.1G 34M 1.0G 2.7G#Disk:Filesystem Size Used Avail Use% Mounted on /dev/mapper/sopvpyves--vg-root 39G 8.1G 29G 22% /#Load:loadaverage:0.00,#Network:Iface MTU Met RX-OK RX-ERR RX-DRP RX-OVR TX-OK TX-ERR TX-DRP TX-OVR Flg ens160 1500 0 364813297 0 3 0 360152542 0 0 0 BMRU #iostat:avg-cpu: %user %nice %system %iowait %steal %idle 1.40 0.00 2.82 0.02 0.00 95.75#iooperation:Device: tps kB_read/s kB_wrtn/s kB_read kB_wrtn sda 0.46 2.15 8.74 3061513 12423926 dm-0 0.91 2.12 8.70 3005886 12362144 dm-1 0.00 0.00 0.01 5938 7548#mpstat:12:39:38 PM CPU %usr %nice %sys %iowait %irq %soft %steal %guest %gnice %idle 12:39:38 PM all 1.40 0.00 2.66 0.02 0.00 0.16 0.00 0.00 0.00 95.75 12:39:38 PM 0 1.38 0.00 3.03 0.01 0.00 0.00 0.00 0.00 0.00 95.57 12:39:38 PM 1 1.43 0.01 2.29 0.03 0.00 0.32 0.00 0.00 0.00 95.93#vmstat:procs -----------memory---------- ---swap-- -----io---- -system-- ------cpu----- r b swpd free buff cache si so bi bo in cs us sy id wa st 0 0 7948 2222456 334316 701452 0 0 1 4 10 12 1 3 96 0 0
#date:Tue Jul 16 12:40:10 CEST 2019#hostname:10.214.222.202 #SWAP:Swap: 8.0G 7.8M 8.0G#RAM:Mem: 3.9G 766M 2.1G 34M 1.0G 2.7G#Disk:Filesystem Size Used Avail Use% Mounted on /dev/mapper/sopvpyves--vg-root 39G 8.1G 29G 22% /#Load:loadaverage:0.08,#Network:Iface MTU Met RX-OK RX-ERR RX-DRP RX-OVR TX-OK TX-ERR TX-DRP TX-OVR Flg ens160 1500 0 364816122 0 3 0 360155055 0 0 0 BMRU #iostat:avg-cpu: %user %nice %system %iowait %steal %idle 1.40 0.00 2.82 0.02 0.00 95.75#iooperation:Device: tps kB_read/s kB_wrtn/s kB_read kB_wrtn sda 0.46 2.15 8.74 3061513 12424250 dm-0 0.91 2.12 8.70 3005886 12362468 dm-1 0.00 0.00 0.01 5938 7548#mpstat:12:40:10 PM CPU %usr %nice %sys %iowait %irq %soft %steal %guest %gnice %idle 12:40:10 PM all 1.40 0.00 2.66 0.02 0.00 0.16 0.00 0.00 0.00 95.75 12:40:10 PM 0 1.38 0.00 3.03 0.01 0.00 0.00 0.00 0.00 0.00 95.57 12:40:10 PM 1 1.43 0.01 2.29 0.03 0.00 0.32 0.00 0.00 0.00 95.93#vmstat:procs -----------memory---------- ---swap-- -----io---- -system-- ------cpu----- r b swpd free buff cache si so bi bo in cs us sy id wa st 0 0 7948 2217276 334324 701736 0 0 1 4 10 12 1 3 96 0 0
#date:Tue Jul 16 12:40:38 CEST 2019#hostname:10.214.222.202 #SWAP:Swap: 8.0G 7.8M 8.0G#RAM:Mem: 3.9G 766M 2.1G 34M 1.0G 2.7G#Disk:Filesystem Size Used Avail Use% Mounted on /dev/mapper/sopvpyves--vg-root 39G 8.1G 29G 22% /#Load:loadaverage:0.05,#Network:Iface MTU Met RX-OK RX-ERR RX-DRP RX-OVR TX-OK TX-ERR TX-DRP TX-OVR Flg ens160 1500 0 364818609 0 3 0 360157314 0 0 0 BMRU #iostat:avg-cpu: %user %nice %system %iowait %steal %idle 1.40 0.00 2.82 0.02 0.00 95.75#iooperation:Device: tps kB_read/s kB_wrtn/s kB_read kB_wrtn sda 0.46 2.15 8.74 3061513 12424362 dm-0 0.91 2.12 8.70 3005886 12362580 dm-1 0.00 0.00 0.01 5938 7548#mpstat:12:40:39 PM CPU %usr %nice %sys %iowait %irq %soft %steal %guest %gnice %idle 12:40:39 PM all 1.40 0.00 2.66 0.02 0.00 0.16 0.00 0.00 0.00 95.75 12:40:39 PM 0 1.38 0.00 3.03 0.01 0.00 0.00 0.00 0.00 0.00 95.57 12:40:39 PM 1 1.43 0.01 2.29 0.03 0.00 0.32 0.00 0.00 0.00 95.93#vmstat:procs -----------memory---------- ---swap-- -----io---- -system-- ------cpu----- r b swpd free buff cache si so bi bo in cs us sy id wa st 0 0 7948 2217884 334324 701948 0 0 1 4 10 12 1 3 96 0 0
#date:Tue Jul 16 12:41:10 CEST 2019#hostname:10.214.222.202 #SWAP:Swap: 8.0G 7.8M 8.0G#RAM:Mem: 3.9G 767M 2.1G 34M 1.0G 2.7G#Disk:Filesystem Size Used Avail Use% Mounted on /dev/mapper/sopvpyves--vg-root 39G 8.1G 29G 22% /#Load:loadaverage:0.08,#Network:Iface MTU Met RX-OK RX-ERR RX-DRP RX-OVR TX-OK TX-ERR TX-DRP TX-OVR Flg ens160 1500 0 364821320 0 3 0 360159789 0 0 0 BMRU #iostat:avg-cpu: %user %nice %system %iowait %steal %idle 1.40 0.00 2.82 0.02 0.00 95.75#iooperation:Device: tps kB_read/s kB_wrtn/s kB_read kB_wrtn sda 0.46 2.15 8.74 3061513 12424782 dm-0 0.91 2.12 8.70 3005886 12363000 dm-1 0.00 0.00 0.01 5938 7548#mpstat:12:41:10 PM CPU %usr %nice %sys %iowait %irq %soft %steal %guest %gnice %idle 12:41:10 PM all 1.40 0.00 2.66 0.02 0.00 0.16 0.00 0.00 0.00 95.75 12:41:10 PM 0 1.38 0.00 3.03 0.01 0.00 0.00 0.00 0.00 0.00 95.57 12:41:10 PM 1 1.43 0.01 2.29 0.03 0.00 0.32 0.00 0.00 0.00 95.93#vmstat:procs -----------memory---------- ---swap-- -----io---- -system-- ------cpu----- r b swpd free buff cache si so bi bo in cs us sy id wa st 0 0 7948 2215548 334328 702244 0 0 1 4 10 12 1 3 96 0 0
#date:Tue Jul 16 12:41:39 CEST 2019#hostname:10.214.222.202 #SWAP:Swap: 8.0G 7.8M 8.0G#RAM:Mem: 3.9G 768M 2.1G 34M 1.0G 2.7G#Disk:Filesystem Size Used Avail Use% Mounted on /dev/mapper/sopvpyves--vg-root 39G 8.1G 29G 22% /#Load:loadaverage:0.12,#Network:Iface MTU Met RX-OK RX-ERR RX-DRP RX-OVR TX-OK TX-ERR TX-DRP TX-OVR Flg ens160 1500 0 364823915 0 3 0 360162066 0 0 0 BMRU #iostat:avg-cpu: %user %nice %system %iowait %steal %idle 1.40 0.00 2.82 0.02 0.00 95.75#iooperation:Device: tps kB_read/s kB_wrtn/s kB_read kB_wrtn sda 0.46 2.15 8.74 3061513 12425134 dm-0 0.91 2.12 8.70 3005886 12363352 dm-1 0.00 0.00 0.01 5938 7548#mpstat:12:41:39 PM CPU %usr %nice %sys %iowait %irq %soft %steal %guest %gnice %idle 12:41:39 PM all 1.40 0.00 2.66 0.02 0.00 0.16 0.00 0.00 0.00 95.75 12:41:39 PM 0 1.38 0.00 3.03 0.01 0.00 0.00 0.00 0.00 0.00 95.57 12:41:39 PM 1 1.43 0.01 2.29 0.03 0.00 0.32 0.00 0.00 0.00 95.93#vmstat:procs -----------memory---------- ---swap-- -----io---- -system-- ------cpu----- r b swpd free buff cache si so bi bo in cs us sy id wa st 0 0 7948 2214236 334332 702416 0 0 1 4 10 12 1 3 96 0 0
#date:Tue Jul 16 12:42:10 CEST 2019#hostname:10.214.222.202 #SWAP:Swap: 8.0G 7.8M 8.0G#RAM:Mem: 3.9G 746M 2.1G 34M 1.0G 2.7G#Disk:Filesystem Size Used Avail Use% Mounted on /dev/mapper/sopvpyves--vg-root 39G 8.1G 29G 22% /#Load:loadaverage:0.07,#Network:Iface MTU Met RX-OK RX-ERR RX-DRP RX-OVR TX-OK TX-ERR TX-DRP TX-OVR Flg ens160 1500 0 364826687 0 3 0 360164521 0 0 0 BMRU #iostat:avg-cpu: %user %nice %system %iowait %steal %idle 1.40 0.00 2.82 0.02 0.00 95.75#iooperation:Device: tps kB_read/s kB_wrtn/s kB_read kB_wrtn sda 0.46 2.15 8.75 3061513 12425646 dm-0 0.91 2.12 8.70 3005886 12363864 dm-1 0.00 0.00 0.01 5938 7548#mpstat:12:42:10 PM CPU %usr %nice %sys %iowait %irq %soft %steal %guest %gnice %idle 12:42:10 PM all 1.40 0.00 2.66 0.02 0.00 0.16 0.00 0.00 0.00 95.75 12:42:10 PM 0 1.38 0.00 3.03 0.01 0.00 0.00 0.00 0.00 0.00 95.57 12:42:10 PM 1 1.43 0.01 2.29 0.03 0.00 0.32 0.00 0.00 0.00 95.93#vmstat:procs -----------memory---------- ---swap-- -----io---- -system-- ------cpu----- r b swpd free buff cache si so bi bo in cs us sy id wa st 0 0 7948 2237692 334332 702612 0 0 1 4 10 12 1 3 96 0 0
#date:Tue Jul 16 12:42:39 CEST 2019#hostname:10.214.222.202 #SWAP:Swap: 8.0G 7.8M 8.0G#RAM:Mem: 3.9G 766M 2.1G 34M 1.0G 2.7G#Disk:Filesystem Size Used Avail Use% Mounted on /dev/mapper/sopvpyves--vg-root 39G 8.1G 29G 22% /#Load:loadaverage:0.04,#Network:Iface MTU Met RX-OK RX-ERR RX-DRP RX-OVR TX-OK TX-ERR TX-DRP TX-OVR Flg ens160 1500 0 364829243 0 3 0 360166823 0 0 0 BMRU #iostat:avg-cpu: %user %nice %system %iowait %steal %idle 1.40 0.00 2.82 0.02 0.00 95.75#iooperation:Device: tps kB_read/s kB_wrtn/s kB_read kB_wrtn sda 0.46 2.15 8.75 3061513 12425998 dm-0 0.91 2.12 8.70 3005886 12364216 dm-1 0.00 0.00 0.01 5938 7548#mpstat:12:42:39 PM CPU %usr %nice %sys %iowait %irq %soft %steal %guest %gnice %idle 12:42:39 PM all 1.40 0.00 2.66 0.02 0.00 0.16 0.00 0.00 0.00 95.75 12:42:39 PM 0 1.38 0.00 3.03 0.01 0.00 0.00 0.00 0.00 0.00 95.57 12:42:39 PM 1 1.43 0.01 2.29 0.03 0.00 0.32 0.00 0.00 0.00 95.93#vmstat:procs -----------memory---------- ---swap-- -----io---- -system-- ------cpu----- r b swpd free buff cache si so bi bo in cs us sy id wa st 0 0 7948 2216688 334336 702880 0 0 1 4 10 12 1 3 96 0 0
#date:Tue Jul 16 12:43:10 CEST 2019#hostname:10.214.222.202 #SWAP:Swap: 8.0G 7.8M 8.0G#RAM:Mem: 3.9G 757M 2.1G 34M 1.0G 2.7G#Disk:Filesystem Size Used Avail Use% Mounted on /dev/mapper/sopvpyves--vg-root 39G 8.1G 29G 22% /#Load:loadaverage:0.03,#Network:Iface MTU Met RX-OK RX-ERR RX-DRP RX-OVR TX-OK TX-ERR TX-DRP TX-OVR Flg ens160 1500 0 364832038 0 3 0 360169335 0 0 0 BMRU #iostat:avg-cpu: %user %nice %system %iowait %steal %idle 1.40 0.00 2.82 0.02 0.00 95.75#iooperation:Device: tps kB_read/s kB_wrtn/s kB_read kB_wrtn sda 0.46 2.15 8.75 3061513 12426526 dm-0 0.91 2.12 8.70 3005886 12364744 dm-1 0.00 0.00 0.01 5938 7548#mpstat:12:43:10 PM CPU %usr %nice %sys %iowait %irq %soft %steal %guest %gnice %idle 12:43:10 PM all 1.40 0.00 2.66 0.02 0.00 0.16 0.00 0.00 0.00 95.75 12:43:10 PM 0 1.38 0.00 3.03 0.01 0.00 0.00 0.00 0.00 0.00 95.57 12:43:10 PM 1 1.43 0.01 2.29 0.03 0.00 0.32 0.00 0.00 0.00 95.93#vmstat:procs -----------memory---------- ---swap-- -----io---- -system-- ------cpu----- r b swpd free buff cache si so bi bo in cs us sy id wa st 0 0 7948 2225600 334344 703160 0 0 1 4 10 12 1 3 96 0 0
#date:Tue Jul 16 12:43:39 CEST 2019#hostname:10.214.222.202 #SWAP:Swap: 8.0G 7.8M 8.0G#RAM:Mem: 3.9G 739M 2.1G 34M 1.0G 2.8G#Disk:Filesystem Size Used Avail Use% Mounted on /dev/mapper/sopvpyves--vg-root 39G 8.1G 29G 22% /#Load:loadaverage:0.01,#Network:Iface MTU Met RX-OK RX-ERR RX-DRP RX-OVR TX-OK TX-ERR TX-DRP TX-OVR Flg ens160 1500 0 364834584 0 3 0 360171628 0 0 0 BMRU #iostat:avg-cpu: %user %nice %system %iowait %steal %idle 1.40 0.00 2.82 0.02 0.00 95.75#iooperation:Device: tps kB_read/s kB_wrtn/s kB_read kB_wrtn sda 0.46 2.15 8.75 3061513 12426742 dm-0 0.91 2.12 8.70 3005886 12364960 dm-1 0.00 0.00 0.01 5938 7548#mpstat:12:43:39 PM CPU %usr %nice %sys %iowait %irq %soft %steal %guest %gnice %idle 12:43:39 PM all 1.40 0.00 2.66 0.02 0.00 0.16 0.00 0.00 0.00 95.75 12:43:39 PM 0 1.38 0.00 3.03 0.01 0.00 0.00 0.00 0.00 0.00 95.57 12:43:39 PM 1 1.43 0.01 2.29 0.03 0.00 0.32 0.00 0.00 0.00 95.93#vmstat:procs -----------memory---------- ---swap-- -----io---- -system-- ------cpu----- r b swpd free buff cache si so bi bo in cs us sy id wa st 0 0 7948 2244036 334344 703304 0 0 1 4 10 12 1 3 96 0 0
#date:Tue Jul 16 12:44:10 CEST 2019#hostname:10.214.222.202 #SWAP:Swap: 8.0G 7.8M 8.0G#RAM:Mem: 3.9G 766M 2.1G 34M 1.0G 2.7G#Disk:Filesystem Size Used Avail Use% Mounted on /dev/mapper/sopvpyves--vg-root 39G 8.1G 29G 22% /#Load:loadaverage:0.01,#Network:Iface MTU Met RX-OK RX-ERR RX-DRP RX-OVR TX-OK TX-ERR TX-DRP TX-OVR Flg ens160 1500 0 364837328 0 3 0 360174120 0 0 0 BMRU #iostat:avg-cpu: %user %nice %system %iowait %steal %idle 1.40 0.00 2.82 0.02 0.00 95.75#iooperation:Device: tps kB_read/s kB_wrtn/s kB_read kB_wrtn sda 0.46 2.15 8.75 3061513 12427358 dm-0 0.91 2.12 8.70 3005886 12365576 dm-1 0.00 0.00 0.01 5938 7548#mpstat:12:44:11 PM CPU %usr %nice %sys %iowait %irq %soft %steal %guest %gnice %idle 12:44:11 PM all 1.40 0.00 2.66 0.02 0.00 0.16 0.00 0.00 0.00 95.75 12:44:11 PM 0 1.38 0.00 3.03 0.01 0.00 0.00 0.00 0.00 0.00 95.57 12:44:11 PM 1 1.43 0.01 2.29 0.03 0.00 0.32 0.00 0.00 0.00 95.93#vmstat:procs -----------memory---------- ---swap-- -----io---- -system-- ------cpu----- r b swpd free buff cache si so bi bo in cs us sy id wa st 0 0 7948 2215688 334348 703584 0 0 1 4 10 12 1 3 96 0 0
#date:Tue Jul 16 12:44:39 CEST 2019#hostname:10.214.222.202 #SWAP:Swap: 8.0G 7.8M 8.0G#RAM:Mem: 3.9G 769M 2.1G 34M 1.0G 2.7G#Disk:Filesystem Size Used Avail Use% Mounted on /dev/mapper/sopvpyves--vg-root 39G 8.1G 29G 22% /#Load:loadaverage:0.00,#Network:Iface MTU Met RX-OK RX-ERR RX-DRP RX-OVR TX-OK TX-ERR TX-DRP TX-OVR Flg ens160 1500 0 364839886 0 3 0 360176436 0 0 0 BMRU #iostat:avg-cpu: %user %nice %system %iowait %steal %idle 1.40 0.00 2.82 0.02 0.00 95.75#iooperation:Device: tps kB_read/s kB_wrtn/s kB_read kB_wrtn sda 0.46 2.15 8.75 3061513 12427734 dm-0 0.91 2.12 8.70 3005886 12365952 dm-1 0.00 0.00 0.01 5938 7548#mpstat:12:44:39 PM CPU %usr %nice %sys %iowait %irq %soft %steal %guest %gnice %idle 12:44:39 PM all 1.40 0.00 2.66 0.02 0.00 0.16 0.00 0.00 0.00 95.75 12:44:39 PM 0 1.38 0.00 3.03 0.01 0.00 0.00 0.00 0.00 0.00 95.57 12:44:39 PM 1 1.43 0.01 2.29 0.03 0.00 0.32 0.00 0.00 0.00 95.93#vmstat:procs -----------memory---------- ---swap-- -----io---- -system-- ------cpu----- r b swpd free buff cache si so bi bo in cs us sy id wa st 0 0 7948 2212832 334348 703832 0 0 1 4 10 12 1 3 96 0 0
#date:Tue Jul 16 12:45:11 CEST 2019#hostname:10.214.222.202 #SWAP:Swap: 8.0G 7.8M 8.0G#RAM:Mem: 3.9G 770M 2.1G 34M 1.0G 2.7G#Disk:Filesystem Size Used Avail Use% Mounted on /dev/mapper/sopvpyves--vg-root 39G 8.1G 29G 22% /#Load:loadaverage:0.00,#Network:Iface MTU Met RX-OK RX-ERR RX-DRP RX-OVR TX-OK TX-ERR TX-DRP TX-OVR Flg ens160 1500 0 364842748 0 3 0 360179014 0 0 0 BMRU #iostat:avg-cpu: %user %nice %system %iowait %steal %idle 1.40 0.00 2.82 0.02 0.00 95.75#iooperation:Device: tps kB_read/s kB_wrtn/s kB_read kB_wrtn sda 0.46 2.15 8.75 3061513 12428162 dm-0 0.91 2.12 8.70 3005886 12366380 dm-1 0.00 0.00 0.01 5938 7548#mpstat:12:45:11 PM CPU %usr %nice %sys %iowait %irq %soft %steal %guest %gnice %idle 12:45:11 PM all 1.40 0.00 2.66 0.02 0.00 0.16 0.00 0.00 0.00 95.75 12:45:11 PM 0 1.38 0.00 3.03 0.01 0.00 0.00 0.00 0.00 0.00 95.57 12:45:11 PM 1 1.43 0.01 2.29 0.03 0.00 0.32 0.00 0.00 0.00 95.93#vmstat:procs -----------memory---------- ---swap-- -----io---- -system-- ------cpu----- r b swpd free buff cache si so bi bo in cs us sy id wa st 0 0 7948 2211480 334352 704084 0 0 1 4 10 12 1 3 96 0 0
#date:Tue Jul 16 12:45:39 CEST 2019#hostname:10.214.222.202 #SWAP:Swap: 8.0G 7.8M 8.0G#RAM:Mem: 3.9G 770M 2.1G 34M 1.0G 2.7G#Disk:Filesystem Size Used Avail Use% Mounted on /dev/mapper/sopvpyves--vg-root 39G 8.1G 29G 22% /#Load:loadaverage:0.00,#Network:Iface MTU Met RX-OK RX-ERR RX-DRP RX-OVR TX-OK TX-ERR TX-DRP TX-OVR Flg ens160 1500 0 364845271 0 3 0 360181306 0 0 0 BMRU #iostat:avg-cpu: %user %nice %system %iowait %steal %idle 1.40 0.00 2.82 0.02 0.00 95.75#iooperation:Device: tps kB_read/s kB_wrtn/s kB_read kB_wrtn sda 0.46 2.15 8.75 3061513 12428550 dm-0 0.91 2.12 8.70 3005886 12366768 dm-1 0.00 0.00 0.01 5938 7548#mpstat:12:45:40 PM CPU %usr %nice %sys %iowait %irq %soft %steal %guest %gnice %idle 12:45:40 PM all 1.40 0.00 2.66 0.02 0.00 0.16 0.00 0.00 0.00 95.75 12:45:40 PM 0 1.38 0.00 3.03 0.01 0.00 0.00 0.00 0.00 0.00 95.57 12:45:40 PM 1 1.43 0.01 2.29 0.03 0.00 0.32 0.00 0.00 0.00 95.93#vmstat:procs -----------memory---------- ---swap-- -----io---- -system-- ------cpu----- r b swpd free buff cache si so bi bo in cs us sy id wa st 0 0 7948 2211008 334356 704348 0 0 1 4 10 12 1 3 96 0 0
#date:Tue Jul 16 12:46:11 CEST 2019#hostname:10.214.222.202 #SWAP:Swap: 8.0G 7.8M 8.0G#RAM:Mem: 3.9G 770M 2.1G 34M 1.0G 2.7G#Disk:Filesystem Size Used Avail Use% Mounted on /dev/mapper/sopvpyves--vg-root 39G 8.1G 29G 22% /#Load:loadaverage:0.00,#Network:Iface MTU Met RX-OK RX-ERR RX-DRP RX-OVR TX-OK TX-ERR TX-DRP TX-OVR Flg ens160 1500 0 364848104 0 3 0 360183872 0 0 0 BMRU #iostat:avg-cpu: %user %nice %system %iowait %steal %idle 1.40 0.00 2.82 0.02 0.00 95.75#iooperation:Device: tps kB_read/s kB_wrtn/s kB_read kB_wrtn sda 0.46 2.15 8.75 3061513 12428986 dm-0 0.91 2.12 8.70 3005886 12367204 dm-1 0.00 0.00 0.01 5938 7548#mpstat:12:46:11 PM CPU %usr %nice %sys %iowait %irq %soft %steal %guest %gnice %idle 12:46:11 PM all 1.40 0.00 2.66 0.02 0.00 0.16 0.00 0.00 0.00 95.75 12:46:11 PM 0 1.38 0.00 3.03 0.01 0.00 0.00 0.00 0.00 0.00 95.57 12:46:11 PM 1 1.43 0.01 2.29 0.03 0.00 0.32 0.00 0.00 0.00 95.93#vmstat:procs -----------memory---------- ---swap-- -----io---- -system-- ------cpu----- r b swpd free buff cache si so bi bo in cs us sy id wa st 0 0 7948 2210584 334356 704540 0 0 1 4 10 12 1 3 96 0 0
#date:Tue Jul 16 12:46:40 CEST 2019#hostname:10.214.222.202 #SWAP:Swap: 8.0G 7.8M 8.0G#RAM:Mem: 3.9G 770M 2.1G 34M 1.0G 2.7G#Disk:Filesystem Size Used Avail Use% Mounted on /dev/mapper/sopvpyves--vg-root 39G 8.1G 29G 22% /#Load:loadaverage:0.00,#Network:Iface MTU Met RX-OK RX-ERR RX-DRP RX-OVR TX-OK TX-ERR TX-DRP TX-OVR Flg ens160 1500 0 364850771 0 3 0 360186210 0 0 0 BMRU #iostat:avg-cpu: %user %nice %system %iowait %steal %idle 1.40 0.00 2.82 0.02 0.00 95.75#iooperation:Device: tps kB_read/s kB_wrtn/s kB_read kB_wrtn sda 0.46 2.15 8.75 3061513 12429326 dm-0 0.91 2.12 8.70 3005886 12367544 dm-1 0.00 0.00 0.01 5938 7548#mpstat:12:46:40 PM CPU %usr %nice %sys %iowait %irq %soft %steal %guest %gnice %idle 12:46:40 PM all 1.40 0.00 2.66 0.02 0.00 0.16 0.00 0.00 0.00 95.75 12:46:40 PM 0 1.38 0.00 3.03 0.01 0.00 0.00 0.00 0.00 0.00 95.57 12:46:40 PM 1 1.43 0.01 2.29 0.03 0.00 0.32 0.00 0.00 0.00 95.93#vmstat:procs -----------memory---------- ---swap-- -----io---- -system-- ------cpu----- r b swpd free buff cache si so bi bo in cs us sy id wa st 0 0 7948 2209788 334356 704904 0 0 1 4 10 12 1 3 96 0 0
#date:Tue Jul 16 12:47:11 CEST 2019#hostname:10.214.222.202 #SWAP:Swap: 8.0G 7.8M 8.0G#RAM:Mem: 3.9G 773M 2.1G 34M 1.0G 2.7G#Disk:Filesystem Size Used Avail Use% Mounted on /dev/mapper/sopvpyves--vg-root 39G 8.1G 29G 22% /#Load:loadaverage:0.00,#Network:Iface MTU Met RX-OK RX-ERR RX-DRP RX-OVR TX-OK TX-ERR TX-DRP TX-OVR Flg ens160 1500 0 364853597 0 3 0 360188742 0 0 0 BMRU #iostat:avg-cpu: %user %nice %system %iowait %steal %idle 1.40 0.00 2.82 0.02 0.00 95.75#iooperation:Device: tps kB_read/s kB_wrtn/s kB_read kB_wrtn sda 0.46 2.15 8.75 3061513 12429582 dm-0 0.91 2.12 8.70 3005886 12367800 dm-1 0.00 0.00 0.01 5938 7548#mpstat:12:47:11 PM CPU %usr %nice %sys %iowait %irq %soft %steal %guest %gnice %idle 12:47:11 PM all 1.40 0.00 2.66 0.02 0.00 0.16 0.00 0.00 0.00 95.75 12:47:11 PM 0 1.38 0.00 3.03 0.01 0.00 0.00 0.00 0.00 0.00 95.57 12:47:11 PM 1 1.43 0.01 2.29 0.03 0.00 0.32 0.00 0.00 0.00 95.93#vmstat:procs -----------memory---------- ---swap-- -----io---- -system-- ------cpu----- r b swpd free buff cache si so bi bo in cs us sy id wa st 0 0 7948 2206916 334364 705096 0 0 1 4 10 12 1 3 96 0 0
#date:Tue Jul 16 12:47:40 CEST 2019#hostname:10.214.222.202 #SWAP:Swap: 8.0G 7.8M 8.0G#RAM:Mem: 3.9G 773M 2.1G 34M 1.0G 2.7G#Disk:Filesystem Size Used Avail Use% Mounted on /dev/mapper/sopvpyves--vg-root 39G 8.1G 29G 22% /#Load:loadaverage:0.00,#Network:Iface MTU Met RX-OK RX-ERR RX-DRP RX-OVR TX-OK TX-ERR TX-DRP TX-OVR Flg ens160 1500 0 364856228 0 3 0 360191113 0 0 0 BMRU #iostat:avg-cpu: %user %nice %system %iowait %steal %idle 1.40 0.00 2.82 0.02 0.00 95.75#iooperation:Device: tps kB_read/s kB_wrtn/s kB_read kB_wrtn sda 0.46 2.15 8.75 3061513 12429930 dm-0 0.91 2.12 8.70 3005886 12368148 dm-1 0.00 0.00 0.01 5938 7548#mpstat:12:47:40 PM CPU %usr %nice %sys %iowait %irq %soft %steal %guest %gnice %idle 12:47:40 PM all 1.40 0.00 2.66 0.02 0.00 0.16 0.00 0.00 0.00 95.75 12:47:40 PM 0 1.38 0.00 3.03 0.01 0.00 0.00 0.00 0.00 0.00 95.57 12:47:40 PM 1 1.43 0.01 2.29 0.03 0.00 0.32 0.00 0.00 0.00 95.93#vmstat:procs -----------memory---------- ---swap-- -----io---- -system-- ------cpu----- r b swpd free buff cache si so bi bo in cs us sy id wa st 0 0 7948 2206880 334364 705412 0 0 1 4 10 12 1 3 96 0 0
#date:Tue Jul 16 12:48:11 CEST 2019#hostname:10.214.222.202 #SWAP:Swap: 8.0G 7.8M 8.0G#RAM:Mem: 3.9G 745M 2.1G 34M 1.0G 2.7G#Disk:Filesystem Size Used Avail Use% Mounted on /dev/mapper/sopvpyves--vg-root 39G 8.1G 29G 22% /#Load:loadaverage:0.00,#Network:Iface MTU Met RX-OK RX-ERR RX-DRP RX-OVR TX-OK TX-ERR TX-DRP TX-OVR Flg ens160 1500 0 364859046 0 3 0 360193672 0 0 0 BMRU #iostat:avg-cpu: %user %nice %system %iowait %steal %idle 1.40 0.00 2.82 0.02 0.00 95.75#iooperation:Device: tps kB_read/s kB_wrtn/s kB_read kB_wrtn sda 0.46 2.15 8.75 3061513 12430334 dm-0 0.91 2.11 8.70 3005886 12368552 dm-1 0.00 0.00 0.01 5938 7548#mpstat:12:48:11 PM CPU %usr %nice %sys %iowait %irq %soft %steal %guest %gnice %idle 12:48:11 PM all 1.40 0.00 2.66 0.02 0.00 0.16 0.00 0.00 0.00 95.75 12:48:11 PM 0 1.38 0.00 3.03 0.01 0.00 0.00 0.00 0.00 0.00 95.57 12:48:11 PM 1 1.43 0.01 2.29 0.03 0.00 0.32 0.00 0.00 0.00 95.93#vmstat:procs -----------memory---------- ---swap-- -----io---- -system-- ------cpu----- r b swpd free buff cache si so bi bo in cs us sy id wa st 0 0 7948 2234324 334368 705576 0 0 1 4 10 12 1 3 96 0 0
#date:Tue Jul 16 12:48:40 CEST 2019#hostname:10.214.222.202 #SWAP:Swap: 8.0G 7.8M 8.0G#RAM:Mem: 3.9G 766M 2.1G 34M 1.0G 2.7G#Disk:Filesystem Size Used Avail Use% Mounted on /dev/mapper/sopvpyves--vg-root 39G 8.1G 29G 22% /#Load:loadaverage:0.00,#Network:Iface MTU Met RX-OK RX-ERR RX-DRP RX-OVR TX-OK TX-ERR TX-DRP TX-OVR Flg ens160 1500 0 364861666 0 3 0 360196042 0 0 0 BMRU #iostat:avg-cpu: %user %nice %system %iowait %steal %idle 1.40 0.00 2.82 0.02 0.00 95.75#iooperation:Device: tps kB_read/s kB_wrtn/s kB_read kB_wrtn sda 0.46 2.15 8.75 3061513 12430730 dm-0 0.91 2.11 8.70 3005886 12368948 dm-1 0.00 0.00 0.01 5938 7548#mpstat:12:48:40 PM CPU %usr %nice %sys %iowait %irq %soft %steal %guest %gnice %idle 12:48:40 PM all 1.40 0.00 2.66 0.02 0.00 0.16 0.00 0.00 0.00 95.75 12:48:40 PM 0 1.38 0.00 3.03 0.01 0.00 0.00 0.00 0.00 0.00 95.57 12:48:40 PM 1 1.43 0.01 2.29 0.03 0.00 0.32 0.00 0.00 0.00 95.93#vmstat:procs -----------memory---------- ---swap-- -----io---- -system-- ------cpu----- r b swpd free buff cache si so bi bo in cs us sy id wa st 0 0 7948 2213008 334368 705824 0 0 1 4 10 12 1 3 96 0 0
#date:Tue Jul 16 12:49:11 CEST 2019#hostname:10.214.222.202 #SWAP:Swap: 8.0G 7.8M 8.0G#RAM:Mem: 3.9G 768M 2.1G 34M 1.0G 2.7G#Disk:Filesystem Size Used Avail Use% Mounted on /dev/mapper/sopvpyves--vg-root 39G 8.1G 29G 22% /#Load:loadaverage:0.00,#Network:Iface MTU Met RX-OK RX-ERR RX-DRP RX-OVR TX-OK TX-ERR TX-DRP TX-OVR Flg ens160 1500 0 364864468 0 3 0 360198586 0 0 0 BMRU #iostat:avg-cpu: %user %nice %system %iowait %steal %idle 1.40 0.00 2.82 0.02 0.00 95.75#iooperation:Device: tps kB_read/s kB_wrtn/s kB_read kB_wrtn sda 0.46 2.15 8.75 3061513 12431142 dm-0 0.91 2.11 8.70 3005886 12369360 dm-1 0.00 0.00 0.01 5938 7548#mpstat:12:49:11 PM CPU %usr %nice %sys %iowait %irq %soft %steal %guest %gnice %idle 12:49:11 PM all 1.40 0.00 2.66 0.02 0.00 0.16 0.00 0.00 0.00 95.75 12:49:11 PM 0 1.38 0.00 3.03 0.01 0.00 0.00 0.00 0.00 0.00 95.57 12:49:11 PM 1 1.43 0.01 2.29 0.03 0.00 0.32 0.00 0.00 0.00 95.93#vmstat:procs -----------memory---------- ---swap-- -----io---- -system-- ------cpu----- r b swpd free buff cache si so bi bo in cs us sy id wa st 0 0 7948 2211612 334368 705996 0 0 1 4 10 12 1 3 96 0 0
#date:Tue Jul 16 12:49:40 CEST 2019#hostname:10.214.222.202 #SWAP:Swap: 8.0G 7.8M 8.0G#RAM:Mem: 3.9G 769M 2.1G 34M 1.0G 2.7G#Disk:Filesystem Size Used Avail Use% Mounted on /dev/mapper/sopvpyves--vg-root 39G 8.1G 29G 22% /#Load:loadaverage:0.00,#Network:Iface MTU Met RX-OK RX-ERR RX-DRP RX-OVR TX-OK TX-ERR TX-DRP TX-OVR Flg ens160 1500 0 364867148 0 3 0 360200996 0 0 0 BMRU #iostat:avg-cpu: %user %nice %system %iowait %steal %idle 1.40 0.00 2.82 0.02 0.00 95.75#iooperation:Device: tps kB_read/s kB_wrtn/s kB_read kB_wrtn sda 0.46 2.15 8.75 3061513 12431498 dm-0 0.91 2.11 8.70 3005886 12369716 dm-1 0.00 0.00 0.01 5938 7548#mpstat:12:49:40 PM CPU %usr %nice %sys %iowait %irq %soft %steal %guest %gnice %idle 12:49:40 PM all 1.40 0.00 2.66 0.02 0.00 0.16 0.00 0.00 0.00 95.75 12:49:40 PM 0 1.38 0.00 3.03 0.01 0.00 0.00 0.00 0.00 0.00 95.57 12:49:40 PM 1 1.43 0.01 2.29 0.03 0.00 0.32 0.00 0.00 0.00 95.93#vmstat:procs -----------memory---------- ---swap-- -----io---- -system-- ------cpu----- r b swpd free buff cache si so bi bo in cs us sy id wa st 0 0 7948 2209324 334372 706272 0 0 1 4 10 12 1 3 96 0 0
#date:Tue Jul 16 12:50:11 CEST 2019#hostname:10.214.222.202 #SWAP:Swap: 8.0G 7.8M 8.0G#RAM:Mem: 3.9G 747M 2.1G 34M 1.0G 2.7G#Disk:Filesystem Size Used Avail Use% Mounted on /dev/mapper/sopvpyves--vg-root 39G 8.1G 29G 22% /#Load:loadaverage:0.00,#Network:Iface MTU Met RX-OK RX-ERR RX-DRP RX-OVR TX-OK TX-ERR TX-DRP TX-OVR Flg ens160 1500 0 364869992 0 3 0 360203563 0 0 0 BMRU #iostat:avg-cpu: %user %nice %system %iowait %steal %idle 1.40 0.00 2.82 0.02 0.00 95.75#iooperation:Device: tps kB_read/s kB_wrtn/s kB_read kB_wrtn sda 0.46 2.15 8.75 3061513 12431858 dm-0 0.91 2.11 8.70 3005886 12370076 dm-1 0.00 0.00 0.01 5938 7548#mpstat:12:50:12 PM CPU %usr %nice %sys %iowait %irq %soft %steal %guest %gnice %idle 12:50:12 PM all 1.40 0.00 2.66 0.02 0.00 0.16 0.00 0.00 0.00 95.75 12:50:12 PM 0 1.38 0.00 3.03 0.01 0.00 0.00 0.00 0.00 0.00 95.57 12:50:12 PM 1 1.43 0.01 2.29 0.03 0.00 0.32 0.00 0.00 0.00 95.93#vmstat:procs -----------memory---------- ---swap-- -----io---- -system-- ------cpu----- r b swpd free buff cache si so bi bo in cs us sy id wa st 0 0 7948 2231920 334376 706496 0 0 1 4 10 12 1 3 96 0 0
#date:Tue Jul 16 12:50:40 CEST 2019#hostname:10.214.222.202 #SWAP:Swap: 8.0G 7.8M 8.0G#RAM:Mem: 3.9G 767M 2.1G 34M 1.0G 2.7G#Disk:Filesystem Size Used Avail Use% Mounted on /dev/mapper/sopvpyves--vg-root 39G 8.1G 29G 22% /#Load:loadaverage:0.00,#Network:Iface MTU Met RX-OK RX-ERR RX-DRP RX-OVR TX-OK TX-ERR TX-DRP TX-OVR Flg ens160 1500 0 364872633 0 3 0 360205986 0 0 0 BMRU #iostat:avg-cpu: %user %nice %system %iowait %steal %idle 1.40 0.00 2.82 0.02 0.00 95.75#iooperation:Device: tps kB_read/s kB_wrtn/s kB_read kB_wrtn sda 0.46 2.15 8.75 3061513 12432250 dm-0 0.91 2.11 8.70 3005886 12370468 dm-1 0.00 0.00 0.01 5938 7548#mpstat:12:50:41 PM CPU %usr %nice %sys %iowait %irq %soft %steal %guest %gnice %idle 12:50:41 PM all 1.40 0.00 2.66 0.02 0.00 0.16 0.00 0.00 0.00 95.75 12:50:41 PM 0 1.38 0.00 3.03 0.01 0.00 0.00 0.00 0.00 0.00 95.57 12:50:41 PM 1 1.43 0.01 2.29 0.03 0.00 0.32 0.00 0.00 0.00 95.93#vmstat:procs -----------memory---------- ---swap-- -----io---- -system-- ------cpu----- r b swpd free buff cache si so bi bo in cs us sy id wa st 0 0 7948 2211712 334388 706664 0 0 1 4 10 12 1 3 96 0 0
#date:Tue Jul 16 12:51:12 CEST 2019#hostname:10.214.222.202 #SWAP:Swap: 8.0G 7.8M 8.0G#RAM:Mem: 3.9G 734M 2.1G 34M 1.0G 2.8G#Disk:Filesystem Size Used Avail Use% Mounted on /dev/mapper/sopvpyves--vg-root 39G 8.1G 29G 22% /#Load:loadaverage:0.36,#Network:Iface MTU Met RX-OK RX-ERR RX-DRP RX-OVR TX-OK TX-ERR TX-DRP TX-OVR Flg ens160 1500 0 364875497 0 3 0 360208604 0 0 0 BMRU #iostat:avg-cpu: %user %nice %system %iowait %steal %idle 1.40 0.00 2.82 0.02 0.00 95.75#iooperation:Device: tps kB_read/s kB_wrtn/s kB_read kB_wrtn sda 0.46 2.15 8.75 3061513 12432602 dm-0 0.91 2.11 8.70 3005886 12370820 dm-1 0.00 0.00 0.01 5938 7548#mpstat:12:51:12 PM CPU %usr %nice %sys %iowait %irq %soft %steal %guest %gnice %idle 12:51:12 PM all 1.40 0.00 2.66 0.02 0.00 0.16 0.00 0.00 0.00 95.75 12:51:12 PM 0 1.38 0.00 3.03 0.01 0.00 0.00 0.00 0.00 0.00 95.57 12:51:12 PM 1 1.43 0.01 2.29 0.03 0.00 0.32 0.00 0.00 0.00 95.93#vmstat:procs -----------memory---------- ---swap-- -----io---- -system-- ------cpu----- r b swpd free buff cache si so bi bo in cs us sy id wa st 0 0 7948 2244136 334392 706972 0 0 1 4 10 12 1 3 96 0 0
#date:Tue Jul 16 12:51:41 CEST 2019#hostname:10.214.222.202 #SWAP:Swap: 8.0G 7.8M 8.0G#RAM:Mem: 3.9G 763M 2.1G 34M 1.0G 2.7G#Disk:Filesystem Size Used Avail Use% Mounted on /dev/mapper/sopvpyves--vg-root 39G 8.1G 29G 22% /#Load:loadaverage:0.39,#Network:Iface MTU Met RX-OK RX-ERR RX-DRP RX-OVR TX-OK TX-ERR TX-DRP TX-OVR Flg ens160 1500 0 364878185 0 3 0 360211016 0 0 0 BMRU #iostat:avg-cpu: %user %nice %system %iowait %steal %idle 1.40 0.00 2.82 0.02 0.00 95.75#iooperation:Device: tps kB_read/s kB_wrtn/s kB_read kB_wrtn sda 0.46 2.15 8.75 3061513 12433002 dm-0 0.91 2.11 8.70 3005886 12371220 dm-1 0.00 0.00 0.01 5938 7548#mpstat:12:51:41 PM CPU %usr %nice %sys %iowait %irq %soft %steal %guest %gnice %idle 12:51:41 PM all 1.40 0.00 2.66 0.02 0.00 0.16 0.00 0.00 0.00 95.75 12:51:41 PM 0 1.38 0.00 3.03 0.01 0.00 0.00 0.00 0.00 0.00 95.57 12:51:41 PM 1 1.43 0.01 2.29 0.03 0.00 0.32 0.00 0.00 0.00 95.93#vmstat:procs -----------memory---------- ---swap-- -----io---- -system-- ------cpu----- r b swpd free buff cache si so bi bo in cs us sy id wa st 0 0 7948 2215676 334392 707060 0 0 1 4 10 12 1 3 96 0 0
#date:Tue Jul 16 12:52:12 CEST 2019#hostname:10.214.222.202 #SWAP:Swap: 8.0G 7.8M 8.0G#RAM:Mem: 3.9G 767M 2.1G 34M 1.0G 2.7G#Disk:Filesystem Size Used Avail Use% Mounted on /dev/mapper/sopvpyves--vg-root 39G 8.1G 29G 22% /#Load:loadaverage:0.23,#Network:Iface MTU Met RX-OK RX-ERR RX-DRP RX-OVR TX-OK TX-ERR TX-DRP TX-OVR Flg ens160 1500 0 364881035 0 3 0 360213615 0 0 0 BMRU #iostat:avg-cpu: %user %nice %system %iowait %steal %idle 1.40 0.00 2.82 0.02 0.00 95.75#iooperation:Device: tps kB_read/s kB_wrtn/s kB_read kB_wrtn sda 0.46 2.15 8.75 3061513 12433402 dm-0 0.91 2.11 8.70 3005886 12371620 dm-1 0.00 0.00 0.01 5938 7548#mpstat:12:52:12 PM CPU %usr %nice %sys %iowait %irq %soft %steal %guest %gnice %idle 12:52:12 PM all 1.40 0.00 2.66 0.02 0.00 0.16 0.00 0.00 0.00 95.75 12:52:12 PM 0 1.38 0.00 3.03 0.01 0.00 0.00 0.00 0.00 0.00 95.57 12:52:12 PM 1 1.43 0.01 2.29 0.03 0.00 0.32 0.00 0.00 0.00 95.93#vmstat:procs -----------memory---------- ---swap-- -----io---- -system-- ------cpu----- r b swpd free buff cache si so bi bo in cs us sy id wa st 0 0 7948 2210948 334392 707228 0 0 1 4 10 12 1 3 96 0 0
#date:Tue Jul 16 12:52:41 CEST 2019#hostname:10.214.222.202 #SWAP:Swap: 8.0G 7.8M 8.0G#RAM:Mem: 3.9G 768M 2.1G 34M 1.0G 2.7G#Disk:Filesystem Size Used Avail Use% Mounted on /dev/mapper/sopvpyves--vg-root 39G 8.1G 29G 22% /#Load:loadaverage:0.14,#Network:Iface MTU Met RX-OK RX-ERR RX-DRP RX-OVR TX-OK TX-ERR TX-DRP TX-OVR Flg ens160 1500 0 364883681 0 3 0 360216048 0 0 0 BMRU #iostat:avg-cpu: %user %nice %system %iowait %steal %idle 1.40 0.00 2.82 0.02 0.00 95.75#iooperation:Device: tps kB_read/s kB_wrtn/s kB_read kB_wrtn sda 0.46 2.15 8.75 3061513 12433798 dm-0 0.91 2.11 8.70 3005886 12372016 dm-1 0.00 0.00 0.01 5938 7548#mpstat:12:52:41 PM CPU %usr %nice %sys %iowait %irq %soft %steal %guest %gnice %idle 12:52:41 PM all 1.40 0.00 2.66 0.02 0.00 0.16 0.00 0.00 0.00 95.75 12:52:41 PM 0 1.38 0.00 3.03 0.01 0.00 0.00 0.00 0.00 0.00 95.57 12:52:41 PM 1 1.43 0.01 2.29 0.03 0.00 0.32 0.00 0.00 0.00 95.93#vmstat:procs -----------memory---------- ---swap-- -----io---- -system-- ------cpu----- r b swpd free buff cache si so bi bo in cs us sy id wa st 0 0 7948 2209316 334392 707408 0 0 1 4 10 12 1 3 96 0 0
#date:Tue Jul 16 12:53:12 CEST 2019#hostname:10.214.222.202 #SWAP:Swap: 8.0G 7.8M 8.0G#RAM:Mem: 3.9G 769M 2.1G 34M 1.0G 2.7G#Disk:Filesystem Size Used Avail Use% Mounted on /dev/mapper/sopvpyves--vg-root 39G 8.1G 29G 22% /#Load:loadaverage:0.08,#Network:Iface MTU Met RX-OK RX-ERR RX-DRP RX-OVR TX-OK TX-ERR TX-DRP TX-OVR Flg ens160 1500 0 364886505 0 3 0 360218669 0 0 0 BMRU #iostat:avg-cpu: %user %nice %system %iowait %steal %idle 1.40 0.00 2.82 0.02 0.00 95.75#iooperation:Device: tps kB_read/s kB_wrtn/s kB_read kB_wrtn sda 0.46 2.15 8.75 3061513 12434158 dm-0 0.91 2.11 8.70 3005886 12372376 dm-1 0.00 0.00 0.01 5938 7548#mpstat:12:53:12 PM CPU %usr %nice %sys %iowait %irq %soft %steal %guest %gnice %idle 12:53:12 PM all 1.40 0.00 2.66 0.02 0.00 0.16 0.00 0.00 0.00 95.75 12:53:12 PM 0 1.38 0.00 3.03 0.01 0.00 0.00 0.00 0.00 0.00 95.57 12:53:12 PM 1 1.43 0.01 2.29 0.03 0.00 0.32 0.00 0.00 0.00 95.93#vmstat:procs -----------memory---------- ---swap-- -----io---- -system-- ------cpu----- r b swpd free buff cache si so bi bo in cs us sy id wa st 0 0 7948 2208028 334392 707828 0 0 1 4 10 12 1 3 96 0 0
#date:Tue Jul 16 12:53:41 CEST 2019#hostname:10.214.222.202 #SWAP:Swap: 8.0G 7.8M 8.0G#RAM:Mem: 3.9G 748M 2.1G 34M 1.0G 2.7G#Disk:Filesystem Size Used Avail Use% Mounted on /dev/mapper/sopvpyves--vg-root 39G 8.1G 29G 22% /#Load:loadaverage:0.10,#Network:Iface MTU Met RX-OK RX-ERR RX-DRP RX-OVR TX-OK TX-ERR TX-DRP TX-OVR Flg ens160 1500 0 364889172 0 3 0 360221101 0 0 0 BMRU #iostat:avg-cpu: %user %nice %system %iowait %steal %idle 1.40 0.00 2.82 0.02 0.00 95.75#iooperation:Device: tps kB_read/s kB_wrtn/s kB_read kB_wrtn sda 0.46 2.15 8.75 3061513 12434470 dm-0 0.91 2.11 8.70 3005886 12372688 dm-1 0.00 0.00 0.01 5938 7548#mpstat:12:53:41 PM CPU %usr %nice %sys %iowait %irq %soft %steal %guest %gnice %idle 12:53:41 PM all 1.40 0.00 2.66 0.02 0.00 0.16 0.00 0.00 0.00 95.75 12:53:41 PM 0 1.38 0.00 3.03 0.01 0.00 0.00 0.00 0.00 0.00 95.57 12:53:41 PM 1 1.43 0.01 2.29 0.03 0.00 0.32 0.00 0.00 0.00 95.93#vmstat:procs -----------memory---------- ---swap-- -----io---- -system-- ------cpu----- r b swpd free buff cache si so bi bo in cs us sy id wa st 0 0 7948 2229848 334392 708016 0 0 1 4 10 12 1 3 96 0 0
#date:Tue Jul 16 12:54:12 CEST 2019#hostname:10.214.222.202 #SWAP:Swap: 8.0G 7.8M 8.0G#RAM:Mem: 3.9G 767M 2.1G 34M 1.0G 2.7G#Disk:Filesystem Size Used Avail Use% Mounted on /dev/mapper/sopvpyves--vg-root 39G 8.1G 29G 22% /#Load:loadaverage:0.06,#Network:Iface MTU Met RX-OK RX-ERR RX-DRP RX-OVR TX-OK TX-ERR TX-DRP TX-OVR Flg ens160 1500 0 364892012 0 3 0 360223713 0 0 0 BMRU #iostat:avg-cpu: %user %nice %system %iowait %steal %idle 1.40 0.00 2.82 0.02 0.00 95.75#iooperation:Device: tps kB_read/s kB_wrtn/s kB_read kB_wrtn sda 0.46 2.15 8.75 3061513 12434922 dm-0 0.91 2.11 8.70 3005886 12373140 dm-1 0.00 0.00 0.01 5938 7548#mpstat:12:54:12 PM CPU %usr %nice %sys %iowait %irq %soft %steal %guest %gnice %idle 12:54:12 PM all 1.40 0.00 2.66 0.02 0.00 0.16 0.00 0.00 0.00 95.75 12:54:12 PM 0 1.38 0.00 3.03 0.01 0.00 0.00 0.00 0.00 0.00 95.57 12:54:12 PM 1 1.43 0.01 2.29 0.03 0.00 0.32 0.00 0.00 0.00 95.93#vmstat:procs -----------memory---------- ---swap-- -----io---- -system-- ------cpu----- r b swpd free buff cache si so bi bo in cs us sy id wa st 0 0 7948 2209716 334396 708196 0 0 1 4 10 12 1 3 96 0 0
#date:Tue Jul 16 12:54:41 CEST 2019#hostname:10.214.222.202 #SWAP:Swap: 8.0G 7.8M 8.0G#RAM:Mem: 3.9G 769M 2.1G 34M 1.0G 2.7G#Disk:Filesystem Size Used Avail Use% Mounted on /dev/mapper/sopvpyves--vg-root 39G 8.1G 29G 22% /#Load:loadaverage:0.04,#Network:Iface MTU Met RX-OK RX-ERR RX-DRP RX-OVR TX-OK TX-ERR TX-DRP TX-OVR Flg ens160 1500 0 364894754 0 3 0 360226182 0 0 0 BMRU #iostat:avg-cpu: %user %nice %system %iowait %steal %idle 1.40 0.00 2.82 0.02 0.00 95.75#iooperation:Device: tps kB_read/s kB_wrtn/s kB_read kB_wrtn sda 0.46 2.15 8.75 3061513 12435294 dm-0 0.91 2.11 8.70 3005886 12373512 dm-1 0.00 0.00 0.01 5938 7548#mpstat:12:54:41 PM CPU %usr %nice %sys %iowait %irq %soft %steal %guest %gnice %idle 12:54:41 PM all 1.40 0.00 2.66 0.02 0.00 0.16 0.00 0.00 0.00 95.75 12:54:41 PM 0 1.38 0.00 3.03 0.01 0.00 0.00 0.00 0.00 0.00 95.57 12:54:41 PM 1 1.43 0.01 2.29 0.03 0.00 0.32 0.00 0.00 0.00 95.93#vmstat:procs -----------memory---------- ---swap-- -----io---- -system-- ------cpu----- r b swpd free buff cache si so bi bo in cs us sy id wa st 0 0 7948 2207680 334396 708428 0 0 1 4 10 12 1 3 96 0 0
#date:Tue Jul 16 12:55:12 CEST 2019#hostname:10.214.222.202 #SWAP:Swap: 8.0G 7.8M 8.0G#RAM:Mem: 3.9G 770M 2.1G 34M 1.0G 2.7G#Disk:Filesystem Size Used Avail Use% Mounted on /dev/mapper/sopvpyves--vg-root 39G 8.1G 29G 22% /#Load:loadaverage:0.02,#Network:Iface MTU Met RX-OK RX-ERR RX-DRP RX-OVR TX-OK TX-ERR TX-DRP TX-OVR Flg ens160 1500 0 364897672 0 3 0 360228807 0 0 0 BMRU #iostat:avg-cpu: %user %nice %system %iowait %steal %idle 1.40 0.00 2.82 0.02 0.00 95.75#iooperation:Device: tps kB_read/s kB_wrtn/s kB_read kB_wrtn sda 0.46 2.15 8.75 3061513 12435734 dm-0 0.91 2.11 8.70 3005886 12373952 dm-1 0.00 0.00 0.01 5938 7548#mpstat:12:55:13 PM CPU %usr %nice %sys %iowait %irq %soft %steal %guest %gnice %idle 12:55:13 PM all 1.40 0.00 2.66 0.02 0.00 0.16 0.00 0.00 0.00 95.75 12:55:13 PM 0 1.38 0.00 3.03 0.01 0.00 0.00 0.00 0.00 0.00 95.57 12:55:13 PM 1 1.43 0.01 2.29 0.03 0.00 0.32 0.00 0.00 0.00 95.93#vmstat:procs -----------memory---------- ---swap-- -----io---- -system-- ------cpu----- r b swpd free buff cache si so bi bo in cs us sy id wa st 0 0 7948 2206448 334396 708624 0 0 1 4 10 12 1 3 96 0 0
#date:Tue Jul 16 12:55:41 CEST 2019#hostname:10.214.222.202 #SWAP:Swap: 8.0G 7.8M 8.0G#RAM:Mem: 3.9G 738M 2.1G 34M 1.0G 2.8G#Disk:Filesystem Size Used Avail Use% Mounted on /dev/mapper/sopvpyves--vg-root 39G 8.1G 29G 22% /#Load:loadaverage:0.01,#Network:Iface MTU Met RX-OK RX-ERR RX-DRP RX-OVR TX-OK TX-ERR TX-DRP TX-OVR Flg ens160 1500 0 364900374 0 3 0 360231298 0 0 0 BMRU #iostat:avg-cpu: %user %nice %system %iowait %steal %idle 1.40 0.00 2.82 0.02 0.00 95.75#iooperation:Device: tps kB_read/s kB_wrtn/s kB_read kB_wrtn sda 0.46 2.15 8.75 3061625 12436154 dm-0 0.91 2.11 8.70 3005998 12374372 dm-1 0.00 0.00 0.01 5938 7548#mpstat:12:55:42 PM CPU %usr %nice %sys %iowait %irq %soft %steal %guest %gnice %idle 12:55:42 PM all 1.40 0.00 2.66 0.02 0.00 0.16 0.00 0.00 0.00 95.75 12:55:42 PM 0 1.38 0.00 3.03 0.01 0.00 0.00 0.00 0.00 0.00 95.57 12:55:42 PM 1 1.43 0.01 2.29 0.03 0.00 0.32 0.00 0.00 0.00 95.93#vmstat:procs -----------memory---------- ---swap-- -----io---- -system-- ------cpu----- r b swpd free buff cache si so bi bo in cs us sy id wa st 0 0 7948 2238256 334396 708860 0 0 1 4 10 12 1 3 96 0 0
#date:Tue Jul 16 12:56:13 CEST 2019#hostname:10.214.222.202 #SWAP:Swap: 8.0G 7.8M 8.0G#RAM:Mem: 3.9G 765M 2.1G 34M 1.0G 2.7G#Disk:Filesystem Size Used Avail Use% Mounted on /dev/mapper/sopvpyves--vg-root 39G 8.1G 29G 22% /#Load:loadaverage:0.01,#Network:Iface MTU Met RX-OK RX-ERR RX-DRP RX-OVR TX-OK TX-ERR TX-DRP TX-OVR Flg ens160 1500 0 364903285 0 3 0 360234002 0 0 0 BMRU #iostat:avg-cpu: %user %nice %system %iowait %steal %idle 1.40 0.00 2.82 0.02 0.00 95.75#iooperation:Device: tps kB_read/s kB_wrtn/s kB_read kB_wrtn sda 0.46 2.15 8.75 3061625 12436550 dm-0 0.91 2.11 8.70 3005998 12374768 dm-1 0.00 0.00 0.01 5938 7548#mpstat:12:56:13 PM CPU %usr %nice %sys %iowait %irq %soft %steal %guest %gnice %idle 12:56:13 PM all 1.40 0.00 2.66 0.02 0.00 0.16 0.00 0.00 0.00 95.75 12:56:13 PM 0 1.38 0.00 3.03 0.01 0.00 0.00 0.00 0.00 0.00 95.57 12:56:13 PM 1 1.43 0.01 2.29 0.03 0.00 0.32 0.00 0.00 0.00 95.93#vmstat:procs -----------memory---------- ---swap-- -----io---- -system-- ------cpu----- r b swpd free buff cache si so bi bo in cs us sy id wa st 0 0 7948 2211012 334396 709096 0 0 1 4 10 12 1 3 96 0 0
#date:Tue Jul 16 12:56:42 CEST 2019#hostname:10.214.222.202 #SWAP:Swap: 8.0G 7.8M 8.0G#RAM:Mem: 3.9G 769M 2.1G 34M 1.0G 2.7G#Disk:Filesystem Size Used Avail Use% Mounted on /dev/mapper/sopvpyves--vg-root 39G 8.1G 29G 22% /#Load:loadaverage:0.00,#Network:Iface MTU Met RX-OK RX-ERR RX-DRP RX-OVR TX-OK TX-ERR TX-DRP TX-OVR Flg ens160 1500 0 364906050 0 3 0 360236471 0 0 0 BMRU #iostat:avg-cpu: %user %nice %system %iowait %steal %idle 1.40 0.00 2.82 0.02 0.00 95.75#iooperation:Device: tps kB_read/s kB_wrtn/s kB_read kB_wrtn sda 0.46 2.15 8.75 3061625 12436942 dm-0 0.91 2.11 8.70 3005998 12375160 dm-1 0.00 0.00 0.01 5938 7548#mpstat:12:56:42 PM CPU %usr %nice %sys %iowait %irq %soft %steal %guest %gnice %idle 12:56:42 PM all 1.40 0.00 2.66 0.02 0.00 0.16 0.00 0.00 0.00 95.75 12:56:42 PM 0 1.38 0.00 3.03 0.01 0.00 0.00 0.00 0.00 0.00 95.57 12:56:42 PM 1 1.43 0.01 2.29 0.03 0.00 0.32 0.00 0.00 0.00 95.93#vmstat:procs -----------memory---------- ---swap-- -----io---- -system-- ------cpu----- r b swpd free buff cache si so bi bo in cs us sy id wa st 0 0 7948 2206520 334396 709312 0 0 1 4 10 12 1 3 96 0 0
#date:Tue Jul 16 12:57:13 CEST 2019#hostname:10.214.222.202 #SWAP:Swap: 8.0G 7.8M 8.0G#RAM:Mem: 3.9G 770M 2.1G 34M 1.0G 2.7G#Disk:Filesystem Size Used Avail Use% Mounted on /dev/mapper/sopvpyves--vg-root 39G 8.1G 29G 22% /#Load:loadaverage:0.00,#Network:Iface MTU Met RX-OK RX-ERR RX-DRP RX-OVR TX-OK TX-ERR TX-DRP TX-OVR Flg ens160 1500 0 364908995 0 3 0 360239190 0 0 0 BMRU #iostat:avg-cpu: %user %nice %system %iowait %steal %idle 1.40 0.00 2.82 0.02 0.00 95.75#iooperation:Device: tps kB_read/s kB_wrtn/s kB_read kB_wrtn sda 0.46 2.15 8.75 3061625 12437306 dm-0 0.91 2.11 8.70 3005998 12375524 dm-1 0.00 0.00 0.01 5938 7548#mpstat:12:57:13 PM CPU %usr %nice %sys %iowait %irq %soft %steal %guest %gnice %idle 12:57:13 PM all 1.40 0.00 2.66 0.02 0.00 0.16 0.00 0.00 0.00 95.75 12:57:13 PM 0 1.38 0.00 3.03 0.01 0.00 0.00 0.00 0.00 0.00 95.57 12:57:13 PM 1 1.43 0.01 2.29 0.03 0.00 0.32 0.00 0.00 0.00 95.93#vmstat:procs -----------memory---------- ---swap-- -----io---- -system-- ------cpu----- r b swpd free buff cache si so bi bo in cs us sy id wa st 0 0 7948 2205684 334396 709572 0 0 1 4 10 12 1 3 96 0 0
#date:Tue Jul 16 12:57:42 CEST 2019#hostname:10.214.222.202 #SWAP:Swap: 8.0G 7.8M 8.0G#RAM:Mem: 3.9G 748M 2.1G 34M 1.0G 2.7G#Disk:Filesystem Size Used Avail Use% Mounted on /dev/mapper/sopvpyves--vg-root 39G 8.1G 29G 22% /#Load:loadaverage:0.00,#Network:Iface MTU Met RX-OK RX-ERR RX-DRP RX-OVR TX-OK TX-ERR TX-DRP TX-OVR Flg ens160 1500 0 364911761 0 3 0 360241714 0 0 0 BMRU #iostat:avg-cpu: %user %nice %system %iowait %steal %idle 1.40 0.00 2.82 0.02 0.00 95.75#iooperation:Device: tps kB_read/s kB_wrtn/s kB_read kB_wrtn sda 0.46 2.15 8.75 3061625 12437714 dm-0 0.91 2.11 8.70 3005998 12375932 dm-1 0.00 0.00 0.01 5938 7548#mpstat:12:57:42 PM CPU %usr %nice %sys %iowait %irq %soft %steal %guest %gnice %idle 12:57:42 PM all 1.40 0.00 2.66 0.02 0.00 0.16 0.00 0.00 0.00 95.75 12:57:42 PM 0 1.38 0.00 3.03 0.01 0.00 0.00 0.00 0.00 0.00 95.57 12:57:42 PM 1 1.43 0.01 2.29 0.03 0.00 0.32 0.00 0.00 0.00 95.93#vmstat:procs -----------memory---------- ---swap-- -----io---- -system-- ------cpu----- r b swpd free buff cache si so bi bo in cs us sy id wa st 0 0 7948 2227428 334396 709856 0 0 1 4 10 12 1 3 96 0 0
#date:Tue Jul 16 12:58:13 CEST 2019#hostname:10.214.222.202 #SWAP:Swap: 8.0G 7.8M 8.0G#RAM:Mem: 3.9G 767M 2.1G 34M 1.0G 2.7G#Disk:Filesystem Size Used Avail Use% Mounted on /dev/mapper/sopvpyves--vg-root 39G 8.1G 29G 22% /#Load:loadaverage:0.00,#Network:Iface MTU Met RX-OK RX-ERR RX-DRP RX-OVR TX-OK TX-ERR TX-DRP TX-OVR Flg ens160 1500 0 364914680 0 3 0 360244409 0 0 0 BMRU #iostat:avg-cpu: %user %nice %system %iowait %steal %idle 1.40 0.00 2.82 0.02 0.00 95.75#iooperation:Device: tps kB_read/s kB_wrtn/s kB_read kB_wrtn sda 0.46 2.15 8.75 3061625 12438030 dm-0 0.91 2.11 8.70 3005998 12376248 dm-1 0.00 0.00 0.01 5938 7548#mpstat:12:58:13 PM CPU %usr %nice %sys %iowait %irq %soft %steal %guest %gnice %idle 12:58:13 PM all 1.40 0.00 2.66 0.02 0.00 0.16 0.00 0.00 0.00 95.75 12:58:13 PM 0 1.38 0.00 3.03 0.01 0.00 0.00 0.00 0.00 0.00 95.57 12:58:13 PM 1 1.43 0.01 2.29 0.03 0.00 0.32 0.00 0.00 0.00 95.93#vmstat:procs -----------memory---------- ---swap-- -----io---- -system-- ------cpu----- r b swpd free buff cache si so bi bo in cs us sy id wa st 0 0 7948 2207688 334404 710052 0 0 1 4 10 12 1 3 96 0 0
#date:Tue Jul 16 12:58:42 CEST 2019#hostname:10.214.222.202 #SWAP:Swap: 8.0G 7.8M 8.0G#RAM:Mem: 3.9G 769M 2.1G 34M 1.0G 2.7G#Disk:Filesystem Size Used Avail Use% Mounted on /dev/mapper/sopvpyves--vg-root 39G 8.1G 29G 22% /#Load:loadaverage:0.00,#Network:Iface MTU Met RX-OK RX-ERR RX-DRP RX-OVR TX-OK TX-ERR TX-DRP TX-OVR Flg ens160 1500 0 364917403 0 3 0 360246906 0 0 0 BMRU #iostat:avg-cpu: %user %nice %system %iowait %steal %idle 1.40 0.00 2.82 0.02 0.00 95.75#iooperation:Device: tps kB_read/s kB_wrtn/s kB_read kB_wrtn sda 0.46 2.15 8.75 3061625 12438410 dm-0 0.91 2.11 8.70 3005998 12376628 dm-1 0.00 0.00 0.01 5938 7548#mpstat:12:58:42 PM CPU %usr %nice %sys %iowait %irq %soft %steal %guest %gnice %idle 12:58:42 PM all 1.40 0.00 2.66 0.02 0.00 0.16 0.00 0.00 0.00 95.75 12:58:42 PM 0 1.38 0.00 3.03 0.01 0.00 0.00 0.00 0.00 0.00 95.57 12:58:42 PM 1 1.43 0.01 2.29 0.03 0.00 0.32 0.00 0.00 0.00 95.93#vmstat:procs -----------memory---------- ---swap-- -----io---- -system-- ------cpu----- r b swpd free buff cache si so bi bo in cs us sy id wa st 0 0 7948 2206552 334408 710236 0 0 1 4 10 12 1 3 96 0 0
#date:Tue Jul 16 12:59:13 CEST 2019#hostname:10.214.222.202 #SWAP:Swap: 8.0G 7.8M 8.0G#RAM:Mem: 3.9G 770M 2.1G 34M 1.0G 2.7G#Disk:Filesystem Size Used Avail Use% Mounted on /dev/mapper/sopvpyves--vg-root 39G 8.1G 29G 22% /#Load:loadaverage:0.00,#Network:Iface MTU Met RX-OK RX-ERR RX-DRP RX-OVR TX-OK TX-ERR TX-DRP TX-OVR Flg ens160 1500 0 364920336 0 3 0 360249636 0 0 0 BMRU #iostat:avg-cpu: %user %nice %system %iowait %steal %idle 1.40 0.00 2.82 0.02 0.00 95.75#iooperation:Device: tps kB_read/s kB_wrtn/s kB_read kB_wrtn sda 0.46 2.15 8.75 3061625 12438894 dm-0 0.91 2.11 8.70 3005998 12377112 dm-1 0.00 0.00 0.01 5938 7548#mpstat:12:59:13 PM CPU %usr %nice %sys %iowait %irq %soft %steal %guest %gnice %idle 12:59:13 PM all 1.40 0.00 2.66 0.02 0.00 0.16 0.00 0.00 0.00 95.75 12:59:13 PM 0 1.38 0.00 3.03 0.01 0.00 0.00 0.00 0.00 0.00 95.57 12:59:13 PM 1 1.43 0.01 2.29 0.03 0.00 0.32 0.00 0.00 0.00 95.93#vmstat:procs -----------memory---------- ---swap-- -----io---- -system-- ------cpu----- r b swpd free buff cache si so bi bo in cs us sy id wa st 0 0 7948 2204420 334408 710440 0 0 1 4 10 12 1 3 96 0 0
#date:Tue Jul 16 12:59:42 CEST 2019#hostname:10.214.222.202 #SWAP:Swap: 8.0G 7.8M 8.0G#RAM:Mem: 3.9G 740M 2.1G 34M 1.0G 2.8G#Disk:Filesystem Size Used Avail Use% Mounted on /dev/mapper/sopvpyves--vg-root 39G 8.1G 29G 22% /#Load:loadaverage:0.00,#Network:Iface MTU Met RX-OK RX-ERR RX-DRP RX-OVR TX-OK TX-ERR TX-DRP TX-OVR Flg ens160 1500 0 364923143 0 3 0 360252180 0 0 0 BMRU #iostat:avg-cpu: %user %nice %system %iowait %steal %idle 1.40 0.00 2.82 0.02 0.00 95.75#iooperation:Device: tps kB_read/s kB_wrtn/s kB_read kB_wrtn sda 0.46 2.15 8.75 3061625 12439246 dm-0 0.91 2.11 8.70 3005998 12377464 dm-1 0.00 0.00 0.01 5938 7548#mpstat:12:59:42 PM CPU %usr %nice %sys %iowait %irq %soft %steal %guest %gnice %idle 12:59:42 PM all 1.40 0.00 2.66 0.02 0.00 0.16 0.00 0.00 0.00 95.75 12:59:42 PM 0 1.38 0.00 3.03 0.01 0.00 0.00 0.00 0.00 0.00 95.57 12:59:42 PM 1 1.43 0.01 2.29 0.03 0.00 0.32 0.00 0.00 0.00 95.93#vmstat:procs -----------memory---------- ---swap-- -----io---- -system-- ------cpu----- r b swpd free buff cache si so bi bo in cs us sy id wa st 0 0 7948 2236084 334408 710672 0 0 1 4 10 12 1 3 96 0 0
#date:Tue Jul 16 13:00:13 CEST 2019#hostname:10.214.222.202 #SWAP:Swap: 8.0G 7.8M 8.0G#RAM:Mem: 3.9G 766M 2.1G 34M 1.0G 2.7G#Disk:Filesystem Size Used Avail Use% Mounted on /dev/mapper/sopvpyves--vg-root 39G 8.1G 29G 22% /#Load:loadaverage:0.00,#Network:Iface MTU Met RX-OK RX-ERR RX-DRP RX-OVR TX-OK TX-ERR TX-DRP TX-OVR Flg ens160 1500 0 364926116 0 3 0 360254862 0 0 0 BMRU #iostat:avg-cpu: %user %nice %system %iowait %steal %idle 1.40 0.00 2.82 0.02 0.00 95.75#iooperation:Device: tps kB_read/s kB_wrtn/s kB_read kB_wrtn sda 0.46 2.15 8.75 3061625 12439634 dm-0 0.91 2.11 8.70 3005998 12377852 dm-1 0.00 0.00 0.01 5938 7548#mpstat:01:00:14 PM CPU %usr %nice %sys %iowait %irq %soft %steal %guest %gnice %idle 01:00:14 PM all 1.40 0.00 2.66 0.02 0.00 0.16 0.00 0.00 0.00 95.75 01:00:14 PM 0 1.38 0.00 3.03 0.01 0.00 0.00 0.00 0.00 0.00 95.57 01:00:14 PM 1 1.43 0.01 2.29 0.03 0.00 0.32 0.00 0.00 0.00 95.93#vmstat:procs -----------memory---------- ---swap-- -----io---- -system-- ------cpu----- r b swpd free buff cache si so bi bo in cs us sy id wa st 0 0 7948 2207412 334408 710960 0 0 1 4 10 12 1 3 96 0 0
#date:Tue Jul 16 13:00:42 CEST 2019#hostname:10.214.222.202 #SWAP:Swap: 8.0G 7.8M 8.0G#RAM:Mem: 3.9G 768M 2.1G 34M 1.0G 2.7G#Disk:Filesystem Size Used Avail Use% Mounted on /dev/mapper/sopvpyves--vg-root 39G 8.1G 29G 22% /#Load:loadaverage:0.00,#Network:Iface MTU Met RX-OK RX-ERR RX-DRP RX-OVR TX-OK TX-ERR TX-DRP TX-OVR Flg ens160 1500 0 364928923 0 3 0 360257435 0 0 0 BMRU #iostat:avg-cpu: %user %nice %system %iowait %steal %idle 1.40 0.00 2.82 0.02 0.00 95.75#iooperation:Device: tps kB_read/s kB_wrtn/s kB_read kB_wrtn sda 0.46 2.15 8.75 3061625 12439986 dm-0 0.91 2.11 8.70 3005998 12378204 dm-1 0.00 0.00 0.01 5938 7548#mpstat:01:00:43 PM CPU %usr %nice %sys %iowait %irq %soft %steal %guest %gnice %idle 01:00:43 PM all 1.40 0.00 2.66 0.02 0.00 0.16 0.00 0.00 0.00 95.75 01:00:43 PM 0 1.38 0.00 3.03 0.01 0.00 0.00 0.00 0.00 0.00 95.58 01:00:43 PM 1 1.43 0.01 2.29 0.03 0.00 0.32 0.00 0.00 0.00 95.94#vmstat:procs -----------memory---------- ---swap-- -----io---- -system-- ------cpu----- r b swpd free buff cache si so bi bo in cs us sy id wa st 0 0 7948 2206280 334416 711176 0 0 1 4 10 12 1 3 96 0 0
#date:Tue Jul 16 13:01:14 CEST 2019#hostname:10.214.222.202 #SWAP:Swap: 8.0G 7.8M 8.0G#RAM:Mem: 3.9G 748M 2.1G 34M 1.0G 2.7G#Disk:Filesystem Size Used Avail Use% Mounted on /dev/mapper/sopvpyves--vg-root 39G 8.1G 29G 22% /#Load:loadaverage:0.00,#Network:Iface MTU Met RX-OK RX-ERR RX-DRP RX-OVR TX-OK TX-ERR TX-DRP TX-OVR Flg ens160 1500 0 364931875 0 3 0 360260178 0 0 0 BMRU #iostat:avg-cpu: %user %nice %system %iowait %steal %idle 1.40 0.00 2.82 0.02 0.00 95.75#iooperation:Device: tps kB_read/s kB_wrtn/s kB_read kB_wrtn sda 0.46 2.15 8.75 3061625 12440394 dm-0 0.91 2.11 8.70 3005998 12378612 dm-1 0.00 0.00 0.01 5938 7548#mpstat:01:01:14 PM CPU %usr %nice %sys %iowait %irq %soft %steal %guest %gnice %idle 01:01:14 PM all 1.40 0.00 2.66 0.02 0.00 0.16 0.00 0.00 0.00 95.75 01:01:14 PM 0 1.38 0.00 3.03 0.01 0.00 0.00 0.00 0.00 0.00 95.58 01:01:14 PM 1 1.43 0.01 2.29 0.03 0.00 0.32 0.00 0.00 0.00 95.94#vmstat:procs -----------memory---------- ---swap-- -----io---- -system-- ------cpu----- r b swpd free buff cache si so bi bo in cs us sy id wa st 0 0 7948 2226012 334416 711512 0 0 1 4 10 12 1 3 96 0 0
#date:Tue Jul 16 13:01:43 CEST 2019#hostname:10.214.222.202 #SWAP:Swap: 8.0G 7.8M 8.0G#RAM:Mem: 3.9G 769M 2.1G 34M 1.0G 2.7G#Disk:Filesystem Size Used Avail Use% Mounted on /dev/mapper/sopvpyves--vg-root 39G 8.1G 29G 22% /#Load:loadaverage:0.00,#Network:Iface MTU Met RX-OK RX-ERR RX-DRP RX-OVR TX-OK TX-ERR TX-DRP TX-OVR Flg ens160 1500 0 364934707 0 3 0 360262751 0 0 0 BMRU #iostat:avg-cpu: %user %nice %system %iowait %steal %idle 1.40 0.00 2.82 0.02 0.00 95.75#iooperation:Device: tps kB_read/s kB_wrtn/s kB_read kB_wrtn sda 0.46 2.15 8.75 3061625 12440814 dm-0 0.91 2.11 8.71 3005998 12379032 dm-1 0.00 0.00 0.01 5938 7548#mpstat:01:01:43 PM CPU %usr %nice %sys %iowait %irq %soft %steal %guest %gnice %idle 01:01:43 PM all 1.40 0.00 2.66 0.02 0.00 0.16 0.00 0.00 0.00 95.75 01:01:43 PM 0 1.38 0.00 3.03 0.01 0.00 0.00 0.00 0.00 0.00 95.58 01:01:43 PM 1 1.43 0.01 2.29 0.03 0.00 0.32 0.00 0.00 0.00 95.94#vmstat:procs -----------memory---------- ---swap-- -----io---- -system-- ------cpu----- r b swpd free buff cache si so bi bo in cs us sy id wa st 0 0 7948 2204548 334420 711544 0 0 1 4 10 12 1 3 96 0 0
#date:Tue Jul 16 13:02:14 CEST 2019#hostname:10.214.222.202 #SWAP:Swap: 8.0G 7.8M 8.0G#RAM:Mem: 3.9G 770M 2.1G 34M 1.0G 2.7G#Disk:Filesystem Size Used Avail Use% Mounted on /dev/mapper/sopvpyves--vg-root 39G 8.1G 29G 22% /#Load:loadaverage:0.12,#Network:Iface MTU Met RX-OK RX-ERR RX-DRP RX-OVR TX-OK TX-ERR TX-DRP TX-OVR Flg ens160 1500 0 364937717 0 3 0 360265538 0 0 0 BMRU #iostat:avg-cpu: %user %nice %system %iowait %steal %idle 1.40 0.00 2.82 0.02 0.00 95.75#iooperation:Device: tps kB_read/s kB_wrtn/s kB_read kB_wrtn sda 0.46 2.15 8.75 3061625 12441202 dm-0 0.91 2.11 8.71 3005998 12379420 dm-1 0.00 0.00 0.01 5938 7548#mpstat:01:02:14 PM CPU %usr %nice %sys %iowait %irq %soft %steal %guest %gnice %idle 01:02:14 PM all 1.40 0.00 2.66 0.02 0.00 0.16 0.00 0.00 0.00 95.75 01:02:14 PM 0 1.38 0.00 3.03 0.01 0.00 0.00 0.00 0.00 0.00 95.58 01:02:14 PM 1 1.43 0.01 2.29 0.03 0.00 0.32 0.00 0.00 0.00 95.94#vmstat:procs -----------memory---------- ---swap-- -----io---- -system-- ------cpu----- r b swpd free buff cache si so bi bo in cs us sy id wa st 0 0 7948 2203684 334420 711668 0 0 1 4 10 12 1 3 96 0 0
#date:Tue Jul 16 13:02:43 CEST 2019#hostname:10.214.222.202 #SWAP:Swap: 8.0G 7.8M 8.0G#RAM:Mem: 3.9G 733M 2.1G 34M 1.0G 2.8G#Disk:Filesystem Size Used Avail Use% Mounted on /dev/mapper/sopvpyves--vg-root 39G 8.1G 29G 22% /#Load:loadaverage:0.07,#Network:Iface MTU Met RX-OK RX-ERR RX-DRP RX-OVR TX-OK TX-ERR TX-DRP TX-OVR Flg ens160 1500 0 364940457 0 3 0 360268086 0 0 0 BMRU #iostat:avg-cpu: %user %nice %system %iowait %steal %idle 1.40 0.00 2.82 0.02 0.00 95.75#iooperation:Device: tps kB_read/s kB_wrtn/s kB_read kB_wrtn sda 0.46 2.15 8.75 3061625 12441642 dm-0 0.91 2.11 8.71 3005998 12379860 dm-1 0.00 0.00 0.01 5938 7548#mpstat:01:02:43 PM CPU %usr %nice %sys %iowait %irq %soft %steal %guest %gnice %idle 01:02:43 PM all 1.40 0.00 2.66 0.02 0.00 0.16 0.00 0.00 0.00 95.75 01:02:43 PM 0 1.38 0.00 3.03 0.01 0.00 0.00 0.00 0.00 0.00 95.58 01:02:43 PM 1 1.43 0.01 2.29 0.03 0.00 0.32 0.00 0.00 0.00 95.94#vmstat:procs -----------memory---------- ---swap-- -----io---- -system-- ------cpu----- r b swpd free buff cache si so bi bo in cs us sy id wa st 0 0 7948 2240812 334420 711980 0 0 1 4 10 12 1 3 96 0 0
#date:Tue Jul 16 13:03:14 CEST 2019#hostname:10.214.222.202 #SWAP:Swap: 8.0G 7.8M 8.0G#RAM:Mem: 3.9G 733M 2.1G 34M 1.0G 2.8G#Disk:Filesystem Size Used Avail Use% Mounted on /dev/mapper/sopvpyves--vg-root 39G 8.1G 29G 22% /#Load:loadaverage:0.10,#Network:Iface MTU Met RX-OK RX-ERR RX-DRP RX-OVR TX-OK TX-ERR TX-DRP TX-OVR Flg ens160 1500 0 364943430 0 3 0 360270841 0 0 0 BMRU #iostat:avg-cpu: %user %nice %system %iowait %steal %idle 1.40 0.00 2.82 0.02 0.00 95.75#iooperation:Device: tps kB_read/s kB_wrtn/s kB_read kB_wrtn sda 0.46 2.15 8.75 3061625 12441890 dm-0 0.91 2.11 8.71 3005998 12380108 dm-1 0.00 0.00 0.01 5938 7548#mpstat:01:03:14 PM CPU %usr %nice %sys %iowait %irq %soft %steal %guest %gnice %idle 01:03:14 PM all 1.40 0.00 2.66 0.02 0.00 0.16 0.00 0.00 0.00 95.75 01:03:14 PM 0 1.38 0.00 3.03 0.01 0.00 0.00 0.00 0.00 0.00 95.58 01:03:14 PM 1 1.43 0.01 2.29 0.03 0.00 0.32 0.00 0.00 0.00 95.94#vmstat:procs -----------memory---------- ---swap-- -----io---- -system-- ------cpu----- r b swpd free buff cache si so bi bo in cs us sy id wa st 0 0 7948 2240336 334420 712056 0 0 1 4 10 12 1 3 96 0 0
#date:Tue Jul 16 13:03:43 CEST 2019#hostname:10.214.222.202 #SWAP:Swap: 8.0G 7.8M 8.0G#RAM:Mem: 3.9G 762M 2.1G 34M 1.0G 2.7G#Disk:Filesystem Size Used Avail Use% Mounted on /dev/mapper/sopvpyves--vg-root 39G 8.1G 29G 22% /#Load:loadaverage:0.06,#Network:Iface MTU Met RX-OK RX-ERR RX-DRP RX-OVR TX-OK TX-ERR TX-DRP TX-OVR Flg ens160 1500 0 364946195 0 3 0 360273412 0 0 0 BMRU #iostat:avg-cpu: %user %nice %system %iowait %steal %idle 1.40 0.00 2.82 0.02 0.00 95.76#iooperation:Device: tps kB_read/s kB_wrtn/s kB_read kB_wrtn sda 0.46 2.15 8.75 3061625 12442242 dm-0 0.91 2.11 8.71 3005998 12380460 dm-1 0.00 0.00 0.01 5938 7548#mpstat:01:03:43 PM CPU %usr %nice %sys %iowait %irq %soft %steal %guest %gnice %idle 01:03:43 PM all 1.40 0.00 2.66 0.02 0.00 0.16 0.00 0.00 0.00 95.76 01:03:43 PM 0 1.38 0.00 3.03 0.01 0.00 0.00 0.00 0.00 0.00 95.58 01:03:43 PM 1 1.43 0.01 2.29 0.03 0.00 0.32 0.00 0.00 0.00 95.94#vmstat:procs -----------memory---------- ---swap-- -----io---- -system-- ------cpu----- r b swpd free buff cache si so bi bo in cs us sy id wa st 0 0 7948 2211040 334420 712268 0 0 1 4 10 12 1 3 96 0 0
#date:Tue Jul 16 13:04:14 CEST 2019#hostname:10.214.222.202 #SWAP:Swap: 8.0G 7.8M 8.0G#RAM:Mem: 3.9G 770M 2.1G 34M 1.0G 2.7G#Disk:Filesystem Size Used Avail Use% Mounted on /dev/mapper/sopvpyves--vg-root 39G 8.1G 29G 22% /#Load:loadaverage:0.04,#Network:Iface MTU Met RX-OK RX-ERR RX-DRP RX-OVR TX-OK TX-ERR TX-DRP TX-OVR Flg ens160 1500 0 364949177 0 3 0 360276176 0 0 0 BMRU #iostat:avg-cpu: %user %nice %system %iowait %steal %idle 1.40 0.00 2.82 0.02 0.00 95.76#iooperation:Device: tps kB_read/s kB_wrtn/s kB_read kB_wrtn sda 0.46 2.15 8.75 3061625 12442678 dm-0 0.91 2.11 8.71 3005998 12380896 dm-1 0.00 0.00 0.01 5938 7548#mpstat:01:04:14 PM CPU %usr %nice %sys %iowait %irq %soft %steal %guest %gnice %idle 01:04:14 PM all 1.40 0.00 2.66 0.02 0.00 0.16 0.00 0.00 0.00 95.76 01:04:14 PM 0 1.38 0.00 3.03 0.01 0.00 0.00 0.00 0.00 0.00 95.58 01:04:14 PM 1 1.43 0.01 2.29 0.03 0.00 0.32 0.00 0.00 0.00 95.94#vmstat:procs -----------memory---------- ---swap-- -----io---- -system-- ------cpu----- r b swpd free buff cache si so bi bo in cs us sy id wa st 0 0 7948 2203764 334420 712540 0 0 1 4 10 12 1 3 96 0 0
#date:Tue Jul 16 13:04:43 CEST 2019#hostname:10.214.222.202 #SWAP:Swap: 8.0G 7.8M 8.0G#RAM:Mem: 3.9G 772M 2.1G 34M 1.0G 2.7G#Disk:Filesystem Size Used Avail Use% Mounted on /dev/mapper/sopvpyves--vg-root 39G 8.1G 29G 22% /#Load:loadaverage:0.02,#Network:Iface MTU Met RX-OK RX-ERR RX-DRP RX-OVR TX-OK TX-ERR TX-DRP TX-OVR Flg ens160 1500 0 364952007 0 3 0 360278747 0 0 0 BMRU #iostat:avg-cpu: %user %nice %system %iowait %steal %idle 1.40 0.00 2.82 0.02 0.00 95.76#iooperation:Device: tps kB_read/s kB_wrtn/s kB_read kB_wrtn sda 0.46 2.15 8.75 3061625 12443034 dm-0 0.91 2.11 8.71 3005998 12381252 dm-1 0.00 0.00 0.01 5938 7548#mpstat:01:04:43 PM CPU %usr %nice %sys %iowait %irq %soft %steal %guest %gnice %idle 01:04:43 PM all 1.40 0.00 2.66 0.02 0.00 0.16 0.00 0.00 0.00 95.76 01:04:43 PM 0 1.38 0.00 3.03 0.01 0.00 0.00 0.00 0.00 0.00 95.58 01:04:43 PM 1 1.43 0.01 2.29 0.03 0.00 0.32 0.00 0.00 0.00 95.94#vmstat:procs -----------memory---------- ---swap-- -----io---- -system-- ------cpu----- r b swpd free buff cache si so bi bo in cs us sy id wa st 0 0 7948 2199968 334420 712672 0 0 1 4 10 12 1 3 96 0 0
#date:Tue Jul 16 13:05:14 CEST 2019#hostname:10.214.222.202 #SWAP:Swap: 8.0G 7.8M 8.0G#RAM:Mem: 3.9G 749M 2.1G 34M 1.0G 2.7G#Disk:Filesystem Size Used Avail Use% Mounted on /dev/mapper/sopvpyves--vg-root 39G 8.1G 29G 22% /#Load:loadaverage:0.01,#Network:Iface MTU Met RX-OK RX-ERR RX-DRP RX-OVR TX-OK TX-ERR TX-DRP TX-OVR Flg ens160 1500 0 364955002 0 3 0 360281504 0 0 0 BMRU #iostat:avg-cpu: %user %nice %system %iowait %steal %idle 1.40 0.00 2.82 0.02 0.00 95.76#iooperation:Device: tps kB_read/s kB_wrtn/s kB_read kB_wrtn sda 0.46 2.15 8.75 3061625 12443470 dm-0 0.91 2.11 8.71 3005998 12381688 dm-1 0.00 0.00 0.01 5938 7548#mpstat:01:05:15 PM CPU %usr %nice %sys %iowait %irq %soft %steal %guest %gnice %idle 01:05:15 PM all 1.40 0.00 2.66 0.02 0.00 0.16 0.00 0.00 0.00 95.76 01:05:15 PM 0 1.38 0.00 3.03 0.01 0.00 0.00 0.00 0.00 0.00 95.58 01:05:15 PM 1 1.43 0.01 2.29 0.03 0.00 0.32 0.00 0.00 0.00 95.94#vmstat:procs -----------memory---------- ---swap-- -----io---- -system-- ------cpu----- r b swpd free buff cache si so bi bo in cs us sy id wa st 0 0 7948 2223752 334420 713020 0 0 1 4 10 12 1 3 96 0 0
#date:Tue Jul 16 13:05:43 CEST 2019#hostname:10.214.222.202 #SWAP:Swap: 8.0G 7.8M 8.0G#RAM:Mem: 3.9G 769M 2.1G 34M 1.0G 2.7G#Disk:Filesystem Size Used Avail Use% Mounted on /dev/mapper/sopvpyves--vg-root 39G 8.1G 29G 22% /#Load:loadaverage:0.01,#Network:Iface MTU Met RX-OK RX-ERR RX-DRP RX-OVR TX-OK TX-ERR TX-DRP TX-OVR Flg ens160 1500 0 364957801 0 3 0 360284117 0 0 0 BMRU #iostat:avg-cpu: %user %nice %system %iowait %steal %idle 1.40 0.00 2.82 0.02 0.00 95.76#iooperation:Device: tps kB_read/s kB_wrtn/s kB_read kB_wrtn sda 0.46 2.15 8.75 3061625 12443830 dm-0 0.91 2.11 8.71 3005998 12382048 dm-1 0.00 0.00 0.01 5938 7548#mpstat:01:05:43 PM CPU %usr %nice %sys %iowait %irq %soft %steal %guest %gnice %idle 01:05:43 PM all 1.40 0.00 2.66 0.02 0.00 0.16 0.00 0.00 0.00 95.76 01:05:43 PM 0 1.38 0.00 3.03 0.01 0.00 0.00 0.00 0.00 0.00 95.58 01:05:43 PM 1 1.43 0.01 2.29 0.03 0.00 0.32 0.00 0.00 0.00 95.94#vmstat:procs -----------memory---------- ---swap-- -----io---- -system-- ------cpu----- r b swpd free buff cache si so bi bo in cs us sy id wa st 0 0 7948 2202484 334424 713280 0 0 1 4 10 12 1 3 96 0 0
#date:Tue Jul 16 13:06:15 CEST 2019#hostname:10.214.222.202 #SWAP:Swap: 8.0G 7.8M 8.0G#RAM:Mem: 3.9G 733M 2.1G 34M 1.0G 2.8G#Disk:Filesystem Size Used Avail Use% Mounted on /dev/mapper/sopvpyves--vg-root 39G 8.1G 29G 22% /#Load:loadaverage:0.00,#Network:Iface MTU Met RX-OK RX-ERR RX-DRP RX-OVR TX-OK TX-ERR TX-DRP TX-OVR Flg ens160 1500 0 364960846 0 3 0 360286923 0 0 0 BMRU #iostat:avg-cpu: %user %nice %system %iowait %steal %idle 1.40 0.00 2.82 0.02 0.00 95.76#iooperation:Device: tps kB_read/s kB_wrtn/s kB_read kB_wrtn sda 0.46 2.15 8.75 3061625 12444194 dm-0 0.91 2.11 8.71 3005998 12382412 dm-1 0.00 0.00 0.01 5938 7548#mpstat:01:06:15 PM CPU %usr %nice %sys %iowait %irq %soft %steal %guest %gnice %idle 01:06:15 PM all 1.40 0.00 2.66 0.02 0.00 0.16 0.00 0.00 0.00 95.76 01:06:15 PM 0 1.38 0.00 3.03 0.01 0.00 0.00 0.00 0.00 0.00 95.58 01:06:15 PM 1 1.43 0.01 2.29 0.03 0.00 0.32 0.00 0.00 0.00 95.94#vmstat:procs -----------memory---------- ---swap-- -----io---- -system-- ------cpu----- r b swpd free buff cache si so bi bo in cs us sy id wa st 0 0 7948 2239336 334424 713640 0 0 1 4 10 12 1 3 96 0 0
#date:Tue Jul 16 13:06:43 CEST 2019#hostname:10.214.222.202 #SWAP:Swap: 8.0G 7.8M 8.0G#RAM:Mem: 3.9G 760M 2.1G 34M 1.0G 2.7G#Disk:Filesystem Size Used Avail Use% Mounted on /dev/mapper/sopvpyves--vg-root 39G 8.1G 29G 22% /#Load:loadaverage:0.00,#Network:Iface MTU Met RX-OK RX-ERR RX-DRP RX-OVR TX-OK TX-ERR TX-DRP TX-OVR Flg ens160 1500 0 364963727 0 3 0 360289532 0 0 0 BMRU #iostat:avg-cpu: %user %nice %system %iowait %steal %idle 1.40 0.00 2.82 0.02 0.00 95.76#iooperation:Device: tps kB_read/s kB_wrtn/s kB_read kB_wrtn sda 0.46 2.15 8.75 3061625 12444578 dm-0 0.91 2.11 8.71 3005998 12382796 dm-1 0.00 0.00 0.01 5938 7548#mpstat:01:06:44 PM CPU %usr %nice %sys %iowait %irq %soft %steal %guest %gnice %idle 01:06:44 PM all 1.40 0.00 2.66 0.02 0.00 0.16 0.00 0.00 0.00 95.76 01:06:44 PM 0 1.38 0.00 3.03 0.01 0.00 0.00 0.00 0.00 0.00 95.58 01:06:44 PM 1 1.43 0.01 2.29 0.03 0.00 0.32 0.00 0.00 0.00 95.94#vmstat:procs -----------memory---------- ---swap-- -----io---- -system-- ------cpu----- r b swpd free buff cache si so bi bo in cs us sy id wa st 0 0 7948 2210880 334424 713748 0 0 1 4 10 12 1 3 96 0 0
#date:Tue Jul 16 13:07:15 CEST 2019#hostname:10.214.222.202 #SWAP:Swap: 8.0G 7.8M 8.0G#RAM:Mem: 3.9G 771M 2.1G 34M 1.0G 2.7G#Disk:Filesystem Size Used Avail Use% Mounted on /dev/mapper/sopvpyves--vg-root 39G 8.1G 29G 22% /#Load:loadaverage:0.00,#Network:Iface MTU Met RX-OK RX-ERR RX-DRP RX-OVR TX-OK TX-ERR TX-DRP TX-OVR Flg ens160 1500 0 364966844 0 3 0 360292345 0 0 0 BMRU #iostat:avg-cpu: %user %nice %system %iowait %steal %idle 1.40 0.00 2.82 0.02 0.00 95.76#iooperation:Device: tps kB_read/s kB_wrtn/s kB_read kB_wrtn sda 0.46 2.15 8.75 3061625 12444990 dm-0 0.91 2.11 8.71 3005998 12383208 dm-1 0.00 0.00 0.01 5938 7548#mpstat:01:07:15 PM CPU %usr %nice %sys %iowait %irq %soft %steal %guest %gnice %idle 01:07:15 PM all 1.40 0.00 2.66 0.02 0.00 0.16 0.00 0.00 0.00 95.76 01:07:15 PM 0 1.38 0.00 3.03 0.01 0.00 0.00 0.00 0.00 0.00 95.58 01:07:15 PM 1 1.43 0.01 2.29 0.03 0.00 0.32 0.00 0.00 0.00 95.94#vmstat:procs -----------memory---------- ---swap-- -----io---- -system-- ------cpu----- r b swpd free buff cache si so bi bo in cs us sy id wa st 2 0 7948 2200400 334424 713964 0 0 1 4 10 12 1 3 96 0 0
#date:Tue Jul 16 13:07:44 CEST 2019#hostname:10.214.222.202 #SWAP:Swap: 8.0G 7.8M 8.0G#RAM:Mem: 3.9G 755M 2.1G 34M 1.0G 2.7G#Disk:Filesystem Size Used Avail Use% Mounted on /dev/mapper/sopvpyves--vg-root 39G 8.1G 29G 22% /#Load:loadaverage:0.00,#Network:Iface MTU Met RX-OK RX-ERR RX-DRP RX-OVR TX-OK TX-ERR TX-DRP TX-OVR Flg ens160 1500 0 364969653 0 3 0 360294937 0 0 0 BMRU #iostat:avg-cpu: %user %nice %system %iowait %steal %idle 1.40 0.00 2.82 0.02 0.00 95.76#iooperation:Device: tps kB_read/s kB_wrtn/s kB_read kB_wrtn sda 0.46 2.15 8.75 3061625 12445294 dm-0 0.91 2.11 8.71 3005998 12383512 dm-1 0.00 0.00 0.01 5938 7548#mpstat:01:07:44 PM CPU %usr %nice %sys %iowait %irq %soft %steal %guest %gnice %idle 01:07:44 PM all 1.40 0.00 2.66 0.02 0.00 0.16 0.00 0.00 0.00 95.76 01:07:44 PM 0 1.38 0.00 3.03 0.01 0.00 0.00 0.00 0.00 0.00 95.58 01:07:44 PM 1 1.43 0.01 2.29 0.03 0.00 0.32 0.00 0.00 0.00 95.94#vmstat:procs -----------memory---------- ---swap-- -----io---- -system-- ------cpu----- r b swpd free buff cache si so bi bo in cs us sy id wa st 0 0 7948 2216620 334428 714140 0 0 1 4 10 12 1 3 96 0 0
#date:Tue Jul 16 13:08:15 CEST 2019#hostname:10.214.222.202 #SWAP:Swap: 8.0G 7.8M 8.0G#RAM:Mem: 3.9G 770M 2.1G 34M 1.0G 2.7G#Disk:Filesystem Size Used Avail Use% Mounted on /dev/mapper/sopvpyves--vg-root 39G 8.1G 29G 22% /#Load:loadaverage:0.00,#Network:Iface MTU Met RX-OK RX-ERR RX-DRP RX-OVR TX-OK TX-ERR TX-DRP TX-OVR Flg ens160 1500 0 364972765 0 3 0 360297822 0 0 0 BMRU #iostat:avg-cpu: %user %nice %system %iowait %steal %idle 1.40 0.00 2.82 0.02 0.00 95.76#iooperation:Device: tps kB_read/s kB_wrtn/s kB_read kB_wrtn sda 0.46 2.15 8.75 3061625 12445702 dm-0 0.91 2.11 8.71 3005998 12383920 dm-1 0.00 0.00 0.01 5938 7548#mpstat:01:08:15 PM CPU %usr %nice %sys %iowait %irq %soft %steal %guest %gnice %idle 01:08:15 PM all 1.40 0.00 2.66 0.02 0.00 0.16 0.00 0.00 0.00 95.76 01:08:15 PM 0 1.38 0.00 3.03 0.01 0.00 0.00 0.00 0.00 0.00 95.58 01:08:15 PM 1 1.43 0.01 2.29 0.03 0.00 0.32 0.00 0.00 0.00 95.94#vmstat:procs -----------memory---------- ---swap-- -----io---- -system-- ------cpu----- r b swpd free buff cache si so bi bo in cs us sy id wa st 0 0 7948 2200348 334432 714464 0 0 1 4 10 12 1 3 96 0 0
#date:Tue Jul 16 13:08:44 CEST 2019#hostname:10.214.222.202 #SWAP:Swap: 8.0G 7.8M 8.0G#RAM:Mem: 3.9G 734M 2.1G 34M 1.0G 2.8G#Disk:Filesystem Size Used Avail Use% Mounted on /dev/mapper/sopvpyves--vg-root 39G 8.1G 29G 22% /#Load:loadaverage:0.00,#Network:Iface MTU Met RX-OK RX-ERR RX-DRP RX-OVR TX-OK TX-ERR TX-DRP TX-OVR Flg ens160 1500 0 364975682 0 3 0 360300452 0 0 0 BMRU #iostat:avg-cpu: %user %nice %system %iowait %steal %idle 1.40 0.00 2.82 0.02 0.00 95.76#iooperation:Device: tps kB_read/s kB_wrtn/s kB_read kB_wrtn sda 0.46 2.15 8.75 3061625 12446054 dm-0 0.91 2.11 8.71 3005998 12384272 dm-1 0.00 0.00 0.01 5938 7548#mpstat:01:08:44 PM CPU %usr %nice %sys %iowait %irq %soft %steal %guest %gnice %idle 01:08:44 PM all 1.40 0.00 2.66 0.02 0.00 0.16 0.00 0.00 0.00 95.76 01:08:44 PM 0 1.38 0.00 3.03 0.01 0.00 0.00 0.00 0.00 0.00 95.58 01:08:44 PM 1 1.43 0.01 2.29 0.03 0.00 0.32 0.00 0.00 0.00 95.94#vmstat:procs -----------memory---------- ---swap-- -----io---- -system-- ------cpu----- r b swpd free buff cache si so bi bo in cs us sy id wa st 0 0 7948 2236008 334432 714668 0 0 1 4 10 12 1 3 96 0 0
#date:Tue Jul 16 13:09:15 CEST 2019#hostname:10.214.222.202 #SWAP:Swap: 8.0G 7.8M 8.0G#RAM:Mem: 3.9G 767M 2.1G 34M 1.0G 2.7G#Disk:Filesystem Size Used Avail Use% Mounted on /dev/mapper/sopvpyves--vg-root 39G 8.1G 29G 22% /#Load:loadaverage:0.00,#Network:Iface MTU Met RX-OK RX-ERR RX-DRP RX-OVR TX-OK TX-ERR TX-DRP TX-OVR Flg ens160 1500 0 364978796 0 3 0 360303275 0 0 0 BMRU #iostat:avg-cpu: %user %nice %system %iowait %steal %idle 1.40 0.00 2.82 0.02 0.00 95.76#iooperation:Device: tps kB_read/s kB_wrtn/s kB_read kB_wrtn sda 0.46 2.15 8.75 3061625 12446694 dm-0 0.91 2.11 8.71 3005998 12384912 dm-1 0.00 0.00 0.01 5938 7548#mpstat:01:09:15 PM CPU %usr %nice %sys %iowait %irq %soft %steal %guest %gnice %idle 01:09:15 PM all 1.40 0.00 2.66 0.02 0.00 0.16 0.00 0.00 0.00 95.76 01:09:15 PM 0 1.38 0.00 3.03 0.01 0.00 0.00 0.00 0.00 0.00 95.58 01:09:15 PM 1 1.43 0.01 2.29 0.03 0.00 0.32 0.00 0.00 0.00 95.94#vmstat:procs -----------memory---------- ---swap-- -----io---- -system-- ------cpu----- r b swpd free buff cache si so bi bo in cs us sy id wa st 0 0 7948 2202932 334436 714988 0 0 1 4 10 12 1 3 96 0 0
#date:Tue Jul 16 13:09:44 CEST 2019#hostname:10.214.222.202 #SWAP:Swap: 8.0G 7.8M 8.0G#RAM:Mem: 3.9G 739M 2.1G 34M 1.0G 2.8G#Disk:Filesystem Size Used Avail Use% Mounted on /dev/mapper/sopvpyves--vg-root 39G 8.1G 29G 22% /#Load:loadaverage:0.00,#Network:Iface MTU Met RX-OK RX-ERR RX-DRP RX-OVR TX-OK TX-ERR TX-DRP TX-OVR Flg ens160 1500 0 364981708 0 3 0 360305908 0 0 0 BMRU #iostat:avg-cpu: %user %nice %system %iowait %steal %idle 1.40 0.00 2.82 0.02 0.00 95.76#iooperation:Device: tps kB_read/s kB_wrtn/s kB_read kB_wrtn sda 0.46 2.15 8.75 3061625 12446982 dm-0 0.91 2.11 8.71 3005998 12385200 dm-1 0.00 0.00 0.01 5938 7548#mpstat:01:09:44 PM CPU %usr %nice %sys %iowait %irq %soft %steal %guest %gnice %idle 01:09:44 PM all 1.40 0.00 2.66 0.02 0.00 0.16 0.00 0.00 0.00 95.76 01:09:44 PM 0 1.38 0.00 3.03 0.01 0.00 0.00 0.00 0.00 0.00 95.58 01:09:44 PM 1 1.43 0.01 2.29 0.03 0.00 0.32 0.00 0.00 0.00 95.94#vmstat:procs -----------memory---------- ---swap-- -----io---- -system-- ------cpu----- r b swpd free buff cache si so bi bo in cs us sy id wa st 0 0 7948 2232004 334436 715268 0 0 1 4 10 12 1 3 96 0 0
#date:Tue Jul 16 13:10:15 CEST 2019#hostname:10.214.222.202 #SWAP:Swap: 8.0G 7.8M 8.0G#RAM:Mem: 3.9G 768M 2.1G 34M 1.0G 2.7G#Disk:Filesystem Size Used Avail Use% Mounted on /dev/mapper/sopvpyves--vg-root 39G 8.1G 29G 22% /#Load:loadaverage:0.00,#Network:Iface MTU Met RX-OK RX-ERR RX-DRP RX-OVR TX-OK TX-ERR TX-DRP TX-OVR Flg ens160 1500 0 364984798 0 3 0 360308732 0 0 0 BMRU #iostat:avg-cpu: %user %nice %system %iowait %steal %idle 1.40 0.00 2.82 0.02 0.00 95.76#iooperation:Device: tps kB_read/s kB_wrtn/s kB_read kB_wrtn sda 0.46 2.15 8.75 3061625 12447386 dm-0 0.91 2.11 8.71 3005998 12385604 dm-1 0.00 0.00 0.01 5938 7548#mpstat:01:10:15 PM CPU %usr %nice %sys %iowait %irq %soft %steal %guest %gnice %idle 01:10:15 PM all 1.40 0.00 2.66 0.02 0.00 0.16 0.00 0.00 0.00 95.76 01:10:15 PM 0 1.38 0.00 3.03 0.01 0.00 0.00 0.00 0.00 0.00 95.58 01:10:15 PM 1 1.43 0.01 2.29 0.03 0.00 0.32 0.00 0.00 0.00 95.94#vmstat:procs -----------memory---------- ---swap-- -----io---- -system-- ------cpu----- r b swpd free buff cache si so bi bo in cs us sy id wa st 0 0 7948 2200972 334436 715476 0 0 1 4 10 12 1 3 96 0 0
#date:Tue Jul 16 13:10:44 CEST 2019#hostname:10.214.222.202 #SWAP:Swap: 8.0G 7.8M 8.0G#RAM:Mem: 3.9G 773M 2.1G 34M 1.0G 2.7G#Disk:Filesystem Size Used Avail Use% Mounted on /dev/mapper/sopvpyves--vg-root 39G 8.1G 29G 22% /#Load:loadaverage:0.00,#Network:Iface MTU Met RX-OK RX-ERR RX-DRP RX-OVR TX-OK TX-ERR TX-DRP TX-OVR Flg ens160 1500 0 364987743 0 3 0 360311397 0 0 0 BMRU #iostat:avg-cpu: %user %nice %system %iowait %steal %idle 1.40 0.00 2.82 0.02 0.00 95.76#iooperation:Device: tps kB_read/s kB_wrtn/s kB_read kB_wrtn sda 0.46 2.15 8.75 3061625 12447790 dm-0 0.91 2.11 8.71 3005998 12386008 dm-1 0.00 0.00 0.01 5938 7548#mpstat:01:10:44 PM CPU %usr %nice %sys %iowait %irq %soft %steal %guest %gnice %idle 01:10:44 PM all 1.40 0.00 2.66 0.02 0.00 0.16 0.00 0.00 0.00 95.76 01:10:44 PM 0 1.38 0.00 3.03 0.01 0.00 0.00 0.00 0.00 0.00 95.58 01:10:44 PM 1 1.43 0.01 2.29 0.03 0.00 0.32 0.00 0.00 0.00 95.94#vmstat:procs -----------memory---------- ---swap-- -----io---- -system-- ------cpu----- r b swpd free buff cache si so bi bo in cs us sy id wa st 0 0 7948 2196428 334436 715756 0 0 1 4 10 12 1 3 96 0 0
#date:Tue Jul 16 13:11:15 CEST 2019#hostname:10.214.222.202 #SWAP:Swap: 8.0G 7.8M 8.0G#RAM:Mem: 3.9G 742M 2.1G 34M 1.0G 2.8G#Disk:Filesystem Size Used Avail Use% Mounted on /dev/mapper/sopvpyves--vg-root 39G 8.1G 29G 22% /#Load:loadaverage:0.00,#Network:Iface MTU Met RX-OK RX-ERR RX-DRP RX-OVR TX-OK TX-ERR TX-DRP TX-OVR Flg ens160 1500 0 364990881 0 3 0 360314264 0 0 0 BMRU #iostat:avg-cpu: %user %nice %system %iowait %steal %idle 1.40 0.00 2.82 0.02 0.00 95.76#iooperation:Device: tps kB_read/s kB_wrtn/s kB_read kB_wrtn sda 0.46 2.15 8.75 3061625 12448158 dm-0 0.91 2.11 8.71 3005998 12386376 dm-1 0.00 0.00 0.01 5938 7548#mpstat:01:11:16 PM CPU %usr %nice %sys %iowait %irq %soft %steal %guest %gnice %idle 01:11:16 PM all 1.40 0.00 2.66 0.02 0.00 0.16 0.00 0.00 0.00 95.76 01:11:16 PM 0 1.38 0.00 3.03 0.01 0.00 0.00 0.00 0.00 0.00 95.58 01:11:16 PM 1 1.43 0.01 2.29 0.03 0.00 0.32 0.00 0.00 0.00 95.94#vmstat:procs -----------memory---------- ---swap-- -----io---- -system-- ------cpu----- r b swpd free buff cache si so bi bo in cs us sy id wa st 0 0 7948 2227592 334444 716004 0 0 1 4 10 12 1 3 96 0 0
#date:Tue Jul 16 13:11:44 CEST 2019#hostname:10.214.222.202 #SWAP:Swap: 8.0G 7.8M 8.0G#RAM:Mem: 3.9G 768M 2.1G 34M 1.0G 2.7G#Disk:Filesystem Size Used Avail Use% Mounted on /dev/mapper/sopvpyves--vg-root 39G 8.1G 29G 22% /#Load:loadaverage:0.00,#Network:Iface MTU Met RX-OK RX-ERR RX-DRP RX-OVR TX-OK TX-ERR TX-DRP TX-OVR Flg ens160 1500 0 364993864 0 3 0 360316935 0 0 0 BMRU #iostat:avg-cpu: %user %nice %system %iowait %steal %idle 1.40 0.00 2.82 0.02 0.00 95.76#iooperation:Device: tps kB_read/s kB_wrtn/s kB_read kB_wrtn sda 0.46 2.15 8.75 3061625 12448542 dm-0 0.91 2.11 8.71 3005998 12386760 dm-1 0.00 0.00 0.01 5938 7548#mpstat:01:11:45 PM CPU %usr %nice %sys %iowait %irq %soft %steal %guest %gnice %idle 01:11:45 PM all 1.40 0.00 2.66 0.02 0.00 0.16 0.00 0.00 0.00 95.76 01:11:45 PM 0 1.38 0.00 3.03 0.01 0.00 0.00 0.00 0.00 0.00 95.58 01:11:45 PM 1 1.43 0.01 2.29 0.03 0.00 0.32 0.00 0.00 0.00 95.94#vmstat:procs -----------memory---------- ---swap-- -----io---- -system-- ------cpu----- r b swpd free buff cache si so bi bo in cs us sy id wa st 0 0 7948 2200672 334444 716212 0 0 1 4 10 12 1 3 96 0 0
#date:Tue Jul 16 13:12:16 CEST 2019#hostname:10.214.222.202 #SWAP:Swap: 8.0G 7.8M 8.0G#RAM:Mem: 3.9G 772M 2.1G 34M 1.0G 2.7G#Disk:Filesystem Size Used Avail Use% Mounted on /dev/mapper/sopvpyves--vg-root 39G 8.1G 29G 22% /#Load:loadaverage:0.00,#Network:Iface MTU Met RX-OK RX-ERR RX-DRP RX-OVR TX-OK TX-ERR TX-DRP TX-OVR Flg ens160 1500 0 364996974 0 3 0 360319774 0 0 0 BMRU #iostat:avg-cpu: %user %nice %system %iowait %steal %idle 1.40 0.00 2.82 0.02 0.00 95.76#iooperation:Device: tps kB_read/s kB_wrtn/s kB_read kB_wrtn sda 0.46 2.15 8.75 3061625 12448874 dm-0 0.91 2.11 8.71 3005998 12387092 dm-1 0.00 0.00 0.01 5938 7548#mpstat:01:12:16 PM CPU %usr %nice %sys %iowait %irq %soft %steal %guest %gnice %idle 01:12:16 PM all 1.40 0.00 2.66 0.02 0.00 0.16 0.00 0.00 0.00 95.76 01:12:16 PM 0 1.38 0.00 3.03 0.01 0.00 0.00 0.00 0.00 0.00 95.58 01:12:16 PM 1 1.43 0.01 2.29 0.03 0.00 0.32 0.00 0.00 0.00 95.94#vmstat:procs -----------memory---------- ---swap-- -----io---- -system-- ------cpu----- r b swpd free buff cache si so bi bo in cs us sy id wa st 0 0 7948 2196376 334456 716492 0 0 1 4 10 12 1 3 96 0 0
#date:Tue Jul 16 13:12:45 CEST 2019#hostname:10.214.222.202 #SWAP:Swap: 8.0G 7.8M 8.0G#RAM:Mem: 3.9G 750M 2.1G 34M 1.0G 2.7G#Disk:Filesystem Size Used Avail Use% Mounted on /dev/mapper/sopvpyves--vg-root 39G 8.1G 29G 22% /#Load:loadaverage:0.00,#Network:Iface MTU Met RX-OK RX-ERR RX-DRP RX-OVR TX-OK TX-ERR TX-DRP TX-OVR Flg ens160 1500 0 364999923 0 3 0 360322454 0 0 0 BMRU #iostat:avg-cpu: %user %nice %system %iowait %steal %idle 1.40 0.00 2.82 0.02 0.00 95.76#iooperation:Device: tps kB_read/s kB_wrtn/s kB_read kB_wrtn sda 0.46 2.15 8.75 3061625 12449030 dm-0 0.91 2.11 8.71 3005998 12387248 dm-1 0.00 0.00 0.01 5938 7548#mpstat:01:12:45 PM CPU %usr %nice %sys %iowait %irq %soft %steal %guest %gnice %idle 01:12:45 PM all 1.40 0.00 2.66 0.02 0.00 0.16 0.00 0.00 0.00 95.76 01:12:45 PM 0 1.38 0.00 3.03 0.01 0.00 0.00 0.00 0.00 0.00 95.58 01:12:45 PM 1 1.43 0.01 2.29 0.03 0.00 0.32 0.00 0.00 0.00 95.94#vmstat:procs -----------memory---------- ---swap-- -----io---- -system-- ------cpu----- r b swpd free buff cache si so bi bo in cs us sy id wa st 0 0 7948 2219156 334460 716720 0 0 1 4 10 12 1 3 96 0 0
#date:Tue Jul 16 13:13:16 CEST 2019#hostname:10.214.222.202 #SWAP:Swap: 8.0G 7.8M 8.0G#RAM:Mem: 3.9G 743M 2.1G 34M 1.0G 2.7G#Disk:Filesystem Size Used Avail Use% Mounted on /dev/mapper/sopvpyves--vg-root 39G 8.1G 29G 22% /#Load:loadaverage:0.00,#Network:Iface MTU Met RX-OK RX-ERR RX-DRP RX-OVR TX-OK TX-ERR TX-DRP TX-OVR Flg ens160 1500 0 365003133 0 3 0 360325387 0 0 0 BMRU #iostat:avg-cpu: %user %nice %system %iowait %steal %idle 1.40 0.00 2.82 0.02 0.00 95.76#iooperation:Device: tps kB_read/s kB_wrtn/s kB_read kB_wrtn sda 0.46 2.15 8.75 3061625 12449630 dm-0 0.91 2.11 8.71 3005998 12387848 dm-1 0.00 0.00 0.01 5938 7548#mpstat:01:13:16 PM CPU %usr %nice %sys %iowait %irq %soft %steal %guest %gnice %idle 01:13:16 PM all 1.40 0.00 2.66 0.02 0.00 0.16 0.00 0.00 0.00 95.76 01:13:16 PM 0 1.38 0.00 3.03 0.01 0.00 0.00 0.00 0.00 0.00 95.58 01:13:16 PM 1 1.43 0.01 2.29 0.03 0.00 0.32 0.00 0.00 0.00 95.94#vmstat:procs -----------memory---------- ---swap-- -----io---- -system-- ------cpu----- r b swpd free buff cache si so bi bo in cs us sy id wa st 0 0 7948 2226772 334460 716860 0 0 1 4 10 12 1 3 96 0 0
#date:Tue Jul 16 13:13:45 CEST 2019#hostname:10.214.222.202 #SWAP:Swap: 8.0G 7.8M 8.0G#RAM:Mem: 3.9G 769M 2.1G 34M 1.0G 2.7G#Disk:Filesystem Size Used Avail Use% Mounted on /dev/mapper/sopvpyves--vg-root 39G 8.1G 29G 22% /#Load:loadaverage:0.00,#Network:Iface MTU Met RX-OK RX-ERR RX-DRP RX-OVR TX-OK TX-ERR TX-DRP TX-OVR Flg ens160 1500 0 365006077 0 3 0 360328077 0 0 0 BMRU #iostat:avg-cpu: %user %nice %system %iowait %steal %idle 1.40 0.00 2.82 0.02 0.00 95.76#iooperation:Device: tps kB_read/s kB_wrtn/s kB_read kB_wrtn sda 0.46 2.15 8.75 3061625 12449742 dm-0 0.91 2.11 8.71 3005998 12388000 dm-1 0.00 0.00 0.01 5938 7548#mpstat:01:13:45 PM CPU %usr %nice %sys %iowait %irq %soft %steal %guest %gnice %idle 01:13:45 PM all 1.40 0.00 2.66 0.02 0.00 0.16 0.00 0.00 0.00 95.76 01:13:45 PM 0 1.38 0.00 3.03 0.01 0.00 0.00 0.00 0.00 0.00 95.58 01:13:45 PM 1 1.43 0.01 2.29 0.03 0.00 0.32 0.00 0.00 0.00 95.94#vmstat:procs -----------memory---------- ---swap-- -----io---- -system-- ------cpu----- r b swpd free buff cache si so bi bo in cs us sy id wa st 0 0 7948 2198292 334460 717120 0 0 1 4 10 12 1 3 96 0 0
#date:Tue Jul 16 13:14:16 CEST 2019#hostname:10.214.222.202 #SWAP:Swap: 8.0G 7.8M 8.0G#RAM:Mem: 3.9G 773M 2.1G 34M 1.0G 2.7G#Disk:Filesystem Size Used Avail Use% Mounted on /dev/mapper/sopvpyves--vg-root 39G 8.1G 29G 22% /#Load:loadaverage:0.00,#Network:Iface MTU Met RX-OK RX-ERR RX-DRP RX-OVR TX-OK TX-ERR TX-DRP TX-OVR Flg ens160 1500 0 365009260 0 3 0 360330974 0 0 0 BMRU #iostat:avg-cpu: %user %nice %system %iowait %steal %idle 1.40 0.00 2.82 0.02 0.00 95.76#iooperation:Device: tps kB_read/s kB_wrtn/s kB_read kB_wrtn sda 0.46 2.15 8.75 3061625 12450478 dm-0 0.91 2.11 8.71 3005998 12388696 dm-1 0.00 0.00 0.01 5938 7548#mpstat:01:14:16 PM CPU %usr %nice %sys %iowait %irq %soft %steal %guest %gnice %idle 01:14:16 PM all 1.40 0.00 2.66 0.02 0.00 0.16 0.00 0.00 0.00 95.76 01:14:16 PM 0 1.38 0.00 3.03 0.01 0.00 0.00 0.00 0.00 0.00 95.58 01:14:16 PM 1 1.43 0.01 2.29 0.03 0.00 0.32 0.00 0.00 0.00 95.94#vmstat:procs -----------memory---------- ---swap-- -----io---- -system-- ------cpu----- r b swpd free buff cache si so bi bo in cs us sy id wa st 0 0 7948 2195104 334460 717304 0 0 1 4 10 12 1 3 96 0 0
#date:Tue Jul 16 13:14:45 CEST 2019#hostname:10.214.222.202 #SWAP:Swap: 8.0G 7.8M 8.0G#RAM:Mem: 3.9G 776M 2.1G 34M 1.0G 2.7G#Disk:Filesystem Size Used Avail Use% Mounted on /dev/mapper/sopvpyves--vg-root 39G 8.1G 29G 22% /#Load:loadaverage:0.00,#Network:Iface MTU Met RX-OK RX-ERR RX-DRP RX-OVR TX-OK TX-ERR TX-DRP TX-OVR Flg ens160 1500 0 365012208 0 3 0 360333672 0 0 0 BMRU #iostat:avg-cpu: %user %nice %system %iowait %steal %idle 1.40 0.00 2.82 0.02 0.00 95.76#iooperation:Device: tps kB_read/s kB_wrtn/s kB_read kB_wrtn sda 0.46 2.15 8.75 3061625 12450766 dm-0 0.91 2.11 8.71 3005998 12388984 dm-1 0.00 0.00 0.01 5938 7548#mpstat:01:14:45 PM CPU %usr %nice %sys %iowait %irq %soft %steal %guest %gnice %idle 01:14:45 PM all 1.40 0.00 2.66 0.02 0.00 0.16 0.00 0.00 0.00 95.76 01:14:45 PM 0 1.38 0.00 3.03 0.01 0.00 0.00 0.00 0.00 0.00 95.58 01:14:45 PM 1 1.43 0.01 2.29 0.03 0.00 0.32 0.00 0.00 0.00 95.94#vmstat:procs -----------memory---------- ---swap-- -----io---- -system-- ------cpu----- r b swpd free buff cache si so bi bo in cs us sy id wa st 0 0 7948 2192472 334460 717548 0 0 1 4 10 12 1 3 96 0 0
#date:Tue Jul 16 13:15:16 CEST 2019#hostname:10.214.222.202 #SWAP:Swap: 8.0G 7.8M 8.0G#RAM:Mem: 3.9G 736M 2.1G 34M 1.0G 2.8G#Disk:Filesystem Size Used Avail Use% Mounted on /dev/mapper/sopvpyves--vg-root 39G 8.1G 29G 22% /#Load:loadaverage:0.00,#Network:Iface MTU Met RX-OK RX-ERR RX-DRP RX-OVR TX-OK TX-ERR TX-DRP TX-OVR Flg ens160 1500 0 365015343 0 3 0 360336563 0 0 0 BMRU #iostat:avg-cpu: %user %nice %system %iowait %steal %idle 1.40 0.00 2.82 0.02 0.00 95.76#iooperation:Device: tps kB_read/s kB_wrtn/s kB_read kB_wrtn sda 0.46 2.15 8.75 3061625 12451086 dm-0 0.91 2.11 8.71 3005998 12389304 dm-1 0.00 0.00 0.01 5938 7548#mpstat:01:15:16 PM CPU %usr %nice %sys %iowait %irq %soft %steal %guest %gnice %idle 01:15:16 PM all 1.40 0.00 2.66 0.02 0.00 0.16 0.00 0.00 0.00 95.76 01:15:16 PM 0 1.38 0.00 3.03 0.01 0.00 0.00 0.00 0.00 0.00 95.58 01:15:16 PM 1 1.43 0.01 2.29 0.03 0.00 0.32 0.00 0.00 0.00 95.94#vmstat:procs -----------memory---------- ---swap-- -----io---- -system-- ------cpu----- r b swpd free buff cache si so bi bo in cs us sy id wa st 0 0 7948 2232120 334460 717752 0 0 1 4 10 12 1 3 96 0 0
